Using install dir: /tmp/tmp.DE7FeAsEFs/warbandserver-server
Using port: 35967
+ echo

+ echo '=== alphagsm itwarbandser create warbandserver ==='
=== alphagsm itwarbandser create warbandserver ===
+ ALPHAGSM_CONFIG_LOCATION=/tmp/tmp.DE7FeAsEFs/alphagsm-warbandserver.conf
+ PYTHONPATH=/media/cosmosquark/SSD/sector_alpha/github/AlphaGSM/src
+ python3 /media/cosmosquark/SSD/sector_alpha/github/AlphaGSM/alphagsm itwarbandser create warbandserver
Server created
  setup [OPTION]... [PORT] [DIR] : Setup the game server.
  start : Start the server.
  stop : Stop the server.
  restart : Stop the server and start it again.
  kill : Force-kill the server process immediately without a graceful shutdown.
  activate [OPTION]... : Set the server to restart on reboots and start now
        unless --delay is specified.
  deactivate [OPTION]... : Stop the server from restarting on reboots and stop
        now unless --delay is specified.
  status [OPTION]... : Check the status of the server. At the minimum will
        report if the server is running.
  send INPUT : Send a line of text directly to the server console (for admin
        commands, not player chat).
  message MESSAGE : Message the server. By default sends the message to all
        users.
  connect : Connect to the server's console session.
  logs [OPTION]... : Show the last lines of the server console log (default 50).
        Use -n to change the count.
  dump : Dump the servers data store.
  set [OPTION]... [KEY] [VALUE]... : Set a parameter in data store to a new
        value.
  backup : Backup the game server
  restore [BACKUP] : Restore the game server from a backup.
  wipe : Delete game-world data for supported server types.
  query : Query the game server to check whether it is responding.
  info [OPTION]... : Retrieve detailed server information: player count, map,
        version, etc.
  doctor : Print runtime diagnostics for this server, including the effective
        backend, Docker image/container details, and local runtime health
        checks.
The Sector-Alpha Game Server Management Script (AlphaGSM)

/media/cosmosquark/SSD/sector_alpha/github/AlphaGSM/alphagsm SERVER COMMAND [ARGS...]
/media/cosmosquark/SSD/sector_alpha/github/AlphaGSM/alphagsm COUNT SERVER... COMMAND [ARGS...]

SERVER is the server or servers to process. If a server is
specified as username/server then we use sudo to run as the
relevant user. This is always possible as root but is up to sudo
otherwise and may prompt for a password. The server can be the
special forms "*", which means apply to all the current user's
servers ("username/*" works too), or "*/*" which means run on a
command dependent definition of "all servers". This last form is
only available for a very limited set of commands.

If the second calling form is specified there must be EXACTLY
COUNT servers specified.



The available commands are:
  help [COMMAND] : Print a help message. Without a command print
                   this message or with a command print detailed help
                   for that command.
  create TYPE [setup ARGS] : Create a new server of the specified
                   type. If setup is specified then will call setup on
                   the new server immediately. ARGS is passed directly
                   on to setup so see there for the format and options
                   available.
  list : list the servers this is run on one per line. Useful for
                   checking what servers a wildcard matched or in
                   scripts to list the servers in a script processable
                   way.
  self-update [OPTION]... : Check for a newer AlphaGSM release and
                   apply it when supported.


AlphaGSM Copyright (C) 2016-2026 by Sector Alpha.
Licensed under GPL v3.0. See the LISCENCE file for details.
Developed by Cosmosquark and Staircase27. See the CREDITS file for a
full list of contributors.

A command line tool to download, manage and maintain game servers
using simple and similar commands. See the README, future_plans and
changelog.txt for more details. Hosted and maintained on our
github page https://github.com/SectorAlpha/AlphaGSM. Raise any issues
or ask any questions on our github page, or contact
cosmosquark@sector-alpha.net. Additionally check out the project
wiki at http://wiki.sector-alpha.net/index.php?title=AlphaGSM

+ echo

+ echo '=== alphagsm itwarbandser setup -n 35967 /tmp/tmp.DE7FeAsEFs/warbandserver-server ==='
=== alphagsm itwarbandser setup -n 35967 /tmp/tmp.DE7FeAsEFs/warbandserver-server ===
+ ALPHAGSM_CONFIG_LOCATION=/tmp/tmp.DE7FeAsEFs/alphagsm-warbandserver.conf
+ PYTHONPATH=/media/cosmosquark/SSD/sector_alpha/github/AlphaGSM/src
+ python3 /media/cosmosquark/SSD/sector_alpha/github/AlphaGSM/alphagsm itwarbandser setup -n 35967 /tmp/tmp.DE7FeAsEFs/warbandserver-server
  0.0%     8192 / 95612459  0.0%    16384 / 95612459  0.0%    24576 / 95612459  0.0%    32768 / 95612459  0.0%    40960 / 95612459  0.1%    49152 / 95612459  0.1%    57344 / 95612459  0.1%    65536 / 95612459  0.1%    73728 / 95612459  0.1%    81920 / 95612459  0.1%    90112 / 95612459  0.1%    98304 / 95612459  0.1%   106496 / 95612459  0.1%   114688 / 95612459  0.1%   122880 / 95612459  0.1%   131072 / 95612459  0.1%   139264 / 95612459  0.2%   147456 / 95612459  0.2%   155648 / 95612459  0.2%   163840 / 95612459  0.2%   172032 / 95612459  0.2%   180224 / 95612459  0.2%   188416 / 95612459  0.2%   196608 / 95612459  0.2%   204800 / 95612459  0.2%   212992 / 95612459  0.2%   221184 / 95612459  0.2%   229376 / 95612459  0.2%   237568 / 95612459  0.3%   245760 / 95612459  0.3%   253952 / 95612459  0.3%   262144 / 95612459  0.3%   270336 / 95612459  0.3%   278528 / 95612459  0.3%   286720 / 95612459  0.3%   294912 / 95612459  0.3%   303104 / 95612459  0.3%   311296 / 95612459  0.3%   319488 / 95612459  0.3%   327680 / 95612459  0.4%   335872 / 95612459  0.4%   344064 / 95612459  0.4%   352256 / 95612459  0.4%   360448 / 95612459  0.4%   368640 / 95612459  0.4%   376832 / 95612459  0.4%   385024 / 95612459  0.4%   393216 / 95612459  0.4%   401408 / 95612459  0.4%   409600 / 95612459  0.4%   417792 / 95612459  0.4%   425984 / 95612459  0.5%   434176 / 95612459  0.5%   442368 / 95612459  0.5%   450560 / 95612459  0.5%   458752 / 95612459  0.5%   466944 / 95612459  0.5%   475136 / 95612459  0.5%   483328 / 95612459  0.5%   491520 / 95612459  0.5%   499712 / 95612459  0.5%   507904 / 95612459  0.5%   516096 / 95612459  0.5%   524288 / 95612459  0.6%   532480 / 95612459  0.6%   540672 / 95612459  0.6%   548864 / 95612459  0.6%   557056 / 95612459  0.6%   565248 / 95612459  0.6%   573440 / 95612459  0.6%   581632 / 95612459  0.6%   589824 / 95612459  0.6%   598016 / 95612459  0.6%   606208 / 95612459  0.6%   614400 / 95612459  0.7%   622592 / 95612459  0.7%   630784 / 95612459  0.7%   638976 / 95612459  0.7%   647168 / 95612459  0.7%   655360 / 95612459  0.7%   663552 / 95612459  0.7%   671744 / 95612459  0.7%   679936 / 95612459  0.7%   688128 / 95612459  0.7%   696320 / 95612459  0.7%   704512 / 95612459  0.7%   712704 / 95612459  0.8%   720896 / 95612459  0.8%   729088 / 95612459  0.8%   737280 / 95612459  0.8%   745472 / 95612459  0.8%   753664 / 95612459  0.8%   761856 / 95612459  0.8%   770048 / 95612459  0.8%   778240 / 95612459  0.8%   786432 / 95612459  0.8%   794624 / 95612459  0.8%   802816 / 95612459  0.8%   811008 / 95612459  0.9%   819200 / 95612459  0.9%   827392 / 95612459  0.9%   835584 / 95612459  0.9%   843776 / 95612459  0.9%   851968 / 95612459  0.9%   860160 / 95612459  0.9%   868352 / 95612459  0.9%   876544 / 95612459  0.9%   884736 / 95612459  0.9%   892928 / 95612459  0.9%   901120 / 95612459  1.0%   909312 / 95612459  1.0%   917504 / 95612459  1.0%   925696 / 95612459  1.0%   933888 / 95612459  1.0%   942080 / 95612459  1.0%   950272 / 95612459  1.0%   958464 / 95612459  1.0%   966656 / 95612459  1.0%   974848 / 95612459  1.0%   983040 / 95612459  1.0%   991232 / 95612459  1.0%   999424 / 95612459  1.1%  1007616 / 95612459  1.1%  1015808 / 95612459  1.1%  1024000 / 95612459  1.1%  1032192 / 95612459  1.1%  1040384 / 95612459  1.1%  1048576 / 95612459  1.1%  1056768 / 95612459  1.1%  1064960 / 95612459  1.1%  1073152 / 95612459  1.1%  1081344 / 95612459  1.1%  1089536 / 95612459  1.1%  1097728 / 95612459  1.2%  1105920 / 95612459  1.2%  1114112 / 95612459  1.2%  1122304 / 95612459  1.2%  1130496 / 95612459  1.2%  1138688 / 95612459  1.2%  1146880 / 95612459  1.2%  1155072 / 95612459  1.2%  1163264 / 95612459  1.2%  1171456 / 95612459  1.2%  1179648 / 95612459  1.2%  1187840 / 95612459  1.3%  1196032 / 95612459  1.3%  1204224 / 95612459  1.3%  1212416 / 95612459  1.3%  1220608 / 95612459  1.3%  1228800 / 95612459  1.3%  1236992 / 95612459  1.3%  1245184 / 95612459  1.3%  1253376 / 95612459  1.3%  1261568 / 95612459  1.3%  1269760 / 95612459  1.3%  1277952 / 95612459  1.3%  1286144 / 95612459  1.4%  1294336 / 95612459  1.4%  1302528 / 95612459  1.4%  1310720 / 95612459  1.4%  1318912 / 95612459  1.4%  1327104 / 95612459  1.4%  1335296 / 95612459  1.4%  1343488 / 95612459  1.4%  1351680 / 95612459  1.4%  1359872 / 95612459  1.4%  1368064 / 95612459  1.4%  1376256 / 95612459  1.4%  1384448 / 95612459  1.5%  1392640 / 95612459  1.5%  1400832 / 95612459  1.5%  1409024 / 95612459  1.5%  1417216 / 95612459  1.5%  1425408 / 95612459  1.5%  1433600 / 95612459  1.5%  1441792 / 95612459  1.5%  1449984 / 95612459  1.5%  1458176 / 95612459  1.5%  1466368 / 95612459  1.5%  1474560 / 95612459  1.6%  1482752 / 95612459  1.6%  1490944 / 95612459  1.6%  1499136 / 95612459  1.6%  1507328 / 95612459  1.6%  1515520 / 95612459  1.6%  1523712 / 95612459  1.6%  1531904 / 95612459  1.6%  1540096 / 95612459  1.6%  1548288 / 95612459  1.6%  1556480 / 95612459  1.6%  1564672 / 95612459  1.6%  1572864 / 95612459  1.7%  1581056 / 95612459  1.7%  1589248 / 95612459  1.7%  1597440 / 95612459  1.7%  1605632 / 95612459  1.7%  1613824 / 95612459  1.7%  1622016 / 95612459  1.7%  1630208 / 95612459  1.7%  1638400 / 95612459  1.7%  1646592 / 95612459  1.7%  1654784 / 95612459  1.7%  1662976 / 95612459  1.7%  1671168 / 95612459  1.8%  1679360 / 95612459  1.8%  1687552 / 95612459  1.8%  1695744 / 95612459  1.8%  1703936 / 95612459  1.8%  1712128 / 95612459  1.8%  1720320 / 95612459  1.8%  1728512 / 95612459  1.8%  1736704 / 95612459  1.8%  1744896 / 95612459  1.8%  1753088 / 95612459  1.8%  1761280 / 95612459  1.9%  1769472 / 95612459  1.9%  1777664 / 95612459  1.9%  1785856 / 95612459  1.9%  1794048 / 95612459  1.9%  1802240 / 95612459  1.9%  1810432 / 95612459  1.9%  1818624 / 95612459  1.9%  1826816 / 95612459  1.9%  1835008 / 95612459  1.9%  1843200 / 95612459  1.9%  1851392 / 95612459  1.9%  1859584 / 95612459  2.0%  1867776 / 95612459  2.0%  1875968 / 95612459  2.0%  1884160 / 95612459  2.0%  1892352 / 95612459  2.0%  1900544 / 95612459  2.0%  1908736 / 95612459  2.0%  1916928 / 95612459  2.0%  1925120 / 95612459  2.0%  1933312 / 95612459  2.0%  1941504 / 95612459  2.0%  1949696 / 95612459  2.0%  1957888 / 95612459  2.1%  1966080 / 95612459  2.1%  1974272 / 95612459  2.1%  1982464 / 95612459  2.1%  1990656 / 95612459  2.1%  1998848 / 95612459  2.1%  2007040 / 95612459  2.1%  2015232 / 95612459  2.1%  2023424 / 95612459  2.1%  2031616 / 95612459  2.1%  2039808 / 95612459  2.1%  2048000 / 95612459  2.2%  2056192 / 95612459  2.2%  2064384 / 95612459  2.2%  2072576 / 95612459  2.2%  2080768 / 95612459  2.2%  2088960 / 95612459  2.2%  2097152 / 95612459  2.2%  2105344 / 95612459  2.2%  2113536 / 95612459  2.2%  2121728 / 95612459  2.2%  2129920 / 95612459  2.2%  2138112 / 95612459  2.2%  2146304 / 95612459  2.3%  2154496 / 95612459  2.3%  2162688 / 95612459  2.3%  2170880 / 95612459  2.3%  2179072 / 95612459  2.3%  2187264 / 95612459  2.3%  2195456 / 95612459  2.3%  2203648 / 95612459  2.3%  2211840 / 95612459  2.3%  2220032 / 95612459  2.3%  2228224 / 95612459  2.3%  2236416 / 95612459  2.3%  2244608 / 95612459  2.4%  2252800 / 95612459  2.4%  2260992 / 95612459  2.4%  2269184 / 95612459  2.4%  2277376 / 95612459  2.4%  2285568 / 95612459  2.4%  2293760 / 95612459  2.4%  2301952 / 95612459  2.4%  2310144 / 95612459  2.4%  2318336 / 95612459  2.4%  2326528 / 95612459  2.4%  2334720 / 95612459  2.5%  2342912 / 95612459  2.5%  2351104 / 95612459  2.5%  2359296 / 95612459  2.5%  2367488 / 95612459  2.5%  2375680 / 95612459  2.5%  2383872 / 95612459  2.5%  2392064 / 95612459  2.5%  2400256 / 95612459  2.5%  2408448 / 95612459  2.5%  2416640 / 95612459  2.5%  2424832 / 95612459  2.5%  2433024 / 95612459  2.6%  2441216 / 95612459  2.6%  2449408 / 95612459  2.6%  2457600 / 95612459  2.6%  2465792 / 95612459  2.6%  2473984 / 95612459  2.6%  2482176 / 95612459  2.6%  2490368 / 95612459  2.6%  2498560 / 95612459  2.6%  2506752 / 95612459  2.6%  2514944 / 95612459  2.6%  2523136 / 95612459  2.6%  2531328 / 95612459  2.7%  2539520 / 95612459  2.7%  2547712 / 95612459  2.7%  2555904 / 95612459  2.7%  2564096 / 95612459  2.7%  2572288 / 95612459  2.7%  2580480 / 95612459  2.7%  2588672 / 95612459  2.7%  2596864 / 95612459  2.7%  2605056 / 95612459  2.7%  2613248 / 95612459  2.7%  2621440 / 95612459  2.8%  2629632 / 95612459  2.8%  2637824 / 95612459  2.8%  2646016 / 95612459  2.8%  2654208 / 95612459  2.8%  2662400 / 95612459  2.8%  2670592 / 95612459  2.8%  2678784 / 95612459  2.8%  2686976 / 95612459  2.8%  2695168 / 95612459  2.8%  2703360 / 95612459  2.8%  2711552 / 95612459  2.8%  2719744 / 95612459  2.9%  2727936 / 95612459  2.9%  2736128 / 95612459  2.9%  2744320 / 95612459  2.9%  2752512 / 95612459  2.9%  2760704 / 95612459  2.9%  2768896 / 95612459  2.9%  2777088 / 95612459  2.9%  2785280 / 95612459  2.9%  2793472 / 95612459  2.9%  2801664 / 95612459  2.9%  2809856 / 95612459  2.9%  2818048 / 95612459  3.0%  2826240 / 95612459  3.0%  2834432 / 95612459  3.0%  2842624 / 95612459  3.0%  2850816 / 95612459  3.0%  2859008 / 95612459  3.0%  2867200 / 95612459  3.0%  2875392 / 95612459  3.0%  2883584 / 95612459  3.0%  2891776 / 95612459  3.0%  2899968 / 95612459  3.0%  2908160 / 95612459  3.1%  2916352 / 95612459  3.1%  2924544 / 95612459  3.1%  2932736 / 95612459  3.1%  2940928 / 95612459  3.1%  2949120 / 95612459  3.1%  2957312 / 95612459  3.1%  2965504 / 95612459  3.1%  2973696 / 95612459  3.1%  2981888 / 95612459  3.1%  2990080 / 95612459  3.1%  2998272 / 95612459  3.1%  3006464 / 95612459  3.2%  3014656 / 95612459  3.2%  3022848 / 95612459  3.2%  3031040 / 95612459  3.2%  3039232 / 95612459  3.2%  3047424 / 95612459  3.2%  3055616 / 95612459  3.2%  3063808 / 95612459  3.2%  3072000 / 95612459  3.2%  3080192 / 95612459  3.2%  3088384 / 95612459  3.2%  3096576 / 95612459  3.2%  3104768 / 95612459  3.3%  3112960 / 95612459  3.3%  3121152 / 95612459  3.3%  3129344 / 95612459  3.3%  3137536 / 95612459  3.3%  3145728 / 95612459  3.3%  3153920 / 95612459  3.3%  3162112 / 95612459  3.3%  3170304 / 95612459  3.3%  3178496 / 95612459  3.3%  3186688 / 95612459  3.3%  3194880 / 95612459  3.4%  3203072 / 95612459  3.4%  3211264 / 95612459  3.4%  3219456 / 95612459  3.4%  3227648 / 95612459  3.4%  3235840 / 95612459  3.4%  3244032 / 95612459  3.4%  3252224 / 95612459  3.4%  3260416 / 95612459  3.4%  3268608 / 95612459  3.4%  3276800 / 95612459  3.4%  3284992 / 95612459  3.4%  3293184 / 95612459  3.5%  3301376 / 95612459  3.5%  3309568 / 95612459  3.5%  3317760 / 95612459  3.5%  3325952 / 95612459  3.5%  3334144 / 95612459  3.5%  3342336 / 95612459  3.5%  3350528 / 95612459  3.5%  3358720 / 95612459  3.5%  3366912 / 95612459  3.5%  3375104 / 95612459  3.5%  3383296 / 95612459  3.5%  3391488 / 95612459  3.6%  3399680 / 95612459  3.6%  3407872 / 95612459  3.6%  3416064 / 95612459  3.6%  3424256 / 95612459  3.6%  3432448 / 95612459  3.6%  3440640 / 95612459  3.6%  3448832 / 95612459  3.6%  3457024 / 95612459  3.6%  3465216 / 95612459  3.6%  3473408 / 95612459  3.6%  3481600 / 95612459  3.6%  3489792 / 95612459  3.7%  3497984 / 95612459  3.7%  3506176 / 95612459  3.7%  3514368 / 95612459  3.7%  3522560 / 95612459  3.7%  3530752 / 95612459  3.7%  3538944 / 95612459  3.7%  3547136 / 95612459  3.7%  3555328 / 95612459  3.7%  3563520 / 95612459  3.7%  3571712 / 95612459  3.7%  3579904 / 95612459  3.8%  3588096 / 95612459  3.8%  3596288 / 95612459  3.8%  3604480 / 95612459  3.8%  3612672 / 95612459  3.8%  3620864 / 95612459  3.8%  3629056 / 95612459  3.8%  3637248 / 95612459  3.8%  3645440 / 95612459  3.8%  3653632 / 95612459  3.8%  3661824 / 95612459  3.8%  3670016 / 95612459  3.8%  3678208 / 95612459  3.9%  3686400 / 95612459  3.9%  3694592 / 95612459  3.9%  3702784 / 95612459  3.9%  3710976 / 95612459  3.9%  3719168 / 95612459  3.9%  3727360 / 95612459  3.9%  3735552 / 95612459  3.9%  3743744 / 95612459  3.9%  3751936 / 95612459  3.9%  3760128 / 95612459  3.9%  3768320 / 95612459  3.9%  3776512 / 95612459  4.0%  3784704 / 95612459  4.0%  3792896 / 95612459  4.0%  3801088 / 95612459  4.0%  3809280 / 95612459  4.0%  3817472 / 95612459  4.0%  3825664 / 95612459  4.0%  3833856 / 95612459  4.0%  3842048 / 95612459  4.0%  3850240 / 95612459  4.0%  3858432 / 95612459  4.0%  3866624 / 95612459  4.1%  3874816 / 95612459  4.1%  3883008 / 95612459  4.1%  3891200 / 95612459  4.1%  3899392 / 95612459  4.1%  3907584 / 95612459  4.1%  3915776 / 95612459  4.1%  3923968 / 95612459  4.1%  3932160 / 95612459  4.1%  3940352 / 95612459  4.1%  3948544 / 95612459  4.1%  3956736 / 95612459  4.1%  3964928 / 95612459  4.2%  3973120 / 95612459  4.2%  3981312 / 95612459  4.2%  3989504 / 95612459  4.2%  3997696 / 95612459  4.2%  4005888 / 95612459  4.2%  4014080 / 95612459  4.2%  4022272 / 95612459  4.2%  4030464 / 95612459  4.2%  4038656 / 95612459  4.2%  4046848 / 95612459  4.2%  4055040 / 95612459  4.2%  4063232 / 95612459  4.3%  4071424 / 95612459  4.3%  4079616 / 95612459  4.3%  4087808 / 95612459  4.3%  4096000 / 95612459  4.3%  4104192 / 95612459  4.3%  4112384 / 95612459  4.3%  4120576 / 95612459  4.3%  4128768 / 95612459  4.3%  4136960 / 95612459  4.3%  4145152 / 95612459  4.3%  4153344 / 95612459  4.4%  4161536 / 95612459  4.4%  4169728 / 95612459  4.4%  4177920 / 95612459  4.4%  4186112 / 95612459  4.4%  4194304 / 95612459  4.4%  4202496 / 95612459  4.4%  4210688 / 95612459  4.4%  4218880 / 95612459  4.4%  4227072 / 95612459  4.4%  4235264 / 95612459  4.4%  4243456 / 95612459  4.4%  4251648 / 95612459  4.5%  4259840 / 95612459  4.5%  4268032 / 95612459  4.5%  4276224 / 95612459  4.5%  4284416 / 95612459  4.5%  4292608 / 95612459  4.5%  4300800 / 95612459  4.5%  4308992 / 95612459  4.5%  4317184 / 95612459  4.5%  4325376 / 95612459  4.5%  4333568 / 95612459  4.5%  4341760 / 95612459  4.5%  4349952 / 95612459  4.6%  4358144 / 95612459  4.6%  4366336 / 95612459  4.6%  4374528 / 95612459  4.6%  4382720 / 95612459  4.6%  4390912 / 95612459  4.6%  4399104 / 95612459  4.6%  4407296 / 95612459  4.6%  4415488 / 95612459  4.6%  4423680 / 95612459  4.6%  4431872 / 95612459  4.6%  4440064 / 95612459  4.7%  4448256 / 95612459  4.7%  4456448 / 95612459  4.7%  4464640 / 95612459  4.7%  4472832 / 95612459  4.7%  4481024 / 95612459  4.7%  4489216 / 95612459  4.7%  4497408 / 95612459  4.7%  4505600 / 95612459  4.7%  4513792 / 95612459  4.7%  4521984 / 95612459  4.7%  4530176 / 95612459  4.7%  4538368 / 95612459  4.8%  4546560 / 95612459  4.8%  4554752 / 95612459  4.8%  4562944 / 95612459  4.8%  4571136 / 95612459  4.8%  4579328 / 95612459  4.8%  4587520 / 95612459  4.8%  4595712 / 95612459  4.8%  4603904 / 95612459  4.8%  4612096 / 95612459  4.8%  4620288 / 95612459  4.8%  4628480 / 95612459  4.8%  4636672 / 95612459  4.9%  4644864 / 95612459  4.9%  4653056 / 95612459  4.9%  4661248 / 95612459  4.9%  4669440 / 95612459  4.9%  4677632 / 95612459  4.9%  4685824 / 95612459  4.9%  4694016 / 95612459  4.9%  4702208 / 95612459  4.9%  4710400 / 95612459  4.9%  4718592 / 95612459  4.9%  4726784 / 95612459  5.0%  4734976 / 95612459  5.0%  4743168 / 95612459  5.0%  4751360 / 95612459  5.0%  4759552 / 95612459  5.0%  4767744 / 95612459  5.0%  4775936 / 95612459  5.0%  4784128 / 95612459  5.0%  4792320 / 95612459  5.0%  4800512 / 95612459  5.0%  4808704 / 95612459  5.0%  4816896 / 95612459  5.0%  4825088 / 95612459  5.1%  4833280 / 95612459  5.1%  4841472 / 95612459  5.1%  4849664 / 95612459  5.1%  4857856 / 95612459  5.1%  4866048 / 95612459  5.1%  4874240 / 95612459  5.1%  4882432 / 95612459  5.1%  4890624 / 95612459  5.1%  4898816 / 95612459  5.1%  4907008 / 95612459  5.1%  4915200 / 95612459  5.1%  4923392 / 95612459  5.2%  4931584 / 95612459  5.2%  4939776 / 95612459  5.2%  4947968 / 95612459  5.2%  4956160 / 95612459  5.2%  4964352 / 95612459  5.2%  4972544 / 95612459  5.2%  4980736 / 95612459  5.2%  4988928 / 95612459  5.2%  4997120 / 95612459  5.2%  5005312 / 95612459  5.2%  5013504 / 95612459  5.3%  5021696 / 95612459  5.3%  5029888 / 95612459  5.3%  5038080 / 95612459  5.3%  5046272 / 95612459  5.3%  5054464 / 95612459  5.3%  5062656 / 95612459  5.3%  5070848 / 95612459  5.3%  5079040 / 95612459  5.3%  5087232 / 95612459  5.3%  5095424 / 95612459  5.3%  5103616 / 95612459  5.3%  5111808 / 95612459  5.4%  5120000 / 95612459  5.4%  5128192 / 95612459  5.4%  5136384 / 95612459  5.4%  5144576 / 95612459  5.4%  5152768 / 95612459  5.4%  5160960 / 95612459  5.4%  5169152 / 95612459  5.4%  5177344 / 95612459  5.4%  5185536 / 95612459  5.4%  5193728 / 95612459  5.4%  5201920 / 95612459  5.4%  5210112 / 95612459  5.5%  5218304 / 95612459  5.5%  5226496 / 95612459  5.5%  5234688 / 95612459  5.5%  5242880 / 95612459  5.5%  5251072 / 95612459  5.5%  5259264 / 95612459  5.5%  5267456 / 95612459  5.5%  5275648 / 95612459  5.5%  5283840 / 95612459  5.5%  5292032 / 95612459  5.5%  5300224 / 95612459  5.6%  5308416 / 95612459  5.6%  5316608 / 95612459  5.6%  5324800 / 95612459  5.6%  5332992 / 95612459  5.6%  5341184 / 95612459  5.6%  5349376 / 95612459  5.6%  5357568 / 95612459  5.6%  5365760 / 95612459  5.6%  5373952 / 95612459  5.6%  5382144 / 95612459  5.6%  5390336 / 95612459  5.6%  5398528 / 95612459  5.7%  5406720 / 95612459  5.7%  5414912 / 95612459  5.7%  5423104 / 95612459  5.7%  5431296 / 95612459  5.7%  5439488 / 95612459  5.7%  5447680 / 95612459  5.7%  5455872 / 95612459  5.7%  5464064 / 95612459  5.7%  5472256 / 95612459  5.7%  5480448 / 95612459  5.7%  5488640 / 95612459  5.7%  5496832 / 95612459  5.8%  5505024 / 95612459  5.8%  5513216 / 95612459  5.8%  5521408 / 95612459  5.8%  5529600 / 95612459  5.8%  5537792 / 95612459  5.8%  5545984 / 95612459  5.8%  5554176 / 95612459  5.8%  5562368 / 95612459  5.8%  5570560 / 95612459  5.8%  5578752 / 95612459  5.8%  5586944 / 95612459  5.9%  5595136 / 95612459  5.9%  5603328 / 95612459  5.9%  5611520 / 95612459  5.9%  5619712 / 95612459  5.9%  5627904 / 95612459  5.9%  5636096 / 95612459  5.9%  5644288 / 95612459  5.9%  5652480 / 95612459  5.9%  5660672 / 95612459  5.9%  5668864 / 95612459  5.9%  5677056 / 95612459  5.9%  5685248 / 95612459  6.0%  5693440 / 95612459  6.0%  5701632 / 95612459  6.0%  5709824 / 95612459  6.0%  5718016 / 95612459  6.0%  5726208 / 95612459  6.0%  5734400 / 95612459  6.0%  5742592 / 95612459  6.0%  5750784 / 95612459  6.0%  5758976 / 95612459  6.0%  5767168 / 95612459  6.0%  5775360 / 95612459  6.0%  5783552 / 95612459  6.1%  5791744 / 95612459  6.1%  5799936 / 95612459  6.1%  5808128 / 95612459  6.1%  5816320 / 95612459  6.1%  5824512 / 95612459  6.1%  5832704 / 95612459  6.1%  5840896 / 95612459  6.1%  5849088 / 95612459  6.1%  5857280 / 95612459  6.1%  5865472 / 95612459  6.1%  5873664 / 95612459  6.2%  5881856 / 95612459  6.2%  5890048 / 95612459  6.2%  5898240 / 95612459  6.2%  5906432 / 95612459  6.2%  5914624 / 95612459  6.2%  5922816 / 95612459  6.2%  5931008 / 95612459  6.2%  5939200 / 95612459  6.2%  5947392 / 95612459  6.2%  5955584 / 95612459  6.2%  5963776 / 95612459  6.2%  5971968 / 95612459  6.3%  5980160 / 95612459  6.3%  5988352 / 95612459  6.3%  5996544 / 95612459  6.3%  6004736 / 95612459  6.3%  6012928 / 95612459  6.3%  6021120 / 95612459  6.3%  6029312 / 95612459  6.3%  6037504 / 95612459  6.3%  6045696 / 95612459  6.3%  6053888 / 95612459  6.3%  6062080 / 95612459  6.3%  6070272 / 95612459  6.4%  6078464 / 95612459  6.4%  6086656 / 95612459  6.4%  6094848 / 95612459  6.4%  6103040 / 95612459  6.4%  6111232 / 95612459  6.4%  6119424 / 95612459  6.4%  6127616 / 95612459  6.4%  6135808 / 95612459  6.4%  6144000 / 95612459  6.4%  6152192 / 95612459  6.4%  6160384 / 95612459  6.5%  6168576 / 95612459  6.5%  6176768 / 95612459  6.5%  6184960 / 95612459  6.5%  6193152 / 95612459  6.5%  6201344 / 95612459  6.5%  6209536 / 95612459  6.5%  6217728 / 95612459  6.5%  6225920 / 95612459  6.5%  6234112 / 95612459  6.5%  6242304 / 95612459  6.5%  6250496 / 95612459  6.5%  6258688 / 95612459  6.6%  6266880 / 95612459  6.6%  6275072 / 95612459  6.6%  6283264 / 95612459  6.6%  6291456 / 95612459  6.6%  6299648 / 95612459  6.6%  6307840 / 95612459  6.6%  6316032 / 95612459  6.6%  6324224 / 95612459  6.6%  6332416 / 95612459  6.6%  6340608 / 95612459  6.6%  6348800 / 95612459  6.6%  6356992 / 95612459  6.7%  6365184 / 95612459  6.7%  6373376 / 95612459  6.7%  6381568 / 95612459  6.7%  6389760 / 95612459  6.7%  6397952 / 95612459  6.7%  6406144 / 95612459  6.7%  6414336 / 95612459  6.7%  6422528 / 95612459  6.7%  6430720 / 95612459  6.7%  6438912 / 95612459  6.7%  6447104 / 95612459  6.8%  6455296 / 95612459  6.8%  6463488 / 95612459  6.8%  6471680 / 95612459  6.8%  6479872 / 95612459  6.8%  6488064 / 95612459  6.8%  6496256 / 95612459  6.8%  6504448 / 95612459  6.8%  6512640 / 95612459  6.8%  6520832 / 95612459  6.8%  6529024 / 95612459  6.8%  6537216 / 95612459  6.8%  6545408 / 95612459  6.9%  6553600 / 95612459  6.9%  6561792 / 95612459  6.9%  6569984 / 95612459  6.9%  6578176 / 95612459  6.9%  6586368 / 95612459  6.9%  6594560 / 95612459  6.9%  6602752 / 95612459  6.9%  6610944 / 95612459  6.9%  6619136 / 95612459  6.9%  6627328 / 95612459  6.9%  6635520 / 95612459  6.9%  6643712 / 95612459  7.0%  6651904 / 95612459  7.0%  6660096 / 95612459  7.0%  6668288 / 95612459  7.0%  6676480 / 95612459  7.0%  6684672 / 95612459  7.0%  6692864 / 95612459  7.0%  6701056 / 95612459  7.0%  6709248 / 95612459  7.0%  6717440 / 95612459  7.0%  6725632 / 95612459  7.0%  6733824 / 95612459  7.1%  6742016 / 95612459  7.1%  6750208 / 95612459  7.1%  6758400 / 95612459  7.1%  6766592 / 95612459  7.1%  6774784 / 95612459  7.1%  6782976 / 95612459  7.1%  6791168 / 95612459  7.1%  6799360 / 95612459  7.1%  6807552 / 95612459  7.1%  6815744 / 95612459  7.1%  6823936 / 95612459  7.1%  6832128 / 95612459  7.2%  6840320 / 95612459  7.2%  6848512 / 95612459  7.2%  6856704 / 95612459  7.2%  6864896 / 95612459  7.2%  6873088 / 95612459  7.2%  6881280 / 95612459  7.2%  6889472 / 95612459  7.2%  6897664 / 95612459  7.2%  6905856 / 95612459  7.2%  6914048 / 95612459  7.2%  6922240 / 95612459  7.2%  6930432 / 95612459  7.3%  6938624 / 95612459  7.3%  6946816 / 95612459  7.3%  6955008 / 95612459  7.3%  6963200 / 95612459  7.3%  6971392 / 95612459  7.3%  6979584 / 95612459  7.3%  6987776 / 95612459  7.3%  6995968 / 95612459  7.3%  7004160 / 95612459  7.3%  7012352 / 95612459  7.3%  7020544 / 95612459  7.4%  7028736 / 95612459  7.4%  7036928 / 95612459  7.4%  7045120 / 95612459  7.4%  7053312 / 95612459  7.4%  7061504 / 95612459  7.4%  7069696 / 95612459  7.4%  7077888 / 95612459  7.4%  7086080 / 95612459  7.4%  7094272 / 95612459  7.4%  7102464 / 95612459  7.4%  7110656 / 95612459  7.4%  7118848 / 95612459  7.5%  7127040 / 95612459  7.5%  7135232 / 95612459  7.5%  7143424 / 95612459  7.5%  7151616 / 95612459  7.5%  7159808 / 95612459  7.5%  7168000 / 95612459  7.5%  7176192 / 95612459  7.5%  7184384 / 95612459  7.5%  7192576 / 95612459  7.5%  7200768 / 95612459  7.5%  7208960 / 95612459  7.5%  7217152 / 95612459  7.6%  7225344 / 95612459  7.6%  7233536 / 95612459  7.6%  7241728 / 95612459  7.6%  7249920 / 95612459  7.6%  7258112 / 95612459  7.6%  7266304 / 95612459  7.6%  7274496 / 95612459  7.6%  7282688 / 95612459  7.6%  7290880 / 95612459  7.6%  7299072 / 95612459  7.6%  7307264 / 95612459  7.7%  7315456 / 95612459  7.7%  7323648 / 95612459  7.7%  7331840 / 95612459  7.7%  7340032 / 95612459  7.7%  7348224 / 95612459  7.7%  7356416 / 95612459  7.7%  7364608 / 95612459  7.7%  7372800 / 95612459  7.7%  7380992 / 95612459  7.7%  7389184 / 95612459  7.7%  7397376 / 95612459  7.7%  7405568 / 95612459  7.8%  7413760 / 95612459  7.8%  7421952 / 95612459  7.8%  7430144 / 95612459  7.8%  7438336 / 95612459  7.8%  7446528 / 95612459  7.8%  7454720 / 95612459  7.8%  7462912 / 95612459  7.8%  7471104 / 95612459  7.8%  7479296 / 95612459  7.8%  7487488 / 95612459  7.8%  7495680 / 95612459  7.8%  7503872 / 95612459  7.9%  7512064 / 95612459  7.9%  7520256 / 95612459  7.9%  7528448 / 95612459  7.9%  7536640 / 95612459  7.9%  7544832 / 95612459  7.9%  7553024 / 95612459  7.9%  7561216 / 95612459  7.9%  7569408 / 95612459  7.9%  7577600 / 95612459  7.9%  7585792 / 95612459  7.9%  7593984 / 95612459  8.0%  7602176 / 95612459  8.0%  7610368 / 95612459  8.0%  7618560 / 95612459  8.0%  7626752 / 95612459  8.0%  7634944 / 95612459  8.0%  7643136 / 95612459  8.0%  7651328 / 95612459  8.0%  7659520 / 95612459  8.0%  7667712 / 95612459  8.0%  7675904 / 95612459  8.0%  7684096 / 95612459  8.0%  7692288 / 95612459  8.1%  7700480 / 95612459  8.1%  7708672 / 95612459  8.1%  7716864 / 95612459  8.1%  7725056 / 95612459  8.1%  7733248 / 95612459  8.1%  7741440 / 95612459  8.1%  7749632 / 95612459  8.1%  7757824 / 95612459  8.1%  7766016 / 95612459  8.1%  7774208 / 95612459  8.1%  7782400 / 95612459  8.1%  7790592 / 95612459  8.2%  7798784 / 95612459  8.2%  7806976 / 95612459  8.2%  7815168 / 95612459  8.2%  7823360 / 95612459  8.2%  7831552 / 95612459  8.2%  7839744 / 95612459  8.2%  7847936 / 95612459  8.2%  7856128 / 95612459  8.2%  7864320 / 95612459  8.2%  7872512 / 95612459  8.2%  7880704 / 95612459  8.3%  7888896 / 95612459  8.3%  7897088 / 95612459  8.3%  7905280 / 95612459  8.3%  7913472 / 95612459  8.3%  7921664 / 95612459  8.3%  7929856 / 95612459  8.3%  7938048 / 95612459  8.3%  7946240 / 95612459  8.3%  7954432 / 95612459  8.3%  7962624 / 95612459  8.3%  7970816 / 95612459  8.3%  7979008 / 95612459  8.4%  7987200 / 95612459  8.4%  7995392 / 95612459  8.4%  8003584 / 95612459  8.4%  8011776 / 95612459  8.4%  8019968 / 95612459  8.4%  8028160 / 95612459  8.4%  8036352 / 95612459  8.4%  8044544 / 95612459  8.4%  8052736 / 95612459  8.4%  8060928 / 95612459  8.4%  8069120 / 95612459  8.4%  8077312 / 95612459  8.5%  8085504 / 95612459  8.5%  8093696 / 95612459  8.5%  8101888 / 95612459  8.5%  8110080 / 95612459  8.5%  8118272 / 95612459  8.5%  8126464 / 95612459  8.5%  8134656 / 95612459  8.5%  8142848 / 95612459  8.5%  8151040 / 95612459  8.5%  8159232 / 95612459  8.5%  8167424 / 95612459  8.6%  8175616 / 95612459  8.6%  8183808 / 95612459  8.6%  8192000 / 95612459  8.6%  8200192 / 95612459  8.6%  8208384 / 95612459  8.6%  8216576 / 95612459  8.6%  8224768 / 95612459  8.6%  8232960 / 95612459  8.6%  8241152 / 95612459  8.6%  8249344 / 95612459  8.6%  8257536 / 95612459  8.6%  8265728 / 95612459  8.7%  8273920 / 95612459  8.7%  8282112 / 95612459  8.7%  8290304 / 95612459  8.7%  8298496 / 95612459  8.7%  8306688 / 95612459  8.7%  8314880 / 95612459  8.7%  8323072 / 95612459  8.7%  8331264 / 95612459  8.7%  8339456 / 95612459  8.7%  8347648 / 95612459  8.7%  8355840 / 95612459  8.7%  8364032 / 95612459  8.8%  8372224 / 95612459  8.8%  8380416 / 95612459  8.8%  8388608 / 95612459  8.8%  8396800 / 95612459  8.8%  8404992 / 95612459  8.8%  8413184 / 95612459  8.8%  8421376 / 95612459  8.8%  8429568 / 95612459  8.8%  8437760 / 95612459  8.8%  8445952 / 95612459  8.8%  8454144 / 95612459  8.9%  8462336 / 95612459  8.9%  8470528 / 95612459  8.9%  8478720 / 95612459  8.9%  8486912 / 95612459  8.9%  8495104 / 95612459  8.9%  8503296 / 95612459  8.9%  8511488 / 95612459  8.9%  8519680 / 95612459  8.9%  8527872 / 95612459  8.9%  8536064 / 95612459  8.9%  8544256 / 95612459  8.9%  8552448 / 95612459  9.0%  8560640 / 95612459  9.0%  8568832 / 95612459  9.0%  8577024 / 95612459  9.0%  8585216 / 95612459  9.0%  8593408 / 95612459  9.0%  8601600 / 95612459  9.0%  8609792 / 95612459  9.0%  8617984 / 95612459  9.0%  8626176 / 95612459  9.0%  8634368 / 95612459  9.0%  8642560 / 95612459  9.0%  8650752 / 95612459  9.1%  8658944 / 95612459  9.1%  8667136 / 95612459  9.1%  8675328 / 95612459  9.1%  8683520 / 95612459  9.1%  8691712 / 95612459  9.1%  8699904 / 95612459  9.1%  8708096 / 95612459  9.1%  8716288 / 95612459  9.1%  8724480 / 95612459  9.1%  8732672 / 95612459  9.1%  8740864 / 95612459  9.2%  8749056 / 95612459  9.2%  8757248 / 95612459  9.2%  8765440 / 95612459  9.2%  8773632 / 95612459  9.2%  8781824 / 95612459  9.2%  8790016 / 95612459  9.2%  8798208 / 95612459  9.2%  8806400 / 95612459  9.2%  8814592 / 95612459  9.2%  8822784 / 95612459  9.2%  8830976 / 95612459  9.2%  8839168 / 95612459  9.3%  8847360 / 95612459  9.3%  8855552 / 95612459  9.3%  8863744 / 95612459  9.3%  8871936 / 95612459  9.3%  8880128 / 95612459  9.3%  8888320 / 95612459  9.3%  8896512 / 95612459  9.3%  8904704 / 95612459  9.3%  8912896 / 95612459  9.3%  8921088 / 95612459  9.3%  8929280 / 95612459  9.3%  8937472 / 95612459  9.4%  8945664 / 95612459  9.4%  8953856 / 95612459  9.4%  8962048 / 95612459  9.4%  8970240 / 95612459  9.4%  8978432 / 95612459  9.4%  8986624 / 95612459  9.4%  8994816 / 95612459  9.4%  9003008 / 95612459  9.4%  9011200 / 95612459  9.4%  9019392 / 95612459  9.4%  9027584 / 95612459  9.5%  9035776 / 95612459  9.5%  9043968 / 95612459  9.5%  9052160 / 95612459  9.5%  9060352 / 95612459  9.5%  9068544 / 95612459  9.5%  9076736 / 95612459  9.5%  9084928 / 95612459  9.5%  9093120 / 95612459  9.5%  9101312 / 95612459  9.5%  9109504 / 95612459  9.5%  9117696 / 95612459  9.5%  9125888 / 95612459  9.6%  9134080 / 95612459  9.6%  9142272 / 95612459  9.6%  9150464 / 95612459  9.6%  9158656 / 95612459  9.6%  9166848 / 95612459  9.6%  9175040 / 95612459  9.6%  9183232 / 95612459  9.6%  9191424 / 95612459  9.6%  9199616 / 95612459  9.6%  9207808 / 95612459  9.6%  9216000 / 95612459  9.6%  9224192 / 95612459  9.7%  9232384 / 95612459  9.7%  9240576 / 95612459  9.7%  9248768 / 95612459  9.7%  9256960 / 95612459  9.7%  9265152 / 95612459  9.7%  9273344 / 95612459  9.7%  9281536 / 95612459  9.7%  9289728 / 95612459  9.7%  9297920 / 95612459  9.7%  9306112 / 95612459  9.7%  9314304 / 95612459  9.8%  9322496 / 95612459  9.8%  9330688 / 95612459  9.8%  9338880 / 95612459  9.8%  9347072 / 95612459  9.8%  9355264 / 95612459  9.8%  9363456 / 95612459  9.8%  9371648 / 95612459  9.8%  9379840 / 95612459  9.8%  9388032 / 95612459  9.8%  9396224 / 95612459  9.8%  9404416 / 95612459  9.8%  9412608 / 95612459  9.9%  9420800 / 95612459  9.9%  9428992 / 95612459  9.9%  9437184 / 95612459  9.9%  9445376 / 95612459  9.9%  9453568 / 95612459  9.9%  9461760 / 95612459  9.9%  9469952 / 95612459  9.9%  9478144 / 95612459  9.9%  9486336 / 95612459  9.9%  9494528 / 95612459  9.9%  9502720 / 95612459  9.9%  9510912 / 95612459 10.0%  9519104 / 95612459 10.0%  9527296 / 95612459 10.0%  9535488 / 95612459 10.0%  9543680 / 95612459 10.0%  9551872 / 95612459 10.0%  9560064 / 95612459 10.0%  9568256 / 95612459
 10.0%  9576448 / 95612459 10.0%  9584640 / 95612459 10.0%  9592832 / 95612459 10.0%  9601024 / 95612459 10.1%  9609216 / 95612459 10.1%  9617408 / 95612459 10.1%  9625600 / 95612459 10.1%  9633792 / 95612459 10.1%  9641984 / 95612459 10.1%  9650176 / 95612459 10.1%  9658368 / 95612459 10.1%  9666560 / 95612459 10.1%  9674752 / 95612459 10.1%  9682944 / 95612459 10.1%  9691136 / 95612459 10.1%  9699328 / 95612459 10.2%  9707520 / 95612459 10.2%  9715712 / 95612459 10.2%  9723904 / 95612459 10.2%  9732096 / 95612459 10.2%  9740288 / 95612459 10.2%  9748480 / 95612459 10.2%  9756672 / 95612459 10.2%  9764864 / 95612459 10.2%  9773056 / 95612459 10.2%  9781248 / 95612459 10.2%  9789440 / 95612459 10.2%  9797632 / 95612459 10.3%  9805824 / 95612459 10.3%  9814016 / 95612459 10.3%  9822208 / 95612459 10.3%  9830400 / 95612459 10.3%  9838592 / 95612459 10.3%  9846784 / 95612459 10.3%  9854976 / 95612459 10.3%  9863168 / 95612459 10.3%  9871360 / 95612459 10.3%  9879552 / 95612459 10.3%  9887744 / 95612459 10.4%  9895936 / 95612459 10.4%  9904128 / 95612459 10.4%  9912320 / 95612459 10.4%  9920512 / 95612459 10.4%  9928704 / 95612459 10.4%  9936896 / 95612459 10.4%  9945088 / 95612459 10.4%  9953280 / 95612459 10.4%  9961472 / 95612459 10.4%  9969664 / 95612459 10.4%  9977856 / 95612459 10.4%  9986048 / 95612459 10.5%  9994240 / 95612459 10.5% 10002432 / 95612459 10.5% 10010624 / 95612459 10.5% 10018816 / 95612459 10.5% 10027008 / 95612459 10.5% 10035200 / 95612459 10.5% 10043392 / 95612459 10.5% 10051584 / 95612459 10.5% 10059776 / 95612459 10.5% 10067968 / 95612459 10.5% 10076160 / 95612459 10.5% 10084352 / 95612459 10.6% 10092544 / 95612459 10.6% 10100736 / 95612459 10.6% 10108928 / 95612459 10.6% 10117120 / 95612459 10.6% 10125312 / 95612459 10.6% 10133504 / 95612459 10.6% 10141696 / 95612459 10.6% 10149888 / 95612459 10.6% 10158080 / 95612459 10.6% 10166272 / 95612459 10.6% 10174464 / 95612459 10.6% 10182656 / 95612459 10.7% 10190848 / 95612459 10.7% 10199040 / 95612459 10.7% 10207232 / 95612459 10.7% 10215424 / 95612459 10.7% 10223616 / 95612459 10.7% 10231808 / 95612459 10.7% 10240000 / 95612459 10.7% 10248192 / 95612459 10.7% 10256384 / 95612459 10.7% 10264576 / 95612459 10.7% 10272768 / 95612459 10.8% 10280960 / 95612459 10.8% 10289152 / 95612459 10.8% 10297344 / 95612459 10.8% 10305536 / 95612459 10.8% 10313728 / 95612459 10.8% 10321920 / 95612459 10.8% 10330112 / 95612459 10.8% 10338304 / 95612459 10.8% 10346496 / 95612459 10.8% 10354688 / 95612459 10.8% 10362880 / 95612459 10.8% 10371072 / 95612459 10.9% 10379264 / 95612459 10.9% 10387456 / 95612459 10.9% 10395648 / 95612459 10.9% 10403840 / 95612459 10.9% 10412032 / 95612459 10.9% 10420224 / 95612459 10.9% 10428416 / 95612459 10.9% 10436608 / 95612459 10.9% 10444800 / 95612459 10.9% 10452992 / 95612459 10.9% 10461184 / 95612459 10.9% 10469376 / 95612459 11.0% 10477568 / 95612459 11.0% 10485760 / 95612459 11.0% 10493952 / 95612459 11.0% 10502144 / 95612459 11.0% 10510336 / 95612459 11.0% 10518528 / 95612459 11.0% 10526720 / 95612459 11.0% 10534912 / 95612459 11.0% 10543104 / 95612459 11.0% 10551296 / 95612459 11.0% 10559488 / 95612459 11.1% 10567680 / 95612459 11.1% 10575872 / 95612459 11.1% 10584064 / 95612459 11.1% 10592256 / 95612459 11.1% 10600448 / 95612459 11.1% 10608640 / 95612459 11.1% 10616832 / 95612459 11.1% 10625024 / 95612459 11.1% 10633216 / 95612459 11.1% 10641408 / 95612459 11.1% 10649600 / 95612459 11.1% 10657792 / 95612459 11.2% 10665984 / 95612459 11.2% 10674176 / 95612459 11.2% 10682368 / 95612459 11.2% 10690560 / 95612459 11.2% 10698752 / 95612459 11.2% 10706944 / 95612459 11.2% 10715136 / 95612459 11.2% 10723328 / 95612459 11.2% 10731520 / 95612459 11.2% 10739712 / 95612459 11.2% 10747904 / 95612459 11.2% 10756096 / 95612459 11.3% 10764288 / 95612459 11.3% 10772480 / 95612459 11.3% 10780672 / 95612459 11.3% 10788864 / 95612459 11.3% 10797056 / 95612459 11.3% 10805248 / 95612459 11.3% 10813440 / 95612459 11.3% 10821632 / 95612459 11.3% 10829824 / 95612459 11.3% 10838016 / 95612459 11.3% 10846208 / 95612459 11.4% 10854400 / 95612459 11.4% 10862592 / 95612459 11.4% 10870784 / 95612459 11.4% 10878976 / 95612459 11.4% 10887168 / 95612459 11.4% 10895360 / 95612459 11.4% 10903552 / 95612459 11.4% 10911744 / 95612459 11.4% 10919936 / 95612459 11.4% 10928128 / 95612459 11.4% 10936320 / 95612459 11.4% 10944512 / 95612459 11.5% 10952704 / 95612459 11.5% 10960896 / 95612459 11.5% 10969088 / 95612459 11.5% 10977280 / 95612459 11.5% 10985472 / 95612459 11.5% 10993664 / 95612459 11.5% 11001856 / 95612459 11.5% 11010048 / 95612459 11.5% 11018240 / 95612459 11.5% 11026432 / 95612459 11.5% 11034624 / 95612459 11.5% 11042816 / 95612459 11.6% 11051008 / 95612459 11.6% 11059200 / 95612459 11.6% 11067392 / 95612459 11.6% 11075584 / 95612459 11.6% 11083776 / 95612459 11.6% 11091968 / 95612459 11.6% 11100160 / 95612459 11.6% 11108352 / 95612459 11.6% 11116544 / 95612459 11.6% 11124736 / 95612459 11.6% 11132928 / 95612459 11.7% 11141120 / 95612459 11.7% 11149312 / 95612459 11.7% 11157504 / 95612459 11.7% 11165696 / 95612459 11.7% 11173888 / 95612459 11.7% 11182080 / 95612459 11.7% 11190272 / 95612459 11.7% 11198464 / 95612459 11.7% 11206656 / 95612459 11.7% 11214848 / 95612459 11.7% 11223040 / 95612459 11.7% 11231232 / 95612459 11.8% 11239424 / 95612459 11.8% 11247616 / 95612459 11.8% 11255808 / 95612459 11.8% 11264000 / 95612459 11.8% 11272192 / 95612459 11.8% 11280384 / 95612459 11.8% 11288576 / 95612459 11.8% 11296768 / 95612459 11.8% 11304960 / 95612459 11.8% 11313152 / 95612459 11.8% 11321344 / 95612459 11.8% 11329536 / 95612459 11.9% 11337728 / 95612459 11.9% 11345920 / 95612459 11.9% 11354112 / 95612459 11.9% 11362304 / 95612459 11.9% 11370496 / 95612459 11.9% 11378688 / 95612459 11.9% 11386880 / 95612459 11.9% 11395072 / 95612459 11.9% 11403264 / 95612459 11.9% 11411456 / 95612459 11.9% 11419648 / 95612459 12.0% 11427840 / 95612459 12.0% 11436032 / 95612459 12.0% 11444224 / 95612459 12.0% 11452416 / 95612459 12.0% 11460608 / 95612459 12.0% 11468800 / 95612459 12.0% 11476992 / 95612459 12.0% 11485184 / 95612459 12.0% 11493376 / 95612459 12.0% 11501568 / 95612459 12.0% 11509760 / 95612459 12.0% 11517952 / 95612459 12.1% 11526144 / 95612459 12.1% 11534336 / 95612459 12.1% 11542528 / 95612459 12.1% 11550720 / 95612459 12.1% 11558912 / 95612459 12.1% 11567104 / 95612459 12.1% 11575296 / 95612459 12.1% 11583488 / 95612459 12.1% 11591680 / 95612459 12.1% 11599872 / 95612459 12.1% 11608064 / 95612459 12.1% 11616256 / 95612459 12.2% 11624448 / 95612459 12.2% 11632640 / 95612459 12.2% 11640832 / 95612459 12.2% 11649024 / 95612459 12.2% 11657216 / 95612459 12.2% 11665408 / 95612459 12.2% 11673600 / 95612459 12.2% 11681792 / 95612459 12.2% 11689984 / 95612459 12.2% 11698176 / 95612459 12.2% 11706368 / 95612459 12.3% 11714560 / 95612459 12.3% 11722752 / 95612459 12.3% 11730944 / 95612459 12.3% 11739136 / 95612459 12.3% 11747328 / 95612459 12.3% 11755520 / 95612459 12.3% 11763712 / 95612459 12.3% 11771904 / 95612459 12.3% 11780096 / 95612459 12.3% 11788288 / 95612459 12.3% 11796480 / 95612459 12.3% 11804672 / 95612459 12.4% 11812864 / 95612459 12.4% 11821056 / 95612459 12.4% 11829248 / 95612459 12.4% 11837440 / 95612459 12.4% 11845632 / 95612459 12.4% 11853824 / 95612459 12.4% 11862016 / 95612459 12.4% 11870208 / 95612459 12.4% 11878400 / 95612459 12.4% 11886592 / 95612459 12.4% 11894784 / 95612459 12.4% 11902976 / 95612459 12.5% 11911168 / 95612459 12.5% 11919360 / 95612459 12.5% 11927552 / 95612459 12.5% 11935744 / 95612459 12.5% 11943936 / 95612459 12.5% 11952128 / 95612459 12.5% 11960320 / 95612459 12.5% 11968512 / 95612459 12.5% 11976704 / 95612459 12.5% 11984896 / 95612459 12.5% 11993088 / 95612459 12.6% 12001280 / 95612459 12.6% 12009472 / 95612459 12.6% 12017664 / 95612459 12.6% 12025856 / 95612459 12.6% 12034048 / 95612459 12.6% 12042240 / 95612459 12.6% 12050432 / 95612459 12.6% 12058624 / 95612459 12.6% 12066816 / 95612459 12.6% 12075008 / 95612459 12.6% 12083200 / 95612459 12.6% 12091392 / 95612459 12.7% 12099584 / 95612459 12.7% 12107776 / 95612459 12.7% 12115968 / 95612459 12.7% 12124160 / 95612459 12.7% 12132352 / 95612459 12.7% 12140544 / 95612459 12.7% 12148736 / 95612459 12.7% 12156928 / 95612459 12.7% 12165120 / 95612459 12.7% 12173312 / 95612459 12.7% 12181504 / 95612459 12.7% 12189696 / 95612459 12.8% 12197888 / 95612459 12.8% 12206080 / 95612459 12.8% 12214272 / 95612459 12.8% 12222464 / 95612459 12.8% 12230656 / 95612459 12.8% 12238848 / 95612459 12.8% 12247040 / 95612459 12.8% 12255232 / 95612459 12.8% 12263424 / 95612459 12.8% 12271616 / 95612459 12.8% 12279808 / 95612459 12.9% 12288000 / 95612459 12.9% 12296192 / 95612459 12.9% 12304384 / 95612459 12.9% 12312576 / 95612459 12.9% 12320768 / 95612459 12.9% 12328960 / 95612459 12.9% 12337152 / 95612459 12.9% 12345344 / 95612459 12.9% 12353536 / 95612459 12.9% 12361728 / 95612459 12.9% 12369920 / 95612459 12.9% 12378112 / 95612459 13.0% 12386304 / 95612459 13.0% 12394496 / 95612459 13.0% 12402688 / 95612459 13.0% 12410880 / 95612459 13.0% 12419072 / 95612459 13.0% 12427264 / 95612459 13.0% 12435456 / 95612459 13.0% 12443648 / 95612459 13.0% 12451840 / 95612459 13.0% 12460032 / 95612459 13.0% 12468224 / 95612459 13.0% 12476416 / 95612459 13.1% 12484608 / 95612459 13.1% 12492800 / 95612459 13.1% 12500992 / 95612459 13.1% 12509184 / 95612459 13.1% 12517376 / 95612459 13.1% 12525568 / 95612459 13.1% 12533760 / 95612459 13.1% 12541952 / 95612459 13.1% 12550144 / 95612459 13.1% 12558336 / 95612459 13.1% 12566528 / 95612459 13.2% 12574720 / 95612459 13.2% 12582912 / 95612459 13.2% 12591104 / 95612459 13.2% 12599296 / 95612459 13.2% 12607488 / 95612459 13.2% 12615680 / 95612459 13.2% 12623872 / 95612459 13.2% 12632064 / 95612459 13.2% 12640256 / 95612459 13.2% 12648448 / 95612459 13.2% 12656640 / 95612459 13.2% 12664832 / 95612459 13.3% 12673024 / 95612459 13.3% 12681216 / 95612459 13.3% 12689408 / 95612459 13.3% 12697600 / 95612459 13.3% 12705792 / 95612459 13.3% 12713984 / 95612459 13.3% 12722176 / 95612459 13.3% 12730368 / 95612459 13.3% 12738560 / 95612459 13.3% 12746752 / 95612459 13.3% 12754944 / 95612459 13.3% 12763136 / 95612459 13.4% 12771328 / 95612459 13.4% 12779520 / 95612459 13.4% 12787712 / 95612459 13.4% 12795904 / 95612459 13.4% 12804096 / 95612459 13.4% 12812288 / 95612459 13.4% 12820480 / 95612459 13.4% 12828672 / 95612459 13.4% 12836864 / 95612459 13.4% 12845056 / 95612459 13.4% 12853248 / 95612459 13.5% 12861440 / 95612459 13.5% 12869632 / 95612459 13.5% 12877824 / 95612459 13.5% 12886016 / 95612459 13.5% 12894208 / 95612459 13.5% 12902400 / 95612459 13.5% 12910592 / 95612459 13.5% 12918784 / 95612459 13.5% 12926976 / 95612459 13.5% 12935168 / 95612459 13.5% 12943360 / 95612459 13.5% 12951552 / 95612459 13.6% 12959744 / 95612459 13.6% 12967936 / 95612459 13.6% 12976128 / 95612459 13.6% 12984320 / 95612459 13.6% 12992512 / 95612459 13.6% 13000704 / 95612459 13.6% 13008896 / 95612459 13.6% 13017088 / 95612459 13.6% 13025280 / 95612459 13.6% 13033472 / 95612459 13.6% 13041664 / 95612459 13.6% 13049856 / 95612459 13.7% 13058048 / 95612459 13.7% 13066240 / 95612459 13.7% 13074432 / 95612459 13.7% 13082624 / 95612459 13.7% 13090816 / 95612459 13.7% 13099008 / 95612459 13.7% 13107200 / 95612459 13.7% 13115392 / 95612459 13.7% 13123584 / 95612459 13.7% 13131776 / 95612459 13.7% 13139968 / 95612459 13.8% 13148160 / 95612459 13.8% 13156352 / 95612459 13.8% 13164544 / 95612459 13.8% 13172736 / 95612459 13.8% 13180928 / 95612459 13.8% 13189120 / 95612459 13.8% 13197312 / 95612459 13.8% 13205504 / 95612459 13.8% 13213696 / 95612459 13.8% 13221888 / 95612459 13.8% 13230080 / 95612459 13.8% 13238272 / 95612459 13.9% 13246464 / 95612459 13.9% 13254656 / 95612459 13.9% 13262848 / 95612459 13.9% 13271040 / 95612459 13.9% 13279232 / 95612459 13.9% 13287424 / 95612459 13.9% 13295616 / 95612459 13.9% 13303808 / 95612459 13.9% 13312000 / 95612459 13.9% 13320192 / 95612459 13.9% 13328384 / 95612459 13.9% 13336576 / 95612459 14.0% 13344768 / 95612459 14.0% 13352960 / 95612459 14.0% 13361152 / 95612459 14.0% 13369344 / 95612459 14.0% 13377536 / 95612459 14.0% 13385728 / 95612459 14.0% 13393920 / 95612459 14.0% 13402112 / 95612459 14.0% 13410304 / 95612459 14.0% 13418496 / 95612459 14.0% 13426688 / 95612459 14.1% 13434880 / 95612459 14.1% 13443072 / 95612459 14.1% 13451264 / 95612459 14.1% 13459456 / 95612459 14.1% 13467648 / 95612459 14.1% 13475840 / 95612459 14.1% 13484032 / 95612459 14.1% 13492224 / 95612459 14.1% 13500416 / 95612459 14.1% 13508608 / 95612459 14.1% 13516800 / 95612459 14.1% 13524992 / 95612459 14.2% 13533184 / 95612459 14.2% 13541376 / 95612459 14.2% 13549568 / 95612459 14.2% 13557760 / 95612459 14.2% 13565952 / 95612459 14.2% 13574144 / 95612459 14.2% 13582336 / 95612459 14.2% 13590528 / 95612459 14.2% 13598720 / 95612459 14.2% 13606912 / 95612459 14.2% 13615104 / 95612459 14.2% 13623296 / 95612459 14.3% 13631488 / 95612459 14.3% 13639680 / 95612459 14.3% 13647872 / 95612459 14.3% 13656064 / 95612459 14.3% 13664256 / 95612459 14.3% 13672448 / 95612459 14.3% 13680640 / 95612459 14.3% 13688832 / 95612459 14.3% 13697024 / 95612459 14.3% 13705216 / 95612459 14.3% 13713408 / 95612459 14.4% 13721600 / 95612459 14.4% 13729792 / 95612459 14.4% 13737984 / 95612459 14.4% 13746176 / 95612459 14.4% 13754368 / 95612459 14.4% 13762560 / 95612459 14.4% 13770752 / 95612459 14.4% 13778944 / 95612459 14.4% 13787136 / 95612459 14.4% 13795328 / 95612459 14.4% 13803520 / 95612459 14.4% 13811712 / 95612459 14.5% 13819904 / 95612459 14.5% 13828096 / 95612459 14.5% 13836288 / 95612459 14.5% 13844480 / 95612459 14.5% 13852672 / 95612459 14.5% 13860864 / 95612459 14.5% 13869056 / 95612459 14.5% 13877248 / 95612459 14.5% 13885440 / 95612459 14.5% 13893632 / 95612459 14.5% 13901824 / 95612459 14.5% 13910016 / 95612459 14.6% 13918208 / 95612459 14.6% 13926400 / 95612459 14.6% 13934592 / 95612459 14.6% 13942784 / 95612459 14.6% 13950976 / 95612459 14.6% 13959168 / 95612459 14.6% 13967360 / 95612459 14.6% 13975552 / 95612459 14.6% 13983744 / 95612459 14.6% 13991936 / 95612459 14.6% 14000128 / 95612459 14.7% 14008320 / 95612459 14.7% 14016512 / 95612459 14.7% 14024704 / 95612459 14.7% 14032896 / 95612459 14.7% 14041088 / 95612459 14.7% 14049280 / 95612459 14.7% 14057472 / 95612459 14.7% 14065664 / 95612459 14.7% 14073856 / 95612459 14.7% 14082048 / 95612459 14.7% 14090240 / 95612459 14.7% 14098432 / 95612459 14.8% 14106624 / 95612459 14.8% 14114816 / 95612459 14.8% 14123008 / 95612459 14.8% 14131200 / 95612459 14.8% 14139392 / 95612459 14.8% 14147584 / 95612459 14.8% 14155776 / 95612459 14.8% 14163968 / 95612459 14.8% 14172160 / 95612459 14.8% 14180352 / 95612459 14.8% 14188544 / 95612459 14.8% 14196736 / 95612459 14.9% 14204928 / 95612459 14.9% 14213120 / 95612459 14.9% 14221312 / 95612459 14.9% 14229504 / 95612459 14.9% 14237696 / 95612459 14.9% 14245888 / 95612459 14.9% 14254080 / 95612459 14.9% 14262272 / 95612459 14.9% 14270464 / 95612459 14.9% 14278656 / 95612459 14.9% 14286848 / 95612459 15.0% 14295040 / 95612459 15.0% 14303232 / 95612459 15.0% 14311424 / 95612459 15.0% 14319616 / 95612459 15.0% 14327808 / 95612459 15.0% 14336000 / 95612459 15.0% 14344192 / 95612459 15.0% 14352384 / 95612459 15.0% 14360576 / 95612459 15.0% 14368768 / 95612459 15.0% 14376960 / 95612459 15.0% 14385152 / 95612459 15.1% 14393344 / 95612459 15.1% 14401536 / 95612459 15.1% 14409728 / 95612459 15.1% 14417920 / 95612459 15.1% 14426112 / 95612459 15.1% 14434304 / 95612459 15.1% 14442496 / 95612459 15.1% 14450688 / 95612459 15.1% 14458880 / 95612459 15.1% 14467072 / 95612459 15.1% 14475264 / 95612459 15.1% 14483456 / 95612459 15.2% 14491648 / 95612459 15.2% 14499840 / 95612459 15.2% 14508032 / 95612459 15.2% 14516224 / 95612459 15.2% 14524416 / 95612459 15.2% 14532608 / 95612459 15.2% 14540800 / 95612459 15.2% 14548992 / 95612459 15.2% 14557184 / 95612459 15.2% 14565376 / 95612459 15.2% 14573568 / 95612459 15.3% 14581760 / 95612459 15.3% 14589952 / 95612459 15.3% 14598144 / 95612459 15.3% 14606336 / 95612459 15.3% 14614528 / 95612459 15.3% 14622720 / 95612459 15.3% 14630912 / 95612459 15.3% 14639104 / 95612459 15.3% 14647296 / 95612459 15.3% 14655488 / 95612459 15.3% 14663680 / 95612459 15.3% 14671872 / 95612459 15.4% 14680064 / 95612459 15.4% 14688256 / 95612459 15.4% 14696448 / 95612459 15.4% 14704640 / 95612459 15.4% 14712832 / 95612459 15.4% 14721024 / 95612459 15.4% 14729216 / 95612459 15.4% 14737408 / 95612459 15.4% 14745600 / 95612459 15.4% 14753792 / 95612459 15.4% 14761984 / 95612459 15.4% 14770176 / 95612459 15.5% 14778368 / 95612459 15.5% 14786560 / 95612459 15.5% 14794752 / 95612459 15.5% 14802944 / 95612459 15.5% 14811136 / 95612459 15.5% 14819328 / 95612459 15.5% 14827520 / 95612459 15.5% 14835712 / 95612459 15.5% 14843904 / 95612459 15.5% 14852096 / 95612459 15.5% 14860288 / 95612459 15.6% 14868480 / 95612459 15.6% 14876672 / 95612459 15.6% 14884864 / 95612459 15.6% 14893056 / 95612459 15.6% 14901248 / 95612459 15.6% 14909440 / 95612459 15.6% 14917632 / 95612459 15.6% 14925824 / 95612459 15.6% 14934016 / 95612459 15.6% 14942208 / 95612459 15.6% 14950400 / 95612459 15.6% 14958592 / 95612459 15.7% 14966784 / 95612459 15.7% 14974976 / 95612459 15.7% 14983168 / 95612459 15.7% 14991360 / 95612459 15.7% 14999552 / 95612459 15.7% 15007744 / 95612459 15.7% 15015936 / 95612459 15.7% 15024128 / 95612459 15.7% 15032320 / 95612459 15.7% 15040512 / 95612459 15.7% 15048704 / 95612459 15.7% 15056896 / 95612459 15.8% 15065088 / 95612459 15.8% 15073280 / 95612459 15.8% 15081472 / 95612459 15.8% 15089664 / 95612459 15.8% 15097856 / 95612459 15.8% 15106048 / 95612459 15.8% 15114240 / 95612459 15.8% 15122432 / 95612459 15.8% 15130624 / 95612459 15.8% 15138816 / 95612459 15.8% 15147008 / 95612459 15.9% 15155200 / 95612459 15.9% 15163392 / 95612459 15.9% 15171584 / 95612459 15.9% 15179776 / 95612459 15.9% 15187968 / 95612459 15.9% 15196160 / 95612459 15.9% 15204352 / 95612459 15.9% 15212544 / 95612459 15.9% 15220736 / 95612459 15.9% 15228928 / 95612459 15.9% 15237120 / 95612459 15.9% 15245312 / 95612459 16.0% 15253504 / 95612459 16.0% 15261696 / 95612459 16.0% 15269888 / 95612459 16.0% 15278080 / 95612459 16.0% 15286272 / 95612459 16.0% 15294464 / 95612459 16.0% 15302656 / 95612459 16.0% 15310848 / 95612459 16.0% 15319040 / 95612459 16.0% 15327232 / 95612459 16.0% 15335424 / 95612459 16.0% 15343616 / 95612459 16.1% 15351808 / 95612459 16.1% 15360000 / 95612459 16.1% 15368192 / 95612459 16.1% 15376384 / 95612459 16.1% 15384576 / 95612459 16.1% 15392768 / 95612459 16.1% 15400960 / 95612459 16.1% 15409152 / 95612459 16.1% 15417344 / 95612459 16.1% 15425536 / 95612459 16.1% 15433728 / 95612459 16.2% 15441920 / 95612459 16.2% 15450112 / 95612459 16.2% 15458304 / 95612459 16.2% 15466496 / 95612459 16.2% 15474688 / 95612459 16.2% 15482880 / 95612459 16.2% 15491072 / 95612459 16.2% 15499264 / 95612459 16.2% 15507456 / 95612459 16.2% 15515648 / 95612459 16.2% 15523840 / 95612459 16.2% 15532032 / 95612459 16.3% 15540224 / 95612459 16.3% 15548416 / 95612459 16.3% 15556608 / 95612459 16.3% 15564800 / 95612459 16.3% 15572992 / 95612459 16.3% 15581184 / 95612459 16.3% 15589376 / 95612459 16.3% 15597568 / 95612459 16.3% 15605760 / 95612459 16.3% 15613952 / 95612459 16.3% 15622144 / 95612459 16.3% 15630336 / 95612459 16.4% 15638528 / 95612459 16.4% 15646720 / 95612459 16.4% 15654912 / 95612459 16.4% 15663104 / 95612459 16.4% 15671296 / 95612459 16.4% 15679488 / 95612459 16.4% 15687680 / 95612459 16.4% 15695872 / 95612459 16.4% 15704064 / 95612459 16.4% 15712256 / 95612459 16.4% 15720448 / 95612459 16.5% 15728640 / 95612459 16.5% 15736832 / 95612459 16.5% 15745024 / 95612459 16.5% 15753216 / 95612459 16.5% 15761408 / 95612459 16.5% 15769600 / 95612459 16.5% 15777792 / 95612459 16.5% 15785984 / 95612459 16.5% 15794176 / 95612459 16.5% 15802368 / 95612459 16.5% 15810560 / 95612459 16.5% 15818752 / 95612459 16.6% 15826944 / 95612459 16.6% 15835136 / 95612459 16.6% 15843328 / 95612459 16.6% 15851520 / 95612459 16.6% 15859712 / 95612459 16.6% 15867904 / 95612459 16.6% 15876096 / 95612459 16.6% 15884288 / 95612459 16.6% 15892480 / 95612459 16.6% 15900672 / 95612459 16.6% 15908864 / 95612459 16.6% 15917056 / 95612459 16.7% 15925248 / 95612459 16.7% 15933440 / 95612459 16.7% 15941632 / 95612459 16.7% 15949824 / 95612459 16.7% 15958016 / 95612459 16.7% 15966208 / 95612459 16.7% 15974400 / 95612459 16.7% 15982592 / 95612459 16.7% 15990784 / 95612459 16.7% 15998976 / 95612459 16.7% 16007168 / 95612459 16.8% 16015360 / 95612459 16.8% 16023552 / 95612459 16.8% 16031744 / 95612459 16.8% 16039936 / 95612459 16.8% 16048128 / 95612459 16.8% 16056320 / 95612459 16.8% 16064512 / 95612459 16.8% 16072704 / 95612459 16.8% 16080896 / 95612459 16.8% 16089088 / 95612459 16.8% 16097280 / 95612459 16.8% 16105472 / 95612459 16.9% 16113664 / 95612459 16.9% 16121856 / 95612459 16.9% 16130048 / 95612459 16.9% 16138240 / 95612459 16.9% 16146432 / 95612459 16.9% 16154624 / 95612459 16.9% 16162816 / 95612459 16.9% 16171008 / 95612459 16.9% 16179200 / 95612459 16.9% 16187392 / 95612459 16.9% 16195584 / 95612459 16.9% 16203776 / 95612459 17.0% 16211968 / 95612459 17.0% 16220160 / 95612459 17.0% 16228352 / 95612459 17.0% 16236544 / 95612459 17.0% 16244736 / 95612459 17.0% 16252928 / 95612459 17.0% 16261120 / 95612459 17.0% 16269312 / 95612459 17.0% 16277504 / 95612459 17.0% 16285696 / 95612459 17.0% 16293888 / 95612459 17.1% 16302080 / 95612459 17.1% 16310272 / 95612459 17.1% 16318464 / 95612459 17.1% 16326656 / 95612459 17.1% 16334848 / 95612459 17.1% 16343040 / 95612459 17.1% 16351232 / 95612459 17.1% 16359424 / 95612459 17.1% 16367616 / 95612459 17.1% 16375808 / 95612459 17.1% 16384000 / 95612459 17.1% 16392192 / 95612459 17.2% 16400384 / 95612459 17.2% 16408576 / 95612459 17.2% 16416768 / 95612459 17.2% 16424960 / 95612459 17.2% 16433152 / 95612459 17.2% 16441344 / 95612459 17.2% 16449536 / 95612459 17.2% 16457728 / 95612459 17.2% 16465920 / 95612459 17.2% 16474112 / 95612459 17.2% 16482304 / 95612459 17.2% 16490496 / 95612459 17.3% 16498688 / 95612459 17.3% 16506880 / 95612459 17.3% 16515072 / 95612459 17.3% 16523264 / 95612459 17.3% 16531456 / 95612459 17.3% 16539648 / 95612459 17.3% 16547840 / 95612459 17.3% 16556032 / 95612459 17.3% 16564224 / 95612459 17.3% 16572416 / 95612459 17.3% 16580608 / 95612459 17.4% 16588800 / 95612459 17.4% 16596992 / 95612459 17.4% 16605184 / 95612459 17.4% 16613376 / 95612459 17.4% 16621568 / 95612459 17.4% 16629760 / 95612459 17.4% 16637952 / 95612459 17.4% 16646144 / 95612459 17.4% 16654336 / 95612459 17.4% 16662528 / 95612459 17.4% 16670720 / 95612459 17.4% 16678912 / 95612459 17.5% 16687104 / 95612459 17.5% 16695296 / 95612459 17.5% 16703488 / 95612459 17.5% 16711680 / 95612459 17.5% 16719872 / 95612459 17.5% 16728064 / 95612459 17.5% 16736256 / 95612459 17.5% 16744448 / 95612459 17.5% 16752640 / 95612459 17.5% 16760832 / 95612459 17.5% 16769024 / 95612459 17.5% 16777216 / 95612459 17.6% 16785408 / 95612459 17.6% 16793600 / 95612459 17.6% 16801792 / 95612459 17.6% 16809984 / 95612459 17.6% 16818176 / 95612459 17.6% 16826368 / 95612459 17.6% 16834560 / 95612459 17.6% 16842752 / 95612459 17.6% 16850944 / 95612459 17.6% 16859136 / 95612459 17.6% 16867328 / 95612459 17.6% 16875520 / 95612459 17.7% 16883712 / 95612459 17.7% 16891904 / 95612459 17.7% 16900096 / 95612459 17.7% 16908288 / 95612459 17.7% 16916480 / 95612459 17.7% 16924672 / 95612459 17.7% 16932864 / 95612459 17.7% 16941056 / 95612459 17.7% 16949248 / 95612459 17.7% 16957440 / 95612459 17.7% 16965632 / 95612459 17.8% 16973824 / 95612459 17.8% 16982016 / 95612459 17.8% 16990208 / 95612459 17.8% 16998400 / 95612459 17.8% 17006592 / 95612459 17.8% 17014784 / 95612459 17.8% 17022976 / 95612459 17.8% 17031168 / 95612459 17.8% 17039360 / 95612459 17.8% 17047552 / 95612459 17.8% 17055744 / 95612459 17.8% 17063936 / 95612459 17.9% 17072128 / 95612459 17.9% 17080320 / 95612459 17.9% 17088512 / 95612459 17.9% 17096704 / 95612459 17.9% 17104896 / 95612459 17.9% 17113088 / 95612459 17.9% 17121280 / 95612459 17.9% 17129472 / 95612459 17.9% 17137664 / 95612459 17.9% 17145856 / 95612459 17.9% 17154048 / 95612459 17.9% 17162240 / 95612459 18.0% 17170432 / 95612459 18.0% 17178624 / 95612459 18.0% 17186816 / 95612459 18.0% 17195008 / 95612459 18.0% 17203200 / 95612459 18.0% 17211392 / 95612459 18.0% 17219584 / 95612459 18.0% 17227776 / 95612459 18.0% 17235968 / 95612459 18.0% 17244160 / 95612459 18.0% 17252352 / 95612459 18.1% 17260544 / 95612459 18.1% 17268736 / 95612459 18.1% 17276928 / 95612459 18.1% 17285120 / 95612459 18.1% 17293312 / 95612459 18.1% 17301504 / 95612459 18.1% 17309696 / 95612459 18.1% 17317888 / 95612459 18.1% 17326080 / 95612459 18.1% 17334272 / 95612459 18.1% 17342464 / 95612459 18.1% 17350656 / 95612459 18.2% 17358848 / 95612459 18.2% 17367040 / 95612459 18.2% 17375232 / 95612459 18.2% 17383424 / 95612459 18.2% 17391616 / 95612459 18.2% 17399808 / 95612459 18.2% 17408000 / 95612459 18.2% 17416192 / 95612459 18.2% 17424384 / 95612459 18.2% 17432576 / 95612459 18.2% 17440768 / 95612459 18.2% 17448960 / 95612459 18.3% 17457152 / 95612459 18.3% 17465344 / 95612459 18.3% 17473536 / 95612459 18.3% 17481728 / 95612459 18.3% 17489920 / 95612459 18.3% 17498112 / 95612459 18.3% 17506304 / 95612459 18.3% 17514496 / 95612459 18.3% 17522688 / 95612459 18.3% 17530880 / 95612459 18.3% 17539072 / 95612459 18.4% 17547264 / 95612459 18.4% 17555456 / 95612459 18.4% 17563648 / 95612459 18.4% 17571840 / 95612459 18.4% 17580032 / 95612459 18.4% 17588224 / 95612459 18.4% 17596416 / 95612459 18.4% 17604608 / 95612459 18.4% 17612800 / 95612459 18.4% 17620992 / 95612459 18.4% 17629184 / 95612459 18.4% 17637376 / 95612459 18.5% 17645568 / 95612459 18.5% 17653760 / 95612459 18.5% 17661952 / 95612459 18.5% 17670144 / 95612459 18.5% 17678336 / 95612459 18.5% 17686528 / 95612459 18.5% 17694720 / 95612459 18.5% 17702912 / 95612459 18.5% 17711104 / 95612459 18.5% 17719296 / 95612459 18.5% 17727488 / 95612459 18.5% 17735680 / 95612459 18.6% 17743872 / 95612459 18.6% 17752064 / 95612459 18.6% 17760256 / 95612459 18.6% 17768448 / 95612459 18.6% 17776640 / 95612459 18.6% 17784832 / 95612459 18.6% 17793024 / 95612459 18.6% 17801216 / 95612459 18.6% 17809408 / 95612459 18.6% 17817600 / 95612459 18.6% 17825792 / 95612459 18.7% 17833984 / 95612459 18.7% 17842176 / 95612459 18.7% 17850368 / 95612459 18.7% 17858560 / 95612459 18.7% 17866752 / 95612459 18.7% 17874944 / 95612459 18.7% 17883136 / 95612459 18.7% 17891328 / 95612459 18.7% 17899520 / 95612459 18.7% 17907712 / 95612459 18.7% 17915904 / 95612459 18.7% 17924096 / 95612459 18.8% 17932288 / 95612459 18.8% 17940480 / 95612459 18.8% 17948672 / 95612459 18.8% 17956864 / 95612459 18.8% 17965056 / 95612459 18.8% 17973248 / 95612459 18.8% 17981440 / 95612459 18.8% 17989632 / 95612459 18.8% 17997824 / 95612459 18.8% 18006016 / 95612459 18.8% 18014208 / 95612459 18.8% 18022400 / 95612459 18.9% 18030592 / 95612459 18.9% 18038784 / 95612459 18.9% 18046976 / 95612459 18.9% 18055168 / 95612459 18.9% 18063360 / 95612459 18.9% 18071552 / 95612459 18.9% 18079744 / 95612459 18.9% 18087936 / 95612459 18.9% 18096128 / 95612459 18.9% 18104320 / 95612459 18.9% 18112512 / 95612459 19.0% 18120704 / 95612459 19.0% 18128896 / 95612459 19.0% 18137088 / 95612459 19.0% 18145280 / 95612459 19.0% 18153472 / 95612459 19.0% 18161664 / 95612459 19.0% 18169856 / 95612459 19.0% 18178048 / 95612459 19.0% 18186240 / 95612459 19.0% 18194432 / 95612459 19.0% 18202624 / 95612459 19.0% 18210816 / 95612459 19.1% 18219008 / 95612459 19.1% 18227200 / 95612459 19.1% 18235392 / 95612459 19.1% 18243584 / 95612459 19.1% 18251776 / 95612459 19.1% 18259968 / 95612459 19.1% 18268160 / 95612459 19.1% 18276352 / 95612459 19.1% 18284544 / 95612459 19.1% 18292736 / 95612459 19.1% 18300928 / 95612459 19.1% 18309120 / 95612459 19.2% 18317312 / 95612459 19.2% 18325504 / 95612459 19.2% 18333696 / 95612459 19.2% 18341888 / 95612459 19.2% 18350080 / 95612459 19.2% 18358272 / 95612459 19.2% 18366464 / 95612459 19.2% 18374656 / 95612459 19.2% 18382848 / 95612459 19.2% 18391040 / 95612459 19.2% 18399232 / 95612459 19.3% 18407424 / 95612459 19.3% 18415616 / 95612459 19.3% 18423808 / 95612459 19.3% 18432000 / 95612459 19.3% 18440192 / 95612459 19.3% 18448384 / 95612459 19.3% 18456576 / 95612459 19.3% 18464768 / 95612459 19.3% 18472960 / 95612459 19.3% 18481152 / 95612459 19.3% 18489344 / 95612459 19.3% 18497536 / 95612459 19.4% 18505728 / 95612459 19.4% 18513920 / 95612459 19.4% 18522112 / 95612459 19.4% 18530304 / 95612459 19.4% 18538496 / 95612459 19.4% 18546688 / 95612459 19.4% 18554880 / 95612459 19.4% 18563072 / 95612459 19.4% 18571264 / 95612459 19.4% 18579456 / 95612459 19.4% 18587648 / 95612459 19.4% 18595840 / 95612459 19.5% 18604032 / 95612459 19.5% 18612224 / 95612459 19.5% 18620416 / 95612459 19.5% 18628608 / 95612459 19.5% 18636800 / 95612459 19.5% 18644992 / 95612459 19.5% 18653184 / 95612459 19.5% 18661376 / 95612459 19.5% 18669568 / 95612459 19.5% 18677760 / 95612459 19.5% 18685952 / 95612459 19.6% 18694144 / 95612459 19.6% 18702336 / 95612459 19.6% 18710528 / 95612459 19.6% 18718720 / 95612459 19.6% 18726912 / 95612459 19.6% 18735104 / 95612459 19.6% 18743296 / 95612459 19.6% 18751488 / 95612459 19.6% 18759680 / 95612459 19.6% 18767872 / 95612459 19.6% 18776064 / 95612459 19.6% 18784256 / 95612459 19.7% 18792448 / 95612459 19.7% 18800640 / 95612459 19.7% 18808832 / 95612459 19.7% 18817024 / 95612459 19.7% 18825216 / 95612459 19.7% 18833408 / 95612459 19.7% 18841600 / 95612459 19.7% 18849792 / 95612459 19.7% 18857984 / 95612459 19.7% 18866176 / 95612459 19.7% 18874368 / 95612459 19.7% 18882560 / 95612459 19.8% 18890752 / 95612459 19.8% 18898944 / 95612459 19.8% 18907136 / 95612459 19.8% 18915328 / 95612459 19.8% 18923520 / 95612459 19.8% 18931712 / 95612459 19.8% 18939904 / 95612459 19.8% 18948096 / 95612459 19.8% 18956288 / 95612459 19.8% 18964480 / 95612459 19.8% 18972672 / 95612459 19.9% 18980864 / 95612459 19.9% 18989056 / 95612459 19.9% 18997248 / 95612459 19.9% 19005440 / 95612459 19.9% 19013632 / 95612459 19.9% 19021824 / 95612459 19.9% 19030016 / 95612459 19.9% 19038208 / 95612459 19.9% 19046400 / 95612459 19.9% 19054592 / 95612459 19.9% 19062784 / 95612459 19.9% 19070976 / 95612459 20.0% 19079168 / 95612459 20.0% 19087360 / 95612459 20.0% 19095552 / 95612459 20.0% 19103744 / 95612459 20.0% 19111936 / 95612459 20.0% 19120128 / 95612459 20.0% 19128320 / 95612459
 20.0% 19136512 / 95612459 20.0% 19144704 / 95612459 20.0% 19152896 / 95612459 20.0% 19161088 / 95612459 20.0% 19169280 / 95612459 20.1% 19177472 / 95612459 20.1% 19185664 / 95612459 20.1% 19193856 / 95612459 20.1% 19202048 / 95612459 20.1% 19210240 / 95612459 20.1% 19218432 / 95612459 20.1% 19226624 / 95612459 20.1% 19234816 / 95612459 20.1% 19243008 / 95612459 20.1% 19251200 / 95612459 20.1% 19259392 / 95612459 20.2% 19267584 / 95612459 20.2% 19275776 / 95612459 20.2% 19283968 / 95612459 20.2% 19292160 / 95612459 20.2% 19300352 / 95612459 20.2% 19308544 / 95612459 20.2% 19316736 / 95612459 20.2% 19324928 / 95612459 20.2% 19333120 / 95612459 20.2% 19341312 / 95612459 20.2% 19349504 / 95612459 20.2% 19357696 / 95612459 20.3% 19365888 / 95612459 20.3% 19374080 / 95612459 20.3% 19382272 / 95612459 20.3% 19390464 / 95612459 20.3% 19398656 / 95612459 20.3% 19406848 / 95612459 20.3% 19415040 / 95612459 20.3% 19423232 / 95612459 20.3% 19431424 / 95612459 20.3% 19439616 / 95612459 20.3% 19447808 / 95612459 20.3% 19456000 / 95612459 20.4% 19464192 / 95612459 20.4% 19472384 / 95612459 20.4% 19480576 / 95612459 20.4% 19488768 / 95612459 20.4% 19496960 / 95612459 20.4% 19505152 / 95612459 20.4% 19513344 / 95612459 20.4% 19521536 / 95612459 20.4% 19529728 / 95612459 20.4% 19537920 / 95612459 20.4% 19546112 / 95612459 20.5% 19554304 / 95612459 20.5% 19562496 / 95612459 20.5% 19570688 / 95612459 20.5% 19578880 / 95612459 20.5% 19587072 / 95612459 20.5% 19595264 / 95612459 20.5% 19603456 / 95612459 20.5% 19611648 / 95612459 20.5% 19619840 / 95612459 20.5% 19628032 / 95612459 20.5% 19636224 / 95612459 20.5% 19644416 / 95612459 20.6% 19652608 / 95612459 20.6% 19660800 / 95612459 20.6% 19668992 / 95612459 20.6% 19677184 / 95612459 20.6% 19685376 / 95612459 20.6% 19693568 / 95612459 20.6% 19701760 / 95612459 20.6% 19709952 / 95612459 20.6% 19718144 / 95612459 20.6% 19726336 / 95612459 20.6% 19734528 / 95612459 20.6% 19742720 / 95612459 20.7% 19750912 / 95612459 20.7% 19759104 / 95612459 20.7% 19767296 / 95612459 20.7% 19775488 / 95612459 20.7% 19783680 / 95612459 20.7% 19791872 / 95612459 20.7% 19800064 / 95612459 20.7% 19808256 / 95612459 20.7% 19816448 / 95612459 20.7% 19824640 / 95612459 20.7% 19832832 / 95612459 20.8% 19841024 / 95612459 20.8% 19849216 / 95612459 20.8% 19857408 / 95612459 20.8% 19865600 / 95612459 20.8% 19873792 / 95612459 20.8% 19881984 / 95612459 20.8% 19890176 / 95612459 20.8% 19898368 / 95612459 20.8% 19906560 / 95612459 20.8% 19914752 / 95612459 20.8% 19922944 / 95612459 20.8% 19931136 / 95612459 20.9% 19939328 / 95612459 20.9% 19947520 / 95612459 20.9% 19955712 / 95612459 20.9% 19963904 / 95612459 20.9% 19972096 / 95612459 20.9% 19980288 / 95612459 20.9% 19988480 / 95612459 20.9% 19996672 / 95612459 20.9% 20004864 / 95612459 20.9% 20013056 / 95612459 20.9% 20021248 / 95612459 20.9% 20029440 / 95612459 21.0% 20037632 / 95612459 21.0% 20045824 / 95612459 21.0% 20054016 / 95612459 21.0% 20062208 / 95612459 21.0% 20070400 / 95612459 21.0% 20078592 / 95612459 21.0% 20086784 / 95612459 21.0% 20094976 / 95612459 21.0% 20103168 / 95612459 21.0% 20111360 / 95612459 21.0% 20119552 / 95612459 21.1% 20127744 / 95612459 21.1% 20135936 / 95612459 21.1% 20144128 / 95612459 21.1% 20152320 / 95612459 21.1% 20160512 / 95612459 21.1% 20168704 / 95612459 21.1% 20176896 / 95612459 21.1% 20185088 / 95612459 21.1% 20193280 / 95612459 21.1% 20201472 / 95612459 21.1% 20209664 / 95612459 21.1% 20217856 / 95612459 21.2% 20226048 / 95612459 21.2% 20234240 / 95612459 21.2% 20242432 / 95612459 21.2% 20250624 / 95612459 21.2% 20258816 / 95612459 21.2% 20267008 / 95612459 21.2% 20275200 / 95612459 21.2% 20283392 / 95612459 21.2% 20291584 / 95612459 21.2% 20299776 / 95612459 21.2% 20307968 / 95612459 21.2% 20316160 / 95612459 21.3% 20324352 / 95612459 21.3% 20332544 / 95612459 21.3% 20340736 / 95612459 21.3% 20348928 / 95612459 21.3% 20357120 / 95612459 21.3% 20365312 / 95612459 21.3% 20373504 / 95612459 21.3% 20381696 / 95612459 21.3% 20389888 / 95612459 21.3% 20398080 / 95612459 21.3% 20406272 / 95612459 21.4% 20414464 / 95612459 21.4% 20422656 / 95612459 21.4% 20430848 / 95612459 21.4% 20439040 / 95612459 21.4% 20447232 / 95612459 21.4% 20455424 / 95612459 21.4% 20463616 / 95612459 21.4% 20471808 / 95612459 21.4% 20480000 / 95612459 21.4% 20488192 / 95612459 21.4% 20496384 / 95612459 21.4% 20504576 / 95612459 21.5% 20512768 / 95612459 21.5% 20520960 / 95612459 21.5% 20529152 / 95612459 21.5% 20537344 / 95612459 21.5% 20545536 / 95612459 21.5% 20553728 / 95612459 21.5% 20561920 / 95612459 21.5% 20570112 / 95612459 21.5% 20578304 / 95612459 21.5% 20586496 / 95612459 21.5% 20594688 / 95612459 21.5% 20602880 / 95612459 21.6% 20611072 / 95612459 21.6% 20619264 / 95612459 21.6% 20627456 / 95612459 21.6% 20635648 / 95612459 21.6% 20643840 / 95612459 21.6% 20652032 / 95612459 21.6% 20660224 / 95612459 21.6% 20668416 / 95612459 21.6% 20676608 / 95612459 21.6% 20684800 / 95612459 21.6% 20692992 / 95612459 21.7% 20701184 / 95612459 21.7% 20709376 / 95612459 21.7% 20717568 / 95612459 21.7% 20725760 / 95612459 21.7% 20733952 / 95612459 21.7% 20742144 / 95612459 21.7% 20750336 / 95612459 21.7% 20758528 / 95612459 21.7% 20766720 / 95612459 21.7% 20774912 / 95612459 21.7% 20783104 / 95612459 21.7% 20791296 / 95612459 21.8% 20799488 / 95612459 21.8% 20807680 / 95612459 21.8% 20815872 / 95612459 21.8% 20824064 / 95612459 21.8% 20832256 / 95612459 21.8% 20840448 / 95612459 21.8% 20848640 / 95612459 21.8% 20856832 / 95612459 21.8% 20865024 / 95612459 21.8% 20873216 / 95612459 21.8% 20881408 / 95612459 21.8% 20889600 / 95612459 21.9% 20897792 / 95612459 21.9% 20905984 / 95612459 21.9% 20914176 / 95612459 21.9% 20922368 / 95612459 21.9% 20930560 / 95612459 21.9% 20938752 / 95612459 21.9% 20946944 / 95612459 21.9% 20955136 / 95612459 21.9% 20963328 / 95612459 21.9% 20971520 / 95612459 21.9% 20979712 / 95612459 22.0% 20987904 / 95612459 22.0% 20996096 / 95612459 22.0% 21004288 / 95612459 22.0% 21012480 / 95612459 22.0% 21020672 / 95612459 22.0% 21028864 / 95612459 22.0% 21037056 / 95612459 22.0% 21045248 / 95612459 22.0% 21053440 / 95612459 22.0% 21061632 / 95612459 22.0% 21069824 / 95612459 22.0% 21078016 / 95612459 22.1% 21086208 / 95612459 22.1% 21094400 / 95612459 22.1% 21102592 / 95612459 22.1% 21110784 / 95612459 22.1% 21118976 / 95612459 22.1% 21127168 / 95612459 22.1% 21135360 / 95612459 22.1% 21143552 / 95612459 22.1% 21151744 / 95612459 22.1% 21159936 / 95612459 22.1% 21168128 / 95612459 22.1% 21176320 / 95612459 22.2% 21184512 / 95612459 22.2% 21192704 / 95612459 22.2% 21200896 / 95612459 22.2% 21209088 / 95612459 22.2% 21217280 / 95612459 22.2% 21225472 / 95612459 22.2% 21233664 / 95612459 22.2% 21241856 / 95612459 22.2% 21250048 / 95612459 22.2% 21258240 / 95612459 22.2% 21266432 / 95612459 22.3% 21274624 / 95612459 22.3% 21282816 / 95612459 22.3% 21291008 / 95612459 22.3% 21299200 / 95612459 22.3% 21307392 / 95612459 22.3% 21315584 / 95612459 22.3% 21323776 / 95612459 22.3% 21331968 / 95612459 22.3% 21340160 / 95612459 22.3% 21348352 / 95612459 22.3% 21356544 / 95612459 22.3% 21364736 / 95612459 22.4% 21372928 / 95612459 22.4% 21381120 / 95612459 22.4% 21389312 / 95612459 22.4% 21397504 / 95612459 22.4% 21405696 / 95612459 22.4% 21413888 / 95612459 22.4% 21422080 / 95612459 22.4% 21430272 / 95612459 22.4% 21438464 / 95612459 22.4% 21446656 / 95612459 22.4% 21454848 / 95612459 22.4% 21463040 / 95612459 22.5% 21471232 / 95612459 22.5% 21479424 / 95612459 22.5% 21487616 / 95612459 22.5% 21495808 / 95612459 22.5% 21504000 / 95612459 22.5% 21512192 / 95612459 22.5% 21520384 / 95612459 22.5% 21528576 / 95612459 22.5% 21536768 / 95612459 22.5% 21544960 / 95612459 22.5% 21553152 / 95612459 22.6% 21561344 / 95612459 22.6% 21569536 / 95612459 22.6% 21577728 / 95612459 22.6% 21585920 / 95612459 22.6% 21594112 / 95612459 22.6% 21602304 / 95612459 22.6% 21610496 / 95612459 22.6% 21618688 / 95612459 22.6% 21626880 / 95612459 22.6% 21635072 / 95612459 22.6% 21643264 / 95612459 22.6% 21651456 / 95612459 22.7% 21659648 / 95612459 22.7% 21667840 / 95612459 22.7% 21676032 / 95612459 22.7% 21684224 / 95612459 22.7% 21692416 / 95612459 22.7% 21700608 / 95612459 22.7% 21708800 / 95612459 22.7% 21716992 / 95612459 22.7% 21725184 / 95612459 22.7% 21733376 / 95612459 22.7% 21741568 / 95612459 22.7% 21749760 / 95612459 22.8% 21757952 / 95612459 22.8% 21766144 / 95612459 22.8% 21774336 / 95612459 22.8% 21782528 / 95612459 22.8% 21790720 / 95612459 22.8% 21798912 / 95612459 22.8% 21807104 / 95612459 22.8% 21815296 / 95612459 22.8% 21823488 / 95612459 22.8% 21831680 / 95612459 22.8% 21839872 / 95612459 22.9% 21848064 / 95612459 22.9% 21856256 / 95612459 22.9% 21864448 / 95612459 22.9% 21872640 / 95612459 22.9% 21880832 / 95612459 22.9% 21889024 / 95612459 22.9% 21897216 / 95612459 22.9% 21905408 / 95612459 22.9% 21913600 / 95612459 22.9% 21921792 / 95612459 22.9% 21929984 / 95612459 22.9% 21938176 / 95612459 23.0% 21946368 / 95612459 23.0% 21954560 / 95612459 23.0% 21962752 / 95612459 23.0% 21970944 / 95612459 23.0% 21979136 / 95612459 23.0% 21987328 / 95612459 23.0% 21995520 / 95612459 23.0% 22003712 / 95612459 23.0% 22011904 / 95612459 23.0% 22020096 / 95612459 23.0% 22028288 / 95612459 23.0% 22036480 / 95612459 23.1% 22044672 / 95612459 23.1% 22052864 / 95612459 23.1% 22061056 / 95612459 23.1% 22069248 / 95612459 23.1% 22077440 / 95612459 23.1% 22085632 / 95612459 23.1% 22093824 / 95612459 23.1% 22102016 / 95612459 23.1% 22110208 / 95612459 23.1% 22118400 / 95612459 23.1% 22126592 / 95612459 23.2% 22134784 / 95612459 23.2% 22142976 / 95612459 23.2% 22151168 / 95612459 23.2% 22159360 / 95612459 23.2% 22167552 / 95612459 23.2% 22175744 / 95612459 23.2% 22183936 / 95612459 23.2% 22192128 / 95612459 23.2% 22200320 / 95612459 23.2% 22208512 / 95612459 23.2% 22216704 / 95612459 23.2% 22224896 / 95612459 23.3% 22233088 / 95612459 23.3% 22241280 / 95612459 23.3% 22249472 / 95612459 23.3% 22257664 / 95612459 23.3% 22265856 / 95612459 23.3% 22274048 / 95612459 23.3% 22282240 / 95612459 23.3% 22290432 / 95612459 23.3% 22298624 / 95612459 23.3% 22306816 / 95612459 23.3% 22315008 / 95612459 23.3% 22323200 / 95612459 23.4% 22331392 / 95612459 23.4% 22339584 / 95612459 23.4% 22347776 / 95612459 23.4% 22355968 / 95612459 23.4% 22364160 / 95612459 23.4% 22372352 / 95612459 23.4% 22380544 / 95612459 23.4% 22388736 / 95612459 23.4% 22396928 / 95612459 23.4% 22405120 / 95612459 23.4% 22413312 / 95612459 23.5% 22421504 / 95612459 23.5% 22429696 / 95612459 23.5% 22437888 / 95612459 23.5% 22446080 / 95612459 23.5% 22454272 / 95612459 23.5% 22462464 / 95612459 23.5% 22470656 / 95612459 23.5% 22478848 / 95612459 23.5% 22487040 / 95612459 23.5% 22495232 / 95612459 23.5% 22503424 / 95612459 23.5% 22511616 / 95612459 23.6% 22519808 / 95612459 23.6% 22528000 / 95612459 23.6% 22536192 / 95612459 23.6% 22544384 / 95612459 23.6% 22552576 / 95612459 23.6% 22560768 / 95612459 23.6% 22568960 / 95612459 23.6% 22577152 / 95612459 23.6% 22585344 / 95612459 23.6% 22593536 / 95612459 23.6% 22601728 / 95612459 23.6% 22609920 / 95612459 23.7% 22618112 / 95612459 23.7% 22626304 / 95612459 23.7% 22634496 / 95612459 23.7% 22642688 / 95612459 23.7% 22650880 / 95612459 23.7% 22659072 / 95612459 23.7% 22667264 / 95612459 23.7% 22675456 / 95612459 23.7% 22683648 / 95612459 23.7% 22691840 / 95612459 23.7% 22700032 / 95612459 23.8% 22708224 / 95612459 23.8% 22716416 / 95612459 23.8% 22724608 / 95612459 23.8% 22732800 / 95612459 23.8% 22740992 / 95612459 23.8% 22749184 / 95612459 23.8% 22757376 / 95612459 23.8% 22765568 / 95612459 23.8% 22773760 / 95612459 23.8% 22781952 / 95612459 23.8% 22790144 / 95612459 23.8% 22798336 / 95612459 23.9% 22806528 / 95612459 23.9% 22814720 / 95612459 23.9% 22822912 / 95612459 23.9% 22831104 / 95612459 23.9% 22839296 / 95612459 23.9% 22847488 / 95612459 23.9% 22855680 / 95612459 23.9% 22863872 / 95612459 23.9% 22872064 / 95612459 23.9% 22880256 / 95612459 23.9% 22888448 / 95612459 23.9% 22896640 / 95612459 24.0% 22904832 / 95612459 24.0% 22913024 / 95612459 24.0% 22921216 / 95612459 24.0% 22929408 / 95612459 24.0% 22937600 / 95612459 24.0% 22945792 / 95612459 24.0% 22953984 / 95612459 24.0% 22962176 / 95612459 24.0% 22970368 / 95612459 24.0% 22978560 / 95612459 24.0% 22986752 / 95612459 24.1% 22994944 / 95612459 24.1% 23003136 / 95612459 24.1% 23011328 / 95612459 24.1% 23019520 / 95612459 24.1% 23027712 / 95612459 24.1% 23035904 / 95612459 24.1% 23044096 / 95612459 24.1% 23052288 / 95612459 24.1% 23060480 / 95612459 24.1% 23068672 / 95612459 24.1% 23076864 / 95612459 24.1% 23085056 / 95612459 24.2% 23093248 / 95612459 24.2% 23101440 / 95612459 24.2% 23109632 / 95612459 24.2% 23117824 / 95612459 24.2% 23126016 / 95612459 24.2% 23134208 / 95612459 24.2% 23142400 / 95612459 24.2% 23150592 / 95612459 24.2% 23158784 / 95612459 24.2% 23166976 / 95612459 24.2% 23175168 / 95612459 24.2% 23183360 / 95612459 24.3% 23191552 / 95612459 24.3% 23199744 / 95612459 24.3% 23207936 / 95612459 24.3% 23216128 / 95612459 24.3% 23224320 / 95612459 24.3% 23232512 / 95612459 24.3% 23240704 / 95612459 24.3% 23248896 / 95612459 24.3% 23257088 / 95612459 24.3% 23265280 / 95612459 24.3% 23273472 / 95612459 24.4% 23281664 / 95612459 24.4% 23289856 / 95612459 24.4% 23298048 / 95612459 24.4% 23306240 / 95612459 24.4% 23314432 / 95612459 24.4% 23322624 / 95612459 24.4% 23330816 / 95612459 24.4% 23339008 / 95612459 24.4% 23347200 / 95612459 24.4% 23355392 / 95612459 24.4% 23363584 / 95612459 24.4% 23371776 / 95612459 24.5% 23379968 / 95612459 24.5% 23388160 / 95612459 24.5% 23396352 / 95612459 24.5% 23404544 / 95612459 24.5% 23412736 / 95612459 24.5% 23420928 / 95612459 24.5% 23429120 / 95612459 24.5% 23437312 / 95612459 24.5% 23445504 / 95612459 24.5% 23453696 / 95612459 24.5% 23461888 / 95612459 24.5% 23470080 / 95612459 24.6% 23478272 / 95612459 24.6% 23486464 / 95612459 24.6% 23494656 / 95612459 24.6% 23502848 / 95612459 24.6% 23511040 / 95612459 24.6% 23519232 / 95612459 24.6% 23527424 / 95612459 24.6% 23535616 / 95612459 24.6% 23543808 / 95612459 24.6% 23552000 / 95612459 24.6% 23560192 / 95612459 24.6% 23568384 / 95612459 24.7% 23576576 / 95612459 24.7% 23584768 / 95612459 24.7% 23592960 / 95612459 24.7% 23601152 / 95612459 24.7% 23609344 / 95612459 24.7% 23617536 / 95612459 24.7% 23625728 / 95612459 24.7% 23633920 / 95612459 24.7% 23642112 / 95612459 24.7% 23650304 / 95612459 24.7% 23658496 / 95612459 24.8% 23666688 / 95612459 24.8% 23674880 / 95612459 24.8% 23683072 / 95612459 24.8% 23691264 / 95612459 24.8% 23699456 / 95612459 24.8% 23707648 / 95612459 24.8% 23715840 / 95612459 24.8% 23724032 / 95612459 24.8% 23732224 / 95612459 24.8% 23740416 / 95612459 24.8% 23748608 / 95612459 24.8% 23756800 / 95612459 24.9% 23764992 / 95612459 24.9% 23773184 / 95612459 24.9% 23781376 / 95612459 24.9% 23789568 / 95612459 24.9% 23797760 / 95612459 24.9% 23805952 / 95612459 24.9% 23814144 / 95612459 24.9% 23822336 / 95612459 24.9% 23830528 / 95612459 24.9% 23838720 / 95612459 24.9% 23846912 / 95612459 24.9% 23855104 / 95612459 25.0% 23863296 / 95612459 25.0% 23871488 / 95612459 25.0% 23879680 / 95612459 25.0% 23887872 / 95612459 25.0% 23896064 / 95612459 25.0% 23904256 / 95612459 25.0% 23912448 / 95612459 25.0% 23920640 / 95612459 25.0% 23928832 / 95612459 25.0% 23937024 / 95612459 25.0% 23945216 / 95612459 25.1% 23953408 / 95612459 25.1% 23961600 / 95612459 25.1% 23969792 / 95612459 25.1% 23977984 / 95612459 25.1% 23986176 / 95612459 25.1% 23994368 / 95612459 25.1% 24002560 / 95612459 25.1% 24010752 / 95612459 25.1% 24018944 / 95612459 25.1% 24027136 / 95612459 25.1% 24035328 / 95612459 25.1% 24043520 / 95612459 25.2% 24051712 / 95612459 25.2% 24059904 / 95612459 25.2% 24068096 / 95612459 25.2% 24076288 / 95612459 25.2% 24084480 / 95612459 25.2% 24092672 / 95612459 25.2% 24100864 / 95612459 25.2% 24109056 / 95612459 25.2% 24117248 / 95612459 25.2% 24125440 / 95612459 25.2% 24133632 / 95612459 25.2% 24141824 / 95612459 25.3% 24150016 / 95612459 25.3% 24158208 / 95612459 25.3% 24166400 / 95612459 25.3% 24174592 / 95612459 25.3% 24182784 / 95612459 25.3% 24190976 / 95612459 25.3% 24199168 / 95612459 25.3% 24207360 / 95612459 25.3% 24215552 / 95612459 25.3% 24223744 / 95612459 25.3% 24231936 / 95612459 25.4% 24240128 / 95612459 25.4% 24248320 / 95612459 25.4% 24256512 / 95612459 25.4% 24264704 / 95612459 25.4% 24272896 / 95612459 25.4% 24281088 / 95612459 25.4% 24289280 / 95612459 25.4% 24297472 / 95612459 25.4% 24305664 / 95612459 25.4% 24313856 / 95612459 25.4% 24322048 / 95612459 25.4% 24330240 / 95612459 25.5% 24338432 / 95612459 25.5% 24346624 / 95612459 25.5% 24354816 / 95612459 25.5% 24363008 / 95612459 25.5% 24371200 / 95612459 25.5% 24379392 / 95612459 25.5% 24387584 / 95612459 25.5% 24395776 / 95612459 25.5% 24403968 / 95612459 25.5% 24412160 / 95612459 25.5% 24420352 / 95612459 25.5% 24428544 / 95612459 25.6% 24436736 / 95612459 25.6% 24444928 / 95612459 25.6% 24453120 / 95612459 25.6% 24461312 / 95612459 25.6% 24469504 / 95612459 25.6% 24477696 / 95612459 25.6% 24485888 / 95612459 25.6% 24494080 / 95612459 25.6% 24502272 / 95612459 25.6% 24510464 / 95612459 25.6% 24518656 / 95612459 25.7% 24526848 / 95612459 25.7% 24535040 / 95612459 25.7% 24543232 / 95612459 25.7% 24551424 / 95612459 25.7% 24559616 / 95612459 25.7% 24567808 / 95612459 25.7% 24576000 / 95612459 25.7% 24584192 / 95612459 25.7% 24592384 / 95612459 25.7% 24600576 / 95612459 25.7% 24608768 / 95612459 25.7% 24616960 / 95612459 25.8% 24625152 / 95612459 25.8% 24633344 / 95612459 25.8% 24641536 / 95612459 25.8% 24649728 / 95612459 25.8% 24657920 / 95612459 25.8% 24666112 / 95612459 25.8% 24674304 / 95612459 25.8% 24682496 / 95612459 25.8% 24690688 / 95612459 25.8% 24698880 / 95612459 25.8% 24707072 / 95612459 25.8% 24715264 / 95612459 25.9% 24723456 / 95612459 25.9% 24731648 / 95612459 25.9% 24739840 / 95612459 25.9% 24748032 / 95612459 25.9% 24756224 / 95612459 25.9% 24764416 / 95612459 25.9% 24772608 / 95612459 25.9% 24780800 / 95612459 25.9% 24788992 / 95612459 25.9% 24797184 / 95612459 25.9% 24805376 / 95612459 26.0% 24813568 / 95612459 26.0% 24821760 / 95612459 26.0% 24829952 / 95612459 26.0% 24838144 / 95612459 26.0% 24846336 / 95612459 26.0% 24854528 / 95612459 26.0% 24862720 / 95612459 26.0% 24870912 / 95612459 26.0% 24879104 / 95612459 26.0% 24887296 / 95612459 26.0% 24895488 / 95612459 26.0% 24903680 / 95612459 26.1% 24911872 / 95612459 26.1% 24920064 / 95612459 26.1% 24928256 / 95612459 26.1% 24936448 / 95612459 26.1% 24944640 / 95612459 26.1% 24952832 / 95612459 26.1% 24961024 / 95612459 26.1% 24969216 / 95612459 26.1% 24977408 / 95612459 26.1% 24985600 / 95612459 26.1% 24993792 / 95612459 26.1% 25001984 / 95612459 26.2% 25010176 / 95612459 26.2% 25018368 / 95612459 26.2% 25026560 / 95612459 26.2% 25034752 / 95612459 26.2% 25042944 / 95612459 26.2% 25051136 / 95612459 26.2% 25059328 / 95612459 26.2% 25067520 / 95612459 26.2% 25075712 / 95612459 26.2% 25083904 / 95612459 26.2% 25092096 / 95612459 26.3% 25100288 / 95612459 26.3% 25108480 / 95612459 26.3% 25116672 / 95612459 26.3% 25124864 / 95612459 26.3% 25133056 / 95612459 26.3% 25141248 / 95612459 26.3% 25149440 / 95612459 26.3% 25157632 / 95612459 26.3% 25165824 / 95612459 26.3% 25174016 / 95612459 26.3% 25182208 / 95612459 26.3% 25190400 / 95612459 26.4% 25198592 / 95612459 26.4% 25206784 / 95612459 26.4% 25214976 / 95612459 26.4% 25223168 / 95612459 26.4% 25231360 / 95612459 26.4% 25239552 / 95612459 26.4% 25247744 / 95612459 26.4% 25255936 / 95612459 26.4% 25264128 / 95612459 26.4% 25272320 / 95612459 26.4% 25280512 / 95612459 26.4% 25288704 / 95612459 26.5% 25296896 / 95612459 26.5% 25305088 / 95612459 26.5% 25313280 / 95612459 26.5% 25321472 / 95612459 26.5% 25329664 / 95612459 26.5% 25337856 / 95612459 26.5% 25346048 / 95612459 26.5% 25354240 / 95612459 26.5% 25362432 / 95612459 26.5% 25370624 / 95612459 26.5% 25378816 / 95612459 26.6% 25387008 / 95612459 26.6% 25395200 / 95612459 26.6% 25403392 / 95612459 26.6% 25411584 / 95612459 26.6% 25419776 / 95612459 26.6% 25427968 / 95612459 26.6% 25436160 / 95612459 26.6% 25444352 / 95612459 26.6% 25452544 / 95612459 26.6% 25460736 / 95612459 26.6% 25468928 / 95612459 26.6% 25477120 / 95612459 26.7% 25485312 / 95612459 26.7% 25493504 / 95612459 26.7% 25501696 / 95612459 26.7% 25509888 / 95612459 26.7% 25518080 / 95612459 26.7% 25526272 / 95612459 26.7% 25534464 / 95612459 26.7% 25542656 / 95612459 26.7% 25550848 / 95612459 26.7% 25559040 / 95612459 26.7% 25567232 / 95612459 26.7% 25575424 / 95612459 26.8% 25583616 / 95612459 26.8% 25591808 / 95612459 26.8% 25600000 / 95612459 26.8% 25608192 / 95612459 26.8% 25616384 / 95612459 26.8% 25624576 / 95612459 26.8% 25632768 / 95612459 26.8% 25640960 / 95612459 26.8% 25649152 / 95612459 26.8% 25657344 / 95612459 26.8% 25665536 / 95612459 26.9% 25673728 / 95612459 26.9% 25681920 / 95612459 26.9% 25690112 / 95612459 26.9% 25698304 / 95612459 26.9% 25706496 / 95612459 26.9% 25714688 / 95612459 26.9% 25722880 / 95612459 26.9% 25731072 / 95612459 26.9% 25739264 / 95612459 26.9% 25747456 / 95612459 26.9% 25755648 / 95612459 26.9% 25763840 / 95612459 27.0% 25772032 / 95612459 27.0% 25780224 / 95612459 27.0% 25788416 / 95612459 27.0% 25796608 / 95612459 27.0% 25804800 / 95612459 27.0% 25812992 / 95612459 27.0% 25821184 / 95612459 27.0% 25829376 / 95612459 27.0% 25837568 / 95612459 27.0% 25845760 / 95612459 27.0% 25853952 / 95612459 27.0% 25862144 / 95612459 27.1% 25870336 / 95612459 27.1% 25878528 / 95612459 27.1% 25886720 / 95612459 27.1% 25894912 / 95612459 27.1% 25903104 / 95612459 27.1% 25911296 / 95612459 27.1% 25919488 / 95612459 27.1% 25927680 / 95612459 27.1% 25935872 / 95612459 27.1% 25944064 / 95612459 27.1% 25952256 / 95612459 27.2% 25960448 / 95612459 27.2% 25968640 / 95612459 27.2% 25976832 / 95612459 27.2% 25985024 / 95612459 27.2% 25993216 / 95612459 27.2% 26001408 / 95612459 27.2% 26009600 / 95612459 27.2% 26017792 / 95612459 27.2% 26025984 / 95612459 27.2% 26034176 / 95612459 27.2% 26042368 / 95612459 27.2% 26050560 / 95612459 27.3% 26058752 / 95612459 27.3% 26066944 / 95612459 27.3% 26075136 / 95612459 27.3% 26083328 / 95612459 27.3% 26091520 / 95612459 27.3% 26099712 / 95612459 27.3% 26107904 / 95612459 27.3% 26116096 / 95612459 27.3% 26124288 / 95612459 27.3% 26132480 / 95612459 27.3% 26140672 / 95612459 27.3% 26148864 / 95612459 27.4% 26157056 / 95612459 27.4% 26165248 / 95612459 27.4% 26173440 / 95612459 27.4% 26181632 / 95612459 27.4% 26189824 / 95612459 27.4% 26198016 / 95612459 27.4% 26206208 / 95612459 27.4% 26214400 / 95612459 27.4% 26222592 / 95612459 27.4% 26230784 / 95612459 27.4% 26238976 / 95612459 27.5% 26247168 / 95612459 27.5% 26255360 / 95612459 27.5% 26263552 / 95612459 27.5% 26271744 / 95612459 27.5% 26279936 / 95612459 27.5% 26288128 / 95612459 27.5% 26296320 / 95612459 27.5% 26304512 / 95612459 27.5% 26312704 / 95612459 27.5% 26320896 / 95612459 27.5% 26329088 / 95612459 27.5% 26337280 / 95612459 27.6% 26345472 / 95612459 27.6% 26353664 / 95612459 27.6% 26361856 / 95612459 27.6% 26370048 / 95612459 27.6% 26378240 / 95612459 27.6% 26386432 / 95612459 27.6% 26394624 / 95612459 27.6% 26402816 / 95612459 27.6% 26411008 / 95612459 27.6% 26419200 / 95612459 27.6% 26427392 / 95612459 27.6% 26435584 / 95612459 27.7% 26443776 / 95612459 27.7% 26451968 / 95612459 27.7% 26460160 / 95612459 27.7% 26468352 / 95612459 27.7% 26476544 / 95612459 27.7% 26484736 / 95612459 27.7% 26492928 / 95612459 27.7% 26501120 / 95612459 27.7% 26509312 / 95612459 27.7% 26517504 / 95612459 27.7% 26525696 / 95612459 27.8% 26533888 / 95612459 27.8% 26542080 / 95612459 27.8% 26550272 / 95612459 27.8% 26558464 / 95612459 27.8% 26566656 / 95612459 27.8% 26574848 / 95612459 27.8% 26583040 / 95612459 27.8% 26591232 / 95612459 27.8% 26599424 / 95612459 27.8% 26607616 / 95612459 27.8% 26615808 / 95612459 27.8% 26624000 / 95612459 27.9% 26632192 / 95612459 27.9% 26640384 / 95612459 27.9% 26648576 / 95612459 27.9% 26656768 / 95612459 27.9% 26664960 / 95612459 27.9% 26673152 / 95612459 27.9% 26681344 / 95612459 27.9% 26689536 / 95612459 27.9% 26697728 / 95612459 27.9% 26705920 / 95612459 27.9% 26714112 / 95612459 27.9% 26722304 / 95612459 28.0% 26730496 / 95612459 28.0% 26738688 / 95612459 28.0% 26746880 / 95612459 28.0% 26755072 / 95612459 28.0% 26763264 / 95612459 28.0% 26771456 / 95612459 28.0% 26779648 / 95612459 28.0% 26787840 / 95612459 28.0% 26796032 / 95612459 28.0% 26804224 / 95612459 28.0% 26812416 / 95612459 28.1% 26820608 / 95612459 28.1% 26828800 / 95612459 28.1% 26836992 / 95612459 28.1% 26845184 / 95612459 28.1% 26853376 / 95612459 28.1% 26861568 / 95612459 28.1% 26869760 / 95612459 28.1% 26877952 / 95612459 28.1% 26886144 / 95612459 28.1% 26894336 / 95612459 28.1% 26902528 / 95612459 28.1% 26910720 / 95612459 28.2% 26918912 / 95612459 28.2% 26927104 / 95612459 28.2% 26935296 / 95612459 28.2% 26943488 / 95612459 28.2% 26951680 / 95612459 28.2% 26959872 / 95612459 28.2% 26968064 / 95612459 28.2% 26976256 / 95612459 28.2% 26984448 / 95612459 28.2% 26992640 / 95612459 28.2% 27000832 / 95612459 28.2% 27009024 / 95612459 28.3% 27017216 / 95612459 28.3% 27025408 / 95612459 28.3% 27033600 / 95612459 28.3% 27041792 / 95612459 28.3% 27049984 / 95612459 28.3% 27058176 / 95612459 28.3% 27066368 / 95612459 28.3% 27074560 / 95612459 28.3% 27082752 / 95612459 28.3% 27090944 / 95612459 28.3% 27099136 / 95612459 28.4% 27107328 / 95612459 28.4% 27115520 / 95612459 28.4% 27123712 / 95612459 28.4% 27131904 / 95612459 28.4% 27140096 / 95612459 28.4% 27148288 / 95612459 28.4% 27156480 / 95612459 28.4% 27164672 / 95612459 28.4% 27172864 / 95612459 28.4% 27181056 / 95612459 28.4% 27189248 / 95612459 28.4% 27197440 / 95612459 28.5% 27205632 / 95612459 28.5% 27213824 / 95612459 28.5% 27222016 / 95612459 28.5% 27230208 / 95612459 28.5% 27238400 / 95612459 28.5% 27246592 / 95612459 28.5% 27254784 / 95612459 28.5% 27262976 / 95612459 28.5% 27271168 / 95612459 28.5% 27279360 / 95612459 28.5% 27287552 / 95612459 28.5% 27295744 / 95612459 28.6% 27303936 / 95612459 28.6% 27312128 / 95612459 28.6% 27320320 / 95612459 28.6% 27328512 / 95612459 28.6% 27336704 / 95612459 28.6% 27344896 / 95612459 28.6% 27353088 / 95612459 28.6% 27361280 / 95612459 28.6% 27369472 / 95612459 28.6% 27377664 / 95612459 28.6% 27385856 / 95612459 28.7% 27394048 / 95612459 28.7% 27402240 / 95612459 28.7% 27410432 / 95612459 28.7% 27418624 / 95612459 28.7% 27426816 / 95612459 28.7% 27435008 / 95612459 28.7% 27443200 / 95612459 28.7% 27451392 / 95612459 28.7% 27459584 / 95612459 28.7% 27467776 / 95612459 28.7% 27475968 / 95612459 28.7% 27484160 / 95612459 28.8% 27492352 / 95612459 28.8% 27500544 / 95612459 28.8% 27508736 / 95612459 28.8% 27516928 / 95612459 28.8% 27525120 / 95612459 28.8% 27533312 / 95612459 28.8% 27541504 / 95612459 28.8% 27549696 / 95612459 28.8% 27557888 / 95612459 28.8% 27566080 / 95612459 28.8% 27574272 / 95612459 28.8% 27582464 / 95612459 28.9% 27590656 / 95612459 28.9% 27598848 / 95612459 28.9% 27607040 / 95612459 28.9% 27615232 / 95612459 28.9% 27623424 / 95612459 28.9% 27631616 / 95612459 28.9% 27639808 / 95612459 28.9% 27648000 / 95612459 28.9% 27656192 / 95612459 28.9% 27664384 / 95612459 28.9% 27672576 / 95612459 29.0% 27680768 / 95612459 29.0% 27688960 / 95612459 29.0% 27697152 / 95612459 29.0% 27705344 / 95612459 29.0% 27713536 / 95612459 29.0% 27721728 / 95612459 29.0% 27729920 / 95612459 29.0% 27738112 / 95612459 29.0% 27746304 / 95612459 29.0% 27754496 / 95612459 29.0% 27762688 / 95612459 29.0% 27770880 / 95612459 29.1% 27779072 / 95612459 29.1% 27787264 / 95612459 29.1% 27795456 / 95612459 29.1% 27803648 / 95612459 29.1% 27811840 / 95612459 29.1% 27820032 / 95612459 29.1% 27828224 / 95612459 29.1% 27836416 / 95612459 29.1% 27844608 / 95612459 29.1% 27852800 / 95612459 29.1% 27860992 / 95612459 29.1% 27869184 / 95612459 29.2% 27877376 / 95612459 29.2% 27885568 / 95612459 29.2% 27893760 / 95612459 29.2% 27901952 / 95612459 29.2% 27910144 / 95612459 29.2% 27918336 / 95612459 29.2% 27926528 / 95612459 29.2% 27934720 / 95612459 29.2% 27942912 / 95612459 29.2% 27951104 / 95612459 29.2% 27959296 / 95612459 29.3% 27967488 / 95612459 29.3% 27975680 / 95612459 29.3% 27983872 / 95612459 29.3% 27992064 / 95612459 29.3% 28000256 / 95612459 29.3% 28008448 / 95612459 29.3% 28016640 / 95612459 29.3% 28024832 / 95612459 29.3% 28033024 / 95612459 29.3% 28041216 / 95612459 29.3% 28049408 / 95612459 29.3% 28057600 / 95612459 29.4% 28065792 / 95612459 29.4% 28073984 / 95612459 29.4% 28082176 / 95612459 29.4% 28090368 / 95612459 29.4% 28098560 / 95612459 29.4% 28106752 / 95612459 29.4% 28114944 / 95612459 29.4% 28123136 / 95612459 29.4% 28131328 / 95612459 29.4% 28139520 / 95612459 29.4% 28147712 / 95612459 29.4% 28155904 / 95612459 29.5% 28164096 / 95612459 29.5% 28172288 / 95612459 29.5% 28180480 / 95612459 29.5% 28188672 / 95612459 29.5% 28196864 / 95612459 29.5% 28205056 / 95612459 29.5% 28213248 / 95612459 29.5% 28221440 / 95612459 29.5% 28229632 / 95612459 29.5% 28237824 / 95612459 29.5% 28246016 / 95612459 29.6% 28254208 / 95612459 29.6% 28262400 / 95612459 29.6% 28270592 / 95612459 29.6% 28278784 / 95612459 29.6% 28286976 / 95612459 29.6% 28295168 / 95612459 29.6% 28303360 / 95612459 29.6% 28311552 / 95612459 29.6% 28319744 / 95612459 29.6% 28327936 / 95612459 29.6% 28336128 / 95612459 29.6% 28344320 / 95612459 29.7% 28352512 / 95612459 29.7% 28360704 / 95612459 29.7% 28368896 / 95612459 29.7% 28377088 / 95612459 29.7% 28385280 / 95612459 29.7% 28393472 / 95612459 29.7% 28401664 / 95612459 29.7% 28409856 / 95612459 29.7% 28418048 / 95612459 29.7% 28426240 / 95612459 29.7% 28434432 / 95612459 29.7% 28442624 / 95612459 29.8% 28450816 / 95612459 29.8% 28459008 / 95612459 29.8% 28467200 / 95612459 29.8% 28475392 / 95612459 29.8% 28483584 / 95612459 29.8% 28491776 / 95612459 29.8% 28499968 / 95612459 29.8% 28508160 / 95612459 29.8% 28516352 / 95612459 29.8% 28524544 / 95612459 29.8% 28532736 / 95612459 29.9% 28540928 / 95612459 29.9% 28549120 / 95612459 29.9% 28557312 / 95612459 29.9% 28565504 / 95612459 29.9% 28573696 / 95612459 29.9% 28581888 / 95612459 29.9% 28590080 / 95612459 29.9% 28598272 / 95612459 29.9% 28606464 / 95612459 29.9% 28614656 / 95612459 29.9% 28622848 / 95612459 29.9% 28631040 / 95612459 30.0% 28639232 / 95612459 30.0% 28647424 / 95612459 30.0% 28655616 / 95612459 30.0% 28663808 / 95612459 30.0% 28672000 / 95612459 30.0% 28680192 / 95612459 30.0% 28688384 / 95612459
 30.0% 28696576 / 95612459 30.0% 28704768 / 95612459 30.0% 28712960 / 95612459 30.0% 28721152 / 95612459 30.0% 28729344 / 95612459 30.1% 28737536 / 95612459 30.1% 28745728 / 95612459 30.1% 28753920 / 95612459 30.1% 28762112 / 95612459 30.1% 28770304 / 95612459 30.1% 28778496 / 95612459 30.1% 28786688 / 95612459 30.1% 28794880 / 95612459 30.1% 28803072 / 95612459 30.1% 28811264 / 95612459 30.1% 28819456 / 95612459 30.2% 28827648 / 95612459 30.2% 28835840 / 95612459 30.2% 28844032 / 95612459 30.2% 28852224 / 95612459 30.2% 28860416 / 95612459 30.2% 28868608 / 95612459 30.2% 28876800 / 95612459 30.2% 28884992 / 95612459 30.2% 28893184 / 95612459 30.2% 28901376 / 95612459 30.2% 28909568 / 95612459 30.2% 28917760 / 95612459 30.3% 28925952 / 95612459 30.3% 28934144 / 95612459 30.3% 28942336 / 95612459 30.3% 28950528 / 95612459 30.3% 28958720 / 95612459 30.3% 28966912 / 95612459 30.3% 28975104 / 95612459 30.3% 28983296 / 95612459 30.3% 28991488 / 95612459 30.3% 28999680 / 95612459 30.3% 29007872 / 95612459 30.3% 29016064 / 95612459 30.4% 29024256 / 95612459 30.4% 29032448 / 95612459 30.4% 29040640 / 95612459 30.4% 29048832 / 95612459 30.4% 29057024 / 95612459 30.4% 29065216 / 95612459 30.4% 29073408 / 95612459 30.4% 29081600 / 95612459 30.4% 29089792 / 95612459 30.4% 29097984 / 95612459 30.4% 29106176 / 95612459 30.5% 29114368 / 95612459 30.5% 29122560 / 95612459 30.5% 29130752 / 95612459 30.5% 29138944 / 95612459 30.5% 29147136 / 95612459 30.5% 29155328 / 95612459 30.5% 29163520 / 95612459 30.5% 29171712 / 95612459 30.5% 29179904 / 95612459 30.5% 29188096 / 95612459 30.5% 29196288 / 95612459 30.5% 29204480 / 95612459 30.6% 29212672 / 95612459 30.6% 29220864 / 95612459 30.6% 29229056 / 95612459 30.6% 29237248 / 95612459 30.6% 29245440 / 95612459 30.6% 29253632 / 95612459 30.6% 29261824 / 95612459 30.6% 29270016 / 95612459 30.6% 29278208 / 95612459 30.6% 29286400 / 95612459 30.6% 29294592 / 95612459 30.6% 29302784 / 95612459 30.7% 29310976 / 95612459 30.7% 29319168 / 95612459 30.7% 29327360 / 95612459 30.7% 29335552 / 95612459 30.7% 29343744 / 95612459 30.7% 29351936 / 95612459 30.7% 29360128 / 95612459 30.7% 29368320 / 95612459 30.7% 29376512 / 95612459 30.7% 29384704 / 95612459 30.7% 29392896 / 95612459 30.8% 29401088 / 95612459 30.8% 29409280 / 95612459 30.8% 29417472 / 95612459 30.8% 29425664 / 95612459 30.8% 29433856 / 95612459 30.8% 29442048 / 95612459 30.8% 29450240 / 95612459 30.8% 29458432 / 95612459 30.8% 29466624 / 95612459 30.8% 29474816 / 95612459 30.8% 29483008 / 95612459 30.8% 29491200 / 95612459 30.9% 29499392 / 95612459 30.9% 29507584 / 95612459 30.9% 29515776 / 95612459 30.9% 29523968 / 95612459 30.9% 29532160 / 95612459 30.9% 29540352 / 95612459 30.9% 29548544 / 95612459 30.9% 29556736 / 95612459 30.9% 29564928 / 95612459 30.9% 29573120 / 95612459 30.9% 29581312 / 95612459 30.9% 29589504 / 95612459 31.0% 29597696 / 95612459 31.0% 29605888 / 95612459 31.0% 29614080 / 95612459 31.0% 29622272 / 95612459 31.0% 29630464 / 95612459 31.0% 29638656 / 95612459 31.0% 29646848 / 95612459 31.0% 29655040 / 95612459 31.0% 29663232 / 95612459 31.0% 29671424 / 95612459 31.0% 29679616 / 95612459 31.1% 29687808 / 95612459 31.1% 29696000 / 95612459 31.1% 29704192 / 95612459 31.1% 29712384 / 95612459 31.1% 29720576 / 95612459 31.1% 29728768 / 95612459 31.1% 29736960 / 95612459 31.1% 29745152 / 95612459 31.1% 29753344 / 95612459 31.1% 29761536 / 95612459 31.1% 29769728 / 95612459 31.1% 29777920 / 95612459 31.2% 29786112 / 95612459 31.2% 29794304 / 95612459 31.2% 29802496 / 95612459 31.2% 29810688 / 95612459 31.2% 29818880 / 95612459 31.2% 29827072 / 95612459 31.2% 29835264 / 95612459 31.2% 29843456 / 95612459 31.2% 29851648 / 95612459 31.2% 29859840 / 95612459 31.2% 29868032 / 95612459 31.2% 29876224 / 95612459 31.3% 29884416 / 95612459 31.3% 29892608 / 95612459 31.3% 29900800 / 95612459 31.3% 29908992 / 95612459 31.3% 29917184 / 95612459 31.3% 29925376 / 95612459 31.3% 29933568 / 95612459 31.3% 29941760 / 95612459 31.3% 29949952 / 95612459 31.3% 29958144 / 95612459 31.3% 29966336 / 95612459 31.4% 29974528 / 95612459 31.4% 29982720 / 95612459 31.4% 29990912 / 95612459 31.4% 29999104 / 95612459 31.4% 30007296 / 95612459 31.4% 30015488 / 95612459 31.4% 30023680 / 95612459 31.4% 30031872 / 95612459 31.4% 30040064 / 95612459 31.4% 30048256 / 95612459 31.4% 30056448 / 95612459 31.4% 30064640 / 95612459 31.5% 30072832 / 95612459 31.5% 30081024 / 95612459 31.5% 30089216 / 95612459 31.5% 30097408 / 95612459 31.5% 30105600 / 95612459 31.5% 30113792 / 95612459 31.5% 30121984 / 95612459 31.5% 30130176 / 95612459 31.5% 30138368 / 95612459 31.5% 30146560 / 95612459 31.5% 30154752 / 95612459 31.5% 30162944 / 95612459 31.6% 30171136 / 95612459 31.6% 30179328 / 95612459 31.6% 30187520 / 95612459 31.6% 30195712 / 95612459 31.6% 30203904 / 95612459 31.6% 30212096 / 95612459 31.6% 30220288 / 95612459 31.6% 30228480 / 95612459 31.6% 30236672 / 95612459 31.6% 30244864 / 95612459 31.6% 30253056 / 95612459 31.6% 30261248 / 95612459 31.7% 30269440 / 95612459 31.7% 30277632 / 95612459 31.7% 30285824 / 95612459 31.7% 30294016 / 95612459 31.7% 30302208 / 95612459 31.7% 30310400 / 95612459 31.7% 30318592 / 95612459 31.7% 30326784 / 95612459 31.7% 30334976 / 95612459 31.7% 30343168 / 95612459 31.7% 30351360 / 95612459 31.8% 30359552 / 95612459 31.8% 30367744 / 95612459 31.8% 30375936 / 95612459 31.8% 30384128 / 95612459 31.8% 30392320 / 95612459 31.8% 30400512 / 95612459 31.8% 30408704 / 95612459 31.8% 30416896 / 95612459 31.8% 30425088 / 95612459 31.8% 30433280 / 95612459 31.8% 30441472 / 95612459 31.8% 30449664 / 95612459 31.9% 30457856 / 95612459 31.9% 30466048 / 95612459 31.9% 30474240 / 95612459 31.9% 30482432 / 95612459 31.9% 30490624 / 95612459 31.9% 30498816 / 95612459 31.9% 30507008 / 95612459 31.9% 30515200 / 95612459 31.9% 30523392 / 95612459 31.9% 30531584 / 95612459 31.9% 30539776 / 95612459 31.9% 30547968 / 95612459 32.0% 30556160 / 95612459 32.0% 30564352 / 95612459 32.0% 30572544 / 95612459 32.0% 30580736 / 95612459 32.0% 30588928 / 95612459 32.0% 30597120 / 95612459 32.0% 30605312 / 95612459 32.0% 30613504 / 95612459 32.0% 30621696 / 95612459 32.0% 30629888 / 95612459 32.0% 30638080 / 95612459 32.1% 30646272 / 95612459 32.1% 30654464 / 95612459 32.1% 30662656 / 95612459 32.1% 30670848 / 95612459 32.1% 30679040 / 95612459 32.1% 30687232 / 95612459 32.1% 30695424 / 95612459 32.1% 30703616 / 95612459 32.1% 30711808 / 95612459 32.1% 30720000 / 95612459 32.1% 30728192 / 95612459 32.1% 30736384 / 95612459 32.2% 30744576 / 95612459 32.2% 30752768 / 95612459 32.2% 30760960 / 95612459 32.2% 30769152 / 95612459 32.2% 30777344 / 95612459 32.2% 30785536 / 95612459 32.2% 30793728 / 95612459 32.2% 30801920 / 95612459 32.2% 30810112 / 95612459 32.2% 30818304 / 95612459 32.2% 30826496 / 95612459 32.2% 30834688 / 95612459 32.3% 30842880 / 95612459 32.3% 30851072 / 95612459 32.3% 30859264 / 95612459 32.3% 30867456 / 95612459 32.3% 30875648 / 95612459 32.3% 30883840 / 95612459 32.3% 30892032 / 95612459 32.3% 30900224 / 95612459 32.3% 30908416 / 95612459 32.3% 30916608 / 95612459 32.3% 30924800 / 95612459 32.4% 30932992 / 95612459 32.4% 30941184 / 95612459 32.4% 30949376 / 95612459 32.4% 30957568 / 95612459 32.4% 30965760 / 95612459 32.4% 30973952 / 95612459 32.4% 30982144 / 95612459 32.4% 30990336 / 95612459 32.4% 30998528 / 95612459 32.4% 31006720 / 95612459 32.4% 31014912 / 95612459 32.4% 31023104 / 95612459 32.5% 31031296 / 95612459 32.5% 31039488 / 95612459 32.5% 31047680 / 95612459 32.5% 31055872 / 95612459 32.5% 31064064 / 95612459 32.5% 31072256 / 95612459 32.5% 31080448 / 95612459 32.5% 31088640 / 95612459 32.5% 31096832 / 95612459 32.5% 31105024 / 95612459 32.5% 31113216 / 95612459 32.5% 31121408 / 95612459 32.6% 31129600 / 95612459 32.6% 31137792 / 95612459 32.6% 31145984 / 95612459 32.6% 31154176 / 95612459 32.6% 31162368 / 95612459 32.6% 31170560 / 95612459 32.6% 31178752 / 95612459 32.6% 31186944 / 95612459 32.6% 31195136 / 95612459 32.6% 31203328 / 95612459 32.6% 31211520 / 95612459 32.7% 31219712 / 95612459 32.7% 31227904 / 95612459 32.7% 31236096 / 95612459 32.7% 31244288 / 95612459 32.7% 31252480 / 95612459 32.7% 31260672 / 95612459 32.7% 31268864 / 95612459 32.7% 31277056 / 95612459 32.7% 31285248 / 95612459 32.7% 31293440 / 95612459 32.7% 31301632 / 95612459 32.7% 31309824 / 95612459 32.8% 31318016 / 95612459 32.8% 31326208 / 95612459 32.8% 31334400 / 95612459 32.8% 31342592 / 95612459 32.8% 31350784 / 95612459 32.8% 31358976 / 95612459 32.8% 31367168 / 95612459 32.8% 31375360 / 95612459 32.8% 31383552 / 95612459 32.8% 31391744 / 95612459 32.8% 31399936 / 95612459 32.8% 31408128 / 95612459 32.9% 31416320 / 95612459 32.9% 31424512 / 95612459 32.9% 31432704 / 95612459 32.9% 31440896 / 95612459 32.9% 31449088 / 95612459 32.9% 31457280 / 95612459 32.9% 31465472 / 95612459 32.9% 31473664 / 95612459 32.9% 31481856 / 95612459 32.9% 31490048 / 95612459 32.9% 31498240 / 95612459 33.0% 31506432 / 95612459 33.0% 31514624 / 95612459 33.0% 31522816 / 95612459 33.0% 31531008 / 95612459 33.0% 31539200 / 95612459 33.0% 31547392 / 95612459 33.0% 31555584 / 95612459 33.0% 31563776 / 95612459 33.0% 31571968 / 95612459 33.0% 31580160 / 95612459 33.0% 31588352 / 95612459 33.0% 31596544 / 95612459 33.1% 31604736 / 95612459 33.1% 31612928 / 95612459 33.1% 31621120 / 95612459 33.1% 31629312 / 95612459 33.1% 31637504 / 95612459 33.1% 31645696 / 95612459 33.1% 31653888 / 95612459 33.1% 31662080 / 95612459 33.1% 31670272 / 95612459 33.1% 31678464 / 95612459 33.1% 31686656 / 95612459 33.1% 31694848 / 95612459 33.2% 31703040 / 95612459 33.2% 31711232 / 95612459 33.2% 31719424 / 95612459 33.2% 31727616 / 95612459 33.2% 31735808 / 95612459 33.2% 31744000 / 95612459 33.2% 31752192 / 95612459 33.2% 31760384 / 95612459 33.2% 31768576 / 95612459 33.2% 31776768 / 95612459 33.2% 31784960 / 95612459 33.3% 31793152 / 95612459 33.3% 31801344 / 95612459 33.3% 31809536 / 95612459 33.3% 31817728 / 95612459 33.3% 31825920 / 95612459 33.3% 31834112 / 95612459 33.3% 31842304 / 95612459 33.3% 31850496 / 95612459 33.3% 31858688 / 95612459 33.3% 31866880 / 95612459 33.3% 31875072 / 95612459 33.3% 31883264 / 95612459 33.4% 31891456 / 95612459 33.4% 31899648 / 95612459 33.4% 31907840 / 95612459 33.4% 31916032 / 95612459 33.4% 31924224 / 95612459 33.4% 31932416 / 95612459 33.4% 31940608 / 95612459 33.4% 31948800 / 95612459 33.4% 31956992 / 95612459 33.4% 31965184 / 95612459 33.4% 31973376 / 95612459 33.4% 31981568 / 95612459 33.5% 31989760 / 95612459 33.5% 31997952 / 95612459 33.5% 32006144 / 95612459 33.5% 32014336 / 95612459 33.5% 32022528 / 95612459 33.5% 32030720 / 95612459 33.5% 32038912 / 95612459 33.5% 32047104 / 95612459 33.5% 32055296 / 95612459 33.5% 32063488 / 95612459 33.5% 32071680 / 95612459 33.6% 32079872 / 95612459 33.6% 32088064 / 95612459 33.6% 32096256 / 95612459 33.6% 32104448 / 95612459 33.6% 32112640 / 95612459 33.6% 32120832 / 95612459 33.6% 32129024 / 95612459 33.6% 32137216 / 95612459 33.6% 32145408 / 95612459 33.6% 32153600 / 95612459 33.6% 32161792 / 95612459 33.6% 32169984 / 95612459 33.7% 32178176 / 95612459 33.7% 32186368 / 95612459 33.7% 32194560 / 95612459 33.7% 32202752 / 95612459 33.7% 32210944 / 95612459 33.7% 32219136 / 95612459 33.7% 32227328 / 95612459 33.7% 32235520 / 95612459 33.7% 32243712 / 95612459 33.7% 32251904 / 95612459 33.7% 32260096 / 95612459 33.7% 32268288 / 95612459 33.8% 32276480 / 95612459 33.8% 32284672 / 95612459 33.8% 32292864 / 95612459 33.8% 32301056 / 95612459 33.8% 32309248 / 95612459 33.8% 32317440 / 95612459 33.8% 32325632 / 95612459 33.8% 32333824 / 95612459 33.8% 32342016 / 95612459 33.8% 32350208 / 95612459 33.8% 32358400 / 95612459 33.9% 32366592 / 95612459 33.9% 32374784 / 95612459 33.9% 32382976 / 95612459 33.9% 32391168 / 95612459 33.9% 32399360 / 95612459 33.9% 32407552 / 95612459 33.9% 32415744 / 95612459 33.9% 32423936 / 95612459 33.9% 32432128 / 95612459 33.9% 32440320 / 95612459 33.9% 32448512 / 95612459 33.9% 32456704 / 95612459 34.0% 32464896 / 95612459 34.0% 32473088 / 95612459 34.0% 32481280 / 95612459 34.0% 32489472 / 95612459 34.0% 32497664 / 95612459 34.0% 32505856 / 95612459 34.0% 32514048 / 95612459 34.0% 32522240 / 95612459 34.0% 32530432 / 95612459 34.0% 32538624 / 95612459 34.0% 32546816 / 95612459 34.0% 32555008 / 95612459 34.1% 32563200 / 95612459 34.1% 32571392 / 95612459 34.1% 32579584 / 95612459 34.1% 32587776 / 95612459 34.1% 32595968 / 95612459 34.1% 32604160 / 95612459 34.1% 32612352 / 95612459 34.1% 32620544 / 95612459 34.1% 32628736 / 95612459 34.1% 32636928 / 95612459 34.1% 32645120 / 95612459 34.2% 32653312 / 95612459 34.2% 32661504 / 95612459 34.2% 32669696 / 95612459 34.2% 32677888 / 95612459 34.2% 32686080 / 95612459 34.2% 32694272 / 95612459 34.2% 32702464 / 95612459 34.2% 32710656 / 95612459 34.2% 32718848 / 95612459 34.2% 32727040 / 95612459 34.2% 32735232 / 95612459 34.2% 32743424 / 95612459 34.3% 32751616 / 95612459 34.3% 32759808 / 95612459 34.3% 32768000 / 95612459 34.3% 32776192 / 95612459 34.3% 32784384 / 95612459 34.3% 32792576 / 95612459 34.3% 32800768 / 95612459 34.3% 32808960 / 95612459 34.3% 32817152 / 95612459 34.3% 32825344 / 95612459 34.3% 32833536 / 95612459 34.3% 32841728 / 95612459 34.4% 32849920 / 95612459 34.4% 32858112 / 95612459 34.4% 32866304 / 95612459 34.4% 32874496 / 95612459 34.4% 32882688 / 95612459 34.4% 32890880 / 95612459 34.4% 32899072 / 95612459 34.4% 32907264 / 95612459 34.4% 32915456 / 95612459 34.4% 32923648 / 95612459 34.4% 32931840 / 95612459 34.5% 32940032 / 95612459 34.5% 32948224 / 95612459 34.5% 32956416 / 95612459 34.5% 32964608 / 95612459 34.5% 32972800 / 95612459 34.5% 32980992 / 95612459 34.5% 32989184 / 95612459 34.5% 32997376 / 95612459 34.5% 33005568 / 95612459 34.5% 33013760 / 95612459 34.5% 33021952 / 95612459 34.5% 33030144 / 95612459 34.6% 33038336 / 95612459 34.6% 33046528 / 95612459 34.6% 33054720 / 95612459 34.6% 33062912 / 95612459 34.6% 33071104 / 95612459 34.6% 33079296 / 95612459 34.6% 33087488 / 95612459 34.6% 33095680 / 95612459 34.6% 33103872 / 95612459 34.6% 33112064 / 95612459 34.6% 33120256 / 95612459 34.6% 33128448 / 95612459 34.7% 33136640 / 95612459 34.7% 33144832 / 95612459 34.7% 33153024 / 95612459 34.7% 33161216 / 95612459 34.7% 33169408 / 95612459 34.7% 33177600 / 95612459 34.7% 33185792 / 95612459 34.7% 33193984 / 95612459 34.7% 33202176 / 95612459 34.7% 33210368 / 95612459 34.7% 33218560 / 95612459 34.8% 33226752 / 95612459 34.8% 33234944 / 95612459 34.8% 33243136 / 95612459 34.8% 33251328 / 95612459 34.8% 33259520 / 95612459 34.8% 33267712 / 95612459 34.8% 33275904 / 95612459 34.8% 33284096 / 95612459 34.8% 33292288 / 95612459 34.8% 33300480 / 95612459 34.8% 33308672 / 95612459 34.8% 33316864 / 95612459 34.9% 33325056 / 95612459 34.9% 33333248 / 95612459 34.9% 33341440 / 95612459 34.9% 33349632 / 95612459 34.9% 33357824 / 95612459 34.9% 33366016 / 95612459 34.9% 33374208 / 95612459 34.9% 33382400 / 95612459 34.9% 33390592 / 95612459 34.9% 33398784 / 95612459 34.9% 33406976 / 95612459 34.9% 33415168 / 95612459 35.0% 33423360 / 95612459 35.0% 33431552 / 95612459 35.0% 33439744 / 95612459 35.0% 33447936 / 95612459 35.0% 33456128 / 95612459 35.0% 33464320 / 95612459 35.0% 33472512 / 95612459 35.0% 33480704 / 95612459 35.0% 33488896 / 95612459 35.0% 33497088 / 95612459 35.0% 33505280 / 95612459 35.1% 33513472 / 95612459 35.1% 33521664 / 95612459 35.1% 33529856 / 95612459 35.1% 33538048 / 95612459 35.1% 33546240 / 95612459 35.1% 33554432 / 95612459 35.1% 33562624 / 95612459 35.1% 33570816 / 95612459 35.1% 33579008 / 95612459 35.1% 33587200 / 95612459 35.1% 33595392 / 95612459 35.1% 33603584 / 95612459 35.2% 33611776 / 95612459 35.2% 33619968 / 95612459 35.2% 33628160 / 95612459 35.2% 33636352 / 95612459 35.2% 33644544 / 95612459 35.2% 33652736 / 95612459 35.2% 33660928 / 95612459 35.2% 33669120 / 95612459 35.2% 33677312 / 95612459 35.2% 33685504 / 95612459 35.2% 33693696 / 95612459 35.2% 33701888 / 95612459 35.3% 33710080 / 95612459 35.3% 33718272 / 95612459 35.3% 33726464 / 95612459 35.3% 33734656 / 95612459 35.3% 33742848 / 95612459 35.3% 33751040 / 95612459 35.3% 33759232 / 95612459 35.3% 33767424 / 95612459 35.3% 33775616 / 95612459 35.3% 33783808 / 95612459 35.3% 33792000 / 95612459 35.4% 33800192 / 95612459 35.4% 33808384 / 95612459 35.4% 33816576 / 95612459 35.4% 33824768 / 95612459 35.4% 33832960 / 95612459 35.4% 33841152 / 95612459 35.4% 33849344 / 95612459 35.4% 33857536 / 95612459 35.4% 33865728 / 95612459 35.4% 33873920 / 95612459 35.4% 33882112 / 95612459 35.4% 33890304 / 95612459 35.5% 33898496 / 95612459 35.5% 33906688 / 95612459 35.5% 33914880 / 95612459 35.5% 33923072 / 95612459 35.5% 33931264 / 95612459 35.5% 33939456 / 95612459 35.5% 33947648 / 95612459 35.5% 33955840 / 95612459 35.5% 33964032 / 95612459 35.5% 33972224 / 95612459 35.5% 33980416 / 95612459 35.5% 33988608 / 95612459 35.6% 33996800 / 95612459 35.6% 34004992 / 95612459 35.6% 34013184 / 95612459 35.6% 34021376 / 95612459 35.6% 34029568 / 95612459 35.6% 34037760 / 95612459 35.6% 34045952 / 95612459 35.6% 34054144 / 95612459 35.6% 34062336 / 95612459 35.6% 34070528 / 95612459 35.6% 34078720 / 95612459 35.7% 34086912 / 95612459 35.7% 34095104 / 95612459 35.7% 34103296 / 95612459 35.7% 34111488 / 95612459 35.7% 34119680 / 95612459 35.7% 34127872 / 95612459 35.7% 34136064 / 95612459 35.7% 34144256 / 95612459 35.7% 34152448 / 95612459 35.7% 34160640 / 95612459 35.7% 34168832 / 95612459 35.7% 34177024 / 95612459 35.8% 34185216 / 95612459 35.8% 34193408 / 95612459 35.8% 34201600 / 95612459 35.8% 34209792 / 95612459 35.8% 34217984 / 95612459 35.8% 34226176 / 95612459 35.8% 34234368 / 95612459 35.8% 34242560 / 95612459 35.8% 34250752 / 95612459 35.8% 34258944 / 95612459 35.8% 34267136 / 95612459 35.8% 34275328 / 95612459 35.9% 34283520 / 95612459 35.9% 34291712 / 95612459 35.9% 34299904 / 95612459 35.9% 34308096 / 95612459 35.9% 34316288 / 95612459 35.9% 34324480 / 95612459 35.9% 34332672 / 95612459 35.9% 34340864 / 95612459 35.9% 34349056 / 95612459 35.9% 34357248 / 95612459 35.9% 34365440 / 95612459 36.0% 34373632 / 95612459 36.0% 34381824 / 95612459 36.0% 34390016 / 95612459 36.0% 34398208 / 95612459 36.0% 34406400 / 95612459 36.0% 34414592 / 95612459 36.0% 34422784 / 95612459 36.0% 34430976 / 95612459 36.0% 34439168 / 95612459 36.0% 34447360 / 95612459 36.0% 34455552 / 95612459 36.0% 34463744 / 95612459 36.1% 34471936 / 95612459 36.1% 34480128 / 95612459 36.1% 34488320 / 95612459 36.1% 34496512 / 95612459 36.1% 34504704 / 95612459 36.1% 34512896 / 95612459 36.1% 34521088 / 95612459 36.1% 34529280 / 95612459 36.1% 34537472 / 95612459 36.1% 34545664 / 95612459 36.1% 34553856 / 95612459 36.1% 34562048 / 95612459 36.2% 34570240 / 95612459 36.2% 34578432 / 95612459 36.2% 34586624 / 95612459 36.2% 34594816 / 95612459 36.2% 34603008 / 95612459 36.2% 34611200 / 95612459 36.2% 34619392 / 95612459 36.2% 34627584 / 95612459 36.2% 34635776 / 95612459 36.2% 34643968 / 95612459 36.2% 34652160 / 95612459 36.3% 34660352 / 95612459 36.3% 34668544 / 95612459 36.3% 34676736 / 95612459 36.3% 34684928 / 95612459 36.3% 34693120 / 95612459 36.3% 34701312 / 95612459 36.3% 34709504 / 95612459 36.3% 34717696 / 95612459 36.3% 34725888 / 95612459 36.3% 34734080 / 95612459 36.3% 34742272 / 95612459 36.3% 34750464 / 95612459 36.4% 34758656 / 95612459 36.4% 34766848 / 95612459 36.4% 34775040 / 95612459 36.4% 34783232 / 95612459 36.4% 34791424 / 95612459 36.4% 34799616 / 95612459 36.4% 34807808 / 95612459 36.4% 34816000 / 95612459 36.4% 34824192 / 95612459 36.4% 34832384 / 95612459 36.4% 34840576 / 95612459 36.4% 34848768 / 95612459 36.5% 34856960 / 95612459 36.5% 34865152 / 95612459 36.5% 34873344 / 95612459 36.5% 34881536 / 95612459 36.5% 34889728 / 95612459 36.5% 34897920 / 95612459 36.5% 34906112 / 95612459 36.5% 34914304 / 95612459 36.5% 34922496 / 95612459 36.5% 34930688 / 95612459 36.5% 34938880 / 95612459 36.6% 34947072 / 95612459 36.6% 34955264 / 95612459 36.6% 34963456 / 95612459 36.6% 34971648 / 95612459 36.6% 34979840 / 95612459 36.6% 34988032 / 95612459 36.6% 34996224 / 95612459 36.6% 35004416 / 95612459 36.6% 35012608 / 95612459 36.6% 35020800 / 95612459 36.6% 35028992 / 95612459 36.6% 35037184 / 95612459 36.7% 35045376 / 95612459 36.7% 35053568 / 95612459 36.7% 35061760 / 95612459 36.7% 35069952 / 95612459 36.7% 35078144 / 95612459 36.7% 35086336 / 95612459 36.7% 35094528 / 95612459 36.7% 35102720 / 95612459 36.7% 35110912 / 95612459 36.7% 35119104 / 95612459 36.7% 35127296 / 95612459 36.7% 35135488 / 95612459 36.8% 35143680 / 95612459 36.8% 35151872 / 95612459 36.8% 35160064 / 95612459 36.8% 35168256 / 95612459 36.8% 35176448 / 95612459 36.8% 35184640 / 95612459 36.8% 35192832 / 95612459 36.8% 35201024 / 95612459 36.8% 35209216 / 95612459 36.8% 35217408 / 95612459 36.8% 35225600 / 95612459 36.9% 35233792 / 95612459 36.9% 35241984 / 95612459 36.9% 35250176 / 95612459 36.9% 35258368 / 95612459 36.9% 35266560 / 95612459 36.9% 35274752 / 95612459 36.9% 35282944 / 95612459 36.9% 35291136 / 95612459 36.9% 35299328 / 95612459 36.9% 35307520 / 95612459 36.9% 35315712 / 95612459 36.9% 35323904 / 95612459 37.0% 35332096 / 95612459 37.0% 35340288 / 95612459 37.0% 35348480 / 95612459 37.0% 35356672 / 95612459 37.0% 35364864 / 95612459 37.0% 35373056 / 95612459 37.0% 35381248 / 95612459 37.0% 35389440 / 95612459 37.0% 35397632 / 95612459 37.0% 35405824 / 95612459 37.0% 35414016 / 95612459 37.0% 35422208 / 95612459 37.1% 35430400 / 95612459 37.1% 35438592 / 95612459 37.1% 35446784 / 95612459 37.1% 35454976 / 95612459 37.1% 35463168 / 95612459 37.1% 35471360 / 95612459 37.1% 35479552 / 95612459 37.1% 35487744 / 95612459 37.1% 35495936 / 95612459 37.1% 35504128 / 95612459 37.1% 35512320 / 95612459 37.2% 35520512 / 95612459 37.2% 35528704 / 95612459 37.2% 35536896 / 95612459 37.2% 35545088 / 95612459 37.2% 35553280 / 95612459 37.2% 35561472 / 95612459 37.2% 35569664 / 95612459 37.2% 35577856 / 95612459 37.2% 35586048 / 95612459 37.2% 35594240 / 95612459 37.2% 35602432 / 95612459 37.2% 35610624 / 95612459 37.3% 35618816 / 95612459 37.3% 35627008 / 95612459 37.3% 35635200 / 95612459 37.3% 35643392 / 95612459 37.3% 35651584 / 95612459 37.3% 35659776 / 95612459 37.3% 35667968 / 95612459 37.3% 35676160 / 95612459 37.3% 35684352 / 95612459 37.3% 35692544 / 95612459 37.3% 35700736 / 95612459 37.3% 35708928 / 95612459 37.4% 35717120 / 95612459 37.4% 35725312 / 95612459 37.4% 35733504 / 95612459 37.4% 35741696 / 95612459 37.4% 35749888 / 95612459 37.4% 35758080 / 95612459 37.4% 35766272 / 95612459 37.4% 35774464 / 95612459 37.4% 35782656 / 95612459 37.4% 35790848 / 95612459 37.4% 35799040 / 95612459 37.5% 35807232 / 95612459 37.5% 35815424 / 95612459 37.5% 35823616 / 95612459 37.5% 35831808 / 95612459 37.5% 35840000 / 95612459 37.5% 35848192 / 95612459 37.5% 35856384 / 95612459 37.5% 35864576 / 95612459 37.5% 35872768 / 95612459 37.5% 35880960 / 95612459 37.5% 35889152 / 95612459 37.5% 35897344 / 95612459 37.6% 35905536 / 95612459 37.6% 35913728 / 95612459 37.6% 35921920 / 95612459 37.6% 35930112 / 95612459 37.6% 35938304 / 95612459 37.6% 35946496 / 95612459 37.6% 35954688 / 95612459 37.6% 35962880 / 95612459 37.6% 35971072 / 95612459 37.6% 35979264 / 95612459 37.6% 35987456 / 95612459 37.6% 35995648 / 95612459 37.7% 36003840 / 95612459 37.7% 36012032 / 95612459 37.7% 36020224 / 95612459 37.7% 36028416 / 95612459 37.7% 36036608 / 95612459 37.7% 36044800 / 95612459 37.7% 36052992 / 95612459 37.7% 36061184 / 95612459 37.7% 36069376 / 95612459 37.7% 36077568 / 95612459 37.7% 36085760 / 95612459 37.8% 36093952 / 95612459 37.8% 36102144 / 95612459 37.8% 36110336 / 95612459 37.8% 36118528 / 95612459 37.8% 36126720 / 95612459 37.8% 36134912 / 95612459 37.8% 36143104 / 95612459 37.8% 36151296 / 95612459 37.8% 36159488 / 95612459 37.8% 36167680 / 95612459 37.8% 36175872 / 95612459 37.8% 36184064 / 95612459 37.9% 36192256 / 95612459 37.9% 36200448 / 95612459 37.9% 36208640 / 95612459 37.9% 36216832 / 95612459 37.9% 36225024 / 95612459 37.9% 36233216 / 95612459 37.9% 36241408 / 95612459 37.9% 36249600 / 95612459 37.9% 36257792 / 95612459 37.9% 36265984 / 95612459 37.9% 36274176 / 95612459 37.9% 36282368 / 95612459 38.0% 36290560 / 95612459 38.0% 36298752 / 95612459 38.0% 36306944 / 95612459 38.0% 36315136 / 95612459 38.0% 36323328 / 95612459 38.0% 36331520 / 95612459 38.0% 36339712 / 95612459 38.0% 36347904 / 95612459 38.0% 36356096 / 95612459 38.0% 36364288 / 95612459 38.0% 36372480 / 95612459 38.1% 36380672 / 95612459 38.1% 36388864 / 95612459 38.1% 36397056 / 95612459 38.1% 36405248 / 95612459 38.1% 36413440 / 95612459 38.1% 36421632 / 95612459 38.1% 36429824 / 95612459 38.1% 36438016 / 95612459 38.1% 36446208 / 95612459 38.1% 36454400 / 95612459 38.1% 36462592 / 95612459 38.1% 36470784 / 95612459 38.2% 36478976 / 95612459 38.2% 36487168 / 95612459 38.2% 36495360 / 95612459 38.2% 36503552 / 95612459 38.2% 36511744 / 95612459 38.2% 36519936 / 95612459 38.2% 36528128 / 95612459 38.2% 36536320 / 95612459 38.2% 36544512 / 95612459 38.2% 36552704 / 95612459 38.2% 36560896 / 95612459 38.2% 36569088 / 95612459 38.3% 36577280 / 95612459 38.3% 36585472 / 95612459 38.3% 36593664 / 95612459 38.3% 36601856 / 95612459 38.3% 36610048 / 95612459 38.3% 36618240 / 95612459 38.3% 36626432 / 95612459 38.3% 36634624 / 95612459 38.3% 36642816 / 95612459 38.3% 36651008 / 95612459 38.3% 36659200 / 95612459 38.4% 36667392 / 95612459 38.4% 36675584 / 95612459 38.4% 36683776 / 95612459 38.4% 36691968 / 95612459 38.4% 36700160 / 95612459 38.4% 36708352 / 95612459 38.4% 36716544 / 95612459 38.4% 36724736 / 95612459 38.4% 36732928 / 95612459 38.4% 36741120 / 95612459 38.4% 36749312 / 95612459 38.4% 36757504 / 95612459 38.5% 36765696 / 95612459 38.5% 36773888 / 95612459 38.5% 36782080 / 95612459 38.5% 36790272 / 95612459 38.5% 36798464 / 95612459 38.5% 36806656 / 95612459 38.5% 36814848 / 95612459 38.5% 36823040 / 95612459 38.5% 36831232 / 95612459 38.5% 36839424 / 95612459 38.5% 36847616 / 95612459 38.5% 36855808 / 95612459 38.6% 36864000 / 95612459 38.6% 36872192 / 95612459 38.6% 36880384 / 95612459 38.6% 36888576 / 95612459 38.6% 36896768 / 95612459 38.6% 36904960 / 95612459 38.6% 36913152 / 95612459 38.6% 36921344 / 95612459 38.6% 36929536 / 95612459 38.6% 36937728 / 95612459 38.6% 36945920 / 95612459 38.6% 36954112 / 95612459 38.7% 36962304 / 95612459 38.7% 36970496 / 95612459 38.7% 36978688 / 95612459 38.7% 36986880 / 95612459 38.7% 36995072 / 95612459 38.7% 37003264 / 95612459 38.7% 37011456 / 95612459 38.7% 37019648 / 95612459 38.7% 37027840 / 95612459 38.7% 37036032 / 95612459 38.7% 37044224 / 95612459 38.8% 37052416 / 95612459 38.8% 37060608 / 95612459 38.8% 37068800 / 95612459 38.8% 37076992 / 95612459 38.8% 37085184 / 95612459 38.8% 37093376 / 95612459 38.8% 37101568 / 95612459 38.8% 37109760 / 95612459 38.8% 37117952 / 95612459 38.8% 37126144 / 95612459 38.8% 37134336 / 95612459 38.8% 37142528 / 95612459 38.9% 37150720 / 95612459 38.9% 37158912 / 95612459 38.9% 37167104 / 95612459 38.9% 37175296 / 95612459 38.9% 37183488 / 95612459 38.9% 37191680 / 95612459 38.9% 37199872 / 95612459 38.9% 37208064 / 95612459 38.9% 37216256 / 95612459 38.9% 37224448 / 95612459 38.9% 37232640 / 95612459 38.9% 37240832 / 95612459 39.0% 37249024 / 95612459 39.0% 37257216 / 95612459 39.0% 37265408 / 95612459 39.0% 37273600 / 95612459 39.0% 37281792 / 95612459 39.0% 37289984 / 95612459 39.0% 37298176 / 95612459 39.0% 37306368 / 95612459 39.0% 37314560 / 95612459 39.0% 37322752 / 95612459 39.0% 37330944 / 95612459 39.1% 37339136 / 95612459 39.1% 37347328 / 95612459 39.1% 37355520 / 95612459 39.1% 37363712 / 95612459 39.1% 37371904 / 95612459 39.1% 37380096 / 95612459 39.1% 37388288 / 95612459 39.1% 37396480 / 95612459 39.1% 37404672 / 95612459 39.1% 37412864 / 95612459 39.1% 37421056 / 95612459 39.1% 37429248 / 95612459 39.2% 37437440 / 95612459 39.2% 37445632 / 95612459 39.2% 37453824 / 95612459 39.2% 37462016 / 95612459 39.2% 37470208 / 95612459 39.2% 37478400 / 95612459 39.2% 37486592 / 95612459 39.2% 37494784 / 95612459 39.2% 37502976 / 95612459 39.2% 37511168 / 95612459 39.2% 37519360 / 95612459 39.2% 37527552 / 95612459 39.3% 37535744 / 95612459 39.3% 37543936 / 95612459 39.3% 37552128 / 95612459 39.3% 37560320 / 95612459 39.3% 37568512 / 95612459 39.3% 37576704 / 95612459 39.3% 37584896 / 95612459 39.3% 37593088 / 95612459 39.3% 37601280 / 95612459 39.3% 37609472 / 95612459 39.3% 37617664 / 95612459 39.4% 37625856 / 95612459 39.4% 37634048 / 95612459 39.4% 37642240 / 95612459 39.4% 37650432 / 95612459 39.4% 37658624 / 95612459 39.4% 37666816 / 95612459 39.4% 37675008 / 95612459 39.4% 37683200 / 95612459 39.4% 37691392 / 95612459 39.4% 37699584 / 95612459 39.4% 37707776 / 95612459 39.4% 37715968 / 95612459 39.5% 37724160 / 95612459 39.5% 37732352 / 95612459 39.5% 37740544 / 95612459 39.5% 37748736 / 95612459 39.5% 37756928 / 95612459 39.5% 37765120 / 95612459 39.5% 37773312 / 95612459 39.5% 37781504 / 95612459 39.5% 37789696 / 95612459 39.5% 37797888 / 95612459 39.5% 37806080 / 95612459 39.5% 37814272 / 95612459 39.6% 37822464 / 95612459 39.6% 37830656 / 95612459 39.6% 37838848 / 95612459 39.6% 37847040 / 95612459 39.6% 37855232 / 95612459 39.6% 37863424 / 95612459 39.6% 37871616 / 95612459 39.6% 37879808 / 95612459 39.6% 37888000 / 95612459 39.6% 37896192 / 95612459 39.6% 37904384 / 95612459 39.7% 37912576 / 95612459 39.7% 37920768 / 95612459 39.7% 37928960 / 95612459 39.7% 37937152 / 95612459 39.7% 37945344 / 95612459 39.7% 37953536 / 95612459 39.7% 37961728 / 95612459 39.7% 37969920 / 95612459 39.7% 37978112 / 95612459 39.7% 37986304 / 95612459 39.7% 37994496 / 95612459 39.7% 38002688 / 95612459 39.8% 38010880 / 95612459 39.8% 38019072 / 95612459 39.8% 38027264 / 95612459 39.8% 38035456 / 95612459 39.8% 38043648 / 95612459 39.8% 38051840 / 95612459 39.8% 38060032 / 95612459 39.8% 38068224 / 95612459 39.8% 38076416 / 95612459 39.8% 38084608 / 95612459 39.8% 38092800 / 95612459 39.8% 38100992 / 95612459 39.9% 38109184 / 95612459 39.9% 38117376 / 95612459 39.9% 38125568 / 95612459 39.9% 38133760 / 95612459 39.9% 38141952 / 95612459 39.9% 38150144 / 95612459 39.9% 38158336 / 95612459 39.9% 38166528 / 95612459 39.9% 38174720 / 95612459 39.9% 38182912 / 95612459 39.9% 38191104 / 95612459 40.0% 38199296 / 95612459 40.0% 38207488 / 95612459 40.0% 38215680 / 95612459 40.0% 38223872 / 95612459 40.0% 38232064 / 95612459 40.0% 38240256 / 95612459 40.0% 38248448 / 95612459
 40.0% 38256640 / 95612459 40.0% 38264832 / 95612459 40.0% 38273024 / 95612459 40.0% 38281216 / 95612459 40.0% 38289408 / 95612459 40.1% 38297600 / 95612459 40.1% 38305792 / 95612459 40.1% 38313984 / 95612459 40.1% 38322176 / 95612459 40.1% 38330368 / 95612459 40.1% 38338560 / 95612459 40.1% 38346752 / 95612459 40.1% 38354944 / 95612459 40.1% 38363136 / 95612459 40.1% 38371328 / 95612459 40.1% 38379520 / 95612459 40.1% 38387712 / 95612459 40.2% 38395904 / 95612459 40.2% 38404096 / 95612459 40.2% 38412288 / 95612459 40.2% 38420480 / 95612459 40.2% 38428672 / 95612459 40.2% 38436864 / 95612459 40.2% 38445056 / 95612459 40.2% 38453248 / 95612459 40.2% 38461440 / 95612459 40.2% 38469632 / 95612459 40.2% 38477824 / 95612459 40.3% 38486016 / 95612459 40.3% 38494208 / 95612459 40.3% 38502400 / 95612459 40.3% 38510592 / 95612459 40.3% 38518784 / 95612459 40.3% 38526976 / 95612459 40.3% 38535168 / 95612459 40.3% 38543360 / 95612459 40.3% 38551552 / 95612459 40.3% 38559744 / 95612459 40.3% 38567936 / 95612459 40.3% 38576128 / 95612459 40.4% 38584320 / 95612459 40.4% 38592512 / 95612459 40.4% 38600704 / 95612459 40.4% 38608896 / 95612459 40.4% 38617088 / 95612459 40.4% 38625280 / 95612459 40.4% 38633472 / 95612459 40.4% 38641664 / 95612459 40.4% 38649856 / 95612459 40.4% 38658048 / 95612459 40.4% 38666240 / 95612459 40.4% 38674432 / 95612459 40.5% 38682624 / 95612459 40.5% 38690816 / 95612459 40.5% 38699008 / 95612459 40.5% 38707200 / 95612459 40.5% 38715392 / 95612459 40.5% 38723584 / 95612459 40.5% 38731776 / 95612459 40.5% 38739968 / 95612459 40.5% 38748160 / 95612459 40.5% 38756352 / 95612459 40.5% 38764544 / 95612459 40.6% 38772736 / 95612459 40.6% 38780928 / 95612459 40.6% 38789120 / 95612459 40.6% 38797312 / 95612459 40.6% 38805504 / 95612459 40.6% 38813696 / 95612459 40.6% 38821888 / 95612459 40.6% 38830080 / 95612459 40.6% 38838272 / 95612459 40.6% 38846464 / 95612459 40.6% 38854656 / 95612459 40.6% 38862848 / 95612459 40.7% 38871040 / 95612459 40.7% 38879232 / 95612459 40.7% 38887424 / 95612459 40.7% 38895616 / 95612459 40.7% 38903808 / 95612459 40.7% 38912000 / 95612459 40.7% 38920192 / 95612459 40.7% 38928384 / 95612459 40.7% 38936576 / 95612459 40.7% 38944768 / 95612459 40.7% 38952960 / 95612459 40.7% 38961152 / 95612459 40.8% 38969344 / 95612459 40.8% 38977536 / 95612459 40.8% 38985728 / 95612459 40.8% 38993920 / 95612459 40.8% 39002112 / 95612459 40.8% 39010304 / 95612459 40.8% 39018496 / 95612459 40.8% 39026688 / 95612459 40.8% 39034880 / 95612459 40.8% 39043072 / 95612459 40.8% 39051264 / 95612459 40.9% 39059456 / 95612459 40.9% 39067648 / 95612459 40.9% 39075840 / 95612459 40.9% 39084032 / 95612459 40.9% 39092224 / 95612459 40.9% 39100416 / 95612459 40.9% 39108608 / 95612459 40.9% 39116800 / 95612459 40.9% 39124992 / 95612459 40.9% 39133184 / 95612459 40.9% 39141376 / 95612459 40.9% 39149568 / 95612459 41.0% 39157760 / 95612459 41.0% 39165952 / 95612459 41.0% 39174144 / 95612459 41.0% 39182336 / 95612459 41.0% 39190528 / 95612459 41.0% 39198720 / 95612459 41.0% 39206912 / 95612459 41.0% 39215104 / 95612459 41.0% 39223296 / 95612459 41.0% 39231488 / 95612459 41.0% 39239680 / 95612459 41.0% 39247872 / 95612459 41.1% 39256064 / 95612459 41.1% 39264256 / 95612459 41.1% 39272448 / 95612459 41.1% 39280640 / 95612459 41.1% 39288832 / 95612459 41.1% 39297024 / 95612459 41.1% 39305216 / 95612459 41.1% 39313408 / 95612459 41.1% 39321600 / 95612459 41.1% 39329792 / 95612459 41.1% 39337984 / 95612459 41.2% 39346176 / 95612459 41.2% 39354368 / 95612459 41.2% 39362560 / 95612459 41.2% 39370752 / 95612459 41.2% 39378944 / 95612459 41.2% 39387136 / 95612459 41.2% 39395328 / 95612459 41.2% 39403520 / 95612459 41.2% 39411712 / 95612459 41.2% 39419904 / 95612459 41.2% 39428096 / 95612459 41.2% 39436288 / 95612459 41.3% 39444480 / 95612459 41.3% 39452672 / 95612459 41.3% 39460864 / 95612459 41.3% 39469056 / 95612459 41.3% 39477248 / 95612459 41.3% 39485440 / 95612459 41.3% 39493632 / 95612459 41.3% 39501824 / 95612459 41.3% 39510016 / 95612459 41.3% 39518208 / 95612459 41.3% 39526400 / 95612459 41.3% 39534592 / 95612459 41.4% 39542784 / 95612459 41.4% 39550976 / 95612459 41.4% 39559168 / 95612459 41.4% 39567360 / 95612459 41.4% 39575552 / 95612459 41.4% 39583744 / 95612459 41.4% 39591936 / 95612459 41.4% 39600128 / 95612459 41.4% 39608320 / 95612459 41.4% 39616512 / 95612459 41.4% 39624704 / 95612459 41.5% 39632896 / 95612459 41.5% 39641088 / 95612459 41.5% 39649280 / 95612459 41.5% 39657472 / 95612459 41.5% 39665664 / 95612459 41.5% 39673856 / 95612459 41.5% 39682048 / 95612459 41.5% 39690240 / 95612459 41.5% 39698432 / 95612459 41.5% 39706624 / 95612459 41.5% 39714816 / 95612459 41.5% 39723008 / 95612459 41.6% 39731200 / 95612459 41.6% 39739392 / 95612459 41.6% 39747584 / 95612459 41.6% 39755776 / 95612459 41.6% 39763968 / 95612459 41.6% 39772160 / 95612459 41.6% 39780352 / 95612459 41.6% 39788544 / 95612459 41.6% 39796736 / 95612459 41.6% 39804928 / 95612459 41.6% 39813120 / 95612459 41.6% 39821312 / 95612459 41.7% 39829504 / 95612459 41.7% 39837696 / 95612459 41.7% 39845888 / 95612459 41.7% 39854080 / 95612459 41.7% 39862272 / 95612459 41.7% 39870464 / 95612459 41.7% 39878656 / 95612459 41.7% 39886848 / 95612459 41.7% 39895040 / 95612459 41.7% 39903232 / 95612459 41.7% 39911424 / 95612459 41.8% 39919616 / 95612459 41.8% 39927808 / 95612459 41.8% 39936000 / 95612459 41.8% 39944192 / 95612459 41.8% 39952384 / 95612459 41.8% 39960576 / 95612459 41.8% 39968768 / 95612459 41.8% 39976960 / 95612459 41.8% 39985152 / 95612459 41.8% 39993344 / 95612459 41.8% 40001536 / 95612459 41.8% 40009728 / 95612459 41.9% 40017920 / 95612459 41.9% 40026112 / 95612459 41.9% 40034304 / 95612459 41.9% 40042496 / 95612459 41.9% 40050688 / 95612459 41.9% 40058880 / 95612459 41.9% 40067072 / 95612459 41.9% 40075264 / 95612459 41.9% 40083456 / 95612459 41.9% 40091648 / 95612459 41.9% 40099840 / 95612459 41.9% 40108032 / 95612459 42.0% 40116224 / 95612459 42.0% 40124416 / 95612459 42.0% 40132608 / 95612459 42.0% 40140800 / 95612459 42.0% 40148992 / 95612459 42.0% 40157184 / 95612459 42.0% 40165376 / 95612459 42.0% 40173568 / 95612459 42.0% 40181760 / 95612459 42.0% 40189952 / 95612459 42.0% 40198144 / 95612459 42.1% 40206336 / 95612459 42.1% 40214528 / 95612459 42.1% 40222720 / 95612459 42.1% 40230912 / 95612459 42.1% 40239104 / 95612459 42.1% 40247296 / 95612459 42.1% 40255488 / 95612459 42.1% 40263680 / 95612459 42.1% 40271872 / 95612459 42.1% 40280064 / 95612459 42.1% 40288256 / 95612459 42.1% 40296448 / 95612459 42.2% 40304640 / 95612459 42.2% 40312832 / 95612459 42.2% 40321024 / 95612459 42.2% 40329216 / 95612459 42.2% 40337408 / 95612459 42.2% 40345600 / 95612459 42.2% 40353792 / 95612459 42.2% 40361984 / 95612459 42.2% 40370176 / 95612459 42.2% 40378368 / 95612459 42.2% 40386560 / 95612459 42.2% 40394752 / 95612459 42.3% 40402944 / 95612459 42.3% 40411136 / 95612459 42.3% 40419328 / 95612459 42.3% 40427520 / 95612459 42.3% 40435712 / 95612459 42.3% 40443904 / 95612459 42.3% 40452096 / 95612459 42.3% 40460288 / 95612459 42.3% 40468480 / 95612459 42.3% 40476672 / 95612459 42.3% 40484864 / 95612459 42.4% 40493056 / 95612459 42.4% 40501248 / 95612459 42.4% 40509440 / 95612459 42.4% 40517632 / 95612459 42.4% 40525824 / 95612459 42.4% 40534016 / 95612459 42.4% 40542208 / 95612459 42.4% 40550400 / 95612459 42.4% 40558592 / 95612459 42.4% 40566784 / 95612459 42.4% 40574976 / 95612459 42.4% 40583168 / 95612459 42.5% 40591360 / 95612459 42.5% 40599552 / 95612459 42.5% 40607744 / 95612459 42.5% 40615936 / 95612459 42.5% 40624128 / 95612459 42.5% 40632320 / 95612459 42.5% 40640512 / 95612459 42.5% 40648704 / 95612459 42.5% 40656896 / 95612459 42.5% 40665088 / 95612459 42.5% 40673280 / 95612459 42.5% 40681472 / 95612459 42.6% 40689664 / 95612459 42.6% 40697856 / 95612459 42.6% 40706048 / 95612459 42.6% 40714240 / 95612459 42.6% 40722432 / 95612459 42.6% 40730624 / 95612459 42.6% 40738816 / 95612459 42.6% 40747008 / 95612459 42.6% 40755200 / 95612459 42.6% 40763392 / 95612459 42.6% 40771584 / 95612459 42.7% 40779776 / 95612459 42.7% 40787968 / 95612459 42.7% 40796160 / 95612459 42.7% 40804352 / 95612459 42.7% 40812544 / 95612459 42.7% 40820736 / 95612459 42.7% 40828928 / 95612459 42.7% 40837120 / 95612459 42.7% 40845312 / 95612459 42.7% 40853504 / 95612459 42.7% 40861696 / 95612459 42.7% 40869888 / 95612459 42.8% 40878080 / 95612459 42.8% 40886272 / 95612459 42.8% 40894464 / 95612459 42.8% 40902656 / 95612459 42.8% 40910848 / 95612459 42.8% 40919040 / 95612459 42.8% 40927232 / 95612459 42.8% 40935424 / 95612459 42.8% 40943616 / 95612459 42.8% 40951808 / 95612459 42.8% 40960000 / 95612459 42.8% 40968192 / 95612459 42.9% 40976384 / 95612459 42.9% 40984576 / 95612459 42.9% 40992768 / 95612459 42.9% 41000960 / 95612459 42.9% 41009152 / 95612459 42.9% 41017344 / 95612459 42.9% 41025536 / 95612459 42.9% 41033728 / 95612459 42.9% 41041920 / 95612459 42.9% 41050112 / 95612459 42.9% 41058304 / 95612459 43.0% 41066496 / 95612459 43.0% 41074688 / 95612459 43.0% 41082880 / 95612459 43.0% 41091072 / 95612459 43.0% 41099264 / 95612459 43.0% 41107456 / 95612459 43.0% 41115648 / 95612459 43.0% 41123840 / 95612459 43.0% 41132032 / 95612459 43.0% 41140224 / 95612459 43.0% 41148416 / 95612459 43.0% 41156608 / 95612459 43.1% 41164800 / 95612459 43.1% 41172992 / 95612459 43.1% 41181184 / 95612459 43.1% 41189376 / 95612459 43.1% 41197568 / 95612459 43.1% 41205760 / 95612459 43.1% 41213952 / 95612459 43.1% 41222144 / 95612459 43.1% 41230336 / 95612459 43.1% 41238528 / 95612459 43.1% 41246720 / 95612459 43.1% 41254912 / 95612459 43.2% 41263104 / 95612459 43.2% 41271296 / 95612459 43.2% 41279488 / 95612459 43.2% 41287680 / 95612459 43.2% 41295872 / 95612459 43.2% 41304064 / 95612459 43.2% 41312256 / 95612459 43.2% 41320448 / 95612459 43.2% 41328640 / 95612459 43.2% 41336832 / 95612459 43.2% 41345024 / 95612459 43.3% 41353216 / 95612459 43.3% 41361408 / 95612459 43.3% 41369600 / 95612459 43.3% 41377792 / 95612459 43.3% 41385984 / 95612459 43.3% 41394176 / 95612459 43.3% 41402368 / 95612459 43.3% 41410560 / 95612459 43.3% 41418752 / 95612459 43.3% 41426944 / 95612459 43.3% 41435136 / 95612459 43.3% 41443328 / 95612459 43.4% 41451520 / 95612459 43.4% 41459712 / 95612459 43.4% 41467904 / 95612459 43.4% 41476096 / 95612459 43.4% 41484288 / 95612459 43.4% 41492480 / 95612459 43.4% 41500672 / 95612459 43.4% 41508864 / 95612459 43.4% 41517056 / 95612459 43.4% 41525248 / 95612459 43.4% 41533440 / 95612459 43.4% 41541632 / 95612459 43.5% 41549824 / 95612459 43.5% 41558016 / 95612459 43.5% 41566208 / 95612459 43.5% 41574400 / 95612459 43.5% 41582592 / 95612459 43.5% 41590784 / 95612459 43.5% 41598976 / 95612459 43.5% 41607168 / 95612459 43.5% 41615360 / 95612459 43.5% 41623552 / 95612459 43.5% 41631744 / 95612459 43.6% 41639936 / 95612459 43.6% 41648128 / 95612459 43.6% 41656320 / 95612459 43.6% 41664512 / 95612459 43.6% 41672704 / 95612459 43.6% 41680896 / 95612459 43.6% 41689088 / 95612459 43.6% 41697280 / 95612459 43.6% 41705472 / 95612459 43.6% 41713664 / 95612459 43.6% 41721856 / 95612459 43.6% 41730048 / 95612459 43.7% 41738240 / 95612459 43.7% 41746432 / 95612459 43.7% 41754624 / 95612459 43.7% 41762816 / 95612459 43.7% 41771008 / 95612459 43.7% 41779200 / 95612459 43.7% 41787392 / 95612459 43.7% 41795584 / 95612459 43.7% 41803776 / 95612459 43.7% 41811968 / 95612459 43.7% 41820160 / 95612459 43.7% 41828352 / 95612459 43.8% 41836544 / 95612459 43.8% 41844736 / 95612459 43.8% 41852928 / 95612459 43.8% 41861120 / 95612459 43.8% 41869312 / 95612459 43.8% 41877504 / 95612459 43.8% 41885696 / 95612459 43.8% 41893888 / 95612459 43.8% 41902080 / 95612459 43.8% 41910272 / 95612459 43.8% 41918464 / 95612459 43.9% 41926656 / 95612459 43.9% 41934848 / 95612459 43.9% 41943040 / 95612459 43.9% 41951232 / 95612459 43.9% 41959424 / 95612459 43.9% 41967616 / 95612459 43.9% 41975808 / 95612459 43.9% 41984000 / 95612459 43.9% 41992192 / 95612459 43.9% 42000384 / 95612459 43.9% 42008576 / 95612459 43.9% 42016768 / 95612459 44.0% 42024960 / 95612459 44.0% 42033152 / 95612459 44.0% 42041344 / 95612459 44.0% 42049536 / 95612459 44.0% 42057728 / 95612459 44.0% 42065920 / 95612459 44.0% 42074112 / 95612459 44.0% 42082304 / 95612459 44.0% 42090496 / 95612459 44.0% 42098688 / 95612459 44.0% 42106880 / 95612459 44.0% 42115072 / 95612459 44.1% 42123264 / 95612459 44.1% 42131456 / 95612459 44.1% 42139648 / 95612459 44.1% 42147840 / 95612459 44.1% 42156032 / 95612459 44.1% 42164224 / 95612459 44.1% 42172416 / 95612459 44.1% 42180608 / 95612459 44.1% 42188800 / 95612459 44.1% 42196992 / 95612459 44.1% 42205184 / 95612459 44.2% 42213376 / 95612459 44.2% 42221568 / 95612459 44.2% 42229760 / 95612459 44.2% 42237952 / 95612459 44.2% 42246144 / 95612459 44.2% 42254336 / 95612459 44.2% 42262528 / 95612459 44.2% 42270720 / 95612459 44.2% 42278912 / 95612459 44.2% 42287104 / 95612459 44.2% 42295296 / 95612459 44.2% 42303488 / 95612459 44.3% 42311680 / 95612459 44.3% 42319872 / 95612459 44.3% 42328064 / 95612459 44.3% 42336256 / 95612459 44.3% 42344448 / 95612459 44.3% 42352640 / 95612459 44.3% 42360832 / 95612459 44.3% 42369024 / 95612459 44.3% 42377216 / 95612459 44.3% 42385408 / 95612459 44.3% 42393600 / 95612459 44.3% 42401792 / 95612459 44.4% 42409984 / 95612459 44.4% 42418176 / 95612459 44.4% 42426368 / 95612459 44.4% 42434560 / 95612459 44.4% 42442752 / 95612459 44.4% 42450944 / 95612459 44.4% 42459136 / 95612459 44.4% 42467328 / 95612459 44.4% 42475520 / 95612459 44.4% 42483712 / 95612459 44.4% 42491904 / 95612459 44.5% 42500096 / 95612459 44.5% 42508288 / 95612459 44.5% 42516480 / 95612459 44.5% 42524672 / 95612459 44.5% 42532864 / 95612459 44.5% 42541056 / 95612459 44.5% 42549248 / 95612459 44.5% 42557440 / 95612459 44.5% 42565632 / 95612459 44.5% 42573824 / 95612459 44.5% 42582016 / 95612459 44.5% 42590208 / 95612459 44.6% 42598400 / 95612459 44.6% 42606592 / 95612459 44.6% 42614784 / 95612459 44.6% 42622976 / 95612459 44.6% 42631168 / 95612459 44.6% 42639360 / 95612459 44.6% 42647552 / 95612459 44.6% 42655744 / 95612459 44.6% 42663936 / 95612459 44.6% 42672128 / 95612459 44.6% 42680320 / 95612459 44.6% 42688512 / 95612459 44.7% 42696704 / 95612459 44.7% 42704896 / 95612459 44.7% 42713088 / 95612459 44.7% 42721280 / 95612459 44.7% 42729472 / 95612459 44.7% 42737664 / 95612459 44.7% 42745856 / 95612459 44.7% 42754048 / 95612459 44.7% 42762240 / 95612459 44.7% 42770432 / 95612459 44.7% 42778624 / 95612459 44.8% 42786816 / 95612459 44.8% 42795008 / 95612459 44.8% 42803200 / 95612459 44.8% 42811392 / 95612459 44.8% 42819584 / 95612459 44.8% 42827776 / 95612459 44.8% 42835968 / 95612459 44.8% 42844160 / 95612459 44.8% 42852352 / 95612459 44.8% 42860544 / 95612459 44.8% 42868736 / 95612459 44.8% 42876928 / 95612459 44.9% 42885120 / 95612459 44.9% 42893312 / 95612459 44.9% 42901504 / 95612459 44.9% 42909696 / 95612459 44.9% 42917888 / 95612459 44.9% 42926080 / 95612459 44.9% 42934272 / 95612459 44.9% 42942464 / 95612459 44.9% 42950656 / 95612459 44.9% 42958848 / 95612459 44.9% 42967040 / 95612459 44.9% 42975232 / 95612459 45.0% 42983424 / 95612459 45.0% 42991616 / 95612459 45.0% 42999808 / 95612459 45.0% 43008000 / 95612459 45.0% 43016192 / 95612459 45.0% 43024384 / 95612459 45.0% 43032576 / 95612459 45.0% 43040768 / 95612459 45.0% 43048960 / 95612459 45.0% 43057152 / 95612459 45.0% 43065344 / 95612459 45.1% 43073536 / 95612459 45.1% 43081728 / 95612459 45.1% 43089920 / 95612459 45.1% 43098112 / 95612459 45.1% 43106304 / 95612459 45.1% 43114496 / 95612459 45.1% 43122688 / 95612459 45.1% 43130880 / 95612459 45.1% 43139072 / 95612459 45.1% 43147264 / 95612459 45.1% 43155456 / 95612459 45.1% 43163648 / 95612459 45.2% 43171840 / 95612459 45.2% 43180032 / 95612459 45.2% 43188224 / 95612459 45.2% 43196416 / 95612459 45.2% 43204608 / 95612459 45.2% 43212800 / 95612459 45.2% 43220992 / 95612459 45.2% 43229184 / 95612459 45.2% 43237376 / 95612459 45.2% 43245568 / 95612459 45.2% 43253760 / 95612459 45.2% 43261952 / 95612459 45.3% 43270144 / 95612459 45.3% 43278336 / 95612459 45.3% 43286528 / 95612459 45.3% 43294720 / 95612459 45.3% 43302912 / 95612459 45.3% 43311104 / 95612459 45.3% 43319296 / 95612459 45.3% 43327488 / 95612459 45.3% 43335680 / 95612459 45.3% 43343872 / 95612459 45.3% 43352064 / 95612459 45.4% 43360256 / 95612459 45.4% 43368448 / 95612459 45.4% 43376640 / 95612459 45.4% 43384832 / 95612459 45.4% 43393024 / 95612459 45.4% 43401216 / 95612459 45.4% 43409408 / 95612459 45.4% 43417600 / 95612459 45.4% 43425792 / 95612459 45.4% 43433984 / 95612459 45.4% 43442176 / 95612459 45.4% 43450368 / 95612459 45.5% 43458560 / 95612459 45.5% 43466752 / 95612459 45.5% 43474944 / 95612459 45.5% 43483136 / 95612459 45.5% 43491328 / 95612459 45.5% 43499520 / 95612459 45.5% 43507712 / 95612459 45.5% 43515904 / 95612459 45.5% 43524096 / 95612459 45.5% 43532288 / 95612459 45.5% 43540480 / 95612459 45.5% 43548672 / 95612459 45.6% 43556864 / 95612459 45.6% 43565056 / 95612459 45.6% 43573248 / 95612459 45.6% 43581440 / 95612459 45.6% 43589632 / 95612459 45.6% 43597824 / 95612459 45.6% 43606016 / 95612459 45.6% 43614208 / 95612459 45.6% 43622400 / 95612459 45.6% 43630592 / 95612459 45.6% 43638784 / 95612459 45.6% 43646976 / 95612459 45.7% 43655168 / 95612459 45.7% 43663360 / 95612459 45.7% 43671552 / 95612459 45.7% 43679744 / 95612459 45.7% 43687936 / 95612459 45.7% 43696128 / 95612459 45.7% 43704320 / 95612459 45.7% 43712512 / 95612459 45.7% 43720704 / 95612459 45.7% 43728896 / 95612459 45.7% 43737088 / 95612459 45.8% 43745280 / 95612459 45.8% 43753472 / 95612459 45.8% 43761664 / 95612459 45.8% 43769856 / 95612459 45.8% 43778048 / 95612459 45.8% 43786240 / 95612459 45.8% 43794432 / 95612459 45.8% 43802624 / 95612459 45.8% 43810816 / 95612459 45.8% 43819008 / 95612459 45.8% 43827200 / 95612459 45.8% 43835392 / 95612459 45.9% 43843584 / 95612459 45.9% 43851776 / 95612459 45.9% 43859968 / 95612459 45.9% 43868160 / 95612459 45.9% 43876352 / 95612459 45.9% 43884544 / 95612459 45.9% 43892736 / 95612459 45.9% 43900928 / 95612459 45.9% 43909120 / 95612459 45.9% 43917312 / 95612459 45.9% 43925504 / 95612459 45.9% 43933696 / 95612459 46.0% 43941888 / 95612459 46.0% 43950080 / 95612459 46.0% 43958272 / 95612459 46.0% 43966464 / 95612459 46.0% 43974656 / 95612459 46.0% 43982848 / 95612459 46.0% 43991040 / 95612459 46.0% 43999232 / 95612459 46.0% 44007424 / 95612459 46.0% 44015616 / 95612459 46.0% 44023808 / 95612459 46.1% 44032000 / 95612459 46.1% 44040192 / 95612459 46.1% 44048384 / 95612459 46.1% 44056576 / 95612459 46.1% 44064768 / 95612459 46.1% 44072960 / 95612459 46.1% 44081152 / 95612459 46.1% 44089344 / 95612459 46.1% 44097536 / 95612459 46.1% 44105728 / 95612459 46.1% 44113920 / 95612459 46.1% 44122112 / 95612459 46.2% 44130304 / 95612459 46.2% 44138496 / 95612459 46.2% 44146688 / 95612459 46.2% 44154880 / 95612459 46.2% 44163072 / 95612459 46.2% 44171264 / 95612459 46.2% 44179456 / 95612459 46.2% 44187648 / 95612459 46.2% 44195840 / 95612459 46.2% 44204032 / 95612459 46.2% 44212224 / 95612459 46.2% 44220416 / 95612459 46.3% 44228608 / 95612459 46.3% 44236800 / 95612459 46.3% 44244992 / 95612459 46.3% 44253184 / 95612459 46.3% 44261376 / 95612459 46.3% 44269568 / 95612459 46.3% 44277760 / 95612459 46.3% 44285952 / 95612459 46.3% 44294144 / 95612459 46.3% 44302336 / 95612459 46.3% 44310528 / 95612459 46.4% 44318720 / 95612459 46.4% 44326912 / 95612459 46.4% 44335104 / 95612459 46.4% 44343296 / 95612459 46.4% 44351488 / 95612459 46.4% 44359680 / 95612459 46.4% 44367872 / 95612459 46.4% 44376064 / 95612459 46.4% 44384256 / 95612459 46.4% 44392448 / 95612459 46.4% 44400640 / 95612459 46.4% 44408832 / 95612459 46.5% 44417024 / 95612459 46.5% 44425216 / 95612459 46.5% 44433408 / 95612459 46.5% 44441600 / 95612459 46.5% 44449792 / 95612459 46.5% 44457984 / 95612459 46.5% 44466176 / 95612459 46.5% 44474368 / 95612459 46.5% 44482560 / 95612459 46.5% 44490752 / 95612459 46.5% 44498944 / 95612459 46.5% 44507136 / 95612459 46.6% 44515328 / 95612459 46.6% 44523520 / 95612459 46.6% 44531712 / 95612459 46.6% 44539904 / 95612459 46.6% 44548096 / 95612459 46.6% 44556288 / 95612459 46.6% 44564480 / 95612459 46.6% 44572672 / 95612459 46.6% 44580864 / 95612459 46.6% 44589056 / 95612459 46.6% 44597248 / 95612459 46.7% 44605440 / 95612459 46.7% 44613632 / 95612459 46.7% 44621824 / 95612459 46.7% 44630016 / 95612459 46.7% 44638208 / 95612459 46.7% 44646400 / 95612459 46.7% 44654592 / 95612459 46.7% 44662784 / 95612459 46.7% 44670976 / 95612459 46.7% 44679168 / 95612459 46.7% 44687360 / 95612459 46.7% 44695552 / 95612459 46.8% 44703744 / 95612459 46.8% 44711936 / 95612459 46.8% 44720128 / 95612459 46.8% 44728320 / 95612459 46.8% 44736512 / 95612459 46.8% 44744704 / 95612459 46.8% 44752896 / 95612459 46.8% 44761088 / 95612459 46.8% 44769280 / 95612459 46.8% 44777472 / 95612459 46.8% 44785664 / 95612459 46.8% 44793856 / 95612459 46.9% 44802048 / 95612459 46.9% 44810240 / 95612459 46.9% 44818432 / 95612459 46.9% 44826624 / 95612459 46.9% 44834816 / 95612459 46.9% 44843008 / 95612459 46.9% 44851200 / 95612459 46.9% 44859392 / 95612459 46.9% 44867584 / 95612459 46.9% 44875776 / 95612459 46.9% 44883968 / 95612459 47.0% 44892160 / 95612459 47.0% 44900352 / 95612459 47.0% 44908544 / 95612459 47.0% 44916736 / 95612459 47.0% 44924928 / 95612459 47.0% 44933120 / 95612459 47.0% 44941312 / 95612459 47.0% 44949504 / 95612459 47.0% 44957696 / 95612459 47.0% 44965888 / 95612459 47.0% 44974080 / 95612459 47.0% 44982272 / 95612459 47.1% 44990464 / 95612459 47.1% 44998656 / 95612459 47.1% 45006848 / 95612459 47.1% 45015040 / 95612459 47.1% 45023232 / 95612459 47.1% 45031424 / 95612459 47.1% 45039616 / 95612459 47.1% 45047808 / 95612459 47.1% 45056000 / 95612459 47.1% 45064192 / 95612459 47.1% 45072384 / 95612459 47.1% 45080576 / 95612459 47.2% 45088768 / 95612459 47.2% 45096960 / 95612459 47.2% 45105152 / 95612459 47.2% 45113344 / 95612459 47.2% 45121536 / 95612459 47.2% 45129728 / 95612459 47.2% 45137920 / 95612459 47.2% 45146112 / 95612459 47.2% 45154304 / 95612459 47.2% 45162496 / 95612459 47.2% 45170688 / 95612459 47.3% 45178880 / 95612459 47.3% 45187072 / 95612459 47.3% 45195264 / 95612459 47.3% 45203456 / 95612459 47.3% 45211648 / 95612459 47.3% 45219840 / 95612459 47.3% 45228032 / 95612459 47.3% 45236224 / 95612459 47.3% 45244416 / 95612459 47.3% 45252608 / 95612459 47.3% 45260800 / 95612459 47.3% 45268992 / 95612459 47.4% 45277184 / 95612459 47.4% 45285376 / 95612459 47.4% 45293568 / 95612459 47.4% 45301760 / 95612459 47.4% 45309952 / 95612459 47.4% 45318144 / 95612459 47.4% 45326336 / 95612459 47.4% 45334528 / 95612459 47.4% 45342720 / 95612459 47.4% 45350912 / 95612459 47.4% 45359104 / 95612459 47.4% 45367296 / 95612459 47.5% 45375488 / 95612459 47.5% 45383680 / 95612459 47.5% 45391872 / 95612459 47.5% 45400064 / 95612459 47.5% 45408256 / 95612459 47.5% 45416448 / 95612459 47.5% 45424640 / 95612459 47.5% 45432832 / 95612459 47.5% 45441024 / 95612459 47.5% 45449216 / 95612459 47.5% 45457408 / 95612459 47.6% 45465600 / 95612459 47.6% 45473792 / 95612459 47.6% 45481984 / 95612459 47.6% 45490176 / 95612459 47.6% 45498368 / 95612459 47.6% 45506560 / 95612459 47.6% 45514752 / 95612459 47.6% 45522944 / 95612459 47.6% 45531136 / 95612459 47.6% 45539328 / 95612459 47.6% 45547520 / 95612459 47.6% 45555712 / 95612459 47.7% 45563904 / 95612459 47.7% 45572096 / 95612459 47.7% 45580288 / 95612459 47.7% 45588480 / 95612459 47.7% 45596672 / 95612459 47.7% 45604864 / 95612459 47.7% 45613056 / 95612459 47.7% 45621248 / 95612459 47.7% 45629440 / 95612459 47.7% 45637632 / 95612459 47.7% 45645824 / 95612459 47.7% 45654016 / 95612459 47.8% 45662208 / 95612459 47.8% 45670400 / 95612459 47.8% 45678592 / 95612459 47.8% 45686784 / 95612459 47.8% 45694976 / 95612459 47.8% 45703168 / 95612459 47.8% 45711360 / 95612459 47.8% 45719552 / 95612459 47.8% 45727744 / 95612459 47.8% 45735936 / 95612459 47.8% 45744128 / 95612459 47.9% 45752320 / 95612459 47.9% 45760512 / 95612459 47.9% 45768704 / 95612459 47.9% 45776896 / 95612459 47.9% 45785088 / 95612459 47.9% 45793280 / 95612459 47.9% 45801472 / 95612459 47.9% 45809664 / 95612459 47.9% 45817856 / 95612459 47.9% 45826048 / 95612459 47.9% 45834240 / 95612459 47.9% 45842432 / 95612459 48.0% 45850624 / 95612459 48.0% 45858816 / 95612459 48.0% 45867008 / 95612459 48.0% 45875200 / 95612459 48.0% 45883392 / 95612459 48.0% 45891584 / 95612459 48.0% 45899776 / 95612459 48.0% 45907968 / 95612459 48.0% 45916160 / 95612459 48.0% 45924352 / 95612459 48.0% 45932544 / 95612459 48.0% 45940736 / 95612459 48.1% 45948928 / 95612459 48.1% 45957120 / 95612459 48.1% 45965312 / 95612459 48.1% 45973504 / 95612459 48.1% 45981696 / 95612459 48.1% 45989888 / 95612459 48.1% 45998080 / 95612459 48.1% 46006272 / 95612459 48.1% 46014464 / 95612459 48.1% 46022656 / 95612459 48.1% 46030848 / 95612459 48.2% 46039040 / 95612459 48.2% 46047232 / 95612459 48.2% 46055424 / 95612459 48.2% 46063616 / 95612459 48.2% 46071808 / 95612459 48.2% 46080000 / 95612459 48.2% 46088192 / 95612459 48.2% 46096384 / 95612459 48.2% 46104576 / 95612459 48.2% 46112768 / 95612459 48.2% 46120960 / 95612459 48.2% 46129152 / 95612459 48.3% 46137344 / 95612459 48.3% 46145536 / 95612459 48.3% 46153728 / 95612459 48.3% 46161920 / 95612459 48.3% 46170112 / 95612459 48.3% 46178304 / 95612459 48.3% 46186496 / 95612459 48.3% 46194688 / 95612459 48.3% 46202880 / 95612459 48.3% 46211072 / 95612459 48.3% 46219264 / 95612459 48.3% 46227456 / 95612459 48.4% 46235648 / 95612459 48.4% 46243840 / 95612459 48.4% 46252032 / 95612459 48.4% 46260224 / 95612459 48.4% 46268416 / 95612459 48.4% 46276608 / 95612459 48.4% 46284800 / 95612459 48.4% 46292992 / 95612459 48.4% 46301184 / 95612459 48.4% 46309376 / 95612459 48.4% 46317568 / 95612459 48.5% 46325760 / 95612459 48.5% 46333952 / 95612459 48.5% 46342144 / 95612459 48.5% 46350336 / 95612459 48.5% 46358528 / 95612459 48.5% 46366720 / 95612459 48.5% 46374912 / 95612459 48.5% 46383104 / 95612459 48.5% 46391296 / 95612459 48.5% 46399488 / 95612459 48.5% 46407680 / 95612459 48.5% 46415872 / 95612459 48.6% 46424064 / 95612459 48.6% 46432256 / 95612459 48.6% 46440448 / 95612459 48.6% 46448640 / 95612459 48.6% 46456832 / 95612459 48.6% 46465024 / 95612459 48.6% 46473216 / 95612459 48.6% 46481408 / 95612459 48.6% 46489600 / 95612459 48.6% 46497792 / 95612459 48.6% 46505984 / 95612459 48.6% 46514176 / 95612459 48.7% 46522368 / 95612459 48.7% 46530560 / 95612459 48.7% 46538752 / 95612459 48.7% 46546944 / 95612459 48.7% 46555136 / 95612459 48.7% 46563328 / 95612459 48.7% 46571520 / 95612459 48.7% 46579712 / 95612459 48.7% 46587904 / 95612459 48.7% 46596096 / 95612459 48.7% 46604288 / 95612459 48.8% 46612480 / 95612459 48.8% 46620672 / 95612459 48.8% 46628864 / 95612459 48.8% 46637056 / 95612459 48.8% 46645248 / 95612459 48.8% 46653440 / 95612459 48.8% 46661632 / 95612459 48.8% 46669824 / 95612459 48.8% 46678016 / 95612459 48.8% 46686208 / 95612459 48.8% 46694400 / 95612459 48.8% 46702592 / 95612459 48.9% 46710784 / 95612459 48.9% 46718976 / 95612459 48.9% 46727168 / 95612459 48.9% 46735360 / 95612459 48.9% 46743552 / 95612459 48.9% 46751744 / 95612459 48.9% 46759936 / 95612459 48.9% 46768128 / 95612459 48.9% 46776320 / 95612459 48.9% 46784512 / 95612459 48.9% 46792704 / 95612459 48.9% 46800896 / 95612459 49.0% 46809088 / 95612459 49.0% 46817280 / 95612459 49.0% 46825472 / 95612459 49.0% 46833664 / 95612459 49.0% 46841856 / 95612459 49.0% 46850048 / 95612459 49.0% 46858240 / 95612459 49.0% 46866432 / 95612459 49.0% 46874624 / 95612459 49.0% 46882816 / 95612459 49.0% 46891008 / 95612459 49.1% 46899200 / 95612459 49.1% 46907392 / 95612459 49.1% 46915584 / 95612459 49.1% 46923776 / 95612459 49.1% 46931968 / 95612459 49.1% 46940160 / 95612459 49.1% 46948352 / 95612459 49.1% 46956544 / 95612459 49.1% 46964736 / 95612459 49.1% 46972928 / 95612459 49.1% 46981120 / 95612459 49.1% 46989312 / 95612459 49.2% 46997504 / 95612459 49.2% 47005696 / 95612459 49.2% 47013888 / 95612459 49.2% 47022080 / 95612459 49.2% 47030272 / 95612459 49.2% 47038464 / 95612459 49.2% 47046656 / 95612459 49.2% 47054848 / 95612459 49.2% 47063040 / 95612459 49.2% 47071232 / 95612459 49.2% 47079424 / 95612459 49.2% 47087616 / 95612459 49.3% 47095808 / 95612459 49.3% 47104000 / 95612459 49.3% 47112192 / 95612459 49.3% 47120384 / 95612459 49.3% 47128576 / 95612459 49.3% 47136768 / 95612459 49.3% 47144960 / 95612459 49.3% 47153152 / 95612459 49.3% 47161344 / 95612459 49.3% 47169536 / 95612459 49.3% 47177728 / 95612459 49.4% 47185920 / 95612459 49.4% 47194112 / 95612459 49.4% 47202304 / 95612459 49.4% 47210496 / 95612459 49.4% 47218688 / 95612459 49.4% 47226880 / 95612459 49.4% 47235072 / 95612459 49.4% 47243264 / 95612459 49.4% 47251456 / 95612459 49.4% 47259648 / 95612459 49.4% 47267840 / 95612459 49.4% 47276032 / 95612459 49.5% 47284224 / 95612459 49.5% 47292416 / 95612459 49.5% 47300608 / 95612459 49.5% 47308800 / 95612459 49.5% 47316992 / 95612459 49.5% 47325184 / 95612459 49.5% 47333376 / 95612459 49.5% 47341568 / 95612459 49.5% 47349760 / 95612459 49.5% 47357952 / 95612459 49.5% 47366144 / 95612459 49.5% 47374336 / 95612459 49.6% 47382528 / 95612459 49.6% 47390720 / 95612459 49.6% 47398912 / 95612459 49.6% 47407104 / 95612459 49.6% 47415296 / 95612459 49.6% 47423488 / 95612459 49.6% 47431680 / 95612459 49.6% 47439872 / 95612459 49.6% 47448064 / 95612459 49.6% 47456256 / 95612459 49.6% 47464448 / 95612459 49.7% 47472640 / 95612459 49.7% 47480832 / 95612459 49.7% 47489024 / 95612459 49.7% 47497216 / 95612459 49.7% 47505408 / 95612459 49.7% 47513600 / 95612459 49.7% 47521792 / 95612459 49.7% 47529984 / 95612459 49.7% 47538176 / 95612459 49.7% 47546368 / 95612459 49.7% 47554560 / 95612459 49.7% 47562752 / 95612459 49.8% 47570944 / 95612459 49.8% 47579136 / 95612459 49.8% 47587328 / 95612459 49.8% 47595520 / 95612459 49.8% 47603712 / 95612459 49.8% 47611904 / 95612459 49.8% 47620096 / 95612459 49.8% 47628288 / 95612459 49.8% 47636480 / 95612459 49.8% 47644672 / 95612459 49.8% 47652864 / 95612459 49.8% 47661056 / 95612459 49.9% 47669248 / 95612459 49.9% 47677440 / 95612459 49.9% 47685632 / 95612459 49.9% 47693824 / 95612459 49.9% 47702016 / 95612459 49.9% 47710208 / 95612459 49.9% 47718400 / 95612459 49.9% 47726592 / 95612459 49.9% 47734784 / 95612459 49.9% 47742976 / 95612459 49.9% 47751168 / 95612459 50.0% 47759360 / 95612459 50.0% 47767552 / 95612459 50.0% 47775744 / 95612459 50.0% 47783936 / 95612459 50.0% 47792128 / 95612459 50.0% 47800320 / 95612459 50.0% 47808512 / 95612459
 50.0% 47816704 / 95612459 50.0% 47824896 / 95612459 50.0% 47833088 / 95612459 50.0% 47841280 / 95612459 50.0% 47849472 / 95612459 50.1% 47857664 / 95612459 50.1% 47865856 / 95612459 50.1% 47874048 / 95612459 50.1% 47882240 / 95612459 50.1% 47890432 / 95612459 50.1% 47898624 / 95612459 50.1% 47906816 / 95612459 50.1% 47915008 / 95612459 50.1% 47923200 / 95612459 50.1% 47931392 / 95612459 50.1% 47939584 / 95612459 50.1% 47947776 / 95612459 50.2% 47955968 / 95612459 50.2% 47964160 / 95612459 50.2% 47972352 / 95612459 50.2% 47980544 / 95612459 50.2% 47988736 / 95612459 50.2% 47996928 / 95612459 50.2% 48005120 / 95612459 50.2% 48013312 / 95612459 50.2% 48021504 / 95612459 50.2% 48029696 / 95612459 50.2% 48037888 / 95612459 50.3% 48046080 / 95612459 50.3% 48054272 / 95612459 50.3% 48062464 / 95612459 50.3% 48070656 / 95612459 50.3% 48078848 / 95612459 50.3% 48087040 / 95612459 50.3% 48095232 / 95612459 50.3% 48103424 / 95612459 50.3% 48111616 / 95612459 50.3% 48119808 / 95612459 50.3% 48128000 / 95612459 50.3% 48136192 / 95612459 50.4% 48144384 / 95612459 50.4% 48152576 / 95612459 50.4% 48160768 / 95612459 50.4% 48168960 / 95612459 50.4% 48177152 / 95612459 50.4% 48185344 / 95612459 50.4% 48193536 / 95612459 50.4% 48201728 / 95612459 50.4% 48209920 / 95612459 50.4% 48218112 / 95612459 50.4% 48226304 / 95612459 50.4% 48234496 / 95612459 50.5% 48242688 / 95612459 50.5% 48250880 / 95612459 50.5% 48259072 / 95612459 50.5% 48267264 / 95612459 50.5% 48275456 / 95612459 50.5% 48283648 / 95612459 50.5% 48291840 / 95612459 50.5% 48300032 / 95612459 50.5% 48308224 / 95612459 50.5% 48316416 / 95612459 50.5% 48324608 / 95612459 50.6% 48332800 / 95612459 50.6% 48340992 / 95612459 50.6% 48349184 / 95612459 50.6% 48357376 / 95612459 50.6% 48365568 / 95612459 50.6% 48373760 / 95612459 50.6% 48381952 / 95612459 50.6% 48390144 / 95612459 50.6% 48398336 / 95612459 50.6% 48406528 / 95612459 50.6% 48414720 / 95612459 50.6% 48422912 / 95612459 50.7% 48431104 / 95612459 50.7% 48439296 / 95612459 50.7% 48447488 / 95612459 50.7% 48455680 / 95612459 50.7% 48463872 / 95612459 50.7% 48472064 / 95612459 50.7% 48480256 / 95612459 50.7% 48488448 / 95612459 50.7% 48496640 / 95612459 50.7% 48504832 / 95612459 50.7% 48513024 / 95612459 50.7% 48521216 / 95612459 50.8% 48529408 / 95612459 50.8% 48537600 / 95612459 50.8% 48545792 / 95612459 50.8% 48553984 / 95612459 50.8% 48562176 / 95612459 50.8% 48570368 / 95612459 50.8% 48578560 / 95612459 50.8% 48586752 / 95612459 50.8% 48594944 / 95612459 50.8% 48603136 / 95612459 50.8% 48611328 / 95612459 50.9% 48619520 / 95612459 50.9% 48627712 / 95612459 50.9% 48635904 / 95612459 50.9% 48644096 / 95612459 50.9% 48652288 / 95612459 50.9% 48660480 / 95612459 50.9% 48668672 / 95612459 50.9% 48676864 / 95612459 50.9% 48685056 / 95612459 50.9% 48693248 / 95612459 50.9% 48701440 / 95612459 50.9% 48709632 / 95612459 51.0% 48717824 / 95612459 51.0% 48726016 / 95612459 51.0% 48734208 / 95612459 51.0% 48742400 / 95612459 51.0% 48750592 / 95612459 51.0% 48758784 / 95612459 51.0% 48766976 / 95612459 51.0% 48775168 / 95612459 51.0% 48783360 / 95612459 51.0% 48791552 / 95612459 51.0% 48799744 / 95612459 51.0% 48807936 / 95612459 51.1% 48816128 / 95612459 51.1% 48824320 / 95612459 51.1% 48832512 / 95612459 51.1% 48840704 / 95612459 51.1% 48848896 / 95612459 51.1% 48857088 / 95612459 51.1% 48865280 / 95612459 51.1% 48873472 / 95612459 51.1% 48881664 / 95612459 51.1% 48889856 / 95612459 51.1% 48898048 / 95612459 51.2% 48906240 / 95612459 51.2% 48914432 / 95612459 51.2% 48922624 / 95612459 51.2% 48930816 / 95612459 51.2% 48939008 / 95612459 51.2% 48947200 / 95612459 51.2% 48955392 / 95612459 51.2% 48963584 / 95612459 51.2% 48971776 / 95612459 51.2% 48979968 / 95612459 51.2% 48988160 / 95612459 51.2% 48996352 / 95612459 51.3% 49004544 / 95612459 51.3% 49012736 / 95612459 51.3% 49020928 / 95612459 51.3% 49029120 / 95612459 51.3% 49037312 / 95612459 51.3% 49045504 / 95612459 51.3% 49053696 / 95612459 51.3% 49061888 / 95612459 51.3% 49070080 / 95612459 51.3% 49078272 / 95612459 51.3% 49086464 / 95612459 51.3% 49094656 / 95612459 51.4% 49102848 / 95612459 51.4% 49111040 / 95612459 51.4% 49119232 / 95612459 51.4% 49127424 / 95612459 51.4% 49135616 / 95612459 51.4% 49143808 / 95612459 51.4% 49152000 / 95612459 51.4% 49160192 / 95612459 51.4% 49168384 / 95612459 51.4% 49176576 / 95612459 51.4% 49184768 / 95612459 51.5% 49192960 / 95612459 51.5% 49201152 / 95612459 51.5% 49209344 / 95612459 51.5% 49217536 / 95612459 51.5% 49225728 / 95612459 51.5% 49233920 / 95612459 51.5% 49242112 / 95612459 51.5% 49250304 / 95612459 51.5% 49258496 / 95612459 51.5% 49266688 / 95612459 51.5% 49274880 / 95612459 51.5% 49283072 / 95612459 51.6% 49291264 / 95612459 51.6% 49299456 / 95612459 51.6% 49307648 / 95612459 51.6% 49315840 / 95612459 51.6% 49324032 / 95612459 51.6% 49332224 / 95612459 51.6% 49340416 / 95612459 51.6% 49348608 / 95612459 51.6% 49356800 / 95612459 51.6% 49364992 / 95612459 51.6% 49373184 / 95612459 51.6% 49381376 / 95612459 51.7% 49389568 / 95612459 51.7% 49397760 / 95612459 51.7% 49405952 / 95612459 51.7% 49414144 / 95612459 51.7% 49422336 / 95612459 51.7% 49430528 / 95612459 51.7% 49438720 / 95612459 51.7% 49446912 / 95612459 51.7% 49455104 / 95612459 51.7% 49463296 / 95612459 51.7% 49471488 / 95612459 51.8% 49479680 / 95612459 51.8% 49487872 / 95612459 51.8% 49496064 / 95612459 51.8% 49504256 / 95612459 51.8% 49512448 / 95612459 51.8% 49520640 / 95612459 51.8% 49528832 / 95612459 51.8% 49537024 / 95612459 51.8% 49545216 / 95612459 51.8% 49553408 / 95612459 51.8% 49561600 / 95612459 51.8% 49569792 / 95612459 51.9% 49577984 / 95612459 51.9% 49586176 / 95612459 51.9% 49594368 / 95612459 51.9% 49602560 / 95612459 51.9% 49610752 / 95612459 51.9% 49618944 / 95612459 51.9% 49627136 / 95612459 51.9% 49635328 / 95612459 51.9% 49643520 / 95612459 51.9% 49651712 / 95612459 51.9% 49659904 / 95612459 51.9% 49668096 / 95612459 52.0% 49676288 / 95612459 52.0% 49684480 / 95612459 52.0% 49692672 / 95612459 52.0% 49700864 / 95612459 52.0% 49709056 / 95612459 52.0% 49717248 / 95612459 52.0% 49725440 / 95612459 52.0% 49733632 / 95612459 52.0% 49741824 / 95612459 52.0% 49750016 / 95612459 52.0% 49758208 / 95612459 52.1% 49766400 / 95612459 52.1% 49774592 / 95612459 52.1% 49782784 / 95612459 52.1% 49790976 / 95612459 52.1% 49799168 / 95612459 52.1% 49807360 / 95612459 52.1% 49815552 / 95612459 52.1% 49823744 / 95612459 52.1% 49831936 / 95612459 52.1% 49840128 / 95612459 52.1% 49848320 / 95612459 52.1% 49856512 / 95612459 52.2% 49864704 / 95612459 52.2% 49872896 / 95612459 52.2% 49881088 / 95612459 52.2% 49889280 / 95612459 52.2% 49897472 / 95612459 52.2% 49905664 / 95612459 52.2% 49913856 / 95612459 52.2% 49922048 / 95612459 52.2% 49930240 / 95612459 52.2% 49938432 / 95612459 52.2% 49946624 / 95612459 52.2% 49954816 / 95612459 52.3% 49963008 / 95612459 52.3% 49971200 / 95612459 52.3% 49979392 / 95612459 52.3% 49987584 / 95612459 52.3% 49995776 / 95612459 52.3% 50003968 / 95612459 52.3% 50012160 / 95612459 52.3% 50020352 / 95612459 52.3% 50028544 / 95612459 52.3% 50036736 / 95612459 52.3% 50044928 / 95612459 52.3% 50053120 / 95612459 52.4% 50061312 / 95612459 52.4% 50069504 / 95612459 52.4% 50077696 / 95612459 52.4% 50085888 / 95612459 52.4% 50094080 / 95612459 52.4% 50102272 / 95612459 52.4% 50110464 / 95612459 52.4% 50118656 / 95612459 52.4% 50126848 / 95612459 52.4% 50135040 / 95612459 52.4% 50143232 / 95612459 52.5% 50151424 / 95612459 52.5% 50159616 / 95612459 52.5% 50167808 / 95612459 52.5% 50176000 / 95612459 52.5% 50184192 / 95612459 52.5% 50192384 / 95612459 52.5% 50200576 / 95612459 52.5% 50208768 / 95612459 52.5% 50216960 / 95612459 52.5% 50225152 / 95612459 52.5% 50233344 / 95612459 52.5% 50241536 / 95612459 52.6% 50249728 / 95612459 52.6% 50257920 / 95612459 52.6% 50266112 / 95612459 52.6% 50274304 / 95612459 52.6% 50282496 / 95612459 52.6% 50290688 / 95612459 52.6% 50298880 / 95612459 52.6% 50307072 / 95612459 52.6% 50315264 / 95612459 52.6% 50323456 / 95612459 52.6% 50331648 / 95612459 52.6% 50339840 / 95612459 52.7% 50348032 / 95612459 52.7% 50356224 / 95612459 52.7% 50364416 / 95612459 52.7% 50372608 / 95612459 52.7% 50380800 / 95612459 52.7% 50388992 / 95612459 52.7% 50397184 / 95612459 52.7% 50405376 / 95612459 52.7% 50413568 / 95612459 52.7% 50421760 / 95612459 52.7% 50429952 / 95612459 52.8% 50438144 / 95612459 52.8% 50446336 / 95612459 52.8% 50454528 / 95612459 52.8% 50462720 / 95612459 52.8% 50470912 / 95612459 52.8% 50479104 / 95612459 52.8% 50487296 / 95612459 52.8% 50495488 / 95612459 52.8% 50503680 / 95612459 52.8% 50511872 / 95612459 52.8% 50520064 / 95612459 52.8% 50528256 / 95612459 52.9% 50536448 / 95612459 52.9% 50544640 / 95612459 52.9% 50552832 / 95612459 52.9% 50561024 / 95612459 52.9% 50569216 / 95612459 52.9% 50577408 / 95612459 52.9% 50585600 / 95612459 52.9% 50593792 / 95612459 52.9% 50601984 / 95612459 52.9% 50610176 / 95612459 52.9% 50618368 / 95612459 52.9% 50626560 / 95612459 53.0% 50634752 / 95612459 53.0% 50642944 / 95612459 53.0% 50651136 / 95612459 53.0% 50659328 / 95612459 53.0% 50667520 / 95612459 53.0% 50675712 / 95612459 53.0% 50683904 / 95612459 53.0% 50692096 / 95612459 53.0% 50700288 / 95612459 53.0% 50708480 / 95612459 53.0% 50716672 / 95612459 53.1% 50724864 / 95612459 53.1% 50733056 / 95612459 53.1% 50741248 / 95612459 53.1% 50749440 / 95612459 53.1% 50757632 / 95612459 53.1% 50765824 / 95612459 53.1% 50774016 / 95612459 53.1% 50782208 / 95612459 53.1% 50790400 / 95612459 53.1% 50798592 / 95612459 53.1% 50806784 / 95612459 53.1% 50814976 / 95612459 53.2% 50823168 / 95612459 53.2% 50831360 / 95612459 53.2% 50839552 / 95612459 53.2% 50847744 / 95612459 53.2% 50855936 / 95612459 53.2% 50864128 / 95612459 53.2% 50872320 / 95612459 53.2% 50880512 / 95612459 53.2% 50888704 / 95612459 53.2% 50896896 / 95612459 53.2% 50905088 / 95612459 53.2% 50913280 / 95612459 53.3% 50921472 / 95612459 53.3% 50929664 / 95612459 53.3% 50937856 / 95612459 53.3% 50946048 / 95612459 53.3% 50954240 / 95612459 53.3% 50962432 / 95612459 53.3% 50970624 / 95612459 53.3% 50978816 / 95612459 53.3% 50987008 / 95612459 53.3% 50995200 / 95612459 53.3% 51003392 / 95612459 53.4% 51011584 / 95612459 53.4% 51019776 / 95612459 53.4% 51027968 / 95612459 53.4% 51036160 / 95612459 53.4% 51044352 / 95612459 53.4% 51052544 / 95612459 53.4% 51060736 / 95612459 53.4% 51068928 / 95612459 53.4% 51077120 / 95612459 53.4% 51085312 / 95612459 53.4% 51093504 / 95612459 53.4% 51101696 / 95612459 53.5% 51109888 / 95612459 53.5% 51118080 / 95612459 53.5% 51126272 / 95612459 53.5% 51134464 / 95612459 53.5% 51142656 / 95612459 53.5% 51150848 / 95612459 53.5% 51159040 / 95612459 53.5% 51167232 / 95612459 53.5% 51175424 / 95612459 53.5% 51183616 / 95612459 53.5% 51191808 / 95612459 53.5% 51200000 / 95612459 53.6% 51208192 / 95612459 53.6% 51216384 / 95612459 53.6% 51224576 / 95612459 53.6% 51232768 / 95612459 53.6% 51240960 / 95612459 53.6% 51249152 / 95612459 53.6% 51257344 / 95612459 53.6% 51265536 / 95612459 53.6% 51273728 / 95612459 53.6% 51281920 / 95612459 53.6% 51290112 / 95612459 53.7% 51298304 / 95612459 53.7% 51306496 / 95612459 53.7% 51314688 / 95612459 53.7% 51322880 / 95612459 53.7% 51331072 / 95612459 53.7% 51339264 / 95612459 53.7% 51347456 / 95612459 53.7% 51355648 / 95612459 53.7% 51363840 / 95612459 53.7% 51372032 / 95612459 53.7% 51380224 / 95612459 53.7% 51388416 / 95612459 53.8% 51396608 / 95612459 53.8% 51404800 / 95612459 53.8% 51412992 / 95612459 53.8% 51421184 / 95612459 53.8% 51429376 / 95612459 53.8% 51437568 / 95612459 53.8% 51445760 / 95612459 53.8% 51453952 / 95612459 53.8% 51462144 / 95612459 53.8% 51470336 / 95612459 53.8% 51478528 / 95612459 53.8% 51486720 / 95612459 53.9% 51494912 / 95612459 53.9% 51503104 / 95612459 53.9% 51511296 / 95612459 53.9% 51519488 / 95612459 53.9% 51527680 / 95612459 53.9% 51535872 / 95612459 53.9% 51544064 / 95612459 53.9% 51552256 / 95612459 53.9% 51560448 / 95612459 53.9% 51568640 / 95612459 53.9% 51576832 / 95612459 54.0% 51585024 / 95612459 54.0% 51593216 / 95612459 54.0% 51601408 / 95612459 54.0% 51609600 / 95612459 54.0% 51617792 / 95612459 54.0% 51625984 / 95612459 54.0% 51634176 / 95612459 54.0% 51642368 / 95612459 54.0% 51650560 / 95612459 54.0% 51658752 / 95612459 54.0% 51666944 / 95612459 54.0% 51675136 / 95612459 54.1% 51683328 / 95612459 54.1% 51691520 / 95612459 54.1% 51699712 / 95612459 54.1% 51707904 / 95612459 54.1% 51716096 / 95612459 54.1% 51724288 / 95612459 54.1% 51732480 / 95612459 54.1% 51740672 / 95612459 54.1% 51748864 / 95612459 54.1% 51757056 / 95612459 54.1% 51765248 / 95612459 54.1% 51773440 / 95612459 54.2% 51781632 / 95612459 54.2% 51789824 / 95612459 54.2% 51798016 / 95612459 54.2% 51806208 / 95612459 54.2% 51814400 / 95612459 54.2% 51822592 / 95612459 54.2% 51830784 / 95612459 54.2% 51838976 / 95612459 54.2% 51847168 / 95612459 54.2% 51855360 / 95612459 54.2% 51863552 / 95612459 54.3% 51871744 / 95612459 54.3% 51879936 / 95612459 54.3% 51888128 / 95612459 54.3% 51896320 / 95612459 54.3% 51904512 / 95612459 54.3% 51912704 / 95612459 54.3% 51920896 / 95612459 54.3% 51929088 / 95612459 54.3% 51937280 / 95612459 54.3% 51945472 / 95612459 54.3% 51953664 / 95612459 54.3% 51961856 / 95612459 54.4% 51970048 / 95612459 54.4% 51978240 / 95612459 54.4% 51986432 / 95612459 54.4% 51994624 / 95612459 54.4% 52002816 / 95612459 54.4% 52011008 / 95612459 54.4% 52019200 / 95612459 54.4% 52027392 / 95612459 54.4% 52035584 / 95612459 54.4% 52043776 / 95612459 54.4% 52051968 / 95612459 54.4% 52060160 / 95612459 54.5% 52068352 / 95612459 54.5% 52076544 / 95612459 54.5% 52084736 / 95612459 54.5% 52092928 / 95612459 54.5% 52101120 / 95612459 54.5% 52109312 / 95612459 54.5% 52117504 / 95612459 54.5% 52125696 / 95612459 54.5% 52133888 / 95612459 54.5% 52142080 / 95612459 54.5% 52150272 / 95612459 54.6% 52158464 / 95612459 54.6% 52166656 / 95612459 54.6% 52174848 / 95612459 54.6% 52183040 / 95612459 54.6% 52191232 / 95612459 54.6% 52199424 / 95612459 54.6% 52207616 / 95612459 54.6% 52215808 / 95612459 54.6% 52224000 / 95612459 54.6% 52232192 / 95612459 54.6% 52240384 / 95612459 54.6% 52248576 / 95612459 54.7% 52256768 / 95612459 54.7% 52264960 / 95612459 54.7% 52273152 / 95612459 54.7% 52281344 / 95612459 54.7% 52289536 / 95612459 54.7% 52297728 / 95612459 54.7% 52305920 / 95612459 54.7% 52314112 / 95612459 54.7% 52322304 / 95612459 54.7% 52330496 / 95612459 54.7% 52338688 / 95612459 54.7% 52346880 / 95612459 54.8% 52355072 / 95612459 54.8% 52363264 / 95612459 54.8% 52371456 / 95612459 54.8% 52379648 / 95612459 54.8% 52387840 / 95612459 54.8% 52396032 / 95612459 54.8% 52404224 / 95612459 54.8% 52412416 / 95612459 54.8% 52420608 / 95612459 54.8% 52428800 / 95612459 54.8% 52436992 / 95612459 54.9% 52445184 / 95612459 54.9% 52453376 / 95612459 54.9% 52461568 / 95612459 54.9% 52469760 / 95612459 54.9% 52477952 / 95612459 54.9% 52486144 / 95612459 54.9% 52494336 / 95612459 54.9% 52502528 / 95612459 54.9% 52510720 / 95612459 54.9% 52518912 / 95612459 54.9% 52527104 / 95612459 54.9% 52535296 / 95612459 55.0% 52543488 / 95612459 55.0% 52551680 / 95612459 55.0% 52559872 / 95612459 55.0% 52568064 / 95612459 55.0% 52576256 / 95612459 55.0% 52584448 / 95612459 55.0% 52592640 / 95612459 55.0% 52600832 / 95612459 55.0% 52609024 / 95612459 55.0% 52617216 / 95612459 55.0% 52625408 / 95612459 55.0% 52633600 / 95612459 55.1% 52641792 / 95612459 55.1% 52649984 / 95612459 55.1% 52658176 / 95612459 55.1% 52666368 / 95612459 55.1% 52674560 / 95612459 55.1% 52682752 / 95612459 55.1% 52690944 / 95612459 55.1% 52699136 / 95612459 55.1% 52707328 / 95612459 55.1% 52715520 / 95612459 55.1% 52723712 / 95612459 55.2% 52731904 / 95612459 55.2% 52740096 / 95612459 55.2% 52748288 / 95612459 55.2% 52756480 / 95612459 55.2% 52764672 / 95612459 55.2% 52772864 / 95612459 55.2% 52781056 / 95612459 55.2% 52789248 / 95612459 55.2% 52797440 / 95612459 55.2% 52805632 / 95612459 55.2% 52813824 / 95612459 55.2% 52822016 / 95612459 55.3% 52830208 / 95612459 55.3% 52838400 / 95612459 55.3% 52846592 / 95612459 55.3% 52854784 / 95612459 55.3% 52862976 / 95612459 55.3% 52871168 / 95612459 55.3% 52879360 / 95612459 55.3% 52887552 / 95612459 55.3% 52895744 / 95612459 55.3% 52903936 / 95612459 55.3% 52912128 / 95612459 55.3% 52920320 / 95612459 55.4% 52928512 / 95612459 55.4% 52936704 / 95612459 55.4% 52944896 / 95612459 55.4% 52953088 / 95612459 55.4% 52961280 / 95612459 55.4% 52969472 / 95612459 55.4% 52977664 / 95612459 55.4% 52985856 / 95612459 55.4% 52994048 / 95612459 55.4% 53002240 / 95612459 55.4% 53010432 / 95612459 55.5% 53018624 / 95612459 55.5% 53026816 / 95612459 55.5% 53035008 / 95612459 55.5% 53043200 / 95612459 55.5% 53051392 / 95612459 55.5% 53059584 / 95612459 55.5% 53067776 / 95612459 55.5% 53075968 / 95612459 55.5% 53084160 / 95612459 55.5% 53092352 / 95612459 55.5% 53100544 / 95612459 55.5% 53108736 / 95612459 55.6% 53116928 / 95612459 55.6% 53125120 / 95612459 55.6% 53133312 / 95612459 55.6% 53141504 / 95612459 55.6% 53149696 / 95612459 55.6% 53157888 / 95612459 55.6% 53166080 / 95612459 55.6% 53174272 / 95612459 55.6% 53182464 / 95612459 55.6% 53190656 / 95612459 55.6% 53198848 / 95612459 55.6% 53207040 / 95612459 55.7% 53215232 / 95612459 55.7% 53223424 / 95612459 55.7% 53231616 / 95612459 55.7% 53239808 / 95612459 55.7% 53248000 / 95612459 55.7% 53256192 / 95612459 55.7% 53264384 / 95612459 55.7% 53272576 / 95612459 55.7% 53280768 / 95612459 55.7% 53288960 / 95612459 55.7% 53297152 / 95612459 55.8% 53305344 / 95612459 55.8% 53313536 / 95612459 55.8% 53321728 / 95612459 55.8% 53329920 / 95612459 55.8% 53338112 / 95612459 55.8% 53346304 / 95612459 55.8% 53354496 / 95612459 55.8% 53362688 / 95612459 55.8% 53370880 / 95612459 55.8% 53379072 / 95612459 55.8% 53387264 / 95612459 55.8% 53395456 / 95612459 55.9% 53403648 / 95612459 55.9% 53411840 / 95612459 55.9% 53420032 / 95612459 55.9% 53428224 / 95612459 55.9% 53436416 / 95612459 55.9% 53444608 / 95612459 55.9% 53452800 / 95612459 55.9% 53460992 / 95612459 55.9% 53469184 / 95612459 55.9% 53477376 / 95612459 55.9% 53485568 / 95612459 55.9% 53493760 / 95612459 56.0% 53501952 / 95612459 56.0% 53510144 / 95612459 56.0% 53518336 / 95612459 56.0% 53526528 / 95612459 56.0% 53534720 / 95612459 56.0% 53542912 / 95612459 56.0% 53551104 / 95612459 56.0% 53559296 / 95612459 56.0% 53567488 / 95612459 56.0% 53575680 / 95612459 56.0% 53583872 / 95612459 56.1% 53592064 / 95612459 56.1% 53600256 / 95612459 56.1% 53608448 / 95612459 56.1% 53616640 / 95612459 56.1% 53624832 / 95612459 56.1% 53633024 / 95612459 56.1% 53641216 / 95612459 56.1% 53649408 / 95612459 56.1% 53657600 / 95612459 56.1% 53665792 / 95612459 56.1% 53673984 / 95612459 56.1% 53682176 / 95612459 56.2% 53690368 / 95612459 56.2% 53698560 / 95612459 56.2% 53706752 / 95612459 56.2% 53714944 / 95612459 56.2% 53723136 / 95612459 56.2% 53731328 / 95612459 56.2% 53739520 / 95612459 56.2% 53747712 / 95612459 56.2% 53755904 / 95612459 56.2% 53764096 / 95612459 56.2% 53772288 / 95612459 56.2% 53780480 / 95612459 56.3% 53788672 / 95612459 56.3% 53796864 / 95612459 56.3% 53805056 / 95612459 56.3% 53813248 / 95612459 56.3% 53821440 / 95612459 56.3% 53829632 / 95612459 56.3% 53837824 / 95612459 56.3% 53846016 / 95612459 56.3% 53854208 / 95612459 56.3% 53862400 / 95612459 56.3% 53870592 / 95612459 56.4% 53878784 / 95612459 56.4% 53886976 / 95612459 56.4% 53895168 / 95612459 56.4% 53903360 / 95612459 56.4% 53911552 / 95612459 56.4% 53919744 / 95612459 56.4% 53927936 / 95612459 56.4% 53936128 / 95612459 56.4% 53944320 / 95612459 56.4% 53952512 / 95612459 56.4% 53960704 / 95612459 56.4% 53968896 / 95612459 56.5% 53977088 / 95612459 56.5% 53985280 / 95612459 56.5% 53993472 / 95612459 56.5% 54001664 / 95612459 56.5% 54009856 / 95612459 56.5% 54018048 / 95612459 56.5% 54026240 / 95612459 56.5% 54034432 / 95612459 56.5% 54042624 / 95612459 56.5% 54050816 / 95612459 56.5% 54059008 / 95612459 56.5% 54067200 / 95612459 56.6% 54075392 / 95612459 56.6% 54083584 / 95612459 56.6% 54091776 / 95612459 56.6% 54099968 / 95612459 56.6% 54108160 / 95612459 56.6% 54116352 / 95612459 56.6% 54124544 / 95612459 56.6% 54132736 / 95612459 56.6% 54140928 / 95612459 56.6% 54149120 / 95612459 56.6% 54157312 / 95612459 56.7% 54165504 / 95612459 56.7% 54173696 / 95612459 56.7% 54181888 / 95612459 56.7% 54190080 / 95612459 56.7% 54198272 / 95612459 56.7% 54206464 / 95612459 56.7% 54214656 / 95612459 56.7% 54222848 / 95612459 56.7% 54231040 / 95612459 56.7% 54239232 / 95612459 56.7% 54247424 / 95612459 56.7% 54255616 / 95612459 56.8% 54263808 / 95612459 56.8% 54272000 / 95612459 56.8% 54280192 / 95612459 56.8% 54288384 / 95612459 56.8% 54296576 / 95612459 56.8% 54304768 / 95612459 56.8% 54312960 / 95612459 56.8% 54321152 / 95612459 56.8% 54329344 / 95612459 56.8% 54337536 / 95612459 56.8% 54345728 / 95612459 56.8% 54353920 / 95612459 56.9% 54362112 / 95612459 56.9% 54370304 / 95612459 56.9% 54378496 / 95612459 56.9% 54386688 / 95612459 56.9% 54394880 / 95612459 56.9% 54403072 / 95612459 56.9% 54411264 / 95612459 56.9% 54419456 / 95612459 56.9% 54427648 / 95612459 56.9% 54435840 / 95612459 56.9% 54444032 / 95612459 57.0% 54452224 / 95612459 57.0% 54460416 / 95612459 57.0% 54468608 / 95612459 57.0% 54476800 / 95612459 57.0% 54484992 / 95612459 57.0% 54493184 / 95612459 57.0% 54501376 / 95612459 57.0% 54509568 / 95612459 57.0% 54517760 / 95612459 57.0% 54525952 / 95612459 57.0% 54534144 / 95612459 57.0% 54542336 / 95612459 57.1% 54550528 / 95612459 57.1% 54558720 / 95612459 57.1% 54566912 / 95612459 57.1% 54575104 / 95612459 57.1% 54583296 / 95612459 57.1% 54591488 / 95612459 57.1% 54599680 / 95612459 57.1% 54607872 / 95612459 57.1% 54616064 / 95612459 57.1% 54624256 / 95612459 57.1% 54632448 / 95612459 57.1% 54640640 / 95612459 57.2% 54648832 / 95612459 57.2% 54657024 / 95612459 57.2% 54665216 / 95612459 57.2% 54673408 / 95612459 57.2% 54681600 / 95612459 57.2% 54689792 / 95612459 57.2% 54697984 / 95612459 57.2% 54706176 / 95612459 57.2% 54714368 / 95612459 57.2% 54722560 / 95612459 57.2% 54730752 / 95612459 57.3% 54738944 / 95612459 57.3% 54747136 / 95612459 57.3% 54755328 / 95612459 57.3% 54763520 / 95612459 57.3% 54771712 / 95612459 57.3% 54779904 / 95612459 57.3% 54788096 / 95612459 57.3% 54796288 / 95612459 57.3% 54804480 / 95612459 57.3% 54812672 / 95612459 57.3% 54820864 / 95612459 57.3% 54829056 / 95612459 57.4% 54837248 / 95612459 57.4% 54845440 / 95612459 57.4% 54853632 / 95612459 57.4% 54861824 / 95612459 57.4% 54870016 / 95612459 57.4% 54878208 / 95612459 57.4% 54886400 / 95612459 57.4% 54894592 / 95612459 57.4% 54902784 / 95612459 57.4% 54910976 / 95612459 57.4% 54919168 / 95612459 57.4% 54927360 / 95612459 57.5% 54935552 / 95612459 57.5% 54943744 / 95612459 57.5% 54951936 / 95612459 57.5% 54960128 / 95612459 57.5% 54968320 / 95612459 57.5% 54976512 / 95612459 57.5% 54984704 / 95612459 57.5% 54992896 / 95612459 57.5% 55001088 / 95612459 57.5% 55009280 / 95612459 57.5% 55017472 / 95612459 57.6% 55025664 / 95612459 57.6% 55033856 / 95612459 57.6% 55042048 / 95612459 57.6% 55050240 / 95612459 57.6% 55058432 / 95612459 57.6% 55066624 / 95612459 57.6% 55074816 / 95612459 57.6% 55083008 / 95612459 57.6% 55091200 / 95612459 57.6% 55099392 / 95612459 57.6% 55107584 / 95612459 57.6% 55115776 / 95612459 57.7% 55123968 / 95612459 57.7% 55132160 / 95612459 57.7% 55140352 / 95612459 57.7% 55148544 / 95612459 57.7% 55156736 / 95612459 57.7% 55164928 / 95612459 57.7% 55173120 / 95612459 57.7% 55181312 / 95612459 57.7% 55189504 / 95612459 57.7% 55197696 / 95612459 57.7% 55205888 / 95612459 57.7% 55214080 / 95612459 57.8% 55222272 / 95612459 57.8% 55230464 / 95612459 57.8% 55238656 / 95612459 57.8% 55246848 / 95612459 57.8% 55255040 / 95612459 57.8% 55263232 / 95612459 57.8% 55271424 / 95612459 57.8% 55279616 / 95612459 57.8% 55287808 / 95612459 57.8% 55296000 / 95612459 57.8% 55304192 / 95612459 57.9% 55312384 / 95612459 57.9% 55320576 / 95612459 57.9% 55328768 / 95612459 57.9% 55336960 / 95612459 57.9% 55345152 / 95612459 57.9% 55353344 / 95612459 57.9% 55361536 / 95612459 57.9% 55369728 / 95612459 57.9% 55377920 / 95612459 57.9% 55386112 / 95612459 57.9% 55394304 / 95612459 57.9% 55402496 / 95612459 58.0% 55410688 / 95612459 58.0% 55418880 / 95612459 58.0% 55427072 / 95612459 58.0% 55435264 / 95612459 58.0% 55443456 / 95612459 58.0% 55451648 / 95612459 58.0% 55459840 / 95612459 58.0% 55468032 / 95612459 58.0% 55476224 / 95612459 58.0% 55484416 / 95612459 58.0% 55492608 / 95612459 58.0% 55500800 / 95612459 58.1% 55508992 / 95612459 58.1% 55517184 / 95612459 58.1% 55525376 / 95612459 58.1% 55533568 / 95612459 58.1% 55541760 / 95612459 58.1% 55549952 / 95612459 58.1% 55558144 / 95612459 58.1% 55566336 / 95612459 58.1% 55574528 / 95612459 58.1% 55582720 / 95612459 58.1% 55590912 / 95612459 58.2% 55599104 / 95612459 58.2% 55607296 / 95612459 58.2% 55615488 / 95612459 58.2% 55623680 / 95612459 58.2% 55631872 / 95612459 58.2% 55640064 / 95612459 58.2% 55648256 / 95612459 58.2% 55656448 / 95612459 58.2% 55664640 / 95612459 58.2% 55672832 / 95612459 58.2% 55681024 / 95612459 58.2% 55689216 / 95612459 58.3% 55697408 / 95612459 58.3% 55705600 / 95612459 58.3% 55713792 / 95612459 58.3% 55721984 / 95612459 58.3% 55730176 / 95612459 58.3% 55738368 / 95612459 58.3% 55746560 / 95612459 58.3% 55754752 / 95612459 58.3% 55762944 / 95612459 58.3% 55771136 / 95612459 58.3% 55779328 / 95612459 58.3% 55787520 / 95612459 58.4% 55795712 / 95612459 58.4% 55803904 / 95612459 58.4% 55812096 / 95612459 58.4% 55820288 / 95612459 58.4% 55828480 / 95612459 58.4% 55836672 / 95612459 58.4% 55844864 / 95612459 58.4% 55853056 / 95612459 58.4% 55861248 / 95612459 58.4% 55869440 / 95612459 58.4% 55877632 / 95612459 58.5% 55885824 / 95612459 58.5% 55894016 / 95612459 58.5% 55902208 / 95612459 58.5% 55910400 / 95612459 58.5% 55918592 / 95612459 58.5% 55926784 / 95612459 58.5% 55934976 / 95612459 58.5% 55943168 / 95612459 58.5% 55951360 / 95612459 58.5% 55959552 / 95612459 58.5% 55967744 / 95612459 58.5% 55975936 / 95612459 58.6% 55984128 / 95612459 58.6% 55992320 / 95612459 58.6% 56000512 / 95612459 58.6% 56008704 / 95612459 58.6% 56016896 / 95612459 58.6% 56025088 / 95612459 58.6% 56033280 / 95612459 58.6% 56041472 / 95612459 58.6% 56049664 / 95612459 58.6% 56057856 / 95612459 58.6% 56066048 / 95612459 58.6% 56074240 / 95612459 58.7% 56082432 / 95612459 58.7% 56090624 / 95612459 58.7% 56098816 / 95612459 58.7% 56107008 / 95612459 58.7% 56115200 / 95612459 58.7% 56123392 / 95612459 58.7% 56131584 / 95612459 58.7% 56139776 / 95612459 58.7% 56147968 / 95612459 58.7% 56156160 / 95612459 58.7% 56164352 / 95612459 58.8% 56172544 / 95612459 58.8% 56180736 / 95612459 58.8% 56188928 / 95612459 58.8% 56197120 / 95612459 58.8% 56205312 / 95612459 58.8% 56213504 / 95612459 58.8% 56221696 / 95612459 58.8% 56229888 / 95612459 58.8% 56238080 / 95612459 58.8% 56246272 / 95612459 58.8% 56254464 / 95612459 58.8% 56262656 / 95612459 58.9% 56270848 / 95612459 58.9% 56279040 / 95612459 58.9% 56287232 / 95612459 58.9% 56295424 / 95612459 58.9% 56303616 / 95612459 58.9% 56311808 / 95612459 58.9% 56320000 / 95612459 58.9% 56328192 / 95612459 58.9% 56336384 / 95612459 58.9% 56344576 / 95612459 58.9% 56352768 / 95612459 58.9% 56360960 / 95612459 59.0% 56369152 / 95612459 59.0% 56377344 / 95612459 59.0% 56385536 / 95612459 59.0% 56393728 / 95612459 59.0% 56401920 / 95612459 59.0% 56410112 / 95612459 59.0% 56418304 / 95612459 59.0% 56426496 / 95612459 59.0% 56434688 / 95612459 59.0% 56442880 / 95612459 59.0% 56451072 / 95612459 59.1% 56459264 / 95612459 59.1% 56467456 / 95612459 59.1% 56475648 / 95612459 59.1% 56483840 / 95612459 59.1% 56492032 / 95612459 59.1% 56500224 / 95612459 59.1% 56508416 / 95612459 59.1% 56516608 / 95612459 59.1% 56524800 / 95612459 59.1% 56532992 / 95612459 59.1% 56541184 / 95612459 59.1% 56549376 / 95612459 59.2% 56557568 / 95612459 59.2% 56565760 / 95612459 59.2% 56573952 / 95612459 59.2% 56582144 / 95612459 59.2% 56590336 / 95612459 59.2% 56598528 / 95612459 59.2% 56606720 / 95612459 59.2% 56614912 / 95612459 59.2% 56623104 / 95612459 59.2% 56631296 / 95612459 59.2% 56639488 / 95612459 59.2% 56647680 / 95612459 59.3% 56655872 / 95612459 59.3% 56664064 / 95612459 59.3% 56672256 / 95612459 59.3% 56680448 / 95612459 59.3% 56688640 / 95612459 59.3% 56696832 / 95612459 59.3% 56705024 / 95612459 59.3% 56713216 / 95612459 59.3% 56721408 / 95612459 59.3% 56729600 / 95612459 59.3% 56737792 / 95612459 59.3% 56745984 / 95612459 59.4% 56754176 / 95612459 59.4% 56762368 / 95612459 59.4% 56770560 / 95612459 59.4% 56778752 / 95612459 59.4% 56786944 / 95612459 59.4% 56795136 / 95612459 59.4% 56803328 / 95612459 59.4% 56811520 / 95612459 59.4% 56819712 / 95612459 59.4% 56827904 / 95612459 59.4% 56836096 / 95612459 59.5% 56844288 / 95612459 59.5% 56852480 / 95612459 59.5% 56860672 / 95612459 59.5% 56868864 / 95612459 59.5% 56877056 / 95612459 59.5% 56885248 / 95612459 59.5% 56893440 / 95612459 59.5% 56901632 / 95612459 59.5% 56909824 / 95612459 59.5% 56918016 / 95612459 59.5% 56926208 / 95612459 59.5% 56934400 / 95612459 59.6% 56942592 / 95612459 59.6% 56950784 / 95612459 59.6% 56958976 / 95612459 59.6% 56967168 / 95612459 59.6% 56975360 / 95612459 59.6% 56983552 / 95612459 59.6% 56991744 / 95612459 59.6% 56999936 / 95612459 59.6% 57008128 / 95612459 59.6% 57016320 / 95612459 59.6% 57024512 / 95612459 59.6% 57032704 / 95612459 59.7% 57040896 / 95612459 59.7% 57049088 / 95612459 59.7% 57057280 / 95612459 59.7% 57065472 / 95612459 59.7% 57073664 / 95612459 59.7% 57081856 / 95612459 59.7% 57090048 / 95612459 59.7% 57098240 / 95612459 59.7% 57106432 / 95612459 59.7% 57114624 / 95612459 59.7% 57122816 / 95612459 59.8% 57131008 / 95612459 59.8% 57139200 / 95612459 59.8% 57147392 / 95612459 59.8% 57155584 / 95612459 59.8% 57163776 / 95612459 59.8% 57171968 / 95612459 59.8% 57180160 / 95612459 59.8% 57188352 / 95612459 59.8% 57196544 / 95612459 59.8% 57204736 / 95612459 59.8% 57212928 / 95612459 59.8% 57221120 / 95612459 59.9% 57229312 / 95612459 59.9% 57237504 / 95612459 59.9% 57245696 / 95612459 59.9% 57253888 / 95612459 59.9% 57262080 / 95612459 59.9% 57270272 / 95612459 59.9% 57278464 / 95612459 59.9% 57286656 / 95612459 59.9% 57294848 / 95612459 59.9% 57303040 / 95612459 59.9% 57311232 / 95612459 59.9% 57319424 / 95612459 60.0% 57327616 / 95612459 60.0% 57335808 / 95612459 60.0% 57344000 / 95612459 60.0% 57352192 / 95612459 60.0% 57360384 / 95612459 60.0% 57368576 / 95612459
 60.0% 57376768 / 95612459 60.0% 57384960 / 95612459 60.0% 57393152 / 95612459 60.0% 57401344 / 95612459 60.0% 57409536 / 95612459 60.1% 57417728 / 95612459 60.1% 57425920 / 95612459 60.1% 57434112 / 95612459 60.1% 57442304 / 95612459 60.1% 57450496 / 95612459 60.1% 57458688 / 95612459 60.1% 57466880 / 95612459 60.1% 57475072 / 95612459 60.1% 57483264 / 95612459 60.1% 57491456 / 95612459 60.1% 57499648 / 95612459 60.1% 57507840 / 95612459 60.2% 57516032 / 95612459 60.2% 57524224 / 95612459 60.2% 57532416 / 95612459 60.2% 57540608 / 95612459 60.2% 57548800 / 95612459 60.2% 57556992 / 95612459 60.2% 57565184 / 95612459 60.2% 57573376 / 95612459 60.2% 57581568 / 95612459 60.2% 57589760 / 95612459 60.2% 57597952 / 95612459 60.2% 57606144 / 95612459 60.3% 57614336 / 95612459 60.3% 57622528 / 95612459 60.3% 57630720 / 95612459 60.3% 57638912 / 95612459 60.3% 57647104 / 95612459 60.3% 57655296 / 95612459 60.3% 57663488 / 95612459 60.3% 57671680 / 95612459 60.3% 57679872 / 95612459 60.3% 57688064 / 95612459 60.3% 57696256 / 95612459 60.4% 57704448 / 95612459 60.4% 57712640 / 95612459 60.4% 57720832 / 95612459 60.4% 57729024 / 95612459 60.4% 57737216 / 95612459 60.4% 57745408 / 95612459 60.4% 57753600 / 95612459 60.4% 57761792 / 95612459 60.4% 57769984 / 95612459 60.4% 57778176 / 95612459 60.4% 57786368 / 95612459 60.4% 57794560 / 95612459 60.5% 57802752 / 95612459 60.5% 57810944 / 95612459 60.5% 57819136 / 95612459 60.5% 57827328 / 95612459 60.5% 57835520 / 95612459 60.5% 57843712 / 95612459 60.5% 57851904 / 95612459 60.5% 57860096 / 95612459 60.5% 57868288 / 95612459 60.5% 57876480 / 95612459 60.5% 57884672 / 95612459 60.5% 57892864 / 95612459 60.6% 57901056 / 95612459 60.6% 57909248 / 95612459 60.6% 57917440 / 95612459 60.6% 57925632 / 95612459 60.6% 57933824 / 95612459 60.6% 57942016 / 95612459 60.6% 57950208 / 95612459 60.6% 57958400 / 95612459 60.6% 57966592 / 95612459 60.6% 57974784 / 95612459 60.6% 57982976 / 95612459 60.7% 57991168 / 95612459 60.7% 57999360 / 95612459 60.7% 58007552 / 95612459 60.7% 58015744 / 95612459 60.7% 58023936 / 95612459 60.7% 58032128 / 95612459 60.7% 58040320 / 95612459 60.7% 58048512 / 95612459 60.7% 58056704 / 95612459 60.7% 58064896 / 95612459 60.7% 58073088 / 95612459 60.7% 58081280 / 95612459 60.8% 58089472 / 95612459 60.8% 58097664 / 95612459 60.8% 58105856 / 95612459 60.8% 58114048 / 95612459 60.8% 58122240 / 95612459 60.8% 58130432 / 95612459 60.8% 58138624 / 95612459 60.8% 58146816 / 95612459 60.8% 58155008 / 95612459 60.8% 58163200 / 95612459 60.8% 58171392 / 95612459 60.8% 58179584 / 95612459 60.9% 58187776 / 95612459 60.9% 58195968 / 95612459 60.9% 58204160 / 95612459 60.9% 58212352 / 95612459 60.9% 58220544 / 95612459 60.9% 58228736 / 95612459 60.9% 58236928 / 95612459 60.9% 58245120 / 95612459 60.9% 58253312 / 95612459 60.9% 58261504 / 95612459 60.9% 58269696 / 95612459 61.0% 58277888 / 95612459 61.0% 58286080 / 95612459 61.0% 58294272 / 95612459 61.0% 58302464 / 95612459 61.0% 58310656 / 95612459 61.0% 58318848 / 95612459 61.0% 58327040 / 95612459 61.0% 58335232 / 95612459 61.0% 58343424 / 95612459 61.0% 58351616 / 95612459 61.0% 58359808 / 95612459 61.0% 58368000 / 95612459 61.1% 58376192 / 95612459 61.1% 58384384 / 95612459 61.1% 58392576 / 95612459 61.1% 58400768 / 95612459 61.1% 58408960 / 95612459 61.1% 58417152 / 95612459 61.1% 58425344 / 95612459 61.1% 58433536 / 95612459 61.1% 58441728 / 95612459 61.1% 58449920 / 95612459 61.1% 58458112 / 95612459 61.1% 58466304 / 95612459 61.2% 58474496 / 95612459 61.2% 58482688 / 95612459 61.2% 58490880 / 95612459 61.2% 58499072 / 95612459 61.2% 58507264 / 95612459 61.2% 58515456 / 95612459 61.2% 58523648 / 95612459 61.2% 58531840 / 95612459 61.2% 58540032 / 95612459 61.2% 58548224 / 95612459 61.2% 58556416 / 95612459 61.3% 58564608 / 95612459 61.3% 58572800 / 95612459 61.3% 58580992 / 95612459 61.3% 58589184 / 95612459 61.3% 58597376 / 95612459 61.3% 58605568 / 95612459 61.3% 58613760 / 95612459 61.3% 58621952 / 95612459 61.3% 58630144 / 95612459 61.3% 58638336 / 95612459 61.3% 58646528 / 95612459 61.3% 58654720 / 95612459 61.4% 58662912 / 95612459 61.4% 58671104 / 95612459 61.4% 58679296 / 95612459 61.4% 58687488 / 95612459 61.4% 58695680 / 95612459 61.4% 58703872 / 95612459 61.4% 58712064 / 95612459 61.4% 58720256 / 95612459 61.4% 58728448 / 95612459 61.4% 58736640 / 95612459 61.4% 58744832 / 95612459 61.4% 58753024 / 95612459 61.5% 58761216 / 95612459 61.5% 58769408 / 95612459 61.5% 58777600 / 95612459 61.5% 58785792 / 95612459 61.5% 58793984 / 95612459 61.5% 58802176 / 95612459 61.5% 58810368 / 95612459 61.5% 58818560 / 95612459 61.5% 58826752 / 95612459 61.5% 58834944 / 95612459 61.5% 58843136 / 95612459 61.6% 58851328 / 95612459 61.6% 58859520 / 95612459 61.6% 58867712 / 95612459 61.6% 58875904 / 95612459 61.6% 58884096 / 95612459 61.6% 58892288 / 95612459 61.6% 58900480 / 95612459 61.6% 58908672 / 95612459 61.6% 58916864 / 95612459 61.6% 58925056 / 95612459 61.6% 58933248 / 95612459 61.6% 58941440 / 95612459 61.7% 58949632 / 95612459 61.7% 58957824 / 95612459 61.7% 58966016 / 95612459 61.7% 58974208 / 95612459 61.7% 58982400 / 95612459 61.7% 58990592 / 95612459 61.7% 58998784 / 95612459 61.7% 59006976 / 95612459 61.7% 59015168 / 95612459 61.7% 59023360 / 95612459 61.7% 59031552 / 95612459 61.7% 59039744 / 95612459 61.8% 59047936 / 95612459 61.8% 59056128 / 95612459 61.8% 59064320 / 95612459 61.8% 59072512 / 95612459 61.8% 59080704 / 95612459 61.8% 59088896 / 95612459 61.8% 59097088 / 95612459 61.8% 59105280 / 95612459 61.8% 59113472 / 95612459 61.8% 59121664 / 95612459 61.8% 59129856 / 95612459 61.9% 59138048 / 95612459 61.9% 59146240 / 95612459 61.9% 59154432 / 95612459 61.9% 59162624 / 95612459 61.9% 59170816 / 95612459 61.9% 59179008 / 95612459 61.9% 59187200 / 95612459 61.9% 59195392 / 95612459 61.9% 59203584 / 95612459 61.9% 59211776 / 95612459 61.9% 59219968 / 95612459 61.9% 59228160 / 95612459 62.0% 59236352 / 95612459 62.0% 59244544 / 95612459 62.0% 59252736 / 95612459 62.0% 59260928 / 95612459 62.0% 59269120 / 95612459 62.0% 59277312 / 95612459 62.0% 59285504 / 95612459 62.0% 59293696 / 95612459 62.0% 59301888 / 95612459 62.0% 59310080 / 95612459 62.0% 59318272 / 95612459 62.0% 59326464 / 95612459 62.1% 59334656 / 95612459 62.1% 59342848 / 95612459 62.1% 59351040 / 95612459 62.1% 59359232 / 95612459 62.1% 59367424 / 95612459 62.1% 59375616 / 95612459 62.1% 59383808 / 95612459 62.1% 59392000 / 95612459 62.1% 59400192 / 95612459 62.1% 59408384 / 95612459 62.1% 59416576 / 95612459 62.2% 59424768 / 95612459 62.2% 59432960 / 95612459 62.2% 59441152 / 95612459 62.2% 59449344 / 95612459 62.2% 59457536 / 95612459 62.2% 59465728 / 95612459 62.2% 59473920 / 95612459 62.2% 59482112 / 95612459 62.2% 59490304 / 95612459 62.2% 59498496 / 95612459 62.2% 59506688 / 95612459 62.2% 59514880 / 95612459 62.3% 59523072 / 95612459 62.3% 59531264 / 95612459 62.3% 59539456 / 95612459 62.3% 59547648 / 95612459 62.3% 59555840 / 95612459 62.3% 59564032 / 95612459 62.3% 59572224 / 95612459 62.3% 59580416 / 95612459 62.3% 59588608 / 95612459 62.3% 59596800 / 95612459 62.3% 59604992 / 95612459 62.3% 59613184 / 95612459 62.4% 59621376 / 95612459 62.4% 59629568 / 95612459 62.4% 59637760 / 95612459 62.4% 59645952 / 95612459 62.4% 59654144 / 95612459 62.4% 59662336 / 95612459 62.4% 59670528 / 95612459 62.4% 59678720 / 95612459 62.4% 59686912 / 95612459 62.4% 59695104 / 95612459 62.4% 59703296 / 95612459 62.5% 59711488 / 95612459 62.5% 59719680 / 95612459 62.5% 59727872 / 95612459 62.5% 59736064 / 95612459 62.5% 59744256 / 95612459 62.5% 59752448 / 95612459 62.5% 59760640 / 95612459 62.5% 59768832 / 95612459 62.5% 59777024 / 95612459 62.5% 59785216 / 95612459 62.5% 59793408 / 95612459 62.5% 59801600 / 95612459 62.6% 59809792 / 95612459 62.6% 59817984 / 95612459 62.6% 59826176 / 95612459 62.6% 59834368 / 95612459 62.6% 59842560 / 95612459 62.6% 59850752 / 95612459 62.6% 59858944 / 95612459 62.6% 59867136 / 95612459 62.6% 59875328 / 95612459 62.6% 59883520 / 95612459 62.6% 59891712 / 95612459 62.6% 59899904 / 95612459 62.7% 59908096 / 95612459 62.7% 59916288 / 95612459 62.7% 59924480 / 95612459 62.7% 59932672 / 95612459 62.7% 59940864 / 95612459 62.7% 59949056 / 95612459 62.7% 59957248 / 95612459 62.7% 59965440 / 95612459 62.7% 59973632 / 95612459 62.7% 59981824 / 95612459 62.7% 59990016 / 95612459 62.8% 59998208 / 95612459 62.8% 60006400 / 95612459 62.8% 60014592 / 95612459 62.8% 60022784 / 95612459 62.8% 60030976 / 95612459 62.8% 60039168 / 95612459 62.8% 60047360 / 95612459 62.8% 60055552 / 95612459 62.8% 60063744 / 95612459 62.8% 60071936 / 95612459 62.8% 60080128 / 95612459 62.8% 60088320 / 95612459 62.9% 60096512 / 95612459 62.9% 60104704 / 95612459 62.9% 60112896 / 95612459 62.9% 60121088 / 95612459 62.9% 60129280 / 95612459 62.9% 60137472 / 95612459 62.9% 60145664 / 95612459 62.9% 60153856 / 95612459 62.9% 60162048 / 95612459 62.9% 60170240 / 95612459 62.9% 60178432 / 95612459 62.9% 60186624 / 95612459 63.0% 60194816 / 95612459 63.0% 60203008 / 95612459 63.0% 60211200 / 95612459 63.0% 60219392 / 95612459 63.0% 60227584 / 95612459 63.0% 60235776 / 95612459 63.0% 60243968 / 95612459 63.0% 60252160 / 95612459 63.0% 60260352 / 95612459 63.0% 60268544 / 95612459 63.0% 60276736 / 95612459 63.1% 60284928 / 95612459 63.1% 60293120 / 95612459 63.1% 60301312 / 95612459 63.1% 60309504 / 95612459 63.1% 60317696 / 95612459 63.1% 60325888 / 95612459 63.1% 60334080 / 95612459 63.1% 60342272 / 95612459 63.1% 60350464 / 95612459 63.1% 60358656 / 95612459 63.1% 60366848 / 95612459 63.1% 60375040 / 95612459 63.2% 60383232 / 95612459 63.2% 60391424 / 95612459 63.2% 60399616 / 95612459 63.2% 60407808 / 95612459 63.2% 60416000 / 95612459 63.2% 60424192 / 95612459 63.2% 60432384 / 95612459 63.2% 60440576 / 95612459 63.2% 60448768 / 95612459 63.2% 60456960 / 95612459 63.2% 60465152 / 95612459 63.2% 60473344 / 95612459 63.3% 60481536 / 95612459 63.3% 60489728 / 95612459 63.3% 60497920 / 95612459 63.3% 60506112 / 95612459 63.3% 60514304 / 95612459 63.3% 60522496 / 95612459 63.3% 60530688 / 95612459 63.3% 60538880 / 95612459 63.3% 60547072 / 95612459 63.3% 60555264 / 95612459 63.3% 60563456 / 95612459 63.4% 60571648 / 95612459 63.4% 60579840 / 95612459 63.4% 60588032 / 95612459 63.4% 60596224 / 95612459 63.4% 60604416 / 95612459 63.4% 60612608 / 95612459 63.4% 60620800 / 95612459 63.4% 60628992 / 95612459 63.4% 60637184 / 95612459 63.4% 60645376 / 95612459 63.4% 60653568 / 95612459 63.4% 60661760 / 95612459 63.5% 60669952 / 95612459 63.5% 60678144 / 95612459 63.5% 60686336 / 95612459 63.5% 60694528 / 95612459 63.5% 60702720 / 95612459 63.5% 60710912 / 95612459 63.5% 60719104 / 95612459 63.5% 60727296 / 95612459 63.5% 60735488 / 95612459 63.5% 60743680 / 95612459 63.5% 60751872 / 95612459 63.5% 60760064 / 95612459 63.6% 60768256 / 95612459 63.6% 60776448 / 95612459 63.6% 60784640 / 95612459 63.6% 60792832 / 95612459 63.6% 60801024 / 95612459 63.6% 60809216 / 95612459 63.6% 60817408 / 95612459 63.6% 60825600 / 95612459 63.6% 60833792 / 95612459 63.6% 60841984 / 95612459 63.6% 60850176 / 95612459 63.7% 60858368 / 95612459 63.7% 60866560 / 95612459 63.7% 60874752 / 95612459 63.7% 60882944 / 95612459 63.7% 60891136 / 95612459 63.7% 60899328 / 95612459 63.7% 60907520 / 95612459 63.7% 60915712 / 95612459 63.7% 60923904 / 95612459 63.7% 60932096 / 95612459 63.7% 60940288 / 95612459 63.7% 60948480 / 95612459 63.8% 60956672 / 95612459 63.8% 60964864 / 95612459 63.8% 60973056 / 95612459 63.8% 60981248 / 95612459 63.8% 60989440 / 95612459 63.8% 60997632 / 95612459 63.8% 61005824 / 95612459 63.8% 61014016 / 95612459 63.8% 61022208 / 95612459 63.8% 61030400 / 95612459 63.8% 61038592 / 95612459 63.8% 61046784 / 95612459 63.9% 61054976 / 95612459 63.9% 61063168 / 95612459 63.9% 61071360 / 95612459 63.9% 61079552 / 95612459 63.9% 61087744 / 95612459 63.9% 61095936 / 95612459 63.9% 61104128 / 95612459 63.9% 61112320 / 95612459 63.9% 61120512 / 95612459 63.9% 61128704 / 95612459 63.9% 61136896 / 95612459 64.0% 61145088 / 95612459 64.0% 61153280 / 95612459 64.0% 61161472 / 95612459 64.0% 61169664 / 95612459 64.0% 61177856 / 95612459 64.0% 61186048 / 95612459 64.0% 61194240 / 95612459 64.0% 61202432 / 95612459 64.0% 61210624 / 95612459 64.0% 61218816 / 95612459 64.0% 61227008 / 95612459 64.0% 61235200 / 95612459 64.1% 61243392 / 95612459 64.1% 61251584 / 95612459 64.1% 61259776 / 95612459 64.1% 61267968 / 95612459 64.1% 61276160 / 95612459 64.1% 61284352 / 95612459 64.1% 61292544 / 95612459 64.1% 61300736 / 95612459 64.1% 61308928 / 95612459 64.1% 61317120 / 95612459 64.1% 61325312 / 95612459 64.1% 61333504 / 95612459 64.2% 61341696 / 95612459 64.2% 61349888 / 95612459 64.2% 61358080 / 95612459 64.2% 61366272 / 95612459 64.2% 61374464 / 95612459 64.2% 61382656 / 95612459 64.2% 61390848 / 95612459 64.2% 61399040 / 95612459 64.2% 61407232 / 95612459 64.2% 61415424 / 95612459 64.2% 61423616 / 95612459 64.3% 61431808 / 95612459 64.3% 61440000 / 95612459 64.3% 61448192 / 95612459 64.3% 61456384 / 95612459 64.3% 61464576 / 95612459 64.3% 61472768 / 95612459 64.3% 61480960 / 95612459 64.3% 61489152 / 95612459 64.3% 61497344 / 95612459 64.3% 61505536 / 95612459 64.3% 61513728 / 95612459 64.3% 61521920 / 95612459 64.4% 61530112 / 95612459 64.4% 61538304 / 95612459 64.4% 61546496 / 95612459 64.4% 61554688 / 95612459 64.4% 61562880 / 95612459 64.4% 61571072 / 95612459 64.4% 61579264 / 95612459 64.4% 61587456 / 95612459 64.4% 61595648 / 95612459 64.4% 61603840 / 95612459 64.4% 61612032 / 95612459 64.4% 61620224 / 95612459 64.5% 61628416 / 95612459 64.5% 61636608 / 95612459 64.5% 61644800 / 95612459 64.5% 61652992 / 95612459 64.5% 61661184 / 95612459 64.5% 61669376 / 95612459 64.5% 61677568 / 95612459 64.5% 61685760 / 95612459 64.5% 61693952 / 95612459 64.5% 61702144 / 95612459 64.5% 61710336 / 95612459 64.6% 61718528 / 95612459 64.6% 61726720 / 95612459 64.6% 61734912 / 95612459 64.6% 61743104 / 95612459 64.6% 61751296 / 95612459 64.6% 61759488 / 95612459 64.6% 61767680 / 95612459 64.6% 61775872 / 95612459 64.6% 61784064 / 95612459 64.6% 61792256 / 95612459 64.6% 61800448 / 95612459 64.6% 61808640 / 95612459 64.7% 61816832 / 95612459 64.7% 61825024 / 95612459 64.7% 61833216 / 95612459 64.7% 61841408 / 95612459 64.7% 61849600 / 95612459 64.7% 61857792 / 95612459 64.7% 61865984 / 95612459 64.7% 61874176 / 95612459 64.7% 61882368 / 95612459 64.7% 61890560 / 95612459 64.7% 61898752 / 95612459 64.7% 61906944 / 95612459 64.8% 61915136 / 95612459 64.8% 61923328 / 95612459 64.8% 61931520 / 95612459 64.8% 61939712 / 95612459 64.8% 61947904 / 95612459 64.8% 61956096 / 95612459 64.8% 61964288 / 95612459 64.8% 61972480 / 95612459 64.8% 61980672 / 95612459 64.8% 61988864 / 95612459 64.8% 61997056 / 95612459 64.9% 62005248 / 95612459 64.9% 62013440 / 95612459 64.9% 62021632 / 95612459 64.9% 62029824 / 95612459 64.9% 62038016 / 95612459 64.9% 62046208 / 95612459 64.9% 62054400 / 95612459 64.9% 62062592 / 95612459 64.9% 62070784 / 95612459 64.9% 62078976 / 95612459 64.9% 62087168 / 95612459 64.9% 62095360 / 95612459 65.0% 62103552 / 95612459 65.0% 62111744 / 95612459 65.0% 62119936 / 95612459 65.0% 62128128 / 95612459 65.0% 62136320 / 95612459 65.0% 62144512 / 95612459 65.0% 62152704 / 95612459 65.0% 62160896 / 95612459 65.0% 62169088 / 95612459 65.0% 62177280 / 95612459 65.0% 62185472 / 95612459 65.0% 62193664 / 95612459 65.1% 62201856 / 95612459 65.1% 62210048 / 95612459 65.1% 62218240 / 95612459 65.1% 62226432 / 95612459 65.1% 62234624 / 95612459 65.1% 62242816 / 95612459 65.1% 62251008 / 95612459 65.1% 62259200 / 95612459 65.1% 62267392 / 95612459 65.1% 62275584 / 95612459 65.1% 62283776 / 95612459 65.2% 62291968 / 95612459 65.2% 62300160 / 95612459 65.2% 62308352 / 95612459 65.2% 62316544 / 95612459 65.2% 62324736 / 95612459 65.2% 62332928 / 95612459 65.2% 62341120 / 95612459 65.2% 62349312 / 95612459 65.2% 62357504 / 95612459 65.2% 62365696 / 95612459 65.2% 62373888 / 95612459 65.2% 62382080 / 95612459 65.3% 62390272 / 95612459 65.3% 62398464 / 95612459 65.3% 62406656 / 95612459 65.3% 62414848 / 95612459 65.3% 62423040 / 95612459 65.3% 62431232 / 95612459 65.3% 62439424 / 95612459 65.3% 62447616 / 95612459 65.3% 62455808 / 95612459 65.3% 62464000 / 95612459 65.3% 62472192 / 95612459 65.3% 62480384 / 95612459 65.4% 62488576 / 95612459 65.4% 62496768 / 95612459 65.4% 62504960 / 95612459 65.4% 62513152 / 95612459 65.4% 62521344 / 95612459 65.4% 62529536 / 95612459 65.4% 62537728 / 95612459 65.4% 62545920 / 95612459 65.4% 62554112 / 95612459 65.4% 62562304 / 95612459 65.4% 62570496 / 95612459 65.5% 62578688 / 95612459 65.5% 62586880 / 95612459 65.5% 62595072 / 95612459 65.5% 62603264 / 95612459 65.5% 62611456 / 95612459 65.5% 62619648 / 95612459 65.5% 62627840 / 95612459 65.5% 62636032 / 95612459 65.5% 62644224 / 95612459 65.5% 62652416 / 95612459 65.5% 62660608 / 95612459 65.5% 62668800 / 95612459 65.6% 62676992 / 95612459 65.6% 62685184 / 95612459 65.6% 62693376 / 95612459 65.6% 62701568 / 95612459 65.6% 62709760 / 95612459 65.6% 62717952 / 95612459 65.6% 62726144 / 95612459 65.6% 62734336 / 95612459 65.6% 62742528 / 95612459 65.6% 62750720 / 95612459 65.6% 62758912 / 95612459 65.6% 62767104 / 95612459 65.7% 62775296 / 95612459 65.7% 62783488 / 95612459 65.7% 62791680 / 95612459 65.7% 62799872 / 95612459 65.7% 62808064 / 95612459 65.7% 62816256 / 95612459 65.7% 62824448 / 95612459 65.7% 62832640 / 95612459 65.7% 62840832 / 95612459 65.7% 62849024 / 95612459 65.7% 62857216 / 95612459 65.8% 62865408 / 95612459 65.8% 62873600 / 95612459 65.8% 62881792 / 95612459 65.8% 62889984 / 95612459 65.8% 62898176 / 95612459 65.8% 62906368 / 95612459 65.8% 62914560 / 95612459 65.8% 62922752 / 95612459 65.8% 62930944 / 95612459 65.8% 62939136 / 95612459 65.8% 62947328 / 95612459 65.8% 62955520 / 95612459 65.9% 62963712 / 95612459 65.9% 62971904 / 95612459 65.9% 62980096 / 95612459 65.9% 62988288 / 95612459 65.9% 62996480 / 95612459 65.9% 63004672 / 95612459 65.9% 63012864 / 95612459 65.9% 63021056 / 95612459 65.9% 63029248 / 95612459 65.9% 63037440 / 95612459 65.9% 63045632 / 95612459 65.9% 63053824 / 95612459 66.0% 63062016 / 95612459 66.0% 63070208 / 95612459 66.0% 63078400 / 95612459 66.0% 63086592 / 95612459 66.0% 63094784 / 95612459 66.0% 63102976 / 95612459 66.0% 63111168 / 95612459 66.0% 63119360 / 95612459 66.0% 63127552 / 95612459 66.0% 63135744 / 95612459 66.0% 63143936 / 95612459 66.1% 63152128 / 95612459 66.1% 63160320 / 95612459 66.1% 63168512 / 95612459 66.1% 63176704 / 95612459 66.1% 63184896 / 95612459 66.1% 63193088 / 95612459 66.1% 63201280 / 95612459 66.1% 63209472 / 95612459 66.1% 63217664 / 95612459 66.1% 63225856 / 95612459 66.1% 63234048 / 95612459 66.1% 63242240 / 95612459 66.2% 63250432 / 95612459 66.2% 63258624 / 95612459 66.2% 63266816 / 95612459 66.2% 63275008 / 95612459 66.2% 63283200 / 95612459 66.2% 63291392 / 95612459 66.2% 63299584 / 95612459 66.2% 63307776 / 95612459 66.2% 63315968 / 95612459 66.2% 63324160 / 95612459 66.2% 63332352 / 95612459 66.2% 63340544 / 95612459 66.3% 63348736 / 95612459 66.3% 63356928 / 95612459 66.3% 63365120 / 95612459 66.3% 63373312 / 95612459 66.3% 63381504 / 95612459 66.3% 63389696 / 95612459 66.3% 63397888 / 95612459 66.3% 63406080 / 95612459 66.3% 63414272 / 95612459 66.3% 63422464 / 95612459 66.3% 63430656 / 95612459 66.3% 63438848 / 95612459 66.4% 63447040 / 95612459 66.4% 63455232 / 95612459 66.4% 63463424 / 95612459 66.4% 63471616 / 95612459 66.4% 63479808 / 95612459 66.4% 63488000 / 95612459 66.4% 63496192 / 95612459 66.4% 63504384 / 95612459 66.4% 63512576 / 95612459 66.4% 63520768 / 95612459 66.4% 63528960 / 95612459 66.5% 63537152 / 95612459 66.5% 63545344 / 95612459 66.5% 63553536 / 95612459 66.5% 63561728 / 95612459 66.5% 63569920 / 95612459 66.5% 63578112 / 95612459 66.5% 63586304 / 95612459 66.5% 63594496 / 95612459 66.5% 63602688 / 95612459 66.5% 63610880 / 95612459 66.5% 63619072 / 95612459 66.5% 63627264 / 95612459 66.6% 63635456 / 95612459 66.6% 63643648 / 95612459 66.6% 63651840 / 95612459 66.6% 63660032 / 95612459 66.6% 63668224 / 95612459 66.6% 63676416 / 95612459 66.6% 63684608 / 95612459 66.6% 63692800 / 95612459 66.6% 63700992 / 95612459 66.6% 63709184 / 95612459 66.6% 63717376 / 95612459 66.6% 63725568 / 95612459 66.7% 63733760 / 95612459 66.7% 63741952 / 95612459 66.7% 63750144 / 95612459 66.7% 63758336 / 95612459 66.7% 63766528 / 95612459 66.7% 63774720 / 95612459 66.7% 63782912 / 95612459 66.7% 63791104 / 95612459 66.7% 63799296 / 95612459 66.7% 63807488 / 95612459 66.7% 63815680 / 95612459 66.8% 63823872 / 95612459 66.8% 63832064 / 95612459 66.8% 63840256 / 95612459 66.8% 63848448 / 95612459 66.8% 63856640 / 95612459 66.8% 63864832 / 95612459 66.8% 63873024 / 95612459 66.8% 63881216 / 95612459 66.8% 63889408 / 95612459 66.8% 63897600 / 95612459 66.8% 63905792 / 95612459 66.8% 63913984 / 95612459 66.9% 63922176 / 95612459 66.9% 63930368 / 95612459 66.9% 63938560 / 95612459 66.9% 63946752 / 95612459 66.9% 63954944 / 95612459 66.9% 63963136 / 95612459 66.9% 63971328 / 95612459 66.9% 63979520 / 95612459 66.9% 63987712 / 95612459 66.9% 63995904 / 95612459 66.9% 64004096 / 95612459 66.9% 64012288 / 95612459 67.0% 64020480 / 95612459 67.0% 64028672 / 95612459 67.0% 64036864 / 95612459 67.0% 64045056 / 95612459 67.0% 64053248 / 95612459 67.0% 64061440 / 95612459 67.0% 64069632 / 95612459 67.0% 64077824 / 95612459 67.0% 64086016 / 95612459 67.0% 64094208 / 95612459 67.0% 64102400 / 95612459 67.1% 64110592 / 95612459 67.1% 64118784 / 95612459 67.1% 64126976 / 95612459 67.1% 64135168 / 95612459 67.1% 64143360 / 95612459 67.1% 64151552 / 95612459 67.1% 64159744 / 95612459 67.1% 64167936 / 95612459 67.1% 64176128 / 95612459 67.1% 64184320 / 95612459 67.1% 64192512 / 95612459 67.1% 64200704 / 95612459 67.2% 64208896 / 95612459 67.2% 64217088 / 95612459 67.2% 64225280 / 95612459 67.2% 64233472 / 95612459 67.2% 64241664 / 95612459 67.2% 64249856 / 95612459 67.2% 64258048 / 95612459 67.2% 64266240 / 95612459 67.2% 64274432 / 95612459 67.2% 64282624 / 95612459 67.2% 64290816 / 95612459 67.2% 64299008 / 95612459 67.3% 64307200 / 95612459 67.3% 64315392 / 95612459 67.3% 64323584 / 95612459 67.3% 64331776 / 95612459 67.3% 64339968 / 95612459 67.3% 64348160 / 95612459 67.3% 64356352 / 95612459 67.3% 64364544 / 95612459 67.3% 64372736 / 95612459 67.3% 64380928 / 95612459 67.3% 64389120 / 95612459 67.4% 64397312 / 95612459 67.4% 64405504 / 95612459 67.4% 64413696 / 95612459 67.4% 64421888 / 95612459 67.4% 64430080 / 95612459 67.4% 64438272 / 95612459 67.4% 64446464 / 95612459 67.4% 64454656 / 95612459 67.4% 64462848 / 95612459 67.4% 64471040 / 95612459 67.4% 64479232 / 95612459 67.4% 64487424 / 95612459 67.5% 64495616 / 95612459 67.5% 64503808 / 95612459 67.5% 64512000 / 95612459 67.5% 64520192 / 95612459 67.5% 64528384 / 95612459 67.5% 64536576 / 95612459 67.5% 64544768 / 95612459 67.5% 64552960 / 95612459 67.5% 64561152 / 95612459 67.5% 64569344 / 95612459 67.5% 64577536 / 95612459 67.5% 64585728 / 95612459 67.6% 64593920 / 95612459 67.6% 64602112 / 95612459 67.6% 64610304 / 95612459 67.6% 64618496 / 95612459 67.6% 64626688 / 95612459 67.6% 64634880 / 95612459 67.6% 64643072 / 95612459 67.6% 64651264 / 95612459 67.6% 64659456 / 95612459 67.6% 64667648 / 95612459 67.6% 64675840 / 95612459 67.7% 64684032 / 95612459 67.7% 64692224 / 95612459 67.7% 64700416 / 95612459 67.7% 64708608 / 95612459 67.7% 64716800 / 95612459 67.7% 64724992 / 95612459 67.7% 64733184 / 95612459 67.7% 64741376 / 95612459 67.7% 64749568 / 95612459 67.7% 64757760 / 95612459 67.7% 64765952 / 95612459 67.7% 64774144 / 95612459 67.8% 64782336 / 95612459 67.8% 64790528 / 95612459 67.8% 64798720 / 95612459 67.8% 64806912 / 95612459 67.8% 64815104 / 95612459 67.8% 64823296 / 95612459 67.8% 64831488 / 95612459 67.8% 64839680 / 95612459 67.8% 64847872 / 95612459 67.8% 64856064 / 95612459 67.8% 64864256 / 95612459 67.8% 64872448 / 95612459 67.9% 64880640 / 95612459 67.9% 64888832 / 95612459 67.9% 64897024 / 95612459 67.9% 64905216 / 95612459 67.9% 64913408 / 95612459 67.9% 64921600 / 95612459 67.9% 64929792 / 95612459 67.9% 64937984 / 95612459 67.9% 64946176 / 95612459 67.9% 64954368 / 95612459 67.9% 64962560 / 95612459 68.0% 64970752 / 95612459 68.0% 64978944 / 95612459 68.0% 64987136 / 95612459 68.0% 64995328 / 95612459 68.0% 65003520 / 95612459 68.0% 65011712 / 95612459 68.0% 65019904 / 95612459 68.0% 65028096 / 95612459 68.0% 65036288 / 95612459 68.0% 65044480 / 95612459 68.0% 65052672 / 95612459 68.0% 65060864 / 95612459 68.1% 65069056 / 95612459 68.1% 65077248 / 95612459 68.1% 65085440 / 95612459 68.1% 65093632 / 95612459 68.1% 65101824 / 95612459 68.1% 65110016 / 95612459 68.1% 65118208 / 95612459 68.1% 65126400 / 95612459 68.1% 65134592 / 95612459 68.1% 65142784 / 95612459 68.1% 65150976 / 95612459 68.1% 65159168 / 95612459 68.2% 65167360 / 95612459 68.2% 65175552 / 95612459 68.2% 65183744 / 95612459 68.2% 65191936 / 95612459 68.2% 65200128 / 95612459 68.2% 65208320 / 95612459 68.2% 65216512 / 95612459 68.2% 65224704 / 95612459 68.2% 65232896 / 95612459 68.2% 65241088 / 95612459 68.2% 65249280 / 95612459 68.3% 65257472 / 95612459 68.3% 65265664 / 95612459 68.3% 65273856 / 95612459 68.3% 65282048 / 95612459 68.3% 65290240 / 95612459 68.3% 65298432 / 95612459 68.3% 65306624 / 95612459 68.3% 65314816 / 95612459 68.3% 65323008 / 95612459 68.3% 65331200 / 95612459 68.3% 65339392 / 95612459 68.3% 65347584 / 95612459 68.4% 65355776 / 95612459 68.4% 65363968 / 95612459 68.4% 65372160 / 95612459 68.4% 65380352 / 95612459 68.4% 65388544 / 95612459 68.4% 65396736 / 95612459 68.4% 65404928 / 95612459 68.4% 65413120 / 95612459 68.4% 65421312 / 95612459 68.4% 65429504 / 95612459 68.4% 65437696 / 95612459 68.4% 65445888 / 95612459 68.5% 65454080 / 95612459 68.5% 65462272 / 95612459 68.5% 65470464 / 95612459 68.5% 65478656 / 95612459 68.5% 65486848 / 95612459 68.5% 65495040 / 95612459 68.5% 65503232 / 95612459 68.5% 65511424 / 95612459 68.5% 65519616 / 95612459 68.5% 65527808 / 95612459 68.5% 65536000 / 95612459 68.6% 65544192 / 95612459 68.6% 65552384 / 95612459 68.6% 65560576 / 95612459 68.6% 65568768 / 95612459 68.6% 65576960 / 95612459 68.6% 65585152 / 95612459 68.6% 65593344 / 95612459 68.6% 65601536 / 95612459 68.6% 65609728 / 95612459 68.6% 65617920 / 95612459 68.6% 65626112 / 95612459 68.6% 65634304 / 95612459 68.7% 65642496 / 95612459 68.7% 65650688 / 95612459 68.7% 65658880 / 95612459 68.7% 65667072 / 95612459 68.7% 65675264 / 95612459 68.7% 65683456 / 95612459 68.7% 65691648 / 95612459 68.7% 65699840 / 95612459 68.7% 65708032 / 95612459 68.7% 65716224 / 95612459 68.7% 65724416 / 95612459 68.7% 65732608 / 95612459 68.8% 65740800 / 95612459 68.8% 65748992 / 95612459 68.8% 65757184 / 95612459 68.8% 65765376 / 95612459 68.8% 65773568 / 95612459 68.8% 65781760 / 95612459 68.8% 65789952 / 95612459 68.8% 65798144 / 95612459 68.8% 65806336 / 95612459 68.8% 65814528 / 95612459 68.8% 65822720 / 95612459 68.9% 65830912 / 95612459 68.9% 65839104 / 95612459 68.9% 65847296 / 95612459 68.9% 65855488 / 95612459 68.9% 65863680 / 95612459 68.9% 65871872 / 95612459 68.9% 65880064 / 95612459 68.9% 65888256 / 95612459 68.9% 65896448 / 95612459 68.9% 65904640 / 95612459 68.9% 65912832 / 95612459 68.9% 65921024 / 95612459 69.0% 65929216 / 95612459 69.0% 65937408 / 95612459 69.0% 65945600 / 95612459 69.0% 65953792 / 95612459 69.0% 65961984 / 95612459 69.0% 65970176 / 95612459 69.0% 65978368 / 95612459 69.0% 65986560 / 95612459 69.0% 65994752 / 95612459 69.0% 66002944 / 95612459 69.0% 66011136 / 95612459 69.0% 66019328 / 95612459 69.1% 66027520 / 95612459 69.1% 66035712 / 95612459 69.1% 66043904 / 95612459 69.1% 66052096 / 95612459 69.1% 66060288 / 95612459 69.1% 66068480 / 95612459 69.1% 66076672 / 95612459 69.1% 66084864 / 95612459 69.1% 66093056 / 95612459 69.1% 66101248 / 95612459 69.1% 66109440 / 95612459 69.2% 66117632 / 95612459 69.2% 66125824 / 95612459 69.2% 66134016 / 95612459 69.2% 66142208 / 95612459 69.2% 66150400 / 95612459 69.2% 66158592 / 95612459 69.2% 66166784 / 95612459 69.2% 66174976 / 95612459 69.2% 66183168 / 95612459 69.2% 66191360 / 95612459 69.2% 66199552 / 95612459 69.2% 66207744 / 95612459 69.3% 66215936 / 95612459 69.3% 66224128 / 95612459 69.3% 66232320 / 95612459 69.3% 66240512 / 95612459 69.3% 66248704 / 95612459 69.3% 66256896 / 95612459 69.3% 66265088 / 95612459 69.3% 66273280 / 95612459 69.3% 66281472 / 95612459 69.3% 66289664 / 95612459 69.3% 66297856 / 95612459 69.3% 66306048 / 95612459 69.4% 66314240 / 95612459 69.4% 66322432 / 95612459 69.4% 66330624 / 95612459 69.4% 66338816 / 95612459 69.4% 66347008 / 95612459 69.4% 66355200 / 95612459 69.4% 66363392 / 95612459 69.4% 66371584 / 95612459 69.4% 66379776 / 95612459 69.4% 66387968 / 95612459 69.4% 66396160 / 95612459 69.5% 66404352 / 95612459 69.5% 66412544 / 95612459 69.5% 66420736 / 95612459 69.5% 66428928 / 95612459 69.5% 66437120 / 95612459 69.5% 66445312 / 95612459 69.5% 66453504 / 95612459 69.5% 66461696 / 95612459 69.5% 66469888 / 95612459 69.5% 66478080 / 95612459 69.5% 66486272 / 95612459 69.5% 66494464 / 95612459 69.6% 66502656 / 95612459 69.6% 66510848 / 95612459 69.6% 66519040 / 95612459 69.6% 66527232 / 95612459 69.6% 66535424 / 95612459 69.6% 66543616 / 95612459 69.6% 66551808 / 95612459 69.6% 66560000 / 95612459 69.6% 66568192 / 95612459 69.6% 66576384 / 95612459 69.6% 66584576 / 95612459 69.6% 66592768 / 95612459 69.7% 66600960 / 95612459 69.7% 66609152 / 95612459 69.7% 66617344 / 95612459 69.7% 66625536 / 95612459 69.7% 66633728 / 95612459 69.7% 66641920 / 95612459 69.7% 66650112 / 95612459 69.7% 66658304 / 95612459 69.7% 66666496 / 95612459 69.7% 66674688 / 95612459 69.7% 66682880 / 95612459 69.8% 66691072 / 95612459 69.8% 66699264 / 95612459 69.8% 66707456 / 95612459 69.8% 66715648 / 95612459 69.8% 66723840 / 95612459 69.8% 66732032 / 95612459 69.8% 66740224 / 95612459 69.8% 66748416 / 95612459 69.8% 66756608 / 95612459 69.8% 66764800 / 95612459 69.8% 66772992 / 95612459 69.8% 66781184 / 95612459 69.9% 66789376 / 95612459 69.9% 66797568 / 95612459 69.9% 66805760 / 95612459 69.9% 66813952 / 95612459 69.9% 66822144 / 95612459 69.9% 66830336 / 95612459 69.9% 66838528 / 95612459 69.9% 66846720 / 95612459 69.9% 66854912 / 95612459 69.9% 66863104 / 95612459 69.9% 66871296 / 95612459 69.9% 66879488 / 95612459 70.0% 66887680 / 95612459 70.0% 66895872 / 95612459 70.0% 66904064 / 95612459 70.0% 66912256 / 95612459 70.0% 66920448 / 95612459 70.0% 66928640 / 95612459 70.0% 66936832 / 95612459
 70.0% 66945024 / 95612459 70.0% 66953216 / 95612459 70.0% 66961408 / 95612459 70.0% 66969600 / 95612459 70.1% 66977792 / 95612459 70.1% 66985984 / 95612459 70.1% 66994176 / 95612459 70.1% 67002368 / 95612459 70.1% 67010560 / 95612459 70.1% 67018752 / 95612459 70.1% 67026944 / 95612459 70.1% 67035136 / 95612459 70.1% 67043328 / 95612459 70.1% 67051520 / 95612459 70.1% 67059712 / 95612459 70.1% 67067904 / 95612459 70.2% 67076096 / 95612459 70.2% 67084288 / 95612459 70.2% 67092480 / 95612459 70.2% 67100672 / 95612459 70.2% 67108864 / 95612459 70.2% 67117056 / 95612459 70.2% 67125248 / 95612459 70.2% 67133440 / 95612459 70.2% 67141632 / 95612459 70.2% 67149824 / 95612459 70.2% 67158016 / 95612459 70.2% 67166208 / 95612459 70.3% 67174400 / 95612459 70.3% 67182592 / 95612459 70.3% 67190784 / 95612459 70.3% 67198976 / 95612459 70.3% 67207168 / 95612459 70.3% 67215360 / 95612459 70.3% 67223552 / 95612459 70.3% 67231744 / 95612459 70.3% 67239936 / 95612459 70.3% 67248128 / 95612459 70.3% 67256320 / 95612459 70.4% 67264512 / 95612459 70.4% 67272704 / 95612459 70.4% 67280896 / 95612459 70.4% 67289088 / 95612459 70.4% 67297280 / 95612459 70.4% 67305472 / 95612459 70.4% 67313664 / 95612459 70.4% 67321856 / 95612459 70.4% 67330048 / 95612459 70.4% 67338240 / 95612459 70.4% 67346432 / 95612459 70.4% 67354624 / 95612459 70.5% 67362816 / 95612459 70.5% 67371008 / 95612459 70.5% 67379200 / 95612459 70.5% 67387392 / 95612459 70.5% 67395584 / 95612459 70.5% 67403776 / 95612459 70.5% 67411968 / 95612459 70.5% 67420160 / 95612459 70.5% 67428352 / 95612459 70.5% 67436544 / 95612459 70.5% 67444736 / 95612459 70.5% 67452928 / 95612459 70.6% 67461120 / 95612459 70.6% 67469312 / 95612459 70.6% 67477504 / 95612459 70.6% 67485696 / 95612459 70.6% 67493888 / 95612459 70.6% 67502080 / 95612459 70.6% 67510272 / 95612459 70.6% 67518464 / 95612459 70.6% 67526656 / 95612459 70.6% 67534848 / 95612459 70.6% 67543040 / 95612459 70.7% 67551232 / 95612459 70.7% 67559424 / 95612459 70.7% 67567616 / 95612459 70.7% 67575808 / 95612459 70.7% 67584000 / 95612459 70.7% 67592192 / 95612459 70.7% 67600384 / 95612459 70.7% 67608576 / 95612459 70.7% 67616768 / 95612459 70.7% 67624960 / 95612459 70.7% 67633152 / 95612459 70.7% 67641344 / 95612459 70.8% 67649536 / 95612459 70.8% 67657728 / 95612459 70.8% 67665920 / 95612459 70.8% 67674112 / 95612459 70.8% 67682304 / 95612459 70.8% 67690496 / 95612459 70.8% 67698688 / 95612459 70.8% 67706880 / 95612459 70.8% 67715072 / 95612459 70.8% 67723264 / 95612459 70.8% 67731456 / 95612459 70.8% 67739648 / 95612459 70.9% 67747840 / 95612459 70.9% 67756032 / 95612459 70.9% 67764224 / 95612459 70.9% 67772416 / 95612459 70.9% 67780608 / 95612459 70.9% 67788800 / 95612459 70.9% 67796992 / 95612459 70.9% 67805184 / 95612459 70.9% 67813376 / 95612459 70.9% 67821568 / 95612459 70.9% 67829760 / 95612459 71.0% 67837952 / 95612459 71.0% 67846144 / 95612459 71.0% 67854336 / 95612459 71.0% 67862528 / 95612459 71.0% 67870720 / 95612459 71.0% 67878912 / 95612459 71.0% 67887104 / 95612459 71.0% 67895296 / 95612459 71.0% 67903488 / 95612459 71.0% 67911680 / 95612459 71.0% 67919872 / 95612459 71.0% 67928064 / 95612459 71.1% 67936256 / 95612459 71.1% 67944448 / 95612459 71.1% 67952640 / 95612459 71.1% 67960832 / 95612459 71.1% 67969024 / 95612459 71.1% 67977216 / 95612459 71.1% 67985408 / 95612459 71.1% 67993600 / 95612459 71.1% 68001792 / 95612459 71.1% 68009984 / 95612459 71.1% 68018176 / 95612459 71.1% 68026368 / 95612459 71.2% 68034560 / 95612459 71.2% 68042752 / 95612459 71.2% 68050944 / 95612459 71.2% 68059136 / 95612459 71.2% 68067328 / 95612459 71.2% 68075520 / 95612459 71.2% 68083712 / 95612459 71.2% 68091904 / 95612459 71.2% 68100096 / 95612459 71.2% 68108288 / 95612459 71.2% 68116480 / 95612459 71.3% 68124672 / 95612459 71.3% 68132864 / 95612459 71.3% 68141056 / 95612459 71.3% 68149248 / 95612459 71.3% 68157440 / 95612459 71.3% 68165632 / 95612459 71.3% 68173824 / 95612459 71.3% 68182016 / 95612459 71.3% 68190208 / 95612459 71.3% 68198400 / 95612459 71.3% 68206592 / 95612459 71.3% 68214784 / 95612459 71.4% 68222976 / 95612459 71.4% 68231168 / 95612459 71.4% 68239360 / 95612459 71.4% 68247552 / 95612459 71.4% 68255744 / 95612459 71.4% 68263936 / 95612459 71.4% 68272128 / 95612459 71.4% 68280320 / 95612459 71.4% 68288512 / 95612459 71.4% 68296704 / 95612459 71.4% 68304896 / 95612459 71.4% 68313088 / 95612459 71.5% 68321280 / 95612459 71.5% 68329472 / 95612459 71.5% 68337664 / 95612459 71.5% 68345856 / 95612459 71.5% 68354048 / 95612459 71.5% 68362240 / 95612459 71.5% 68370432 / 95612459 71.5% 68378624 / 95612459 71.5% 68386816 / 95612459 71.5% 68395008 / 95612459 71.5% 68403200 / 95612459 71.6% 68411392 / 95612459 71.6% 68419584 / 95612459 71.6% 68427776 / 95612459 71.6% 68435968 / 95612459 71.6% 68444160 / 95612459 71.6% 68452352 / 95612459 71.6% 68460544 / 95612459 71.6% 68468736 / 95612459 71.6% 68476928 / 95612459 71.6% 68485120 / 95612459 71.6% 68493312 / 95612459 71.6% 68501504 / 95612459 71.7% 68509696 / 95612459 71.7% 68517888 / 95612459 71.7% 68526080 / 95612459 71.7% 68534272 / 95612459 71.7% 68542464 / 95612459 71.7% 68550656 / 95612459 71.7% 68558848 / 95612459 71.7% 68567040 / 95612459 71.7% 68575232 / 95612459 71.7% 68583424 / 95612459 71.7% 68591616 / 95612459 71.7% 68599808 / 95612459 71.8% 68608000 / 95612459 71.8% 68616192 / 95612459 71.8% 68624384 / 95612459 71.8% 68632576 / 95612459 71.8% 68640768 / 95612459 71.8% 68648960 / 95612459 71.8% 68657152 / 95612459 71.8% 68665344 / 95612459 71.8% 68673536 / 95612459 71.8% 68681728 / 95612459 71.8% 68689920 / 95612459 71.9% 68698112 / 95612459 71.9% 68706304 / 95612459 71.9% 68714496 / 95612459 71.9% 68722688 / 95612459 71.9% 68730880 / 95612459 71.9% 68739072 / 95612459 71.9% 68747264 / 95612459 71.9% 68755456 / 95612459 71.9% 68763648 / 95612459 71.9% 68771840 / 95612459 71.9% 68780032 / 95612459 71.9% 68788224 / 95612459 72.0% 68796416 / 95612459 72.0% 68804608 / 95612459 72.0% 68812800 / 95612459 72.0% 68820992 / 95612459 72.0% 68829184 / 95612459 72.0% 68837376 / 95612459 72.0% 68845568 / 95612459 72.0% 68853760 / 95612459 72.0% 68861952 / 95612459 72.0% 68870144 / 95612459 72.0% 68878336 / 95612459 72.0% 68886528 / 95612459 72.1% 68894720 / 95612459 72.1% 68902912 / 95612459 72.1% 68911104 / 95612459 72.1% 68919296 / 95612459 72.1% 68927488 / 95612459 72.1% 68935680 / 95612459 72.1% 68943872 / 95612459 72.1% 68952064 / 95612459 72.1% 68960256 / 95612459 72.1% 68968448 / 95612459 72.1% 68976640 / 95612459 72.2% 68984832 / 95612459 72.2% 68993024 / 95612459 72.2% 69001216 / 95612459 72.2% 69009408 / 95612459 72.2% 69017600 / 95612459 72.2% 69025792 / 95612459 72.2% 69033984 / 95612459 72.2% 69042176 / 95612459 72.2% 69050368 / 95612459 72.2% 69058560 / 95612459 72.2% 69066752 / 95612459 72.2% 69074944 / 95612459 72.3% 69083136 / 95612459 72.3% 69091328 / 95612459 72.3% 69099520 / 95612459 72.3% 69107712 / 95612459 72.3% 69115904 / 95612459 72.3% 69124096 / 95612459 72.3% 69132288 / 95612459 72.3% 69140480 / 95612459 72.3% 69148672 / 95612459 72.3% 69156864 / 95612459 72.3% 69165056 / 95612459 72.3% 69173248 / 95612459 72.4% 69181440 / 95612459 72.4% 69189632 / 95612459 72.4% 69197824 / 95612459 72.4% 69206016 / 95612459 72.4% 69214208 / 95612459 72.4% 69222400 / 95612459 72.4% 69230592 / 95612459 72.4% 69238784 / 95612459 72.4% 69246976 / 95612459 72.4% 69255168 / 95612459 72.4% 69263360 / 95612459 72.5% 69271552 / 95612459 72.5% 69279744 / 95612459 72.5% 69287936 / 95612459 72.5% 69296128 / 95612459 72.5% 69304320 / 95612459 72.5% 69312512 / 95612459 72.5% 69320704 / 95612459 72.5% 69328896 / 95612459 72.5% 69337088 / 95612459 72.5% 69345280 / 95612459 72.5% 69353472 / 95612459 72.5% 69361664 / 95612459 72.6% 69369856 / 95612459 72.6% 69378048 / 95612459 72.6% 69386240 / 95612459 72.6% 69394432 / 95612459 72.6% 69402624 / 95612459 72.6% 69410816 / 95612459 72.6% 69419008 / 95612459 72.6% 69427200 / 95612459 72.6% 69435392 / 95612459 72.6% 69443584 / 95612459 72.6% 69451776 / 95612459 72.6% 69459968 / 95612459 72.7% 69468160 / 95612459 72.7% 69476352 / 95612459 72.7% 69484544 / 95612459 72.7% 69492736 / 95612459 72.7% 69500928 / 95612459 72.7% 69509120 / 95612459 72.7% 69517312 / 95612459 72.7% 69525504 / 95612459 72.7% 69533696 / 95612459 72.7% 69541888 / 95612459 72.7% 69550080 / 95612459 72.8% 69558272 / 95612459 72.8% 69566464 / 95612459 72.8% 69574656 / 95612459 72.8% 69582848 / 95612459 72.8% 69591040 / 95612459 72.8% 69599232 / 95612459 72.8% 69607424 / 95612459 72.8% 69615616 / 95612459 72.8% 69623808 / 95612459 72.8% 69632000 / 95612459 72.8% 69640192 / 95612459 72.8% 69648384 / 95612459 72.9% 69656576 / 95612459 72.9% 69664768 / 95612459 72.9% 69672960 / 95612459 72.9% 69681152 / 95612459 72.9% 69689344 / 95612459 72.9% 69697536 / 95612459 72.9% 69705728 / 95612459 72.9% 69713920 / 95612459 72.9% 69722112 / 95612459 72.9% 69730304 / 95612459 72.9% 69738496 / 95612459 72.9% 69746688 / 95612459 73.0% 69754880 / 95612459 73.0% 69763072 / 95612459 73.0% 69771264 / 95612459 73.0% 69779456 / 95612459 73.0% 69787648 / 95612459 73.0% 69795840 / 95612459 73.0% 69804032 / 95612459 73.0% 69812224 / 95612459 73.0% 69820416 / 95612459 73.0% 69828608 / 95612459 73.0% 69836800 / 95612459 73.1% 69844992 / 95612459 73.1% 69853184 / 95612459 73.1% 69861376 / 95612459 73.1% 69869568 / 95612459 73.1% 69877760 / 95612459 73.1% 69885952 / 95612459 73.1% 69894144 / 95612459 73.1% 69902336 / 95612459 73.1% 69910528 / 95612459 73.1% 69918720 / 95612459 73.1% 69926912 / 95612459 73.1% 69935104 / 95612459 73.2% 69943296 / 95612459 73.2% 69951488 / 95612459 73.2% 69959680 / 95612459 73.2% 69967872 / 95612459 73.2% 69976064 / 95612459 73.2% 69984256 / 95612459 73.2% 69992448 / 95612459 73.2% 70000640 / 95612459 73.2% 70008832 / 95612459 73.2% 70017024 / 95612459 73.2% 70025216 / 95612459 73.2% 70033408 / 95612459 73.3% 70041600 / 95612459 73.3% 70049792 / 95612459 73.3% 70057984 / 95612459 73.3% 70066176 / 95612459 73.3% 70074368 / 95612459 73.3% 70082560 / 95612459 73.3% 70090752 / 95612459 73.3% 70098944 / 95612459 73.3% 70107136 / 95612459 73.3% 70115328 / 95612459 73.3% 70123520 / 95612459 73.3% 70131712 / 95612459 73.4% 70139904 / 95612459 73.4% 70148096 / 95612459 73.4% 70156288 / 95612459 73.4% 70164480 / 95612459 73.4% 70172672 / 95612459 73.4% 70180864 / 95612459 73.4% 70189056 / 95612459 73.4% 70197248 / 95612459 73.4% 70205440 / 95612459 73.4% 70213632 / 95612459 73.4% 70221824 / 95612459 73.5% 70230016 / 95612459 73.5% 70238208 / 95612459 73.5% 70246400 / 95612459 73.5% 70254592 / 95612459 73.5% 70262784 / 95612459 73.5% 70270976 / 95612459 73.5% 70279168 / 95612459 73.5% 70287360 / 95612459 73.5% 70295552 / 95612459 73.5% 70303744 / 95612459 73.5% 70311936 / 95612459 73.5% 70320128 / 95612459 73.6% 70328320 / 95612459 73.6% 70336512 / 95612459 73.6% 70344704 / 95612459 73.6% 70352896 / 95612459 73.6% 70361088 / 95612459 73.6% 70369280 / 95612459 73.6% 70377472 / 95612459 73.6% 70385664 / 95612459 73.6% 70393856 / 95612459 73.6% 70402048 / 95612459 73.6% 70410240 / 95612459 73.6% 70418432 / 95612459 73.7% 70426624 / 95612459 73.7% 70434816 / 95612459 73.7% 70443008 / 95612459 73.7% 70451200 / 95612459 73.7% 70459392 / 95612459 73.7% 70467584 / 95612459 73.7% 70475776 / 95612459 73.7% 70483968 / 95612459 73.7% 70492160 / 95612459 73.7% 70500352 / 95612459 73.7% 70508544 / 95612459 73.8% 70516736 / 95612459 73.8% 70524928 / 95612459 73.8% 70533120 / 95612459 73.8% 70541312 / 95612459 73.8% 70549504 / 95612459 73.8% 70557696 / 95612459 73.8% 70565888 / 95612459 73.8% 70574080 / 95612459 73.8% 70582272 / 95612459 73.8% 70590464 / 95612459 73.8% 70598656 / 95612459 73.8% 70606848 / 95612459 73.9% 70615040 / 95612459 73.9% 70623232 / 95612459 73.9% 70631424 / 95612459 73.9% 70639616 / 95612459 73.9% 70647808 / 95612459 73.9% 70656000 / 95612459 73.9% 70664192 / 95612459 73.9% 70672384 / 95612459 73.9% 70680576 / 95612459 73.9% 70688768 / 95612459 73.9% 70696960 / 95612459 73.9% 70705152 / 95612459 74.0% 70713344 / 95612459 74.0% 70721536 / 95612459 74.0% 70729728 / 95612459 74.0% 70737920 / 95612459 74.0% 70746112 / 95612459 74.0% 70754304 / 95612459 74.0% 70762496 / 95612459 74.0% 70770688 / 95612459 74.0% 70778880 / 95612459 74.0% 70787072 / 95612459 74.0% 70795264 / 95612459 74.1% 70803456 / 95612459 74.1% 70811648 / 95612459 74.1% 70819840 / 95612459 74.1% 70828032 / 95612459 74.1% 70836224 / 95612459 74.1% 70844416 / 95612459 74.1% 70852608 / 95612459 74.1% 70860800 / 95612459 74.1% 70868992 / 95612459 74.1% 70877184 / 95612459 74.1% 70885376 / 95612459 74.1% 70893568 / 95612459 74.2% 70901760 / 95612459 74.2% 70909952 / 95612459 74.2% 70918144 / 95612459 74.2% 70926336 / 95612459 74.2% 70934528 / 95612459 74.2% 70942720 / 95612459 74.2% 70950912 / 95612459 74.2% 70959104 / 95612459 74.2% 70967296 / 95612459 74.2% 70975488 / 95612459 74.2% 70983680 / 95612459 74.2% 70991872 / 95612459 74.3% 71000064 / 95612459 74.3% 71008256 / 95612459 74.3% 71016448 / 95612459 74.3% 71024640 / 95612459 74.3% 71032832 / 95612459 74.3% 71041024 / 95612459 74.3% 71049216 / 95612459 74.3% 71057408 / 95612459 74.3% 71065600 / 95612459 74.3% 71073792 / 95612459 74.3% 71081984 / 95612459 74.4% 71090176 / 95612459 74.4% 71098368 / 95612459 74.4% 71106560 / 95612459 74.4% 71114752 / 95612459 74.4% 71122944 / 95612459 74.4% 71131136 / 95612459 74.4% 71139328 / 95612459 74.4% 71147520 / 95612459 74.4% 71155712 / 95612459 74.4% 71163904 / 95612459 74.4% 71172096 / 95612459 74.4% 71180288 / 95612459 74.5% 71188480 / 95612459 74.5% 71196672 / 95612459 74.5% 71204864 / 95612459 74.5% 71213056 / 95612459 74.5% 71221248 / 95612459 74.5% 71229440 / 95612459 74.5% 71237632 / 95612459 74.5% 71245824 / 95612459 74.5% 71254016 / 95612459 74.5% 71262208 / 95612459 74.5% 71270400 / 95612459 74.5% 71278592 / 95612459 74.6% 71286784 / 95612459 74.6% 71294976 / 95612459 74.6% 71303168 / 95612459 74.6% 71311360 / 95612459 74.6% 71319552 / 95612459 74.6% 71327744 / 95612459 74.6% 71335936 / 95612459 74.6% 71344128 / 95612459 74.6% 71352320 / 95612459 74.6% 71360512 / 95612459 74.6% 71368704 / 95612459 74.7% 71376896 / 95612459 74.7% 71385088 / 95612459 74.7% 71393280 / 95612459 74.7% 71401472 / 95612459 74.7% 71409664 / 95612459 74.7% 71417856 / 95612459 74.7% 71426048 / 95612459 74.7% 71434240 / 95612459 74.7% 71442432 / 95612459 74.7% 71450624 / 95612459 74.7% 71458816 / 95612459 74.7% 71467008 / 95612459 74.8% 71475200 / 95612459 74.8% 71483392 / 95612459 74.8% 71491584 / 95612459 74.8% 71499776 / 95612459 74.8% 71507968 / 95612459 74.8% 71516160 / 95612459 74.8% 71524352 / 95612459 74.8% 71532544 / 95612459 74.8% 71540736 / 95612459 74.8% 71548928 / 95612459 74.8% 71557120 / 95612459 74.8% 71565312 / 95612459 74.9% 71573504 / 95612459 74.9% 71581696 / 95612459 74.9% 71589888 / 95612459 74.9% 71598080 / 95612459 74.9% 71606272 / 95612459 74.9% 71614464 / 95612459 74.9% 71622656 / 95612459 74.9% 71630848 / 95612459 74.9% 71639040 / 95612459 74.9% 71647232 / 95612459 74.9% 71655424 / 95612459 75.0% 71663616 / 95612459 75.0% 71671808 / 95612459 75.0% 71680000 / 95612459 75.0% 71688192 / 95612459 75.0% 71696384 / 95612459 75.0% 71704576 / 95612459 75.0% 71712768 / 95612459 75.0% 71720960 / 95612459 75.0% 71729152 / 95612459 75.0% 71737344 / 95612459 75.0% 71745536 / 95612459 75.0% 71753728 / 95612459 75.1% 71761920 / 95612459 75.1% 71770112 / 95612459 75.1% 71778304 / 95612459 75.1% 71786496 / 95612459 75.1% 71794688 / 95612459 75.1% 71802880 / 95612459 75.1% 71811072 / 95612459 75.1% 71819264 / 95612459 75.1% 71827456 / 95612459 75.1% 71835648 / 95612459 75.1% 71843840 / 95612459 75.1% 71852032 / 95612459 75.2% 71860224 / 95612459 75.2% 71868416 / 95612459 75.2% 71876608 / 95612459 75.2% 71884800 / 95612459 75.2% 71892992 / 95612459 75.2% 71901184 / 95612459 75.2% 71909376 / 95612459 75.2% 71917568 / 95612459 75.2% 71925760 / 95612459 75.2% 71933952 / 95612459 75.2% 71942144 / 95612459 75.3% 71950336 / 95612459 75.3% 71958528 / 95612459 75.3% 71966720 / 95612459 75.3% 71974912 / 95612459 75.3% 71983104 / 95612459 75.3% 71991296 / 95612459 75.3% 71999488 / 95612459 75.3% 72007680 / 95612459 75.3% 72015872 / 95612459 75.3% 72024064 / 95612459 75.3% 72032256 / 95612459 75.3% 72040448 / 95612459 75.4% 72048640 / 95612459 75.4% 72056832 / 95612459 75.4% 72065024 / 95612459 75.4% 72073216 / 95612459 75.4% 72081408 / 95612459 75.4% 72089600 / 95612459 75.4% 72097792 / 95612459 75.4% 72105984 / 95612459 75.4% 72114176 / 95612459 75.4% 72122368 / 95612459 75.4% 72130560 / 95612459 75.4% 72138752 / 95612459 75.5% 72146944 / 95612459 75.5% 72155136 / 95612459 75.5% 72163328 / 95612459 75.5% 72171520 / 95612459 75.5% 72179712 / 95612459 75.5% 72187904 / 95612459 75.5% 72196096 / 95612459 75.5% 72204288 / 95612459 75.5% 72212480 / 95612459 75.5% 72220672 / 95612459 75.5% 72228864 / 95612459 75.6% 72237056 / 95612459 75.6% 72245248 / 95612459 75.6% 72253440 / 95612459 75.6% 72261632 / 95612459 75.6% 72269824 / 95612459 75.6% 72278016 / 95612459 75.6% 72286208 / 95612459 75.6% 72294400 / 95612459 75.6% 72302592 / 95612459 75.6% 72310784 / 95612459 75.6% 72318976 / 95612459 75.6% 72327168 / 95612459 75.7% 72335360 / 95612459 75.7% 72343552 / 95612459 75.7% 72351744 / 95612459 75.7% 72359936 / 95612459 75.7% 72368128 / 95612459 75.7% 72376320 / 95612459 75.7% 72384512 / 95612459 75.7% 72392704 / 95612459 75.7% 72400896 / 95612459 75.7% 72409088 / 95612459 75.7% 72417280 / 95612459 75.7% 72425472 / 95612459 75.8% 72433664 / 95612459 75.8% 72441856 / 95612459 75.8% 72450048 / 95612459 75.8% 72458240 / 95612459 75.8% 72466432 / 95612459 75.8% 72474624 / 95612459 75.8% 72482816 / 95612459 75.8% 72491008 / 95612459 75.8% 72499200 / 95612459 75.8% 72507392 / 95612459 75.8% 72515584 / 95612459 75.9% 72523776 / 95612459 75.9% 72531968 / 95612459 75.9% 72540160 / 95612459 75.9% 72548352 / 95612459 75.9% 72556544 / 95612459 75.9% 72564736 / 95612459 75.9% 72572928 / 95612459 75.9% 72581120 / 95612459 75.9% 72589312 / 95612459 75.9% 72597504 / 95612459 75.9% 72605696 / 95612459 75.9% 72613888 / 95612459 76.0% 72622080 / 95612459 76.0% 72630272 / 95612459 76.0% 72638464 / 95612459 76.0% 72646656 / 95612459 76.0% 72654848 / 95612459 76.0% 72663040 / 95612459 76.0% 72671232 / 95612459 76.0% 72679424 / 95612459 76.0% 72687616 / 95612459 76.0% 72695808 / 95612459 76.0% 72704000 / 95612459 76.0% 72712192 / 95612459 76.1% 72720384 / 95612459 76.1% 72728576 / 95612459 76.1% 72736768 / 95612459 76.1% 72744960 / 95612459 76.1% 72753152 / 95612459 76.1% 72761344 / 95612459 76.1% 72769536 / 95612459 76.1% 72777728 / 95612459 76.1% 72785920 / 95612459 76.1% 72794112 / 95612459 76.1% 72802304 / 95612459 76.2% 72810496 / 95612459 76.2% 72818688 / 95612459 76.2% 72826880 / 95612459 76.2% 72835072 / 95612459 76.2% 72843264 / 95612459 76.2% 72851456 / 95612459 76.2% 72859648 / 95612459 76.2% 72867840 / 95612459 76.2% 72876032 / 95612459 76.2% 72884224 / 95612459 76.2% 72892416 / 95612459 76.2% 72900608 / 95612459 76.3% 72908800 / 95612459 76.3% 72916992 / 95612459 76.3% 72925184 / 95612459 76.3% 72933376 / 95612459 76.3% 72941568 / 95612459 76.3% 72949760 / 95612459 76.3% 72957952 / 95612459 76.3% 72966144 / 95612459 76.3% 72974336 / 95612459 76.3% 72982528 / 95612459 76.3% 72990720 / 95612459 76.3% 72998912 / 95612459 76.4% 73007104 / 95612459 76.4% 73015296 / 95612459 76.4% 73023488 / 95612459 76.4% 73031680 / 95612459 76.4% 73039872 / 95612459 76.4% 73048064 / 95612459 76.4% 73056256 / 95612459 76.4% 73064448 / 95612459 76.4% 73072640 / 95612459 76.4% 73080832 / 95612459 76.4% 73089024 / 95612459 76.5% 73097216 / 95612459 76.5% 73105408 / 95612459 76.5% 73113600 / 95612459 76.5% 73121792 / 95612459 76.5% 73129984 / 95612459 76.5% 73138176 / 95612459 76.5% 73146368 / 95612459 76.5% 73154560 / 95612459 76.5% 73162752 / 95612459 76.5% 73170944 / 95612459 76.5% 73179136 / 95612459 76.5% 73187328 / 95612459 76.6% 73195520 / 95612459 76.6% 73203712 / 95612459 76.6% 73211904 / 95612459 76.6% 73220096 / 95612459 76.6% 73228288 / 95612459 76.6% 73236480 / 95612459 76.6% 73244672 / 95612459 76.6% 73252864 / 95612459 76.6% 73261056 / 95612459 76.6% 73269248 / 95612459 76.6% 73277440 / 95612459 76.6% 73285632 / 95612459 76.7% 73293824 / 95612459 76.7% 73302016 / 95612459 76.7% 73310208 / 95612459 76.7% 73318400 / 95612459 76.7% 73326592 / 95612459 76.7% 73334784 / 95612459 76.7% 73342976 / 95612459 76.7% 73351168 / 95612459 76.7% 73359360 / 95612459 76.7% 73367552 / 95612459 76.7% 73375744 / 95612459 76.8% 73383936 / 95612459 76.8% 73392128 / 95612459 76.8% 73400320 / 95612459 76.8% 73408512 / 95612459 76.8% 73416704 / 95612459 76.8% 73424896 / 95612459 76.8% 73433088 / 95612459 76.8% 73441280 / 95612459 76.8% 73449472 / 95612459 76.8% 73457664 / 95612459 76.8% 73465856 / 95612459 76.8% 73474048 / 95612459 76.9% 73482240 / 95612459 76.9% 73490432 / 95612459 76.9% 73498624 / 95612459 76.9% 73506816 / 95612459 76.9% 73515008 / 95612459 76.9% 73523200 / 95612459 76.9% 73531392 / 95612459 76.9% 73539584 / 95612459 76.9% 73547776 / 95612459 76.9% 73555968 / 95612459 76.9% 73564160 / 95612459 76.9% 73572352 / 95612459 77.0% 73580544 / 95612459 77.0% 73588736 / 95612459 77.0% 73596928 / 95612459 77.0% 73605120 / 95612459 77.0% 73613312 / 95612459 77.0% 73621504 / 95612459 77.0% 73629696 / 95612459 77.0% 73637888 / 95612459 77.0% 73646080 / 95612459 77.0% 73654272 / 95612459 77.0% 73662464 / 95612459 77.1% 73670656 / 95612459 77.1% 73678848 / 95612459 77.1% 73687040 / 95612459 77.1% 73695232 / 95612459 77.1% 73703424 / 95612459 77.1% 73711616 / 95612459 77.1% 73719808 / 95612459 77.1% 73728000 / 95612459 77.1% 73736192 / 95612459 77.1% 73744384 / 95612459 77.1% 73752576 / 95612459 77.1% 73760768 / 95612459 77.2% 73768960 / 95612459 77.2% 73777152 / 95612459 77.2% 73785344 / 95612459 77.2% 73793536 / 95612459 77.2% 73801728 / 95612459 77.2% 73809920 / 95612459 77.2% 73818112 / 95612459 77.2% 73826304 / 95612459 77.2% 73834496 / 95612459 77.2% 73842688 / 95612459 77.2% 73850880 / 95612459 77.2% 73859072 / 95612459 77.3% 73867264 / 95612459 77.3% 73875456 / 95612459 77.3% 73883648 / 95612459 77.3% 73891840 / 95612459 77.3% 73900032 / 95612459 77.3% 73908224 / 95612459 77.3% 73916416 / 95612459 77.3% 73924608 / 95612459 77.3% 73932800 / 95612459 77.3% 73940992 / 95612459 77.3% 73949184 / 95612459 77.4% 73957376 / 95612459 77.4% 73965568 / 95612459 77.4% 73973760 / 95612459 77.4% 73981952 / 95612459 77.4% 73990144 / 95612459 77.4% 73998336 / 95612459 77.4% 74006528 / 95612459 77.4% 74014720 / 95612459 77.4% 74022912 / 95612459 77.4% 74031104 / 95612459 77.4% 74039296 / 95612459 77.4% 74047488 / 95612459 77.5% 74055680 / 95612459 77.5% 74063872 / 95612459 77.5% 74072064 / 95612459 77.5% 74080256 / 95612459 77.5% 74088448 / 95612459 77.5% 74096640 / 95612459 77.5% 74104832 / 95612459 77.5% 74113024 / 95612459 77.5% 74121216 / 95612459 77.5% 74129408 / 95612459 77.5% 74137600 / 95612459 77.5% 74145792 / 95612459 77.6% 74153984 / 95612459 77.6% 74162176 / 95612459 77.6% 74170368 / 95612459 77.6% 74178560 / 95612459 77.6% 74186752 / 95612459 77.6% 74194944 / 95612459 77.6% 74203136 / 95612459 77.6% 74211328 / 95612459 77.6% 74219520 / 95612459 77.6% 74227712 / 95612459 77.6% 74235904 / 95612459 77.7% 74244096 / 95612459 77.7% 74252288 / 95612459 77.7% 74260480 / 95612459 77.7% 74268672 / 95612459 77.7% 74276864 / 95612459 77.7% 74285056 / 95612459 77.7% 74293248 / 95612459 77.7% 74301440 / 95612459 77.7% 74309632 / 95612459 77.7% 74317824 / 95612459 77.7% 74326016 / 95612459 77.7% 74334208 / 95612459 77.8% 74342400 / 95612459 77.8% 74350592 / 95612459 77.8% 74358784 / 95612459 77.8% 74366976 / 95612459 77.8% 74375168 / 95612459 77.8% 74383360 / 95612459 77.8% 74391552 / 95612459 77.8% 74399744 / 95612459 77.8% 74407936 / 95612459 77.8% 74416128 / 95612459 77.8% 74424320 / 95612459 77.8% 74432512 / 95612459 77.9% 74440704 / 95612459 77.9% 74448896 / 95612459 77.9% 74457088 / 95612459 77.9% 74465280 / 95612459 77.9% 74473472 / 95612459 77.9% 74481664 / 95612459 77.9% 74489856 / 95612459 77.9% 74498048 / 95612459 77.9% 74506240 / 95612459 77.9% 74514432 / 95612459 77.9% 74522624 / 95612459 78.0% 74530816 / 95612459 78.0% 74539008 / 95612459 78.0% 74547200 / 95612459 78.0% 74555392 / 95612459 78.0% 74563584 / 95612459 78.0% 74571776 / 95612459 78.0% 74579968 / 95612459 78.0% 74588160 / 95612459 78.0% 74596352 / 95612459 78.0% 74604544 / 95612459 78.0% 74612736 / 95612459 78.0% 74620928 / 95612459 78.1% 74629120 / 95612459 78.1% 74637312 / 95612459 78.1% 74645504 / 95612459 78.1% 74653696 / 95612459 78.1% 74661888 / 95612459 78.1% 74670080 / 95612459 78.1% 74678272 / 95612459 78.1% 74686464 / 95612459 78.1% 74694656 / 95612459 78.1% 74702848 / 95612459 78.1% 74711040 / 95612459 78.1% 74719232 / 95612459 78.2% 74727424 / 95612459 78.2% 74735616 / 95612459 78.2% 74743808 / 95612459 78.2% 74752000 / 95612459 78.2% 74760192 / 95612459 78.2% 74768384 / 95612459 78.2% 74776576 / 95612459 78.2% 74784768 / 95612459 78.2% 74792960 / 95612459 78.2% 74801152 / 95612459 78.2% 74809344 / 95612459 78.3% 74817536 / 95612459 78.3% 74825728 / 95612459 78.3% 74833920 / 95612459 78.3% 74842112 / 95612459 78.3% 74850304 / 95612459 78.3% 74858496 / 95612459 78.3% 74866688 / 95612459 78.3% 74874880 / 95612459 78.3% 74883072 / 95612459 78.3% 74891264 / 95612459 78.3% 74899456 / 95612459 78.3% 74907648 / 95612459 78.4% 74915840 / 95612459 78.4% 74924032 / 95612459 78.4% 74932224 / 95612459 78.4% 74940416 / 95612459 78.4% 74948608 / 95612459 78.4% 74956800 / 95612459 78.4% 74964992 / 95612459 78.4% 74973184 / 95612459 78.4% 74981376 / 95612459 78.4% 74989568 / 95612459 78.4% 74997760 / 95612459 78.4% 75005952 / 95612459 78.5% 75014144 / 95612459 78.5% 75022336 / 95612459 78.5% 75030528 / 95612459 78.5% 75038720 / 95612459 78.5% 75046912 / 95612459 78.5% 75055104 / 95612459 78.5% 75063296 / 95612459 78.5% 75071488 / 95612459 78.5% 75079680 / 95612459 78.5% 75087872 / 95612459 78.5% 75096064 / 95612459 78.6% 75104256 / 95612459 78.6% 75112448 / 95612459 78.6% 75120640 / 95612459 78.6% 75128832 / 95612459 78.6% 75137024 / 95612459 78.6% 75145216 / 95612459 78.6% 75153408 / 95612459 78.6% 75161600 / 95612459 78.6% 75169792 / 95612459 78.6% 75177984 / 95612459 78.6% 75186176 / 95612459 78.6% 75194368 / 95612459 78.7% 75202560 / 95612459 78.7% 75210752 / 95612459 78.7% 75218944 / 95612459 78.7% 75227136 / 95612459 78.7% 75235328 / 95612459 78.7% 75243520 / 95612459 78.7% 75251712 / 95612459 78.7% 75259904 / 95612459 78.7% 75268096 / 95612459 78.7% 75276288 / 95612459 78.7% 75284480 / 95612459 78.7% 75292672 / 95612459 78.8% 75300864 / 95612459 78.8% 75309056 / 95612459 78.8% 75317248 / 95612459 78.8% 75325440 / 95612459 78.8% 75333632 / 95612459 78.8% 75341824 / 95612459 78.8% 75350016 / 95612459 78.8% 75358208 / 95612459 78.8% 75366400 / 95612459 78.8% 75374592 / 95612459 78.8% 75382784 / 95612459 78.9% 75390976 / 95612459 78.9% 75399168 / 95612459 78.9% 75407360 / 95612459 78.9% 75415552 / 95612459 78.9% 75423744 / 95612459 78.9% 75431936 / 95612459 78.9% 75440128 / 95612459 78.9% 75448320 / 95612459 78.9% 75456512 / 95612459 78.9% 75464704 / 95612459 78.9% 75472896 / 95612459 78.9% 75481088 / 95612459 79.0% 75489280 / 95612459 79.0% 75497472 / 95612459 79.0% 75505664 / 95612459 79.0% 75513856 / 95612459 79.0% 75522048 / 95612459 79.0% 75530240 / 95612459 79.0% 75538432 / 95612459 79.0% 75546624 / 95612459 79.0% 75554816 / 95612459 79.0% 75563008 / 95612459 79.0% 75571200 / 95612459 79.0% 75579392 / 95612459 79.1% 75587584 / 95612459 79.1% 75595776 / 95612459 79.1% 75603968 / 95612459 79.1% 75612160 / 95612459 79.1% 75620352 / 95612459 79.1% 75628544 / 95612459 79.1% 75636736 / 95612459 79.1% 75644928 / 95612459 79.1% 75653120 / 95612459 79.1% 75661312 / 95612459 79.1% 75669504 / 95612459 79.2% 75677696 / 95612459 79.2% 75685888 / 95612459 79.2% 75694080 / 95612459 79.2% 75702272 / 95612459 79.2% 75710464 / 95612459 79.2% 75718656 / 95612459 79.2% 75726848 / 95612459 79.2% 75735040 / 95612459 79.2% 75743232 / 95612459 79.2% 75751424 / 95612459 79.2% 75759616 / 95612459 79.2% 75767808 / 95612459 79.3% 75776000 / 95612459 79.3% 75784192 / 95612459 79.3% 75792384 / 95612459 79.3% 75800576 / 95612459 79.3% 75808768 / 95612459 79.3% 75816960 / 95612459 79.3% 75825152 / 95612459 79.3% 75833344 / 95612459 79.3% 75841536 / 95612459 79.3% 75849728 / 95612459 79.3% 75857920 / 95612459 79.3% 75866112 / 95612459 79.4% 75874304 / 95612459 79.4% 75882496 / 95612459 79.4% 75890688 / 95612459 79.4% 75898880 / 95612459 79.4% 75907072 / 95612459 79.4% 75915264 / 95612459 79.4% 75923456 / 95612459 79.4% 75931648 / 95612459 79.4% 75939840 / 95612459 79.4% 75948032 / 95612459 79.4% 75956224 / 95612459 79.5% 75964416 / 95612459 79.5% 75972608 / 95612459 79.5% 75980800 / 95612459 79.5% 75988992 / 95612459 79.5% 75997184 / 95612459 79.5% 76005376 / 95612459 79.5% 76013568 / 95612459 79.5% 76021760 / 95612459 79.5% 76029952 / 95612459 79.5% 76038144 / 95612459 79.5% 76046336 / 95612459 79.5% 76054528 / 95612459 79.6% 76062720 / 95612459 79.6% 76070912 / 95612459 79.6% 76079104 / 95612459 79.6% 76087296 / 95612459 79.6% 76095488 / 95612459 79.6% 76103680 / 95612459 79.6% 76111872 / 95612459 79.6% 76120064 / 95612459 79.6% 76128256 / 95612459 79.6% 76136448 / 95612459 79.6% 76144640 / 95612459 79.6% 76152832 / 95612459 79.7% 76161024 / 95612459 79.7% 76169216 / 95612459 79.7% 76177408 / 95612459 79.7% 76185600 / 95612459 79.7% 76193792 / 95612459 79.7% 76201984 / 95612459 79.7% 76210176 / 95612459 79.7% 76218368 / 95612459 79.7% 76226560 / 95612459 79.7% 76234752 / 95612459 79.7% 76242944 / 95612459 79.8% 76251136 / 95612459 79.8% 76259328 / 95612459 79.8% 76267520 / 95612459 79.8% 76275712 / 95612459 79.8% 76283904 / 95612459 79.8% 76292096 / 95612459 79.8% 76300288 / 95612459 79.8% 76308480 / 95612459 79.8% 76316672 / 95612459 79.8% 76324864 / 95612459 79.8% 76333056 / 95612459 79.8% 76341248 / 95612459 79.9% 76349440 / 95612459 79.9% 76357632 / 95612459 79.9% 76365824 / 95612459 79.9% 76374016 / 95612459 79.9% 76382208 / 95612459 79.9% 76390400 / 95612459 79.9% 76398592 / 95612459 79.9% 76406784 / 95612459 79.9% 76414976 / 95612459 79.9% 76423168 / 95612459 79.9% 76431360 / 95612459 79.9% 76439552 / 95612459 80.0% 76447744 / 95612459 80.0% 76455936 / 95612459 80.0% 76464128 / 95612459 80.0% 76472320 / 95612459 80.0% 76480512 / 95612459 80.0% 76488704 / 95612459 80.0% 76496896 / 95612459
 80.0% 76505088 / 95612459 80.0% 76513280 / 95612459 80.0% 76521472 / 95612459 80.0% 76529664 / 95612459 80.1% 76537856 / 95612459 80.1% 76546048 / 95612459 80.1% 76554240 / 95612459 80.1% 76562432 / 95612459 80.1% 76570624 / 95612459 80.1% 76578816 / 95612459 80.1% 76587008 / 95612459 80.1% 76595200 / 95612459 80.1% 76603392 / 95612459 80.1% 76611584 / 95612459 80.1% 76619776 / 95612459 80.1% 76627968 / 95612459 80.2% 76636160 / 95612459 80.2% 76644352 / 95612459 80.2% 76652544 / 95612459 80.2% 76660736 / 95612459 80.2% 76668928 / 95612459 80.2% 76677120 / 95612459 80.2% 76685312 / 95612459 80.2% 76693504 / 95612459 80.2% 76701696 / 95612459 80.2% 76709888 / 95612459 80.2% 76718080 / 95612459 80.2% 76726272 / 95612459 80.3% 76734464 / 95612459 80.3% 76742656 / 95612459 80.3% 76750848 / 95612459 80.3% 76759040 / 95612459 80.3% 76767232 / 95612459 80.3% 76775424 / 95612459 80.3% 76783616 / 95612459 80.3% 76791808 / 95612459 80.3% 76800000 / 95612459 80.3% 76808192 / 95612459 80.3% 76816384 / 95612459 80.3% 76824576 / 95612459 80.4% 76832768 / 95612459 80.4% 76840960 / 95612459 80.4% 76849152 / 95612459 80.4% 76857344 / 95612459 80.4% 76865536 / 95612459 80.4% 76873728 / 95612459 80.4% 76881920 / 95612459 80.4% 76890112 / 95612459 80.4% 76898304 / 95612459 80.4% 76906496 / 95612459 80.4% 76914688 / 95612459 80.5% 76922880 / 95612459 80.5% 76931072 / 95612459 80.5% 76939264 / 95612459 80.5% 76947456 / 95612459 80.5% 76955648 / 95612459 80.5% 76963840 / 95612459 80.5% 76972032 / 95612459 80.5% 76980224 / 95612459 80.5% 76988416 / 95612459 80.5% 76996608 / 95612459 80.5% 77004800 / 95612459 80.5% 77012992 / 95612459 80.6% 77021184 / 95612459 80.6% 77029376 / 95612459 80.6% 77037568 / 95612459 80.6% 77045760 / 95612459 80.6% 77053952 / 95612459 80.6% 77062144 / 95612459 80.6% 77070336 / 95612459 80.6% 77078528 / 95612459 80.6% 77086720 / 95612459 80.6% 77094912 / 95612459 80.6% 77103104 / 95612459 80.6% 77111296 / 95612459 80.7% 77119488 / 95612459 80.7% 77127680 / 95612459 80.7% 77135872 / 95612459 80.7% 77144064 / 95612459 80.7% 77152256 / 95612459 80.7% 77160448 / 95612459 80.7% 77168640 / 95612459 80.7% 77176832 / 95612459 80.7% 77185024 / 95612459 80.7% 77193216 / 95612459 80.7% 77201408 / 95612459 80.8% 77209600 / 95612459 80.8% 77217792 / 95612459 80.8% 77225984 / 95612459 80.8% 77234176 / 95612459 80.8% 77242368 / 95612459 80.8% 77250560 / 95612459 80.8% 77258752 / 95612459 80.8% 77266944 / 95612459 80.8% 77275136 / 95612459 80.8% 77283328 / 95612459 80.8% 77291520 / 95612459 80.8% 77299712 / 95612459 80.9% 77307904 / 95612459 80.9% 77316096 / 95612459 80.9% 77324288 / 95612459 80.9% 77332480 / 95612459 80.9% 77340672 / 95612459 80.9% 77348864 / 95612459 80.9% 77357056 / 95612459 80.9% 77365248 / 95612459 80.9% 77373440 / 95612459 80.9% 77381632 / 95612459 80.9% 77389824 / 95612459 80.9% 77398016 / 95612459 81.0% 77406208 / 95612459 81.0% 77414400 / 95612459 81.0% 77422592 / 95612459 81.0% 77430784 / 95612459 81.0% 77438976 / 95612459 81.0% 77447168 / 95612459 81.0% 77455360 / 95612459 81.0% 77463552 / 95612459 81.0% 77471744 / 95612459 81.0% 77479936 / 95612459 81.0% 77488128 / 95612459 81.1% 77496320 / 95612459 81.1% 77504512 / 95612459 81.1% 77512704 / 95612459 81.1% 77520896 / 95612459 81.1% 77529088 / 95612459 81.1% 77537280 / 95612459 81.1% 77545472 / 95612459 81.1% 77553664 / 95612459 81.1% 77561856 / 95612459 81.1% 77570048 / 95612459 81.1% 77578240 / 95612459 81.1% 77586432 / 95612459 81.2% 77594624 / 95612459 81.2% 77602816 / 95612459 81.2% 77611008 / 95612459 81.2% 77619200 / 95612459 81.2% 77627392 / 95612459 81.2% 77635584 / 95612459 81.2% 77643776 / 95612459 81.2% 77651968 / 95612459 81.2% 77660160 / 95612459 81.2% 77668352 / 95612459 81.2% 77676544 / 95612459 81.2% 77684736 / 95612459 81.3% 77692928 / 95612459 81.3% 77701120 / 95612459 81.3% 77709312 / 95612459 81.3% 77717504 / 95612459 81.3% 77725696 / 95612459 81.3% 77733888 / 95612459 81.3% 77742080 / 95612459 81.3% 77750272 / 95612459 81.3% 77758464 / 95612459 81.3% 77766656 / 95612459 81.3% 77774848 / 95612459 81.4% 77783040 / 95612459 81.4% 77791232 / 95612459 81.4% 77799424 / 95612459 81.4% 77807616 / 95612459 81.4% 77815808 / 95612459 81.4% 77824000 / 95612459 81.4% 77832192 / 95612459 81.4% 77840384 / 95612459 81.4% 77848576 / 95612459 81.4% 77856768 / 95612459 81.4% 77864960 / 95612459 81.4% 77873152 / 95612459 81.5% 77881344 / 95612459 81.5% 77889536 / 95612459 81.5% 77897728 / 95612459 81.5% 77905920 / 95612459 81.5% 77914112 / 95612459 81.5% 77922304 / 95612459 81.5% 77930496 / 95612459 81.5% 77938688 / 95612459 81.5% 77946880 / 95612459 81.5% 77955072 / 95612459 81.5% 77963264 / 95612459 81.5% 77971456 / 95612459 81.6% 77979648 / 95612459 81.6% 77987840 / 95612459 81.6% 77996032 / 95612459 81.6% 78004224 / 95612459 81.6% 78012416 / 95612459 81.6% 78020608 / 95612459 81.6% 78028800 / 95612459 81.6% 78036992 / 95612459 81.6% 78045184 / 95612459 81.6% 78053376 / 95612459 81.6% 78061568 / 95612459 81.7% 78069760 / 95612459 81.7% 78077952 / 95612459 81.7% 78086144 / 95612459 81.7% 78094336 / 95612459 81.7% 78102528 / 95612459 81.7% 78110720 / 95612459 81.7% 78118912 / 95612459 81.7% 78127104 / 95612459 81.7% 78135296 / 95612459 81.7% 78143488 / 95612459 81.7% 78151680 / 95612459 81.7% 78159872 / 95612459 81.8% 78168064 / 95612459 81.8% 78176256 / 95612459 81.8% 78184448 / 95612459 81.8% 78192640 / 95612459 81.8% 78200832 / 95612459 81.8% 78209024 / 95612459 81.8% 78217216 / 95612459 81.8% 78225408 / 95612459 81.8% 78233600 / 95612459 81.8% 78241792 / 95612459 81.8% 78249984 / 95612459 81.8% 78258176 / 95612459 81.9% 78266368 / 95612459 81.9% 78274560 / 95612459 81.9% 78282752 / 95612459 81.9% 78290944 / 95612459 81.9% 78299136 / 95612459 81.9% 78307328 / 95612459 81.9% 78315520 / 95612459 81.9% 78323712 / 95612459 81.9% 78331904 / 95612459 81.9% 78340096 / 95612459 81.9% 78348288 / 95612459 82.0% 78356480 / 95612459 82.0% 78364672 / 95612459 82.0% 78372864 / 95612459 82.0% 78381056 / 95612459 82.0% 78389248 / 95612459 82.0% 78397440 / 95612459 82.0% 78405632 / 95612459 82.0% 78413824 / 95612459 82.0% 78422016 / 95612459 82.0% 78430208 / 95612459 82.0% 78438400 / 95612459 82.0% 78446592 / 95612459 82.1% 78454784 / 95612459 82.1% 78462976 / 95612459 82.1% 78471168 / 95612459 82.1% 78479360 / 95612459 82.1% 78487552 / 95612459 82.1% 78495744 / 95612459 82.1% 78503936 / 95612459 82.1% 78512128 / 95612459 82.1% 78520320 / 95612459 82.1% 78528512 / 95612459 82.1% 78536704 / 95612459 82.1% 78544896 / 95612459 82.2% 78553088 / 95612459 82.2% 78561280 / 95612459 82.2% 78569472 / 95612459 82.2% 78577664 / 95612459 82.2% 78585856 / 95612459 82.2% 78594048 / 95612459 82.2% 78602240 / 95612459 82.2% 78610432 / 95612459 82.2% 78618624 / 95612459 82.2% 78626816 / 95612459 82.2% 78635008 / 95612459 82.3% 78643200 / 95612459 82.3% 78651392 / 95612459 82.3% 78659584 / 95612459 82.3% 78667776 / 95612459 82.3% 78675968 / 95612459 82.3% 78684160 / 95612459 82.3% 78692352 / 95612459 82.3% 78700544 / 95612459 82.3% 78708736 / 95612459 82.3% 78716928 / 95612459 82.3% 78725120 / 95612459 82.3% 78733312 / 95612459 82.4% 78741504 / 95612459 82.4% 78749696 / 95612459 82.4% 78757888 / 95612459 82.4% 78766080 / 95612459 82.4% 78774272 / 95612459 82.4% 78782464 / 95612459 82.4% 78790656 / 95612459 82.4% 78798848 / 95612459 82.4% 78807040 / 95612459 82.4% 78815232 / 95612459 82.4% 78823424 / 95612459 82.4% 78831616 / 95612459 82.5% 78839808 / 95612459 82.5% 78848000 / 95612459 82.5% 78856192 / 95612459 82.5% 78864384 / 95612459 82.5% 78872576 / 95612459 82.5% 78880768 / 95612459 82.5% 78888960 / 95612459 82.5% 78897152 / 95612459 82.5% 78905344 / 95612459 82.5% 78913536 / 95612459 82.5% 78921728 / 95612459 82.6% 78929920 / 95612459 82.6% 78938112 / 95612459 82.6% 78946304 / 95612459 82.6% 78954496 / 95612459 82.6% 78962688 / 95612459 82.6% 78970880 / 95612459 82.6% 78979072 / 95612459 82.6% 78987264 / 95612459 82.6% 78995456 / 95612459 82.6% 79003648 / 95612459 82.6% 79011840 / 95612459 82.6% 79020032 / 95612459 82.7% 79028224 / 95612459 82.7% 79036416 / 95612459 82.7% 79044608 / 95612459 82.7% 79052800 / 95612459 82.7% 79060992 / 95612459 82.7% 79069184 / 95612459 82.7% 79077376 / 95612459 82.7% 79085568 / 95612459 82.7% 79093760 / 95612459 82.7% 79101952 / 95612459 82.7% 79110144 / 95612459 82.7% 79118336 / 95612459 82.8% 79126528 / 95612459 82.8% 79134720 / 95612459 82.8% 79142912 / 95612459 82.8% 79151104 / 95612459 82.8% 79159296 / 95612459 82.8% 79167488 / 95612459 82.8% 79175680 / 95612459 82.8% 79183872 / 95612459 82.8% 79192064 / 95612459 82.8% 79200256 / 95612459 82.8% 79208448 / 95612459 82.9% 79216640 / 95612459 82.9% 79224832 / 95612459 82.9% 79233024 / 95612459 82.9% 79241216 / 95612459 82.9% 79249408 / 95612459 82.9% 79257600 / 95612459 82.9% 79265792 / 95612459 82.9% 79273984 / 95612459 82.9% 79282176 / 95612459 82.9% 79290368 / 95612459 82.9% 79298560 / 95612459 82.9% 79306752 / 95612459 83.0% 79314944 / 95612459 83.0% 79323136 / 95612459 83.0% 79331328 / 95612459 83.0% 79339520 / 95612459 83.0% 79347712 / 95612459 83.0% 79355904 / 95612459 83.0% 79364096 / 95612459 83.0% 79372288 / 95612459 83.0% 79380480 / 95612459 83.0% 79388672 / 95612459 83.0% 79396864 / 95612459 83.0% 79405056 / 95612459 83.1% 79413248 / 95612459 83.1% 79421440 / 95612459 83.1% 79429632 / 95612459 83.1% 79437824 / 95612459 83.1% 79446016 / 95612459 83.1% 79454208 / 95612459 83.1% 79462400 / 95612459 83.1% 79470592 / 95612459 83.1% 79478784 / 95612459 83.1% 79486976 / 95612459 83.1% 79495168 / 95612459 83.2% 79503360 / 95612459 83.2% 79511552 / 95612459 83.2% 79519744 / 95612459 83.2% 79527936 / 95612459 83.2% 79536128 / 95612459 83.2% 79544320 / 95612459 83.2% 79552512 / 95612459 83.2% 79560704 / 95612459 83.2% 79568896 / 95612459 83.2% 79577088 / 95612459 83.2% 79585280 / 95612459 83.2% 79593472 / 95612459 83.3% 79601664 / 95612459 83.3% 79609856 / 95612459 83.3% 79618048 / 95612459 83.3% 79626240 / 95612459 83.3% 79634432 / 95612459 83.3% 79642624 / 95612459 83.3% 79650816 / 95612459 83.3% 79659008 / 95612459 83.3% 79667200 / 95612459 83.3% 79675392 / 95612459 83.3% 79683584 / 95612459 83.3% 79691776 / 95612459 83.4% 79699968 / 95612459 83.4% 79708160 / 95612459 83.4% 79716352 / 95612459 83.4% 79724544 / 95612459 83.4% 79732736 / 95612459 83.4% 79740928 / 95612459 83.4% 79749120 / 95612459 83.4% 79757312 / 95612459 83.4% 79765504 / 95612459 83.4% 79773696 / 95612459 83.4% 79781888 / 95612459 83.5% 79790080 / 95612459 83.5% 79798272 / 95612459 83.5% 79806464 / 95612459 83.5% 79814656 / 95612459 83.5% 79822848 / 95612459 83.5% 79831040 / 95612459 83.5% 79839232 / 95612459 83.5% 79847424 / 95612459 83.5% 79855616 / 95612459 83.5% 79863808 / 95612459 83.5% 79872000 / 95612459 83.5% 79880192 / 95612459 83.6% 79888384 / 95612459 83.6% 79896576 / 95612459 83.6% 79904768 / 95612459 83.6% 79912960 / 95612459 83.6% 79921152 / 95612459 83.6% 79929344 / 95612459 83.6% 79937536 / 95612459 83.6% 79945728 / 95612459 83.6% 79953920 / 95612459 83.6% 79962112 / 95612459 83.6% 79970304 / 95612459 83.6% 79978496 / 95612459 83.7% 79986688 / 95612459 83.7% 79994880 / 95612459 83.7% 80003072 / 95612459 83.7% 80011264 / 95612459 83.7% 80019456 / 95612459 83.7% 80027648 / 95612459 83.7% 80035840 / 95612459 83.7% 80044032 / 95612459 83.7% 80052224 / 95612459 83.7% 80060416 / 95612459 83.7% 80068608 / 95612459 83.8% 80076800 / 95612459 83.8% 80084992 / 95612459 83.8% 80093184 / 95612459 83.8% 80101376 / 95612459 83.8% 80109568 / 95612459 83.8% 80117760 / 95612459 83.8% 80125952 / 95612459 83.8% 80134144 / 95612459 83.8% 80142336 / 95612459 83.8% 80150528 / 95612459 83.8% 80158720 / 95612459 83.8% 80166912 / 95612459 83.9% 80175104 / 95612459 83.9% 80183296 / 95612459 83.9% 80191488 / 95612459 83.9% 80199680 / 95612459 83.9% 80207872 / 95612459 83.9% 80216064 / 95612459 83.9% 80224256 / 95612459 83.9% 80232448 / 95612459 83.9% 80240640 / 95612459 83.9% 80248832 / 95612459 83.9% 80257024 / 95612459 83.9% 80265216 / 95612459 84.0% 80273408 / 95612459 84.0% 80281600 / 95612459 84.0% 80289792 / 95612459 84.0% 80297984 / 95612459 84.0% 80306176 / 95612459 84.0% 80314368 / 95612459 84.0% 80322560 / 95612459 84.0% 80330752 / 95612459 84.0% 80338944 / 95612459 84.0% 80347136 / 95612459 84.0% 80355328 / 95612459 84.1% 80363520 / 95612459 84.1% 80371712 / 95612459 84.1% 80379904 / 95612459 84.1% 80388096 / 95612459 84.1% 80396288 / 95612459 84.1% 80404480 / 95612459 84.1% 80412672 / 95612459 84.1% 80420864 / 95612459 84.1% 80429056 / 95612459 84.1% 80437248 / 95612459 84.1% 80445440 / 95612459 84.1% 80453632 / 95612459 84.2% 80461824 / 95612459 84.2% 80470016 / 95612459 84.2% 80478208 / 95612459 84.2% 80486400 / 95612459 84.2% 80494592 / 95612459 84.2% 80502784 / 95612459 84.2% 80510976 / 95612459 84.2% 80519168 / 95612459 84.2% 80527360 / 95612459 84.2% 80535552 / 95612459 84.2% 80543744 / 95612459 84.2% 80551936 / 95612459 84.3% 80560128 / 95612459 84.3% 80568320 / 95612459 84.3% 80576512 / 95612459 84.3% 80584704 / 95612459 84.3% 80592896 / 95612459 84.3% 80601088 / 95612459 84.3% 80609280 / 95612459 84.3% 80617472 / 95612459 84.3% 80625664 / 95612459 84.3% 80633856 / 95612459 84.3% 80642048 / 95612459 84.4% 80650240 / 95612459 84.4% 80658432 / 95612459 84.4% 80666624 / 95612459 84.4% 80674816 / 95612459 84.4% 80683008 / 95612459 84.4% 80691200 / 95612459 84.4% 80699392 / 95612459 84.4% 80707584 / 95612459 84.4% 80715776 / 95612459 84.4% 80723968 / 95612459 84.4% 80732160 / 95612459 84.4% 80740352 / 95612459 84.5% 80748544 / 95612459 84.5% 80756736 / 95612459 84.5% 80764928 / 95612459 84.5% 80773120 / 95612459 84.5% 80781312 / 95612459 84.5% 80789504 / 95612459 84.5% 80797696 / 95612459 84.5% 80805888 / 95612459 84.5% 80814080 / 95612459 84.5% 80822272 / 95612459 84.5% 80830464 / 95612459 84.5% 80838656 / 95612459 84.6% 80846848 / 95612459 84.6% 80855040 / 95612459 84.6% 80863232 / 95612459 84.6% 80871424 / 95612459 84.6% 80879616 / 95612459 84.6% 80887808 / 95612459 84.6% 80896000 / 95612459 84.6% 80904192 / 95612459 84.6% 80912384 / 95612459 84.6% 80920576 / 95612459 84.6% 80928768 / 95612459 84.7% 80936960 / 95612459 84.7% 80945152 / 95612459 84.7% 80953344 / 95612459 84.7% 80961536 / 95612459 84.7% 80969728 / 95612459 84.7% 80977920 / 95612459 84.7% 80986112 / 95612459 84.7% 80994304 / 95612459 84.7% 81002496 / 95612459 84.7% 81010688 / 95612459 84.7% 81018880 / 95612459 84.7% 81027072 / 95612459 84.8% 81035264 / 95612459 84.8% 81043456 / 95612459 84.8% 81051648 / 95612459 84.8% 81059840 / 95612459 84.8% 81068032 / 95612459 84.8% 81076224 / 95612459 84.8% 81084416 / 95612459 84.8% 81092608 / 95612459 84.8% 81100800 / 95612459 84.8% 81108992 / 95612459 84.8% 81117184 / 95612459 84.8% 81125376 / 95612459 84.9% 81133568 / 95612459 84.9% 81141760 / 95612459 84.9% 81149952 / 95612459 84.9% 81158144 / 95612459 84.9% 81166336 / 95612459 84.9% 81174528 / 95612459 84.9% 81182720 / 95612459 84.9% 81190912 / 95612459 84.9% 81199104 / 95612459 84.9% 81207296 / 95612459 84.9% 81215488 / 95612459 85.0% 81223680 / 95612459 85.0% 81231872 / 95612459 85.0% 81240064 / 95612459 85.0% 81248256 / 95612459 85.0% 81256448 / 95612459 85.0% 81264640 / 95612459 85.0% 81272832 / 95612459 85.0% 81281024 / 95612459 85.0% 81289216 / 95612459 85.0% 81297408 / 95612459 85.0% 81305600 / 95612459 85.0% 81313792 / 95612459 85.1% 81321984 / 95612459 85.1% 81330176 / 95612459 85.1% 81338368 / 95612459 85.1% 81346560 / 95612459 85.1% 81354752 / 95612459 85.1% 81362944 / 95612459 85.1% 81371136 / 95612459 85.1% 81379328 / 95612459 85.1% 81387520 / 95612459 85.1% 81395712 / 95612459 85.1% 81403904 / 95612459 85.1% 81412096 / 95612459 85.2% 81420288 / 95612459 85.2% 81428480 / 95612459 85.2% 81436672 / 95612459 85.2% 81444864 / 95612459 85.2% 81453056 / 95612459 85.2% 81461248 / 95612459 85.2% 81469440 / 95612459 85.2% 81477632 / 95612459 85.2% 81485824 / 95612459 85.2% 81494016 / 95612459 85.2% 81502208 / 95612459 85.3% 81510400 / 95612459 85.3% 81518592 / 95612459 85.3% 81526784 / 95612459 85.3% 81534976 / 95612459 85.3% 81543168 / 95612459 85.3% 81551360 / 95612459 85.3% 81559552 / 95612459 85.3% 81567744 / 95612459 85.3% 81575936 / 95612459 85.3% 81584128 / 95612459 85.3% 81592320 / 95612459 85.3% 81600512 / 95612459 85.4% 81608704 / 95612459 85.4% 81616896 / 95612459 85.4% 81625088 / 95612459 85.4% 81633280 / 95612459 85.4% 81641472 / 95612459 85.4% 81649664 / 95612459 85.4% 81657856 / 95612459 85.4% 81666048 / 95612459 85.4% 81674240 / 95612459 85.4% 81682432 / 95612459 85.4% 81690624 / 95612459 85.4% 81698816 / 95612459 85.5% 81707008 / 95612459 85.5% 81715200 / 95612459 85.5% 81723392 / 95612459 85.5% 81731584 / 95612459 85.5% 81739776 / 95612459 85.5% 81747968 / 95612459 85.5% 81756160 / 95612459 85.5% 81764352 / 95612459 85.5% 81772544 / 95612459 85.5% 81780736 / 95612459 85.5% 81788928 / 95612459 85.6% 81797120 / 95612459 85.6% 81805312 / 95612459 85.6% 81813504 / 95612459 85.6% 81821696 / 95612459 85.6% 81829888 / 95612459 85.6% 81838080 / 95612459 85.6% 81846272 / 95612459 85.6% 81854464 / 95612459 85.6% 81862656 / 95612459 85.6% 81870848 / 95612459 85.6% 81879040 / 95612459 85.6% 81887232 / 95612459 85.7% 81895424 / 95612459 85.7% 81903616 / 95612459 85.7% 81911808 / 95612459 85.7% 81920000 / 95612459 85.7% 81928192 / 95612459 85.7% 81936384 / 95612459 85.7% 81944576 / 95612459 85.7% 81952768 / 95612459 85.7% 81960960 / 95612459 85.7% 81969152 / 95612459 85.7% 81977344 / 95612459 85.7% 81985536 / 95612459 85.8% 81993728 / 95612459 85.8% 82001920 / 95612459 85.8% 82010112 / 95612459 85.8% 82018304 / 95612459 85.8% 82026496 / 95612459 85.8% 82034688 / 95612459 85.8% 82042880 / 95612459 85.8% 82051072 / 95612459 85.8% 82059264 / 95612459 85.8% 82067456 / 95612459 85.8% 82075648 / 95612459 85.9% 82083840 / 95612459 85.9% 82092032 / 95612459 85.9% 82100224 / 95612459 85.9% 82108416 / 95612459 85.9% 82116608 / 95612459 85.9% 82124800 / 95612459 85.9% 82132992 / 95612459 85.9% 82141184 / 95612459 85.9% 82149376 / 95612459 85.9% 82157568 / 95612459 85.9% 82165760 / 95612459 85.9% 82173952 / 95612459 86.0% 82182144 / 95612459 86.0% 82190336 / 95612459 86.0% 82198528 / 95612459 86.0% 82206720 / 95612459 86.0% 82214912 / 95612459 86.0% 82223104 / 95612459 86.0% 82231296 / 95612459 86.0% 82239488 / 95612459 86.0% 82247680 / 95612459 86.0% 82255872 / 95612459 86.0% 82264064 / 95612459 86.0% 82272256 / 95612459 86.1% 82280448 / 95612459 86.1% 82288640 / 95612459 86.1% 82296832 / 95612459 86.1% 82305024 / 95612459 86.1% 82313216 / 95612459 86.1% 82321408 / 95612459 86.1% 82329600 / 95612459 86.1% 82337792 / 95612459 86.1% 82345984 / 95612459 86.1% 82354176 / 95612459 86.1% 82362368 / 95612459 86.2% 82370560 / 95612459 86.2% 82378752 / 95612459 86.2% 82386944 / 95612459 86.2% 82395136 / 95612459 86.2% 82403328 / 95612459 86.2% 82411520 / 95612459 86.2% 82419712 / 95612459 86.2% 82427904 / 95612459 86.2% 82436096 / 95612459 86.2% 82444288 / 95612459 86.2% 82452480 / 95612459 86.2% 82460672 / 95612459 86.3% 82468864 / 95612459 86.3% 82477056 / 95612459 86.3% 82485248 / 95612459 86.3% 82493440 / 95612459 86.3% 82501632 / 95612459 86.3% 82509824 / 95612459 86.3% 82518016 / 95612459 86.3% 82526208 / 95612459 86.3% 82534400 / 95612459 86.3% 82542592 / 95612459 86.3% 82550784 / 95612459 86.3% 82558976 / 95612459 86.4% 82567168 / 95612459 86.4% 82575360 / 95612459 86.4% 82583552 / 95612459 86.4% 82591744 / 95612459 86.4% 82599936 / 95612459 86.4% 82608128 / 95612459 86.4% 82616320 / 95612459 86.4% 82624512 / 95612459 86.4% 82632704 / 95612459 86.4% 82640896 / 95612459 86.4% 82649088 / 95612459 86.5% 82657280 / 95612459 86.5% 82665472 / 95612459 86.5% 82673664 / 95612459 86.5% 82681856 / 95612459 86.5% 82690048 / 95612459 86.5% 82698240 / 95612459 86.5% 82706432 / 95612459 86.5% 82714624 / 95612459 86.5% 82722816 / 95612459 86.5% 82731008 / 95612459 86.5% 82739200 / 95612459 86.5% 82747392 / 95612459 86.6% 82755584 / 95612459 86.6% 82763776 / 95612459 86.6% 82771968 / 95612459 86.6% 82780160 / 95612459 86.6% 82788352 / 95612459 86.6% 82796544 / 95612459 86.6% 82804736 / 95612459 86.6% 82812928 / 95612459 86.6% 82821120 / 95612459 86.6% 82829312 / 95612459 86.6% 82837504 / 95612459 86.6% 82845696 / 95612459 86.7% 82853888 / 95612459 86.7% 82862080 / 95612459 86.7% 82870272 / 95612459 86.7% 82878464 / 95612459 86.7% 82886656 / 95612459 86.7% 82894848 / 95612459 86.7% 82903040 / 95612459 86.7% 82911232 / 95612459 86.7% 82919424 / 95612459 86.7% 82927616 / 95612459 86.7% 82935808 / 95612459 86.8% 82944000 / 95612459 86.8% 82952192 / 95612459 86.8% 82960384 / 95612459 86.8% 82968576 / 95612459 86.8% 82976768 / 95612459 86.8% 82984960 / 95612459 86.8% 82993152 / 95612459 86.8% 83001344 / 95612459 86.8% 83009536 / 95612459 86.8% 83017728 / 95612459 86.8% 83025920 / 95612459 86.8% 83034112 / 95612459 86.9% 83042304 / 95612459 86.9% 83050496 / 95612459 86.9% 83058688 / 95612459 86.9% 83066880 / 95612459 86.9% 83075072 / 95612459 86.9% 83083264 / 95612459 86.9% 83091456 / 95612459 86.9% 83099648 / 95612459 86.9% 83107840 / 95612459 86.9% 83116032 / 95612459 86.9% 83124224 / 95612459 86.9% 83132416 / 95612459 87.0% 83140608 / 95612459 87.0% 83148800 / 95612459 87.0% 83156992 / 95612459 87.0% 83165184 / 95612459 87.0% 83173376 / 95612459 87.0% 83181568 / 95612459 87.0% 83189760 / 95612459 87.0% 83197952 / 95612459 87.0% 83206144 / 95612459 87.0% 83214336 / 95612459 87.0% 83222528 / 95612459 87.1% 83230720 / 95612459 87.1% 83238912 / 95612459 87.1% 83247104 / 95612459 87.1% 83255296 / 95612459 87.1% 83263488 / 95612459 87.1% 83271680 / 95612459 87.1% 83279872 / 95612459 87.1% 83288064 / 95612459 87.1% 83296256 / 95612459 87.1% 83304448 / 95612459 87.1% 83312640 / 95612459 87.1% 83320832 / 95612459 87.2% 83329024 / 95612459 87.2% 83337216 / 95612459 87.2% 83345408 / 95612459 87.2% 83353600 / 95612459 87.2% 83361792 / 95612459 87.2% 83369984 / 95612459 87.2% 83378176 / 95612459 87.2% 83386368 / 95612459 87.2% 83394560 / 95612459 87.2% 83402752 / 95612459 87.2% 83410944 / 95612459 87.2% 83419136 / 95612459 87.3% 83427328 / 95612459 87.3% 83435520 / 95612459 87.3% 83443712 / 95612459 87.3% 83451904 / 95612459 87.3% 83460096 / 95612459 87.3% 83468288 / 95612459 87.3% 83476480 / 95612459 87.3% 83484672 / 95612459 87.3% 83492864 / 95612459 87.3% 83501056 / 95612459 87.3% 83509248 / 95612459 87.3% 83517440 / 95612459 87.4% 83525632 / 95612459 87.4% 83533824 / 95612459 87.4% 83542016 / 95612459 87.4% 83550208 / 95612459 87.4% 83558400 / 95612459 87.4% 83566592 / 95612459 87.4% 83574784 / 95612459 87.4% 83582976 / 95612459 87.4% 83591168 / 95612459 87.4% 83599360 / 95612459 87.4% 83607552 / 95612459 87.5% 83615744 / 95612459 87.5% 83623936 / 95612459 87.5% 83632128 / 95612459 87.5% 83640320 / 95612459 87.5% 83648512 / 95612459 87.5% 83656704 / 95612459 87.5% 83664896 / 95612459 87.5% 83673088 / 95612459 87.5% 83681280 / 95612459 87.5% 83689472 / 95612459 87.5% 83697664 / 95612459 87.5% 83705856 / 95612459 87.6% 83714048 / 95612459 87.6% 83722240 / 95612459 87.6% 83730432 / 95612459 87.6% 83738624 / 95612459 87.6% 83746816 / 95612459 87.6% 83755008 / 95612459 87.6% 83763200 / 95612459 87.6% 83771392 / 95612459 87.6% 83779584 / 95612459 87.6% 83787776 / 95612459 87.6% 83795968 / 95612459 87.6% 83804160 / 95612459 87.7% 83812352 / 95612459 87.7% 83820544 / 95612459 87.7% 83828736 / 95612459 87.7% 83836928 / 95612459 87.7% 83845120 / 95612459 87.7% 83853312 / 95612459 87.7% 83861504 / 95612459 87.7% 83869696 / 95612459 87.7% 83877888 / 95612459 87.7% 83886080 / 95612459 87.7% 83894272 / 95612459 87.8% 83902464 / 95612459 87.8% 83910656 / 95612459 87.8% 83918848 / 95612459 87.8% 83927040 / 95612459 87.8% 83935232 / 95612459 87.8% 83943424 / 95612459 87.8% 83951616 / 95612459 87.8% 83959808 / 95612459 87.8% 83968000 / 95612459 87.8% 83976192 / 95612459 87.8% 83984384 / 95612459 87.8% 83992576 / 95612459 87.9% 84000768 / 95612459 87.9% 84008960 / 95612459 87.9% 84017152 / 95612459 87.9% 84025344 / 95612459 87.9% 84033536 / 95612459 87.9% 84041728 / 95612459 87.9% 84049920 / 95612459 87.9% 84058112 / 95612459 87.9% 84066304 / 95612459 87.9% 84074496 / 95612459 87.9% 84082688 / 95612459 87.9% 84090880 / 95612459 88.0% 84099072 / 95612459 88.0% 84107264 / 95612459 88.0% 84115456 / 95612459 88.0% 84123648 / 95612459 88.0% 84131840 / 95612459 88.0% 84140032 / 95612459 88.0% 84148224 / 95612459 88.0% 84156416 / 95612459 88.0% 84164608 / 95612459 88.0% 84172800 / 95612459 88.0% 84180992 / 95612459 88.1% 84189184 / 95612459 88.1% 84197376 / 95612459 88.1% 84205568 / 95612459 88.1% 84213760 / 95612459 88.1% 84221952 / 95612459 88.1% 84230144 / 95612459 88.1% 84238336 / 95612459 88.1% 84246528 / 95612459 88.1% 84254720 / 95612459 88.1% 84262912 / 95612459 88.1% 84271104 / 95612459 88.1% 84279296 / 95612459 88.2% 84287488 / 95612459 88.2% 84295680 / 95612459 88.2% 84303872 / 95612459 88.2% 84312064 / 95612459 88.2% 84320256 / 95612459 88.2% 84328448 / 95612459 88.2% 84336640 / 95612459 88.2% 84344832 / 95612459 88.2% 84353024 / 95612459 88.2% 84361216 / 95612459 88.2% 84369408 / 95612459 88.2% 84377600 / 95612459 88.3% 84385792 / 95612459 88.3% 84393984 / 95612459 88.3% 84402176 / 95612459 88.3% 84410368 / 95612459 88.3% 84418560 / 95612459 88.3% 84426752 / 95612459 88.3% 84434944 / 95612459 88.3% 84443136 / 95612459 88.3% 84451328 / 95612459 88.3% 84459520 / 95612459 88.3% 84467712 / 95612459 88.4% 84475904 / 95612459 88.4% 84484096 / 95612459 88.4% 84492288 / 95612459 88.4% 84500480 / 95612459 88.4% 84508672 / 95612459 88.4% 84516864 / 95612459 88.4% 84525056 / 95612459 88.4% 84533248 / 95612459 88.4% 84541440 / 95612459 88.4% 84549632 / 95612459 88.4% 84557824 / 95612459 88.4% 84566016 / 95612459 88.5% 84574208 / 95612459 88.5% 84582400 / 95612459 88.5% 84590592 / 95612459 88.5% 84598784 / 95612459 88.5% 84606976 / 95612459 88.5% 84615168 / 95612459 88.5% 84623360 / 95612459 88.5% 84631552 / 95612459 88.5% 84639744 / 95612459 88.5% 84647936 / 95612459 88.5% 84656128 / 95612459 88.5% 84664320 / 95612459 88.6% 84672512 / 95612459 88.6% 84680704 / 95612459 88.6% 84688896 / 95612459 88.6% 84697088 / 95612459 88.6% 84705280 / 95612459 88.6% 84713472 / 95612459 88.6% 84721664 / 95612459 88.6% 84729856 / 95612459 88.6% 84738048 / 95612459 88.6% 84746240 / 95612459 88.6% 84754432 / 95612459 88.7% 84762624 / 95612459 88.7% 84770816 / 95612459 88.7% 84779008 / 95612459 88.7% 84787200 / 95612459 88.7% 84795392 / 95612459 88.7% 84803584 / 95612459 88.7% 84811776 / 95612459 88.7% 84819968 / 95612459 88.7% 84828160 / 95612459 88.7% 84836352 / 95612459 88.7% 84844544 / 95612459 88.7% 84852736 / 95612459 88.8% 84860928 / 95612459 88.8% 84869120 / 95612459 88.8% 84877312 / 95612459 88.8% 84885504 / 95612459 88.8% 84893696 / 95612459 88.8% 84901888 / 95612459 88.8% 84910080 / 95612459 88.8% 84918272 / 95612459 88.8% 84926464 / 95612459 88.8% 84934656 / 95612459 88.8% 84942848 / 95612459 88.8% 84951040 / 95612459 88.9% 84959232 / 95612459 88.9% 84967424 / 95612459 88.9% 84975616 / 95612459 88.9% 84983808 / 95612459 88.9% 84992000 / 95612459 88.9% 85000192 / 95612459 88.9% 85008384 / 95612459 88.9% 85016576 / 95612459 88.9% 85024768 / 95612459 88.9% 85032960 / 95612459 88.9% 85041152 / 95612459 89.0% 85049344 / 95612459 89.0% 85057536 / 95612459 89.0% 85065728 / 95612459 89.0% 85073920 / 95612459 89.0% 85082112 / 95612459 89.0% 85090304 / 95612459 89.0% 85098496 / 95612459 89.0% 85106688 / 95612459 89.0% 85114880 / 95612459 89.0% 85123072 / 95612459 89.0% 85131264 / 95612459 89.0% 85139456 / 95612459 89.1% 85147648 / 95612459 89.1% 85155840 / 95612459 89.1% 85164032 / 95612459 89.1% 85172224 / 95612459 89.1% 85180416 / 95612459 89.1% 85188608 / 95612459 89.1% 85196800 / 95612459 89.1% 85204992 / 95612459 89.1% 85213184 / 95612459 89.1% 85221376 / 95612459 89.1% 85229568 / 95612459 89.1% 85237760 / 95612459 89.2% 85245952 / 95612459 89.2% 85254144 / 95612459 89.2% 85262336 / 95612459 89.2% 85270528 / 95612459 89.2% 85278720 / 95612459 89.2% 85286912 / 95612459 89.2% 85295104 / 95612459 89.2% 85303296 / 95612459 89.2% 85311488 / 95612459 89.2% 85319680 / 95612459 89.2% 85327872 / 95612459 89.3% 85336064 / 95612459 89.3% 85344256 / 95612459 89.3% 85352448 / 95612459 89.3% 85360640 / 95612459 89.3% 85368832 / 95612459 89.3% 85377024 / 95612459 89.3% 85385216 / 95612459 89.3% 85393408 / 95612459 89.3% 85401600 / 95612459 89.3% 85409792 / 95612459 89.3% 85417984 / 95612459 89.3% 85426176 / 95612459 89.4% 85434368 / 95612459 89.4% 85442560 / 95612459 89.4% 85450752 / 95612459 89.4% 85458944 / 95612459 89.4% 85467136 / 95612459 89.4% 85475328 / 95612459 89.4% 85483520 / 95612459 89.4% 85491712 / 95612459 89.4% 85499904 / 95612459 89.4% 85508096 / 95612459 89.4% 85516288 / 95612459 89.4% 85524480 / 95612459 89.5% 85532672 / 95612459 89.5% 85540864 / 95612459 89.5% 85549056 / 95612459 89.5% 85557248 / 95612459 89.5% 85565440 / 95612459 89.5% 85573632 / 95612459 89.5% 85581824 / 95612459 89.5% 85590016 / 95612459 89.5% 85598208 / 95612459 89.5% 85606400 / 95612459 89.5% 85614592 / 95612459 89.6% 85622784 / 95612459 89.6% 85630976 / 95612459 89.6% 85639168 / 95612459 89.6% 85647360 / 95612459 89.6% 85655552 / 95612459 89.6% 85663744 / 95612459 89.6% 85671936 / 95612459 89.6% 85680128 / 95612459 89.6% 85688320 / 95612459 89.6% 85696512 / 95612459 89.6% 85704704 / 95612459 89.6% 85712896 / 95612459 89.7% 85721088 / 95612459 89.7% 85729280 / 95612459 89.7% 85737472 / 95612459 89.7% 85745664 / 95612459 89.7% 85753856 / 95612459 89.7% 85762048 / 95612459 89.7% 85770240 / 95612459 89.7% 85778432 / 95612459 89.7% 85786624 / 95612459 89.7% 85794816 / 95612459 89.7% 85803008 / 95612459 89.7% 85811200 / 95612459 89.8% 85819392 / 95612459 89.8% 85827584 / 95612459 89.8% 85835776 / 95612459 89.8% 85843968 / 95612459 89.8% 85852160 / 95612459 89.8% 85860352 / 95612459 89.8% 85868544 / 95612459 89.8% 85876736 / 95612459 89.8% 85884928 / 95612459 89.8% 85893120 / 95612459 89.8% 85901312 / 95612459 89.9% 85909504 / 95612459 89.9% 85917696 / 95612459 89.9% 85925888 / 95612459 89.9% 85934080 / 95612459 89.9% 85942272 / 95612459 89.9% 85950464 / 95612459 89.9% 85958656 / 95612459 89.9% 85966848 / 95612459 89.9% 85975040 / 95612459 89.9% 85983232 / 95612459 89.9% 85991424 / 95612459 89.9% 85999616 / 95612459 90.0% 86007808 / 95612459 90.0% 86016000 / 95612459 90.0% 86024192 / 95612459 90.0% 86032384 / 95612459 90.0% 86040576 / 95612459 90.0% 86048768 / 95612459 90.0% 86056960 / 95612459
 90.0% 86065152 / 95612459 90.0% 86073344 / 95612459 90.0% 86081536 / 95612459 90.0% 86089728 / 95612459 90.0% 86097920 / 95612459 90.1% 86106112 / 95612459 90.1% 86114304 / 95612459 90.1% 86122496 / 95612459 90.1% 86130688 / 95612459 90.1% 86138880 / 95612459 90.1% 86147072 / 95612459 90.1% 86155264 / 95612459 90.1% 86163456 / 95612459 90.1% 86171648 / 95612459 90.1% 86179840 / 95612459 90.1% 86188032 / 95612459 90.2% 86196224 / 95612459 90.2% 86204416 / 95612459 90.2% 86212608 / 95612459 90.2% 86220800 / 95612459 90.2% 86228992 / 95612459 90.2% 86237184 / 95612459 90.2% 86245376 / 95612459 90.2% 86253568 / 95612459 90.2% 86261760 / 95612459 90.2% 86269952 / 95612459 90.2% 86278144 / 95612459 90.2% 86286336 / 95612459 90.3% 86294528 / 95612459 90.3% 86302720 / 95612459 90.3% 86310912 / 95612459 90.3% 86319104 / 95612459 90.3% 86327296 / 95612459 90.3% 86335488 / 95612459 90.3% 86343680 / 95612459 90.3% 86351872 / 95612459 90.3% 86360064 / 95612459 90.3% 86368256 / 95612459 90.3% 86376448 / 95612459 90.3% 86384640 / 95612459 90.4% 86392832 / 95612459 90.4% 86401024 / 95612459 90.4% 86409216 / 95612459 90.4% 86417408 / 95612459 90.4% 86425600 / 95612459 90.4% 86433792 / 95612459 90.4% 86441984 / 95612459 90.4% 86450176 / 95612459 90.4% 86458368 / 95612459 90.4% 86466560 / 95612459 90.4% 86474752 / 95612459 90.5% 86482944 / 95612459 90.5% 86491136 / 95612459 90.5% 86499328 / 95612459 90.5% 86507520 / 95612459 90.5% 86515712 / 95612459 90.5% 86523904 / 95612459 90.5% 86532096 / 95612459 90.5% 86540288 / 95612459 90.5% 86548480 / 95612459 90.5% 86556672 / 95612459 90.5% 86564864 / 95612459 90.5% 86573056 / 95612459 90.6% 86581248 / 95612459 90.6% 86589440 / 95612459 90.6% 86597632 / 95612459 90.6% 86605824 / 95612459 90.6% 86614016 / 95612459 90.6% 86622208 / 95612459 90.6% 86630400 / 95612459 90.6% 86638592 / 95612459 90.6% 86646784 / 95612459 90.6% 86654976 / 95612459 90.6% 86663168 / 95612459 90.6% 86671360 / 95612459 90.7% 86679552 / 95612459 90.7% 86687744 / 95612459 90.7% 86695936 / 95612459 90.7% 86704128 / 95612459 90.7% 86712320 / 95612459 90.7% 86720512 / 95612459 90.7% 86728704 / 95612459 90.7% 86736896 / 95612459 90.7% 86745088 / 95612459 90.7% 86753280 / 95612459 90.7% 86761472 / 95612459 90.8% 86769664 / 95612459 90.8% 86777856 / 95612459 90.8% 86786048 / 95612459 90.8% 86794240 / 95612459 90.8% 86802432 / 95612459 90.8% 86810624 / 95612459 90.8% 86818816 / 95612459 90.8% 86827008 / 95612459 90.8% 86835200 / 95612459 90.8% 86843392 / 95612459 90.8% 86851584 / 95612459 90.8% 86859776 / 95612459 90.9% 86867968 / 95612459 90.9% 86876160 / 95612459 90.9% 86884352 / 95612459 90.9% 86892544 / 95612459 90.9% 86900736 / 95612459 90.9% 86908928 / 95612459 90.9% 86917120 / 95612459 90.9% 86925312 / 95612459 90.9% 86933504 / 95612459 90.9% 86941696 / 95612459 90.9% 86949888 / 95612459 90.9% 86958080 / 95612459 91.0% 86966272 / 95612459 91.0% 86974464 / 95612459 91.0% 86982656 / 95612459 91.0% 86990848 / 95612459 91.0% 86999040 / 95612459 91.0% 87007232 / 95612459 91.0% 87015424 / 95612459 91.0% 87023616 / 95612459 91.0% 87031808 / 95612459 91.0% 87040000 / 95612459 91.0% 87048192 / 95612459 91.1% 87056384 / 95612459 91.1% 87064576 / 95612459 91.1% 87072768 / 95612459 91.1% 87080960 / 95612459 91.1% 87089152 / 95612459 91.1% 87097344 / 95612459 91.1% 87105536 / 95612459 91.1% 87113728 / 95612459 91.1% 87121920 / 95612459 91.1% 87130112 / 95612459 91.1% 87138304 / 95612459 91.1% 87146496 / 95612459 91.2% 87154688 / 95612459 91.2% 87162880 / 95612459 91.2% 87171072 / 95612459 91.2% 87179264 / 95612459 91.2% 87187456 / 95612459 91.2% 87195648 / 95612459 91.2% 87203840 / 95612459 91.2% 87212032 / 95612459 91.2% 87220224 / 95612459 91.2% 87228416 / 95612459 91.2% 87236608 / 95612459 91.2% 87244800 / 95612459 91.3% 87252992 / 95612459 91.3% 87261184 / 95612459 91.3% 87269376 / 95612459 91.3% 87277568 / 95612459 91.3% 87285760 / 95612459 91.3% 87293952 / 95612459 91.3% 87302144 / 95612459 91.3% 87310336 / 95612459 91.3% 87318528 / 95612459 91.3% 87326720 / 95612459 91.3% 87334912 / 95612459 91.4% 87343104 / 95612459 91.4% 87351296 / 95612459 91.4% 87359488 / 95612459 91.4% 87367680 / 95612459 91.4% 87375872 / 95612459 91.4% 87384064 / 95612459 91.4% 87392256 / 95612459 91.4% 87400448 / 95612459 91.4% 87408640 / 95612459 91.4% 87416832 / 95612459 91.4% 87425024 / 95612459 91.4% 87433216 / 95612459 91.5% 87441408 / 95612459 91.5% 87449600 / 95612459 91.5% 87457792 / 95612459 91.5% 87465984 / 95612459 91.5% 87474176 / 95612459 91.5% 87482368 / 95612459 91.5% 87490560 / 95612459 91.5% 87498752 / 95612459 91.5% 87506944 / 95612459 91.5% 87515136 / 95612459 91.5% 87523328 / 95612459 91.5% 87531520 / 95612459 91.6% 87539712 / 95612459 91.6% 87547904 / 95612459 91.6% 87556096 / 95612459 91.6% 87564288 / 95612459 91.6% 87572480 / 95612459 91.6% 87580672 / 95612459 91.6% 87588864 / 95612459 91.6% 87597056 / 95612459 91.6% 87605248 / 95612459 91.6% 87613440 / 95612459 91.6% 87621632 / 95612459 91.7% 87629824 / 95612459 91.7% 87638016 / 95612459 91.7% 87646208 / 95612459 91.7% 87654400 / 95612459 91.7% 87662592 / 95612459 91.7% 87670784 / 95612459 91.7% 87678976 / 95612459 91.7% 87687168 / 95612459 91.7% 87695360 / 95612459 91.7% 87703552 / 95612459 91.7% 87711744 / 95612459 91.7% 87719936 / 95612459 91.8% 87728128 / 95612459 91.8% 87736320 / 95612459 91.8% 87744512 / 95612459 91.8% 87752704 / 95612459 91.8% 87760896 / 95612459 91.8% 87769088 / 95612459 91.8% 87777280 / 95612459 91.8% 87785472 / 95612459 91.8% 87793664 / 95612459 91.8% 87801856 / 95612459 91.8% 87810048 / 95612459 91.8% 87818240 / 95612459 91.9% 87826432 / 95612459 91.9% 87834624 / 95612459 91.9% 87842816 / 95612459 91.9% 87851008 / 95612459 91.9% 87859200 / 95612459 91.9% 87867392 / 95612459 91.9% 87875584 / 95612459 91.9% 87883776 / 95612459 91.9% 87891968 / 95612459 91.9% 87900160 / 95612459 91.9% 87908352 / 95612459 92.0% 87916544 / 95612459 92.0% 87924736 / 95612459 92.0% 87932928 / 95612459 92.0% 87941120 / 95612459 92.0% 87949312 / 95612459 92.0% 87957504 / 95612459 92.0% 87965696 / 95612459 92.0% 87973888 / 95612459 92.0% 87982080 / 95612459 92.0% 87990272 / 95612459 92.0% 87998464 / 95612459 92.0% 88006656 / 95612459 92.1% 88014848 / 95612459 92.1% 88023040 / 95612459 92.1% 88031232 / 95612459 92.1% 88039424 / 95612459 92.1% 88047616 / 95612459 92.1% 88055808 / 95612459 92.1% 88064000 / 95612459 92.1% 88072192 / 95612459 92.1% 88080384 / 95612459 92.1% 88088576 / 95612459 92.1% 88096768 / 95612459 92.1% 88104960 / 95612459 92.2% 88113152 / 95612459 92.2% 88121344 / 95612459 92.2% 88129536 / 95612459 92.2% 88137728 / 95612459 92.2% 88145920 / 95612459 92.2% 88154112 / 95612459 92.2% 88162304 / 95612459 92.2% 88170496 / 95612459 92.2% 88178688 / 95612459 92.2% 88186880 / 95612459 92.2% 88195072 / 95612459 92.3% 88203264 / 95612459 92.3% 88211456 / 95612459 92.3% 88219648 / 95612459 92.3% 88227840 / 95612459 92.3% 88236032 / 95612459 92.3% 88244224 / 95612459 92.3% 88252416 / 95612459 92.3% 88260608 / 95612459 92.3% 88268800 / 95612459 92.3% 88276992 / 95612459 92.3% 88285184 / 95612459 92.3% 88293376 / 95612459 92.4% 88301568 / 95612459 92.4% 88309760 / 95612459 92.4% 88317952 / 95612459 92.4% 88326144 / 95612459 92.4% 88334336 / 95612459 92.4% 88342528 / 95612459 92.4% 88350720 / 95612459 92.4% 88358912 / 95612459 92.4% 88367104 / 95612459 92.4% 88375296 / 95612459 92.4% 88383488 / 95612459 92.4% 88391680 / 95612459 92.5% 88399872 / 95612459 92.5% 88408064 / 95612459 92.5% 88416256 / 95612459 92.5% 88424448 / 95612459 92.5% 88432640 / 95612459 92.5% 88440832 / 95612459 92.5% 88449024 / 95612459 92.5% 88457216 / 95612459 92.5% 88465408 / 95612459 92.5% 88473600 / 95612459 92.5% 88481792 / 95612459 92.6% 88489984 / 95612459 92.6% 88498176 / 95612459 92.6% 88506368 / 95612459 92.6% 88514560 / 95612459 92.6% 88522752 / 95612459 92.6% 88530944 / 95612459 92.6% 88539136 / 95612459 92.6% 88547328 / 95612459 92.6% 88555520 / 95612459 92.6% 88563712 / 95612459 92.6% 88571904 / 95612459 92.6% 88580096 / 95612459 92.7% 88588288 / 95612459 92.7% 88596480 / 95612459 92.7% 88604672 / 95612459 92.7% 88612864 / 95612459 92.7% 88621056 / 95612459 92.7% 88629248 / 95612459 92.7% 88637440 / 95612459 92.7% 88645632 / 95612459 92.7% 88653824 / 95612459 92.7% 88662016 / 95612459 92.7% 88670208 / 95612459 92.7% 88678400 / 95612459 92.8% 88686592 / 95612459 92.8% 88694784 / 95612459 92.8% 88702976 / 95612459 92.8% 88711168 / 95612459 92.8% 88719360 / 95612459 92.8% 88727552 / 95612459 92.8% 88735744 / 95612459 92.8% 88743936 / 95612459 92.8% 88752128 / 95612459 92.8% 88760320 / 95612459 92.8% 88768512 / 95612459 92.9% 88776704 / 95612459 92.9% 88784896 / 95612459 92.9% 88793088 / 95612459 92.9% 88801280 / 95612459 92.9% 88809472 / 95612459 92.9% 88817664 / 95612459 92.9% 88825856 / 95612459 92.9% 88834048 / 95612459 92.9% 88842240 / 95612459 92.9% 88850432 / 95612459 92.9% 88858624 / 95612459 92.9% 88866816 / 95612459 93.0% 88875008 / 95612459 93.0% 88883200 / 95612459 93.0% 88891392 / 95612459 93.0% 88899584 / 95612459 93.0% 88907776 / 95612459 93.0% 88915968 / 95612459 93.0% 88924160 / 95612459 93.0% 88932352 / 95612459 93.0% 88940544 / 95612459 93.0% 88948736 / 95612459 93.0% 88956928 / 95612459 93.0% 88965120 / 95612459 93.1% 88973312 / 95612459 93.1% 88981504 / 95612459 93.1% 88989696 / 95612459 93.1% 88997888 / 95612459 93.1% 89006080 / 95612459 93.1% 89014272 / 95612459 93.1% 89022464 / 95612459 93.1% 89030656 / 95612459 93.1% 89038848 / 95612459 93.1% 89047040 / 95612459 93.1% 89055232 / 95612459 93.2% 89063424 / 95612459 93.2% 89071616 / 95612459 93.2% 89079808 / 95612459 93.2% 89088000 / 95612459 93.2% 89096192 / 95612459 93.2% 89104384 / 95612459 93.2% 89112576 / 95612459 93.2% 89120768 / 95612459 93.2% 89128960 / 95612459 93.2% 89137152 / 95612459 93.2% 89145344 / 95612459 93.2% 89153536 / 95612459 93.3% 89161728 / 95612459 93.3% 89169920 / 95612459 93.3% 89178112 / 95612459 93.3% 89186304 / 95612459 93.3% 89194496 / 95612459 93.3% 89202688 / 95612459 93.3% 89210880 / 95612459 93.3% 89219072 / 95612459 93.3% 89227264 / 95612459 93.3% 89235456 / 95612459 93.3% 89243648 / 95612459 93.3% 89251840 / 95612459 93.4% 89260032 / 95612459 93.4% 89268224 / 95612459 93.4% 89276416 / 95612459 93.4% 89284608 / 95612459 93.4% 89292800 / 95612459 93.4% 89300992 / 95612459 93.4% 89309184 / 95612459 93.4% 89317376 / 95612459 93.4% 89325568 / 95612459 93.4% 89333760 / 95612459 93.4% 89341952 / 95612459 93.5% 89350144 / 95612459 93.5% 89358336 / 95612459 93.5% 89366528 / 95612459 93.5% 89374720 / 95612459 93.5% 89382912 / 95612459 93.5% 89391104 / 95612459 93.5% 89399296 / 95612459 93.5% 89407488 / 95612459 93.5% 89415680 / 95612459 93.5% 89423872 / 95612459 93.5% 89432064 / 95612459 93.5% 89440256 / 95612459 93.6% 89448448 / 95612459 93.6% 89456640 / 95612459 93.6% 89464832 / 95612459 93.6% 89473024 / 95612459 93.6% 89481216 / 95612459 93.6% 89489408 / 95612459 93.6% 89497600 / 95612459 93.6% 89505792 / 95612459 93.6% 89513984 / 95612459 93.6% 89522176 / 95612459 93.6% 89530368 / 95612459 93.6% 89538560 / 95612459 93.7% 89546752 / 95612459 93.7% 89554944 / 95612459 93.7% 89563136 / 95612459 93.7% 89571328 / 95612459 93.7% 89579520 / 95612459 93.7% 89587712 / 95612459 93.7% 89595904 / 95612459 93.7% 89604096 / 95612459 93.7% 89612288 / 95612459 93.7% 89620480 / 95612459 93.7% 89628672 / 95612459 93.8% 89636864 / 95612459 93.8% 89645056 / 95612459 93.8% 89653248 / 95612459 93.8% 89661440 / 95612459 93.8% 89669632 / 95612459 93.8% 89677824 / 95612459 93.8% 89686016 / 95612459 93.8% 89694208 / 95612459 93.8% 89702400 / 95612459 93.8% 89710592 / 95612459 93.8% 89718784 / 95612459 93.8% 89726976 / 95612459 93.9% 89735168 / 95612459 93.9% 89743360 / 95612459 93.9% 89751552 / 95612459 93.9% 89759744 / 95612459 93.9% 89767936 / 95612459 93.9% 89776128 / 95612459 93.9% 89784320 / 95612459 93.9% 89792512 / 95612459 93.9% 89800704 / 95612459 93.9% 89808896 / 95612459 93.9% 89817088 / 95612459 93.9% 89825280 / 95612459 94.0% 89833472 / 95612459 94.0% 89841664 / 95612459 94.0% 89849856 / 95612459 94.0% 89858048 / 95612459 94.0% 89866240 / 95612459 94.0% 89874432 / 95612459 94.0% 89882624 / 95612459 94.0% 89890816 / 95612459 94.0% 89899008 / 95612459 94.0% 89907200 / 95612459 94.0% 89915392 / 95612459 94.1% 89923584 / 95612459 94.1% 89931776 / 95612459 94.1% 89939968 / 95612459 94.1% 89948160 / 95612459 94.1% 89956352 / 95612459 94.1% 89964544 / 95612459 94.1% 89972736 / 95612459 94.1% 89980928 / 95612459 94.1% 89989120 / 95612459 94.1% 89997312 / 95612459 94.1% 90005504 / 95612459 94.1% 90013696 / 95612459 94.2% 90021888 / 95612459 94.2% 90030080 / 95612459 94.2% 90038272 / 95612459 94.2% 90046464 / 95612459 94.2% 90054656 / 95612459 94.2% 90062848 / 95612459 94.2% 90071040 / 95612459 94.2% 90079232 / 95612459 94.2% 90087424 / 95612459 94.2% 90095616 / 95612459 94.2% 90103808 / 95612459 94.2% 90112000 / 95612459 94.3% 90120192 / 95612459 94.3% 90128384 / 95612459 94.3% 90136576 / 95612459 94.3% 90144768 / 95612459 94.3% 90152960 / 95612459 94.3% 90161152 / 95612459 94.3% 90169344 / 95612459 94.3% 90177536 / 95612459 94.3% 90185728 / 95612459 94.3% 90193920 / 95612459 94.3% 90202112 / 95612459 94.3% 90210304 / 95612459 94.4% 90218496 / 95612459 94.4% 90226688 / 95612459 94.4% 90234880 / 95612459 94.4% 90243072 / 95612459 94.4% 90251264 / 95612459 94.4% 90259456 / 95612459 94.4% 90267648 / 95612459 94.4% 90275840 / 95612459 94.4% 90284032 / 95612459 94.4% 90292224 / 95612459 94.4% 90300416 / 95612459 94.5% 90308608 / 95612459 94.5% 90316800 / 95612459 94.5% 90324992 / 95612459 94.5% 90333184 / 95612459 94.5% 90341376 / 95612459 94.5% 90349568 / 95612459 94.5% 90357760 / 95612459 94.5% 90365952 / 95612459 94.5% 90374144 / 95612459 94.5% 90382336 / 95612459 94.5% 90390528 / 95612459 94.5% 90398720 / 95612459 94.6% 90406912 / 95612459 94.6% 90415104 / 95612459 94.6% 90423296 / 95612459 94.6% 90431488 / 95612459 94.6% 90439680 / 95612459 94.6% 90447872 / 95612459 94.6% 90456064 / 95612459 94.6% 90464256 / 95612459 94.6% 90472448 / 95612459 94.6% 90480640 / 95612459 94.6% 90488832 / 95612459 94.6% 90497024 / 95612459 94.7% 90505216 / 95612459 94.7% 90513408 / 95612459 94.7% 90521600 / 95612459 94.7% 90529792 / 95612459 94.7% 90537984 / 95612459 94.7% 90546176 / 95612459 94.7% 90554368 / 95612459 94.7% 90562560 / 95612459 94.7% 90570752 / 95612459 94.7% 90578944 / 95612459 94.7% 90587136 / 95612459 94.8% 90595328 / 95612459 94.8% 90603520 / 95612459 94.8% 90611712 / 95612459 94.8% 90619904 / 95612459 94.8% 90628096 / 95612459 94.8% 90636288 / 95612459 94.8% 90644480 / 95612459 94.8% 90652672 / 95612459 94.8% 90660864 / 95612459 94.8% 90669056 / 95612459 94.8% 90677248 / 95612459 94.8% 90685440 / 95612459 94.9% 90693632 / 95612459 94.9% 90701824 / 95612459 94.9% 90710016 / 95612459 94.9% 90718208 / 95612459 94.9% 90726400 / 95612459 94.9% 90734592 / 95612459 94.9% 90742784 / 95612459 94.9% 90750976 / 95612459 94.9% 90759168 / 95612459 94.9% 90767360 / 95612459 94.9% 90775552 / 95612459 94.9% 90783744 / 95612459 95.0% 90791936 / 95612459 95.0% 90800128 / 95612459 95.0% 90808320 / 95612459 95.0% 90816512 / 95612459 95.0% 90824704 / 95612459 95.0% 90832896 / 95612459 95.0% 90841088 / 95612459 95.0% 90849280 / 95612459 95.0% 90857472 / 95612459 95.0% 90865664 / 95612459 95.0% 90873856 / 95612459 95.1% 90882048 / 95612459 95.1% 90890240 / 95612459 95.1% 90898432 / 95612459 95.1% 90906624 / 95612459 95.1% 90914816 / 95612459 95.1% 90923008 / 95612459 95.1% 90931200 / 95612459 95.1% 90939392 / 95612459 95.1% 90947584 / 95612459 95.1% 90955776 / 95612459 95.1% 90963968 / 95612459 95.1% 90972160 / 95612459 95.2% 90980352 / 95612459 95.2% 90988544 / 95612459 95.2% 90996736 / 95612459 95.2% 91004928 / 95612459 95.2% 91013120 / 95612459 95.2% 91021312 / 95612459 95.2% 91029504 / 95612459 95.2% 91037696 / 95612459 95.2% 91045888 / 95612459 95.2% 91054080 / 95612459 95.2% 91062272 / 95612459 95.2% 91070464 / 95612459 95.3% 91078656 / 95612459 95.3% 91086848 / 95612459 95.3% 91095040 / 95612459 95.3% 91103232 / 95612459 95.3% 91111424 / 95612459 95.3% 91119616 / 95612459 95.3% 91127808 / 95612459 95.3% 91136000 / 95612459 95.3% 91144192 / 95612459 95.3% 91152384 / 95612459 95.3% 91160576 / 95612459 95.4% 91168768 / 95612459 95.4% 91176960 / 95612459 95.4% 91185152 / 95612459 95.4% 91193344 / 95612459 95.4% 91201536 / 95612459 95.4% 91209728 / 95612459 95.4% 91217920 / 95612459 95.4% 91226112 / 95612459 95.4% 91234304 / 95612459 95.4% 91242496 / 95612459 95.4% 91250688 / 95612459 95.4% 91258880 / 95612459 95.5% 91267072 / 95612459 95.5% 91275264 / 95612459 95.5% 91283456 / 95612459 95.5% 91291648 / 95612459 95.5% 91299840 / 95612459 95.5% 91308032 / 95612459 95.5% 91316224 / 95612459 95.5% 91324416 / 95612459 95.5% 91332608 / 95612459 95.5% 91340800 / 95612459 95.5% 91348992 / 95612459 95.5% 91357184 / 95612459 95.6% 91365376 / 95612459 95.6% 91373568 / 95612459 95.6% 91381760 / 95612459 95.6% 91389952 / 95612459 95.6% 91398144 / 95612459 95.6% 91406336 / 95612459 95.6% 91414528 / 95612459 95.6% 91422720 / 95612459 95.6% 91430912 / 95612459 95.6% 91439104 / 95612459 95.6% 91447296 / 95612459 95.7% 91455488 / 95612459 95.7% 91463680 / 95612459 95.7% 91471872 / 95612459 95.7% 91480064 / 95612459 95.7% 91488256 / 95612459 95.7% 91496448 / 95612459 95.7% 91504640 / 95612459 95.7% 91512832 / 95612459 95.7% 91521024 / 95612459 95.7% 91529216 / 95612459 95.7% 91537408 / 95612459 95.7% 91545600 / 95612459 95.8% 91553792 / 95612459 95.8% 91561984 / 95612459 95.8% 91570176 / 95612459 95.8% 91578368 / 95612459 95.8% 91586560 / 95612459 95.8% 91594752 / 95612459 95.8% 91602944 / 95612459 95.8% 91611136 / 95612459 95.8% 91619328 / 95612459 95.8% 91627520 / 95612459 95.8% 91635712 / 95612459 95.8% 91643904 / 95612459 95.9% 91652096 / 95612459 95.9% 91660288 / 95612459 95.9% 91668480 / 95612459 95.9% 91676672 / 95612459 95.9% 91684864 / 95612459 95.9% 91693056 / 95612459 95.9% 91701248 / 95612459 95.9% 91709440 / 95612459 95.9% 91717632 / 95612459 95.9% 91725824 / 95612459 95.9% 91734016 / 95612459 96.0% 91742208 / 95612459 96.0% 91750400 / 95612459 96.0% 91758592 / 95612459 96.0% 91766784 / 95612459 96.0% 91774976 / 95612459 96.0% 91783168 / 95612459 96.0% 91791360 / 95612459 96.0% 91799552 / 95612459 96.0% 91807744 / 95612459 96.0% 91815936 / 95612459 96.0% 91824128 / 95612459 96.0% 91832320 / 95612459 96.1% 91840512 / 95612459 96.1% 91848704 / 95612459 96.1% 91856896 / 95612459 96.1% 91865088 / 95612459 96.1% 91873280 / 95612459 96.1% 91881472 / 95612459 96.1% 91889664 / 95612459 96.1% 91897856 / 95612459 96.1% 91906048 / 95612459 96.1% 91914240 / 95612459 96.1% 91922432 / 95612459 96.1% 91930624 / 95612459 96.2% 91938816 / 95612459 96.2% 91947008 / 95612459 96.2% 91955200 / 95612459 96.2% 91963392 / 95612459 96.2% 91971584 / 95612459 96.2% 91979776 / 95612459 96.2% 91987968 / 95612459 96.2% 91996160 / 95612459 96.2% 92004352 / 95612459 96.2% 92012544 / 95612459 96.2% 92020736 / 95612459 96.3% 92028928 / 95612459 96.3% 92037120 / 95612459 96.3% 92045312 / 95612459 96.3% 92053504 / 95612459 96.3% 92061696 / 95612459 96.3% 92069888 / 95612459 96.3% 92078080 / 95612459 96.3% 92086272 / 95612459 96.3% 92094464 / 95612459 96.3% 92102656 / 95612459 96.3% 92110848 / 95612459 96.3% 92119040 / 95612459 96.4% 92127232 / 95612459 96.4% 92135424 / 95612459 96.4% 92143616 / 95612459 96.4% 92151808 / 95612459 96.4% 92160000 / 95612459 96.4% 92168192 / 95612459 96.4% 92176384 / 95612459 96.4% 92184576 / 95612459 96.4% 92192768 / 95612459 96.4% 92200960 / 95612459 96.4% 92209152 / 95612459 96.4% 92217344 / 95612459 96.5% 92225536 / 95612459 96.5% 92233728 / 95612459 96.5% 92241920 / 95612459 96.5% 92250112 / 95612459 96.5% 92258304 / 95612459 96.5% 92266496 / 95612459 96.5% 92274688 / 95612459 96.5% 92282880 / 95612459 96.5% 92291072 / 95612459 96.5% 92299264 / 95612459 96.5% 92307456 / 95612459 96.6% 92315648 / 95612459 96.6% 92323840 / 95612459 96.6% 92332032 / 95612459 96.6% 92340224 / 95612459 96.6% 92348416 / 95612459 96.6% 92356608 / 95612459 96.6% 92364800 / 95612459 96.6% 92372992 / 95612459 96.6% 92381184 / 95612459 96.6% 92389376 / 95612459 96.6% 92397568 / 95612459 96.6% 92405760 / 95612459 96.7% 92413952 / 95612459 96.7% 92422144 / 95612459 96.7% 92430336 / 95612459 96.7% 92438528 / 95612459 96.7% 92446720 / 95612459 96.7% 92454912 / 95612459 96.7% 92463104 / 95612459 96.7% 92471296 / 95612459 96.7% 92479488 / 95612459 96.7% 92487680 / 95612459 96.7% 92495872 / 95612459 96.7% 92504064 / 95612459 96.8% 92512256 / 95612459 96.8% 92520448 / 95612459 96.8% 92528640 / 95612459 96.8% 92536832 / 95612459 96.8% 92545024 / 95612459 96.8% 92553216 / 95612459 96.8% 92561408 / 95612459 96.8% 92569600 / 95612459 96.8% 92577792 / 95612459 96.8% 92585984 / 95612459 96.8% 92594176 / 95612459 96.9% 92602368 / 95612459 96.9% 92610560 / 95612459 96.9% 92618752 / 95612459 96.9% 92626944 / 95612459 96.9% 92635136 / 95612459 96.9% 92643328 / 95612459 96.9% 92651520 / 95612459 96.9% 92659712 / 95612459 96.9% 92667904 / 95612459 96.9% 92676096 / 95612459 96.9% 92684288 / 95612459 96.9% 92692480 / 95612459 97.0% 92700672 / 95612459 97.0% 92708864 / 95612459 97.0% 92717056 / 95612459 97.0% 92725248 / 95612459 97.0% 92733440 / 95612459 97.0% 92741632 / 95612459 97.0% 92749824 / 95612459 97.0% 92758016 / 95612459 97.0% 92766208 / 95612459 97.0% 92774400 / 95612459 97.0% 92782592 / 95612459 97.0% 92790784 / 95612459 97.1% 92798976 / 95612459 97.1% 92807168 / 95612459 97.1% 92815360 / 95612459 97.1% 92823552 / 95612459 97.1% 92831744 / 95612459 97.1% 92839936 / 95612459 97.1% 92848128 / 95612459 97.1% 92856320 / 95612459 97.1% 92864512 / 95612459 97.1% 92872704 / 95612459 97.1% 92880896 / 95612459 97.2% 92889088 / 95612459 97.2% 92897280 / 95612459 97.2% 92905472 / 95612459 97.2% 92913664 / 95612459 97.2% 92921856 / 95612459 97.2% 92930048 / 95612459 97.2% 92938240 / 95612459 97.2% 92946432 / 95612459 97.2% 92954624 / 95612459 97.2% 92962816 / 95612459 97.2% 92971008 / 95612459 97.2% 92979200 / 95612459 97.3% 92987392 / 95612459 97.3% 92995584 / 95612459 97.3% 93003776 / 95612459 97.3% 93011968 / 95612459 97.3% 93020160 / 95612459 97.3% 93028352 / 95612459 97.3% 93036544 / 95612459 97.3% 93044736 / 95612459 97.3% 93052928 / 95612459 97.3% 93061120 / 95612459 97.3% 93069312 / 95612459 97.3% 93077504 / 95612459 97.4% 93085696 / 95612459 97.4% 93093888 / 95612459 97.4% 93102080 / 95612459 97.4% 93110272 / 95612459 97.4% 93118464 / 95612459 97.4% 93126656 / 95612459 97.4% 93134848 / 95612459 97.4% 93143040 / 95612459 97.4% 93151232 / 95612459 97.4% 93159424 / 95612459 97.4% 93167616 / 95612459 97.5% 93175808 / 95612459 97.5% 93184000 / 95612459 97.5% 93192192 / 95612459 97.5% 93200384 / 95612459 97.5% 93208576 / 95612459 97.5% 93216768 / 95612459 97.5% 93224960 / 95612459 97.5% 93233152 / 95612459 97.5% 93241344 / 95612459 97.5% 93249536 / 95612459 97.5% 93257728 / 95612459 97.5% 93265920 / 95612459 97.6% 93274112 / 95612459 97.6% 93282304 / 95612459 97.6% 93290496 / 95612459 97.6% 93298688 / 95612459 97.6% 93306880 / 95612459 97.6% 93315072 / 95612459 97.6% 93323264 / 95612459 97.6% 93331456 / 95612459 97.6% 93339648 / 95612459 97.6% 93347840 / 95612459 97.6% 93356032 / 95612459 97.6% 93364224 / 95612459 97.7% 93372416 / 95612459 97.7% 93380608 / 95612459 97.7% 93388800 / 95612459 97.7% 93396992 / 95612459 97.7% 93405184 / 95612459 97.7% 93413376 / 95612459 97.7% 93421568 / 95612459 97.7% 93429760 / 95612459 97.7% 93437952 / 95612459 97.7% 93446144 / 95612459 97.7% 93454336 / 95612459 97.8% 93462528 / 95612459 97.8% 93470720 / 95612459 97.8% 93478912 / 95612459 97.8% 93487104 / 95612459 97.8% 93495296 / 95612459 97.8% 93503488 / 95612459 97.8% 93511680 / 95612459 97.8% 93519872 / 95612459 97.8% 93528064 / 95612459 97.8% 93536256 / 95612459 97.8% 93544448 / 95612459 97.8% 93552640 / 95612459 97.9% 93560832 / 95612459 97.9% 93569024 / 95612459 97.9% 93577216 / 95612459 97.9% 93585408 / 95612459 97.9% 93593600 / 95612459 97.9% 93601792 / 95612459 97.9% 93609984 / 95612459 97.9% 93618176 / 95612459 97.9% 93626368 / 95612459 97.9% 93634560 / 95612459 97.9% 93642752 / 95612459 97.9% 93650944 / 95612459 98.0% 93659136 / 95612459 98.0% 93667328 / 95612459 98.0% 93675520 / 95612459 98.0% 93683712 / 95612459 98.0% 93691904 / 95612459 98.0% 93700096 / 95612459 98.0% 93708288 / 95612459 98.0% 93716480 / 95612459 98.0% 93724672 / 95612459 98.0% 93732864 / 95612459 98.0% 93741056 / 95612459 98.1% 93749248 / 95612459 98.1% 93757440 / 95612459 98.1% 93765632 / 95612459 98.1% 93773824 / 95612459 98.1% 93782016 / 95612459 98.1% 93790208 / 95612459 98.1% 93798400 / 95612459 98.1% 93806592 / 95612459 98.1% 93814784 / 95612459 98.1% 93822976 / 95612459 98.1% 93831168 / 95612459 98.1% 93839360 / 95612459 98.2% 93847552 / 95612459 98.2% 93855744 / 95612459 98.2% 93863936 / 95612459 98.2% 93872128 / 95612459 98.2% 93880320 / 95612459 98.2% 93888512 / 95612459 98.2% 93896704 / 95612459 98.2% 93904896 / 95612459 98.2% 93913088 / 95612459 98.2% 93921280 / 95612459 98.2% 93929472 / 95612459 98.2% 93937664 / 95612459 98.3% 93945856 / 95612459 98.3% 93954048 / 95612459 98.3% 93962240 / 95612459 98.3% 93970432 / 95612459 98.3% 93978624 / 95612459 98.3% 93986816 / 95612459 98.3% 93995008 / 95612459 98.3% 94003200 / 95612459 98.3% 94011392 / 95612459 98.3% 94019584 / 95612459 98.3% 94027776 / 95612459 98.4% 94035968 / 95612459 98.4% 94044160 / 95612459 98.4% 94052352 / 95612459 98.4% 94060544 / 95612459 98.4% 94068736 / 95612459 98.4% 94076928 / 95612459 98.4% 94085120 / 95612459 98.4% 94093312 / 95612459 98.4% 94101504 / 95612459 98.4% 94109696 / 95612459 98.4% 94117888 / 95612459 98.4% 94126080 / 95612459 98.5% 94134272 / 95612459 98.5% 94142464 / 95612459 98.5% 94150656 / 95612459 98.5% 94158848 / 95612459 98.5% 94167040 / 95612459 98.5% 94175232 / 95612459 98.5% 94183424 / 95612459 98.5% 94191616 / 95612459 98.5% 94199808 / 95612459 98.5% 94208000 / 95612459 98.5% 94216192 / 95612459 98.5% 94224384 / 95612459 98.6% 94232576 / 95612459 98.6% 94240768 / 95612459 98.6% 94248960 / 95612459 98.6% 94257152 / 95612459 98.6% 94265344 / 95612459 98.6% 94273536 / 95612459 98.6% 94281728 / 95612459 98.6% 94289920 / 95612459 98.6% 94298112 / 95612459 98.6% 94306304 / 95612459 98.6% 94314496 / 95612459 98.7% 94322688 / 95612459Archive:  /tmp/tmp.DE7FeAsEFs/alphagsm-home/downloads/downloads/x/eknwafac/mb_warband_dedicated_1174.zip
   creating: /tmp/tmp.DE7FeAsEFs/alphagsm-home/downloads/downloads/x/eknwafac/mb_warband_dedicated_1174/
   creating: /tmp/tmp.DE7FeAsEFs/alphagsm-home/downloads/downloads/x/eknwafac/mb_warband_dedicated_1174/Mount&Blade Warband Dedicated/
   creating: /tmp/tmp.DE7FeAsEFs/alphagsm-home/downloads/downloads/x/eknwafac/mb_warband_dedicated_1174/Mount&Blade Warband Dedicated/CommonRes/
  inflating: /tmp/tmp.DE7FeAsEFs/alphagsm-home/downloads/downloads/x/eknwafac/mb_warband_dedicated_1174/Mount&Blade Warband Dedicated/CommonRes/anim_b.brf  
  inflating: /tmp/tmp.DE7FeAsEFs/alphagsm-home/downloads/downloads/x/eknwafac/mb_warband_dedicated_1174/Mount&Blade Warband Dedicated/CommonRes/ani_attacks.brf  
  inflating: /tmp/tmp.DE7FeAsEFs/alphagsm-home/downloads/downloads/x/eknwafac/mb_warband_dedicated_1174/Mount&Blade Warband Dedicated/CommonRes/ani_attacks_single.brf  
  inflating: /tmp/tmp.DE7FeAsEFs/alphagsm-home/downloads/downloads/x/eknwafac/mb_warband_dedicated_1174/Mount&Blade Warband Dedicated/CommonRes/ani_crouch_down.brf  
  inflating: /tmp/tmp.DE7FeAsEFs/alphagsm-home/downloads/downloads/x/eknwafac/mb_warband_dedicated_1174/Mount&Blade Warband Dedicated/CommonRes/ani_death.brf  
  inflating: /tmp/tmp.DE7FeAsEFs/alphagsm-home/downloads/downloads/x/eknwafac/mb_warband_dedicated_1174/Mount&Blade Warband Dedicated/CommonRes/ani_defends.brf  
  inflating: /tmp/tmp.DE7FeAsEFs/alphagsm-home/downloads/downloads/x/eknwafac/mb_warband_dedicated_1174/Mount&Blade Warband Dedicated/CommonRes/ani_equip_arms.brf  
  inflating: /tmp/tmp.DE7FeAsEFs/alphagsm-home/downloads/downloads/x/eknwafac/mb_warband_dedicated_1174/Mount&Blade Warband Dedicated/CommonRes/ani_horse_mounted.brf  
  inflating: /tmp/tmp.DE7FeAsEFs/alphagsm-home/downloads/downloads/x/eknwafac/mb_warband_dedicated_1174/Mount&Blade Warband Dedicated/CommonRes/ani_human_mounted.brf  
  inflating: /tmp/tmp.DE7FeAsEFs/alphagsm-home/downloads/downloads/x/eknwafac/mb_warband_dedicated_1174/Mount&Blade Warband Dedicated/CommonRes/ani_jump.brf  
  inflating: /tmp/tmp.DE7FeAsEFs/alphagsm-home/downloads/downloads/x/eknwafac/mb_warband_dedicated_1174/Mount&Blade Warband Dedicated/CommonRes/ani_kicks.brf  
  inflating: /tmp/tmp.DE7FeAsEFs/alphagsm-home/downloads/downloads/x/eknwafac/mb_warband_dedicated_1174/Mount&Blade Warband Dedicated/CommonRes/ani_lady_stand.brf  
  inflating: /tmp/tmp.DE7FeAsEFs/alphagsm-home/downloads/downloads/x/eknwafac/mb_warband_dedicated_1174/Mount&Blade Warband Dedicated/CommonRes/ani_lancer.brf  
  inflating: /tmp/tmp.DE7FeAsEFs/alphagsm-home/downloads/downloads/x/eknwafac/mb_warband_dedicated_1174/Mount&Blade Warband Dedicated/CommonRes/ani_low_walk.brf  
  inflating: /tmp/tmp.DE7FeAsEFs/alphagsm-home/downloads/downloads/x/eknwafac/mb_warband_dedicated_1174/Mount&Blade Warband Dedicated/CommonRes/ani_man_cheer.brf  
  inflating: /tmp/tmp.DE7FeAsEFs/alphagsm-home/downloads/downloads/x/eknwafac/mb_warband_dedicated_1174/Mount&Blade Warband Dedicated/CommonRes/ani_man_walk.brf  
  inflating: /tmp/tmp.DE7FeAsEFs/alphagsm-home/downloads/downloads/x/eknwafac/mb_warband_dedicated_1174/Mount&Blade Warband Dedicated/CommonRes/ani_onehanded.brf  
  inflating: /tmp/tmp.DE7FeAsEFs/alphagsm-home/downloads/downloads/x/eknwafac/mb_warband_dedicated_1174/Mount&Blade Warband Dedicated/CommonRes/ani_parry_attack.brf  
  inflating: /tmp/tmp.DE7FeAsEFs/alphagsm-home/downloads/downloads/x/eknwafac/mb_warband_dedicated_1174/Mount&Blade Warband Dedicated/CommonRes/ani_poses.brf  
  inflating: /tmp/tmp.DE7FeAsEFs/alphagsm-home/downloads/downloads/x/eknwafac/mb_warband_dedicated_1174/Mount&Blade Warband Dedicated/CommonRes/ani_run_forward_left_right.brf  
  inflating: /tmp/tmp.DE7FeAsEFs/alphagsm-home/downloads/downloads/x/eknwafac/mb_warband_dedicated_1174/Mount&Blade Warband Dedicated/CommonRes/ani_run_lookingsides.brf  
  inflating: /tmp/tmp.DE7FeAsEFs/alphagsm-home/downloads/downloads/x/eknwafac/mb_warband_dedicated_1174/Mount&Blade Warband Dedicated/CommonRes/ani_run_p.brf  
  inflating: /tmp/tmp.DE7FeAsEFs/alphagsm-home/downloads/downloads/x/eknwafac/mb_warband_dedicated_1174/Mount&Blade Warband Dedicated/CommonRes/ani_run_sideways.brf  
  inflating: /tmp/tmp.DE7FeAsEFs/alphagsm-home/downloads/downloads/x/eknwafac/mb_warband_dedicated_1174/Mount&Blade Warband Dedicated/CommonRes/ani_stand.brf  
  inflating: /tmp/tmp.DE7FeAsEFs/alphagsm-home/downloads/downloads/x/eknwafac/mb_warband_dedicated_1174/Mount&Blade Warband Dedicated/CommonRes/ani_stand_guardsman.brf  
  inflating: /tmp/tmp.DE7FeAsEFs/alphagsm-home/downloads/downloads/x/eknwafac/mb_warband_dedicated_1174/Mount&Blade Warband Dedicated/CommonRes/ani_stand_onhorse.brf  
  inflating: /tmp/tmp.DE7FeAsEFs/alphagsm-home/downloads/downloads/x/eknwafac/mb_warband_dedicated_1174/Mount&Blade Warband Dedicated/CommonRes/ani_stand_shopkeeper.brf  
  inflating: /tmp/tmp.DE7FeAsEFs/alphagsm-home/downloads/downloads/x/eknwafac/mb_warband_dedicated_1174/Mount&Blade Warband Dedicated/CommonRes/ani_strikes.brf  
  inflating: /tmp/tmp.DE7FeAsEFs/alphagsm-home/downloads/downloads/x/eknwafac/mb_warband_dedicated_1174/Mount&Blade Warband Dedicated/CommonRes/ani_throw_stone.brf  
  inflating: /tmp/tmp.DE7FeAsEFs/alphagsm-home/downloads/downloads/x/eknwafac/mb_warband_dedicated_1174/Mount&Blade Warband Dedicated/CommonRes/ani_turn_man.brf  
  inflating: /tmp/tmp.DE7FeAsEFs/alphagsm-home/downloads/downloads/x/eknwafac/mb_warband_dedicated_1174/Mount&Blade Warband Dedicated/CommonRes/ani_twohanded.brf  
  inflating: /tmp/tmp.DE7FeAsEFs/alphagsm-home/downloads/downloads/x/eknwafac/mb_warband_dedicated_1174/Mount&Blade Warband Dedicated/CommonRes/ani_walk_backward.brf  
  inflating: /tmp/tmp.DE7FeAsEFs/alphagsm-home/downloads/downloads/x/eknwafac/mb_warband_dedicated_1174/Mount&Blade Warband Dedicated/CommonRes/ani_walk_lookingsides.brf  
  inflating: /tmp/tmp.DE7FeAsEFs/alphagsm-home/downloads/downloads/x/eknwafac/mb_warband_dedicated_1174/Mount&Blade Warband Dedicated/CommonRes/ani_walk_sideways.brf  
  inflating: /tmp/tmp.DE7FeAsEFs/alphagsm-home/downloads/downloads/x/eknwafac/mb_warband_dedicated_1174/Mount&Blade Warband Dedicated/CommonRes/ani_wedding.brf  
  inflating: /tmp/tmp.DE7FeAsEFs/alphagsm-home/downloads/downloads/x/eknwafac/mb_warband_dedicated_1174/Mount&Blade Warband Dedicated/CommonRes/arabian_armors.brf  
  inflating: /tmp/tmp.DE7FeAsEFs/alphagsm-home/downloads/downloads/x/eknwafac/mb_warband_dedicated_1174/Mount&Blade Warband Dedicated/CommonRes/arabian_castle.brf  
  inflating: /tmp/tmp.DE7FeAsEFs/alphagsm-home/downloads/downloads/x/eknwafac/mb_warband_dedicated_1174/Mount&Blade Warband Dedicated/CommonRes/arabian_horses.brf  
  inflating: /tmp/tmp.DE7FeAsEFs/alphagsm-home/downloads/downloads/x/eknwafac/mb_warband_dedicated_1174/Mount&Blade Warband Dedicated/CommonRes/arabian_houses.brf  
  inflating: /tmp/tmp.DE7FeAsEFs/alphagsm-home/downloads/downloads/x/eknwafac/mb_warband_dedicated_1174/Mount&Blade Warband Dedicated/CommonRes/arabian_props.brf  
  inflating: /tmp/tmp.DE7FeAsEFs/alphagsm-home/downloads/downloads/x/eknwafac/mb_warband_dedicated_1174/Mount&Blade Warband Dedicated/CommonRes/arabian_village.brf  
  inflating: /tmp/tmp.DE7FeAsEFs/alphagsm-home/downloads/downloads/x/eknwafac/mb_warband_dedicated_1174/Mount&Blade Warband Dedicated/CommonRes/arena.brf  
  inflating: /tmp/tmp.DE7FeAsEFs/alphagsm-home/downloads/downloads/x/eknwafac/mb_warband_dedicated_1174/Mount&Blade Warband Dedicated/CommonRes/arena_costumes.brf  
  inflating: /tmp/tmp.DE7FeAsEFs/alphagsm-home/downloads/downloads/x/eknwafac/mb_warband_dedicated_1174/Mount&Blade Warband Dedicated/CommonRes/armors_b.brf  
  inflating: /tmp/tmp.DE7FeAsEFs/alphagsm-home/downloads/downloads/x/eknwafac/mb_warband_dedicated_1174/Mount&Blade Warband Dedicated/CommonRes/armors_c.brf  
  inflating: /tmp/tmp.DE7FeAsEFs/alphagsm-home/downloads/downloads/x/eknwafac/mb_warband_dedicated_1174/Mount&Blade Warband Dedicated/CommonRes/armors_d.brf  
  inflating: /tmp/tmp.DE7FeAsEFs/alphagsm-home/downloads/downloads/x/eknwafac/mb_warband_dedicated_1174/Mount&Blade Warband Dedicated/CommonRes/armors_e.brf  
  inflating: /tmp/tmp.DE7FeAsEFs/alphagsm-home/downloads/downloads/x/eknwafac/mb_warband_dedicated_1174/Mount&Blade Warband Dedicated/CommonRes/armors_f.brf  
  inflating: /tmp/tmp.DE7FeAsEFs/alphagsm-home/downloads/downloads/x/eknwafac/mb_warband_dedicated_1174/Mount&Blade Warband Dedicated/CommonRes/armors_g.brf  
  inflating: /tmp/tmp.DE7FeAsEFs/alphagsm-home/downloads/downloads/x/eknwafac/mb_warband_dedicated_1174/Mount&Blade Warband Dedicated/CommonRes/armors_h.brf  
  inflating: /tmp/tmp.DE7FeAsEFs/alphagsm-home/downloads/downloads/x/eknwafac/mb_warband_dedicated_1174/Mount&Blade Warband Dedicated/CommonRes/armors_i.brf  
  inflating: /tmp/tmp.DE7FeAsEFs/alphagsm-home/downloads/downloads/x/eknwafac/mb_warband_dedicated_1174/Mount&Blade Warband Dedicated/CommonRes/armors_new_a.brf  
  inflating: /tmp/tmp.DE7FeAsEFs/alphagsm-home/downloads/downloads/x/eknwafac/mb_warband_dedicated_1174/Mount&Blade Warband Dedicated/CommonRes/armors_new_arena.brf  
  inflating: /tmp/tmp.DE7FeAsEFs/alphagsm-home/downloads/downloads/x/eknwafac/mb_warband_dedicated_1174/Mount&Blade Warband Dedicated/CommonRes/armors_new_b.brf  
  inflating: /tmp/tmp.DE7FeAsEFs/alphagsm-home/downloads/downloads/x/eknwafac/mb_warband_dedicated_1174/Mount&Blade Warband Dedicated/CommonRes/armors_new_heraldic.brf  
  inflating: /tmp/tmp.DE7FeAsEFs/alphagsm-home/downloads/downloads/x/eknwafac/mb_warband_dedicated_1174/Mount&Blade Warband Dedicated/CommonRes/banners.brf  
  inflating: /tmp/tmp.DE7FeAsEFs/alphagsm-home/downloads/downloads/x/eknwafac/mb_warband_dedicated_1174/Mount&Blade Warband Dedicated/CommonRes/barrier_primitives.brf  
  inflating: /tmp/tmp.DE7FeAsEFs/alphagsm-home/downloads/downloads/x/eknwafac/mb_warband_dedicated_1174/Mount&Blade Warband Dedicated/CommonRes/beards.brf  
  inflating: /tmp/tmp.DE7FeAsEFs/alphagsm-home/downloads/downloads/x/eknwafac/mb_warband_dedicated_1174/Mount&Blade Warband Dedicated/CommonRes/body_meshes.brf  
  inflating: /tmp/tmp.DE7FeAsEFs/alphagsm-home/downloads/downloads/x/eknwafac/mb_warband_dedicated_1174/Mount&Blade Warband Dedicated/CommonRes/boots_a.brf  
  inflating: /tmp/tmp.DE7FeAsEFs/alphagsm-home/downloads/downloads/x/eknwafac/mb_warband_dedicated_1174/Mount&Blade Warband Dedicated/CommonRes/boots_b.brf  
  inflating: /tmp/tmp.DE7FeAsEFs/alphagsm-home/downloads/downloads/x/eknwafac/mb_warband_dedicated_1174/Mount&Blade Warband Dedicated/CommonRes/boots_c.brf  
  inflating: /tmp/tmp.DE7FeAsEFs/alphagsm-home/downloads/downloads/x/eknwafac/mb_warband_dedicated_1174/Mount&Blade Warband Dedicated/CommonRes/bride_dress.brf  
  inflating: /tmp/tmp.DE7FeAsEFs/alphagsm-home/downloads/downloads/x/eknwafac/mb_warband_dedicated_1174/Mount&Blade Warband Dedicated/CommonRes/castle_a.brf  
  inflating: /tmp/tmp.DE7FeAsEFs/alphagsm-home/downloads/downloads/x/eknwafac/mb_warband_dedicated_1174/Mount&Blade Warband Dedicated/CommonRes/castle_b.brf  
  inflating: /tmp/tmp.DE7FeAsEFs/alphagsm-home/downloads/downloads/x/eknwafac/mb_warband_dedicated_1174/Mount&Blade Warband Dedicated/CommonRes/castle_c.brf  
  inflating: /tmp/tmp.DE7FeAsEFs/alphagsm-home/downloads/downloads/x/eknwafac/mb_warband_dedicated_1174/Mount&Blade Warband Dedicated/CommonRes/castle_d.brf  
  inflating: /tmp/tmp.DE7FeAsEFs/alphagsm-home/downloads/downloads/x/eknwafac/mb_warband_dedicated_1174/Mount&Blade Warband Dedicated/CommonRes/castle_e.brf  
  inflating: /tmp/tmp.DE7FeAsEFs/alphagsm-home/downloads/downloads/x/eknwafac/mb_warband_dedicated_1174/Mount&Blade Warband Dedicated/CommonRes/castle_f.brf  
  inflating: /tmp/tmp.DE7FeAsEFs/alphagsm-home/downloads/downloads/x/eknwafac/mb_warband_dedicated_1174/Mount&Blade Warband Dedicated/CommonRes/castle_g.brf  
  inflating: /tmp/tmp.DE7FeAsEFs/alphagsm-home/downloads/downloads/x/eknwafac/mb_warband_dedicated_1174/Mount&Blade Warband Dedicated/CommonRes/castle_h.brf  
  inflating: /tmp/tmp.DE7FeAsEFs/alphagsm-home/downloads/downloads/x/eknwafac/mb_warband_dedicated_1174/Mount&Blade Warband Dedicated/CommonRes/castle_i.brf  
  inflating: /tmp/tmp.DE7FeAsEFs/alphagsm-home/downloads/downloads/x/eknwafac/mb_warband_dedicated_1174/Mount&Blade Warband Dedicated/CommonRes/ccoop_extra_ui.brf  
  inflating: /tmp/tmp.DE7FeAsEFs/alphagsm-home/downloads/downloads/x/eknwafac/mb_warband_dedicated_1174/Mount&Blade Warband Dedicated/CommonRes/ccoop_extra_ui_materials.brf  
  inflating: /tmp/tmp.DE7FeAsEFs/alphagsm-home/downloads/downloads/x/eknwafac/mb_warband_dedicated_1174/Mount&Blade Warband Dedicated/CommonRes/ccoop_extra_ui_meshes.brf  
  inflating: /tmp/tmp.DE7FeAsEFs/alphagsm-home/downloads/downloads/x/eknwafac/mb_warband_dedicated_1174/Mount&Blade Warband Dedicated/CommonRes/ccoop_extra_ui_textures.brf  
  inflating: /tmp/tmp.DE7FeAsEFs/alphagsm-home/downloads/downloads/x/eknwafac/mb_warband_dedicated_1174/Mount&Blade Warband Dedicated/CommonRes/churches.brf  
  inflating: /tmp/tmp.DE7FeAsEFs/alphagsm-home/downloads/downloads/x/eknwafac/mb_warband_dedicated_1174/Mount&Blade Warband Dedicated/CommonRes/core_materials.brf  
  inflating: /tmp/tmp.DE7FeAsEFs/alphagsm-home/downloads/downloads/x/eknwafac/mb_warband_dedicated_1174/Mount&Blade Warband Dedicated/CommonRes/core_pictures.brf  
  inflating: /tmp/tmp.DE7FeAsEFs/alphagsm-home/downloads/downloads/x/eknwafac/mb_warband_dedicated_1174/Mount&Blade Warband Dedicated/CommonRes/core_shaders.brf  
  inflating: /tmp/tmp.DE7FeAsEFs/alphagsm-home/downloads/downloads/x/eknwafac/mb_warband_dedicated_1174/Mount&Blade Warband Dedicated/CommonRes/core_textures.brf  
  inflating: /tmp/tmp.DE7FeAsEFs/alphagsm-home/downloads/downloads/x/eknwafac/mb_warband_dedicated_1174/Mount&Blade Warband Dedicated/CommonRes/core_ui_meshes.brf  
  inflating: /tmp/tmp.DE7FeAsEFs/alphagsm-home/downloads/downloads/x/eknwafac/mb_warband_dedicated_1174/Mount&Blade Warband Dedicated/CommonRes/costumes_b.brf  
  inflating: /tmp/tmp.DE7FeAsEFs/alphagsm-home/downloads/downloads/x/eknwafac/mb_warband_dedicated_1174/Mount&Blade Warband Dedicated/CommonRes/costumes_c.brf  
  inflating: /tmp/tmp.DE7FeAsEFs/alphagsm-home/downloads/downloads/x/eknwafac/mb_warband_dedicated_1174/Mount&Blade Warband Dedicated/CommonRes/costumes_d.brf  
  inflating: /tmp/tmp.DE7FeAsEFs/alphagsm-home/downloads/downloads/x/eknwafac/mb_warband_dedicated_1174/Mount&Blade Warband Dedicated/CommonRes/crossbows.brf  
  inflating: /tmp/tmp.DE7FeAsEFs/alphagsm-home/downloads/downloads/x/eknwafac/mb_warband_dedicated_1174/Mount&Blade Warband Dedicated/CommonRes/custom_banner.brf  
  inflating: /tmp/tmp.DE7FeAsEFs/alphagsm-home/downloads/downloads/x/eknwafac/mb_warband_dedicated_1174/Mount&Blade Warband Dedicated/CommonRes/dart.brf  
  inflating: /tmp/tmp.DE7FeAsEFs/alphagsm-home/downloads/downloads/x/eknwafac/mb_warband_dedicated_1174/Mount&Blade Warband Dedicated/CommonRes/deneme.brf  
  inflating: /tmp/tmp.DE7FeAsEFs/alphagsm-home/downloads/downloads/x/eknwafac/mb_warband_dedicated_1174/Mount&Blade Warband Dedicated/CommonRes/deneme2.brf  
  inflating: /tmp/tmp.DE7FeAsEFs/alphagsm-home/downloads/downloads/x/eknwafac/mb_warband_dedicated_1174/Mount&Blade Warband Dedicated/CommonRes/destroy.brf  
  inflating: /tmp/tmp.DE7FeAsEFs/alphagsm-home/downloads/downloads/x/eknwafac/mb_warband_dedicated_1174/Mount&Blade Warband Dedicated/CommonRes/destroy_snowy.brf  
  inflating: /tmp/tmp.DE7FeAsEFs/alphagsm-home/downloads/downloads/x/eknwafac/mb_warband_dedicated_1174/Mount&Blade Warband Dedicated/CommonRes/doors.brf  
  inflating: /tmp/tmp.DE7FeAsEFs/alphagsm-home/downloads/downloads/x/eknwafac/mb_warband_dedicated_1174/Mount&Blade Warband Dedicated/CommonRes/dungeon.brf  
  inflating: /tmp/tmp.DE7FeAsEFs/alphagsm-home/downloads/downloads/x/eknwafac/mb_warband_dedicated_1174/Mount&Blade Warband Dedicated/CommonRes/fake_houses.brf  
  inflating: /tmp/tmp.DE7FeAsEFs/alphagsm-home/downloads/downloads/x/eknwafac/mb_warband_dedicated_1174/Mount&Blade Warband Dedicated/CommonRes/food.brf  
  inflating: /tmp/tmp.DE7FeAsEFs/alphagsm-home/downloads/downloads/x/eknwafac/mb_warband_dedicated_1174/Mount&Blade Warband Dedicated/CommonRes/full_plate_armor.brf  
  inflating: /tmp/tmp.DE7FeAsEFs/alphagsm-home/downloads/downloads/x/eknwafac/mb_warband_dedicated_1174/Mount&Blade Warband Dedicated/CommonRes/fur_armors_a.brf  
  inflating: /tmp/tmp.DE7FeAsEFs/alphagsm-home/downloads/downloads/x/eknwafac/mb_warband_dedicated_1174/Mount&Blade Warband Dedicated/CommonRes/gatehouse.brf  
  inflating: /tmp/tmp.DE7FeAsEFs/alphagsm-home/downloads/downloads/x/eknwafac/mb_warband_dedicated_1174/Mount&Blade Warband Dedicated/CommonRes/gauntlets_new.brf  
  inflating: /tmp/tmp.DE7FeAsEFs/alphagsm-home/downloads/downloads/x/eknwafac/mb_warband_dedicated_1174/Mount&Blade Warband Dedicated/CommonRes/goods_meshes.brf  
  inflating: /tmp/tmp.DE7FeAsEFs/alphagsm-home/downloads/downloads/x/eknwafac/mb_warband_dedicated_1174/Mount&Blade Warband Dedicated/CommonRes/grass_meshes.brf  
  inflating: /tmp/tmp.DE7FeAsEFs/alphagsm-home/downloads/downloads/x/eknwafac/mb_warband_dedicated_1174/Mount&Blade Warband Dedicated/CommonRes/grass_meshes_b.brf  
  inflating: /tmp/tmp.DE7FeAsEFs/alphagsm-home/downloads/downloads/x/eknwafac/mb_warband_dedicated_1174/Mount&Blade Warband Dedicated/CommonRes/grooming_horse.brf  
  inflating: /tmp/tmp.DE7FeAsEFs/alphagsm-home/downloads/downloads/x/eknwafac/mb_warband_dedicated_1174/Mount&Blade Warband Dedicated/CommonRes/hair.brf  
  inflating: /tmp/tmp.DE7FeAsEFs/alphagsm-home/downloads/downloads/x/eknwafac/mb_warband_dedicated_1174/Mount&Blade Warband Dedicated/CommonRes/helmets.brf  
  inflating: /tmp/tmp.DE7FeAsEFs/alphagsm-home/downloads/downloads/x/eknwafac/mb_warband_dedicated_1174/Mount&Blade Warband Dedicated/CommonRes/helmets_b.brf  
  inflating: /tmp/tmp.DE7FeAsEFs/alphagsm-home/downloads/downloads/x/eknwafac/mb_warband_dedicated_1174/Mount&Blade Warband Dedicated/CommonRes/helmets_d.brf  
  inflating: /tmp/tmp.DE7FeAsEFs/alphagsm-home/downloads/downloads/x/eknwafac/mb_warband_dedicated_1174/Mount&Blade Warband Dedicated/CommonRes/helmets_e.brf  
  inflating: /tmp/tmp.DE7FeAsEFs/alphagsm-home/downloads/downloads/x/eknwafac/mb_warband_dedicated_1174/Mount&Blade Warband Dedicated/CommonRes/helmets_f.brf  
  inflating: /tmp/tmp.DE7FeAsEFs/alphagsm-home/downloads/downloads/x/eknwafac/mb_warband_dedicated_1174/Mount&Blade Warband Dedicated/CommonRes/helpers.brf  
  inflating: /tmp/tmp.DE7FeAsEFs/alphagsm-home/downloads/downloads/x/eknwafac/mb_warband_dedicated_1174/Mount&Blade Warband Dedicated/CommonRes/heraldic_armors.brf  
  inflating: /tmp/tmp.DE7FeAsEFs/alphagsm-home/downloads/downloads/x/eknwafac/mb_warband_dedicated_1174/Mount&Blade Warband Dedicated/CommonRes/horses_b.brf  
  inflating: /tmp/tmp.DE7FeAsEFs/alphagsm-home/downloads/downloads/x/eknwafac/mb_warband_dedicated_1174/Mount&Blade Warband Dedicated/CommonRes/horse_a.brf  
  inflating: /tmp/tmp.DE7FeAsEFs/alphagsm-home/downloads/downloads/x/eknwafac/mb_warband_dedicated_1174/Mount&Blade Warband Dedicated/CommonRes/horse_skeleton.brf  
  inflating: /tmp/tmp.DE7FeAsEFs/alphagsm-home/downloads/downloads/x/eknwafac/mb_warband_dedicated_1174/Mount&Blade Warband Dedicated/CommonRes/houses1.brf  
  inflating: /tmp/tmp.DE7FeAsEFs/alphagsm-home/downloads/downloads/x/eknwafac/mb_warband_dedicated_1174/Mount&Blade Warband Dedicated/CommonRes/instruments.brf  
  inflating: /tmp/tmp.DE7FeAsEFs/alphagsm-home/downloads/downloads/x/eknwafac/mb_warband_dedicated_1174/Mount&Blade Warband Dedicated/CommonRes/interiors_a.brf  
  inflating: /tmp/tmp.DE7FeAsEFs/alphagsm-home/downloads/downloads/x/eknwafac/mb_warband_dedicated_1174/Mount&Blade Warband Dedicated/CommonRes/interiors_arabian.brf  
  inflating: /tmp/tmp.DE7FeAsEFs/alphagsm-home/downloads/downloads/x/eknwafac/mb_warband_dedicated_1174/Mount&Blade Warband Dedicated/CommonRes/interiors_b.brf  
  inflating: /tmp/tmp.DE7FeAsEFs/alphagsm-home/downloads/downloads/x/eknwafac/mb_warband_dedicated_1174/Mount&Blade Warband Dedicated/CommonRes/interiors_c.brf  
  inflating: /tmp/tmp.DE7FeAsEFs/alphagsm-home/downloads/downloads/x/eknwafac/mb_warband_dedicated_1174/Mount&Blade Warband Dedicated/CommonRes/interiors_d.brf  
  inflating: /tmp/tmp.DE7FeAsEFs/alphagsm-home/downloads/downloads/x/eknwafac/mb_warband_dedicated_1174/Mount&Blade Warband Dedicated/CommonRes/interiors_steppe.brf  
  inflating: /tmp/tmp.DE7FeAsEFs/alphagsm-home/downloads/downloads/x/eknwafac/mb_warband_dedicated_1174/Mount&Blade Warband Dedicated/CommonRes/interior_thirsty_lion.brf  
  inflating: /tmp/tmp.DE7FeAsEFs/alphagsm-home/downloads/downloads/x/eknwafac/mb_warband_dedicated_1174/Mount&Blade Warband Dedicated/CommonRes/item_meshes1.brf  
  inflating: /tmp/tmp.DE7FeAsEFs/alphagsm-home/downloads/downloads/x/eknwafac/mb_warband_dedicated_1174/Mount&Blade Warband Dedicated/CommonRes/khergit_lady_dress.brf  
  inflating: /tmp/tmp.DE7FeAsEFs/alphagsm-home/downloads/downloads/x/eknwafac/mb_warband_dedicated_1174/Mount&Blade Warband Dedicated/CommonRes/map_flags.brf  
  inflating: /tmp/tmp.DE7FeAsEFs/alphagsm-home/downloads/downloads/x/eknwafac/mb_warband_dedicated_1174/Mount&Blade Warband Dedicated/CommonRes/map_flags_b.brf  
  inflating: /tmp/tmp.DE7FeAsEFs/alphagsm-home/downloads/downloads/x/eknwafac/mb_warband_dedicated_1174/Mount&Blade Warband Dedicated/CommonRes/map_flags_c.brf  
  inflating: /tmp/tmp.DE7FeAsEFs/alphagsm-home/downloads/downloads/x/eknwafac/mb_warband_dedicated_1174/Mount&Blade Warband Dedicated/CommonRes/map_flags_d.brf  
  inflating: /tmp/tmp.DE7FeAsEFs/alphagsm-home/downloads/downloads/x/eknwafac/mb_warband_dedicated_1174/Mount&Blade Warband Dedicated/CommonRes/map_icons_b.brf  
  inflating: /tmp/tmp.DE7FeAsEFs/alphagsm-home/downloads/downloads/x/eknwafac/mb_warband_dedicated_1174/Mount&Blade Warband Dedicated/CommonRes/map_icons_c.brf  
  inflating: /tmp/tmp.DE7FeAsEFs/alphagsm-home/downloads/downloads/x/eknwafac/mb_warband_dedicated_1174/Mount&Blade Warband Dedicated/CommonRes/map_icon_meshes.brf  
  inflating: /tmp/tmp.DE7FeAsEFs/alphagsm-home/downloads/downloads/x/eknwafac/mb_warband_dedicated_1174/Mount&Blade Warband Dedicated/CommonRes/map_tree_meshes.brf  
  inflating: /tmp/tmp.DE7FeAsEFs/alphagsm-home/downloads/downloads/x/eknwafac/mb_warband_dedicated_1174/Mount&Blade Warband Dedicated/CommonRes/materials.brf  
  inflating: /tmp/tmp.DE7FeAsEFs/alphagsm-home/downloads/downloads/x/eknwafac/mb_warband_dedicated_1174/Mount&Blade Warband Dedicated/CommonRes/materials_face_gen.brf  
  inflating: /tmp/tmp.DE7FeAsEFs/alphagsm-home/downloads/downloads/x/eknwafac/mb_warband_dedicated_1174/Mount&Blade Warband Dedicated/CommonRes/meshes_face_gen.brf  
  inflating: /tmp/tmp.DE7FeAsEFs/alphagsm-home/downloads/downloads/x/eknwafac/mb_warband_dedicated_1174/Mount&Blade Warband Dedicated/CommonRes/nordic_helmets.brf  
  inflating: /tmp/tmp.DE7FeAsEFs/alphagsm-home/downloads/downloads/x/eknwafac/mb_warband_dedicated_1174/Mount&Blade Warband Dedicated/CommonRes/object_b.brf  
  inflating: /tmp/tmp.DE7FeAsEFs/alphagsm-home/downloads/downloads/x/eknwafac/mb_warband_dedicated_1174/Mount&Blade Warband Dedicated/CommonRes/object_bodies.brf  
  inflating: /tmp/tmp.DE7FeAsEFs/alphagsm-home/downloads/downloads/x/eknwafac/mb_warband_dedicated_1174/Mount&Blade Warband Dedicated/CommonRes/object_c.brf  
  inflating: /tmp/tmp.DE7FeAsEFs/alphagsm-home/downloads/downloads/x/eknwafac/mb_warband_dedicated_1174/Mount&Blade Warband Dedicated/CommonRes/object_meshes.brf  
  inflating: /tmp/tmp.DE7FeAsEFs/alphagsm-home/downloads/downloads/x/eknwafac/mb_warband_dedicated_1174/Mount&Blade Warband Dedicated/CommonRes/particles_2.brf  
  inflating: /tmp/tmp.DE7FeAsEFs/alphagsm-home/downloads/downloads/x/eknwafac/mb_warband_dedicated_1174/Mount&Blade Warband Dedicated/CommonRes/particle_meshes.brf  
  inflating: /tmp/tmp.DE7FeAsEFs/alphagsm-home/downloads/downloads/x/eknwafac/mb_warband_dedicated_1174/Mount&Blade Warband Dedicated/CommonRes/pictures.brf  
  inflating: /tmp/tmp.DE7FeAsEFs/alphagsm-home/downloads/downloads/x/eknwafac/mb_warband_dedicated_1174/Mount&Blade Warband Dedicated/CommonRes/plant_meshes.brf  
  inflating: /tmp/tmp.DE7FeAsEFs/alphagsm-home/downloads/downloads/x/eknwafac/mb_warband_dedicated_1174/Mount&Blade Warband Dedicated/CommonRes/prisonCart.brf  
  inflating: /tmp/tmp.DE7FeAsEFs/alphagsm-home/downloads/downloads/x/eknwafac/mb_warband_dedicated_1174/Mount&Blade Warband Dedicated/CommonRes/prisons.brf  
  inflating: /tmp/tmp.DE7FeAsEFs/alphagsm-home/downloads/downloads/x/eknwafac/mb_warband_dedicated_1174/Mount&Blade Warband Dedicated/CommonRes/prisons_b.brf  
  inflating: /tmp/tmp.DE7FeAsEFs/alphagsm-home/downloads/downloads/x/eknwafac/mb_warband_dedicated_1174/Mount&Blade Warband Dedicated/CommonRes/raw_materials.brf  
  inflating: /tmp/tmp.DE7FeAsEFs/alphagsm-home/downloads/downloads/x/eknwafac/mb_warband_dedicated_1174/Mount&Blade Warband Dedicated/CommonRes/rock.brf  
  inflating: /tmp/tmp.DE7FeAsEFs/alphagsm-home/downloads/downloads/x/eknwafac/mb_warband_dedicated_1174/Mount&Blade Warband Dedicated/CommonRes/sarranid_armor.brf  
  inflating: /tmp/tmp.DE7FeAsEFs/alphagsm-home/downloads/downloads/x/eknwafac/mb_warband_dedicated_1174/Mount&Blade Warband Dedicated/CommonRes/sarranid_armors.brf  
  inflating: /tmp/tmp.DE7FeAsEFs/alphagsm-home/downloads/downloads/x/eknwafac/mb_warband_dedicated_1174/Mount&Blade Warband Dedicated/CommonRes/sarranid_boots.brf  
  inflating: /tmp/tmp.DE7FeAsEFs/alphagsm-home/downloads/downloads/x/eknwafac/mb_warband_dedicated_1174/Mount&Blade Warband Dedicated/CommonRes/sarranid_helmets.brf  
  inflating: /tmp/tmp.DE7FeAsEFs/alphagsm-home/downloads/downloads/x/eknwafac/mb_warband_dedicated_1174/Mount&Blade Warband Dedicated/CommonRes/sarranid_lady_dress.brf  
  inflating: /tmp/tmp.DE7FeAsEFs/alphagsm-home/downloads/downloads/x/eknwafac/mb_warband_dedicated_1174/Mount&Blade Warband Dedicated/CommonRes/scene_encounter_spot.brf  
  inflating: /tmp/tmp.DE7FeAsEFs/alphagsm-home/downloads/downloads/x/eknwafac/mb_warband_dedicated_1174/Mount&Blade Warband Dedicated/CommonRes/scene_small_tavern.brf  
 extracting: /tmp/tmp.DE7FeAsEFs/alphagsm-home/downloads/downloads/x/eknwafac/mb_warband_dedicated_1174/Mount&Blade Warband Dedicated/CommonRes/shaders.brf  
  inflating: /tmp/tmp.DE7FeAsEFs/alphagsm-home/downloads/downloads/x/eknwafac/mb_warband_dedicated_1174/Mount&Blade Warband Dedicated/CommonRes/shields.brf  
  inflating: /tmp/tmp.DE7FeAsEFs/alphagsm-home/downloads/downloads/x/eknwafac/mb_warband_dedicated_1174/Mount&Blade Warband Dedicated/CommonRes/shields_b.brf  
  inflating: /tmp/tmp.DE7FeAsEFs/alphagsm-home/downloads/downloads/x/eknwafac/mb_warband_dedicated_1174/Mount&Blade Warband Dedicated/CommonRes/ship.brf  
  inflating: /tmp/tmp.DE7FeAsEFs/alphagsm-home/downloads/downloads/x/eknwafac/mb_warband_dedicated_1174/Mount&Blade Warband Dedicated/CommonRes/simple_primitives.brf  
  inflating: /tmp/tmp.DE7FeAsEFs/alphagsm-home/downloads/downloads/x/eknwafac/mb_warband_dedicated_1174/Mount&Blade Warband Dedicated/CommonRes/skeletons.brf  
  inflating: /tmp/tmp.DE7FeAsEFs/alphagsm-home/downloads/downloads/x/eknwafac/mb_warband_dedicated_1174/Mount&Blade Warband Dedicated/CommonRes/skyboxes.brf  
  inflating: /tmp/tmp.DE7FeAsEFs/alphagsm-home/downloads/downloads/x/eknwafac/mb_warband_dedicated_1174/Mount&Blade Warband Dedicated/CommonRes/snowy_castle.brf  
  inflating: /tmp/tmp.DE7FeAsEFs/alphagsm-home/downloads/downloads/x/eknwafac/mb_warband_dedicated_1174/Mount&Blade Warband Dedicated/CommonRes/snowy_houses.brf  
  inflating: /tmp/tmp.DE7FeAsEFs/alphagsm-home/downloads/downloads/x/eknwafac/mb_warband_dedicated_1174/Mount&Blade Warband Dedicated/CommonRes/spear.brf  
  inflating: /tmp/tmp.DE7FeAsEFs/alphagsm-home/downloads/downloads/x/eknwafac/mb_warband_dedicated_1174/Mount&Blade Warband Dedicated/CommonRes/square_keep.brf  
  inflating: /tmp/tmp.DE7FeAsEFs/alphagsm-home/downloads/downloads/x/eknwafac/mb_warband_dedicated_1174/Mount&Blade Warband Dedicated/CommonRes/steppe_fake_houses.brf  
  inflating: /tmp/tmp.DE7FeAsEFs/alphagsm-home/downloads/downloads/x/eknwafac/mb_warband_dedicated_1174/Mount&Blade Warband Dedicated/CommonRes/stone_houses.brf  
  inflating: /tmp/tmp.DE7FeAsEFs/alphagsm-home/downloads/downloads/x/eknwafac/mb_warband_dedicated_1174/Mount&Blade Warband Dedicated/CommonRes/tableau_shields.brf  
  inflating: /tmp/tmp.DE7FeAsEFs/alphagsm-home/downloads/downloads/x/eknwafac/mb_warband_dedicated_1174/Mount&Blade Warband Dedicated/CommonRes/terrain_borders.brf  
  inflating: /tmp/tmp.DE7FeAsEFs/alphagsm-home/downloads/downloads/x/eknwafac/mb_warband_dedicated_1174/Mount&Blade Warband Dedicated/CommonRes/terrain_borders_b.brf  
  inflating: /tmp/tmp.DE7FeAsEFs/alphagsm-home/downloads/downloads/x/eknwafac/mb_warband_dedicated_1174/Mount&Blade Warband Dedicated/CommonRes/terrain_borders_c.brf  
  inflating: /tmp/tmp.DE7FeAsEFs/alphagsm-home/downloads/downloads/x/eknwafac/mb_warband_dedicated_1174/Mount&Blade Warband Dedicated/CommonRes/test.brf  
  inflating: /tmp/tmp.DE7FeAsEFs/alphagsm-home/downloads/downloads/x/eknwafac/mb_warband_dedicated_1174/Mount&Blade Warband Dedicated/CommonRes/textures.brf  
  inflating: /tmp/tmp.DE7FeAsEFs/alphagsm-home/downloads/downloads/x/eknwafac/mb_warband_dedicated_1174/Mount&Blade Warband Dedicated/CommonRes/textures_face_gen.brf  
  inflating: /tmp/tmp.DE7FeAsEFs/alphagsm-home/downloads/downloads/x/eknwafac/mb_warband_dedicated_1174/Mount&Blade Warband Dedicated/CommonRes/town_houses.brf  
  inflating: /tmp/tmp.DE7FeAsEFs/alphagsm-home/downloads/downloads/x/eknwafac/mb_warband_dedicated_1174/Mount&Blade Warband Dedicated/CommonRes/town_houses_b.brf  
  inflating: /tmp/tmp.DE7FeAsEFs/alphagsm-home/downloads/downloads/x/eknwafac/mb_warband_dedicated_1174/Mount&Blade Warband Dedicated/CommonRes/town_houses_c.brf  
  inflating: /tmp/tmp.DE7FeAsEFs/alphagsm-home/downloads/downloads/x/eknwafac/mb_warband_dedicated_1174/Mount&Blade Warband Dedicated/CommonRes/town_houses_d.brf  
  inflating: /tmp/tmp.DE7FeAsEFs/alphagsm-home/downloads/downloads/x/eknwafac/mb_warband_dedicated_1174/Mount&Blade Warband Dedicated/CommonRes/town_houses_e.brf  
  inflating: /tmp/tmp.DE7FeAsEFs/alphagsm-home/downloads/downloads/x/eknwafac/mb_warband_dedicated_1174/Mount&Blade Warband Dedicated/CommonRes/tree_e_meshes.brf  
  inflating: /tmp/tmp.DE7FeAsEFs/alphagsm-home/downloads/downloads/x/eknwafac/mb_warband_dedicated_1174/Mount&Blade Warband Dedicated/CommonRes/tree_f.brf  
  inflating: /tmp/tmp.DE7FeAsEFs/alphagsm-home/downloads/downloads/x/eknwafac/mb_warband_dedicated_1174/Mount&Blade Warband Dedicated/CommonRes/tree_meshes.brf  
  inflating: /tmp/tmp.DE7FeAsEFs/alphagsm-home/downloads/downloads/x/eknwafac/mb_warband_dedicated_1174/Mount&Blade Warband Dedicated/CommonRes/uimeshes.brf  
  inflating: /tmp/tmp.DE7FeAsEFs/alphagsm-home/downloads/downloads/x/eknwafac/mb_warband_dedicated_1174/Mount&Blade Warband Dedicated/CommonRes/ui_server_filter.brf  
  inflating: /tmp/tmp.DE7FeAsEFs/alphagsm-home/downloads/downloads/x/eknwafac/mb_warband_dedicated_1174/Mount&Blade Warband Dedicated/CommonRes/uni_defence.brf  
  inflating: /tmp/tmp.DE7FeAsEFs/alphagsm-home/downloads/downloads/x/eknwafac/mb_warband_dedicated_1174/Mount&Blade Warband Dedicated/CommonRes/uni_equip.brf  
  inflating: /tmp/tmp.DE7FeAsEFs/alphagsm-home/downloads/downloads/x/eknwafac/mb_warband_dedicated_1174/Mount&Blade Warband Dedicated/CommonRes/uni_fistswing.brf  
  inflating: /tmp/tmp.DE7FeAsEFs/alphagsm-home/downloads/downloads/x/eknwafac/mb_warband_dedicated_1174/Mount&Blade Warband Dedicated/CommonRes/uni_jump.brf  
  inflating: /tmp/tmp.DE7FeAsEFs/alphagsm-home/downloads/downloads/x/eknwafac/mb_warband_dedicated_1174/Mount&Blade Warband Dedicated/CommonRes/uni_lord_stand.brf  
  inflating: /tmp/tmp.DE7FeAsEFs/alphagsm-home/downloads/downloads/x/eknwafac/mb_warband_dedicated_1174/Mount&Blade Warband Dedicated/CommonRes/uni_sideways.brf  
  inflating: /tmp/tmp.DE7FeAsEFs/alphagsm-home/downloads/downloads/x/eknwafac/mb_warband_dedicated_1174/Mount&Blade Warband Dedicated/CommonRes/uni_stances.brf  
  inflating: /tmp/tmp.DE7FeAsEFs/alphagsm-home/downloads/downloads/x/eknwafac/mb_warband_dedicated_1174/Mount&Blade Warband Dedicated/CommonRes/uni_strike.brf  
  inflating: /tmp/tmp.DE7FeAsEFs/alphagsm-home/downloads/downloads/x/eknwafac/mb_warband_dedicated_1174/Mount&Blade Warband Dedicated/CommonRes/uni_strikes3.brf  
  inflating: /tmp/tmp.DE7FeAsEFs/alphagsm-home/downloads/downloads/x/eknwafac/mb_warband_dedicated_1174/Mount&Blade Warband Dedicated/CommonRes/uni_throws.brf  
  inflating: /tmp/tmp.DE7FeAsEFs/alphagsm-home/downloads/downloads/x/eknwafac/mb_warband_dedicated_1174/Mount&Blade Warband Dedicated/CommonRes/user_interface_b.brf  
  inflating: /tmp/tmp.DE7FeAsEFs/alphagsm-home/downloads/downloads/x/eknwafac/mb_warband_dedicated_1174/Mount&Blade Warband Dedicated/CommonRes/user_interface_c.brf  
  inflating: /tmp/tmp.DE7FeAsEFs/alphagsm-home/downloads/downloads/x/eknwafac/mb_warband_dedicated_1174/Mount&Blade Warband Dedicated/CommonRes/vaegir_helmets.brf  
  inflating: /tmp/tmp.DE7FeAsEFs/alphagsm-home/downloads/downloads/x/eknwafac/mb_warband_dedicated_1174/Mount&Blade Warband Dedicated/CommonRes/valleyProps.brf  
  inflating: /tmp/tmp.DE7FeAsEFs/alphagsm-home/downloads/downloads/x/eknwafac/mb_warband_dedicated_1174/Mount&Blade Warband Dedicated/CommonRes/viking_houses.brf  
  inflating: /tmp/tmp.DE7FeAsEFs/alphagsm-home/downloads/downloads/x/eknwafac/mb_warband_dedicated_1174/Mount&Blade Warband Dedicated/CommonRes/village_houses.brf  
  inflating: /tmp/tmp.DE7FeAsEFs/alphagsm-home/downloads/downloads/x/eknwafac/mb_warband_dedicated_1174/Mount&Blade Warband Dedicated/CommonRes/village_houses_a.brf  
  inflating: /tmp/tmp.DE7FeAsEFs/alphagsm-home/downloads/downloads/x/eknwafac/mb_warband_dedicated_1174/Mount&Blade Warband Dedicated/CommonRes/village_houses_b.brf  
  inflating: /tmp/tmp.DE7FeAsEFs/alphagsm-home/downloads/downloads/x/eknwafac/mb_warband_dedicated_1174/Mount&Blade Warband Dedicated/CommonRes/wall_meshes1.brf  
  inflating: /tmp/tmp.DE7FeAsEFs/alphagsm-home/downloads/downloads/x/eknwafac/mb_warband_dedicated_1174/Mount&Blade Warband Dedicated/CommonRes/warhorse_new.brf  
  inflating: /tmp/tmp.DE7FeAsEFs/alphagsm-home/downloads/downloads/x/eknwafac/mb_warband_dedicated_1174/Mount&Blade Warband Dedicated/CommonRes/wb_mp_objects_a.brf  
  inflating: /tmp/tmp.DE7FeAsEFs/alphagsm-home/downloads/downloads/x/eknwafac/mb_warband_dedicated_1174/Mount&Blade Warband Dedicated/CommonRes/weapons_e.brf  
  inflating: /tmp/tmp.DE7FeAsEFs/alphagsm-home/downloads/downloads/x/eknwafac/mb_warband_dedicated_1174/Mount&Blade Warband Dedicated/CommonRes/weapons_f.brf  
  inflating: /tmp/tmp.DE7FeAsEFs/alphagsm-home/downloads/downloads/x/eknwafac/mb_warband_dedicated_1174/Mount&Blade Warband Dedicated/CommonRes/weapon_meshes1.brf  
  inflating: /tmp/tmp.DE7FeAsEFs/alphagsm-home/downloads/downloads/x/eknwafac/mb_warband_dedicated_1174/Mount&Blade Warband Dedicated/CommonRes/weapon_meshes_b.brf  
  inflating: /tmp/tmp.DE7FeAsEFs/alphagsm-home/downloads/downloads/x/eknwafac/mb_warband_dedicated_1174/Mount&Blade Warband Dedicated/CommonRes/weapon_meshes_c.brf  
  inflating: /tmp/tmp.DE7FeAsEFs/alphagsm-home/downloads/downloads/x/eknwafac/mb_warband_dedicated_1174/Mount&Blade Warband Dedicated/CommonRes/weapon_meshes_d.brf  
  inflating: /tmp/tmp.DE7FeAsEFs/alphagsm-home/downloads/downloads/x/eknwafac/mb_warband_dedicated_1174/Mount&Blade Warband Dedicated/CommonRes/weapon_meshes_e.brf  
  inflating: /tmp/tmp.DE7FeAsEFs/alphagsm-home/downloads/downloads/x/eknwafac/mb_warband_dedicated_1174/Mount&Blade Warband Dedicated/CommonRes/workshops.brf  
  inflating: /tmp/tmp.DE7FeAsEFs/alphagsm-home/downloads/downloads/x/eknwafac/mb_warband_dedicated_1174/Mount&Blade Warband Dedicated/CommonRes/xtree_meshes.brf  
  inflating: /tmp/tmp.DE7FeAsEFs/alphagsm-home/downloads/downloads/x/eknwafac/mb_warband_dedicated_1174/Mount&Blade Warband Dedicated/CommonRes/xtree_meshes_b.brf  
  inflating: /tmp/tmp.DE7FeAsEFs/alphagsm-home/downloads/downloads/x/eknwafac/mb_warband_dedicated_1174/Mount&Blade Warband Dedicated/CommonRes/xtree_meshes_c.brf  
   creating: /tmp/tmp.DE7FeAsEFs/alphagsm-home/downloads/downloads/x/eknwafac/mb_warband_dedicated_1174/Mount&Blade Warband Dedicated/Data/
  inflating: /tmp/tmp.DE7FeAsEFs/alphagsm-home/downloads/downloads/x/eknwafac/mb_warband_dedicated_1174/Mount&Blade Warband Dedicated/Data/flora_kinds.txt  
  inflating: /tmp/tmp.DE7FeAsEFs/alphagsm-home/downloads/downloads/x/eknwafac/mb_warband_dedicated_1174/Mount&Blade Warband Dedicated/Data/font_data.xml  
  inflating: /tmp/tmp.DE7FeAsEFs/alphagsm-home/downloads/downloads/x/eknwafac/mb_warband_dedicated_1174/Mount&Blade Warband Dedicated/Data/ground_specs.txt  
  inflating: /tmp/tmp.DE7FeAsEFs/alphagsm-home/downloads/downloads/x/eknwafac/mb_warband_dedicated_1174/Mount&Blade Warband Dedicated/Data/item_modifiers.txt  
  inflating: /tmp/tmp.DE7FeAsEFs/alphagsm-home/downloads/downloads/x/eknwafac/mb_warband_dedicated_1174/Mount&Blade Warband Dedicated/Data/skeleton_bodies.xml  
  inflating: /tmp/tmp.DE7FeAsEFs/alphagsm-home/downloads/downloads/x/eknwafac/mb_warband_dedicated_1174/Mount&Blade Warband Dedicated/Data/skyboxes.txt  
   creating: /tmp/tmp.DE7FeAsEFs/alphagsm-home/downloads/downloads/x/eknwafac/mb_warband_dedicated_1174/Mount&Blade Warband Dedicated/languages/
   creating: /tmp/tmp.DE7FeAsEFs/alphagsm-home/downloads/downloads/x/eknwafac/mb_warband_dedicated_1174/Mount&Blade Warband Dedicated/languages/en/
  inflating: /tmp/tmp.DE7FeAsEFs/alphagsm-home/downloads/downloads/x/eknwafac/mb_warband_dedicated_1174/Mount&Blade Warband Dedicated/languages/en/hints.csv  
  inflating: /tmp/tmp.DE7FeAsEFs/alphagsm-home/downloads/downloads/x/eknwafac/mb_warband_dedicated_1174/Mount&Blade Warband Dedicated/languages/en/ui.csv  
  inflating: /tmp/tmp.DE7FeAsEFs/alphagsm-home/downloads/downloads/x/eknwafac/mb_warband_dedicated_1174/Mount&Blade Warband Dedicated/languages/en/ui.csv.bak  
  inflating: /tmp/tmp.DE7FeAsEFs/alphagsm-home/downloads/downloads/x/eknwafac/mb_warband_dedicated_1174/Mount&Blade Warband Dedicated/languages/en/uimain.csv  
  inflating: /tmp/tmp.DE7FeAsEFs/alphagsm-home/downloads/downloads/x/eknwafac/mb_warband_dedicated_1174/Mount&Blade Warband Dedicated/languages/en/uimain.csv.bak  
   creating: /tmp/tmp.DE7FeAsEFs/alphagsm-home/downloads/downloads/x/eknwafac/mb_warband_dedicated_1174/Mount&Blade Warband Dedicated/Logs/
  inflating: /tmp/tmp.DE7FeAsEFs/alphagsm-home/downloads/downloads/x/eknwafac/mb_warband_dedicated_1174/Mount&Blade Warband Dedicated/Logs/server_log_12_20_16.txt  
  inflating: /tmp/tmp.DE7FeAsEFs/alphagsm-home/downloads/downloads/x/eknwafac/mb_warband_dedicated_1174/Mount&Blade Warband Dedicated/Logs/server_log_12_21_16.txt  
  inflating: /tmp/tmp.DE7FeAsEFs/alphagsm-home/downloads/downloads/x/eknwafac/mb_warband_dedicated_1174/Mount&Blade Warband Dedicated/mb_warband_dedicated.exe  
   creating: /tmp/tmp.DE7FeAsEFs/alphagsm-home/downloads/downloads/x/eknwafac/mb_warband_dedicated_1174/Mount&Blade Warband Dedicated/Modules/
   creating: /tmp/tmp.DE7FeAsEFs/alphagsm-home/downloads/downloads/x/eknwafac/mb_warband_dedicated_1174/Mount&Blade Warband Dedicated/Modules/Native/
  inflating: /tmp/tmp.DE7FeAsEFs/alphagsm-home/downloads/downloads/x/eknwafac/mb_warband_dedicated_1174/Mount&Blade Warband Dedicated/Modules/Native/actions.txt  
  inflating: /tmp/tmp.DE7FeAsEFs/alphagsm-home/downloads/downloads/x/eknwafac/mb_warband_dedicated_1174/Mount&Blade Warband Dedicated/Modules/Native/conversation.txt  
   creating: /tmp/tmp.DE7FeAsEFs/alphagsm-home/downloads/downloads/x/eknwafac/mb_warband_dedicated_1174/Mount&Blade Warband Dedicated/Modules/Native/Data/
  inflating: /tmp/tmp.DE7FeAsEFs/alphagsm-home/downloads/downloads/x/eknwafac/mb_warband_dedicated_1174/Mount&Blade Warband Dedicated/Modules/Native/Data/Readme.txt  
  inflating: /tmp/tmp.DE7FeAsEFs/alphagsm-home/downloads/downloads/x/eknwafac/mb_warband_dedicated_1174/Mount&Blade Warband Dedicated/Modules/Native/dialog_states.txt  
  inflating: /tmp/tmp.DE7FeAsEFs/alphagsm-home/downloads/downloads/x/eknwafac/mb_warband_dedicated_1174/Mount&Blade Warband Dedicated/Modules/Native/factions.txt  
  inflating: /tmp/tmp.DE7FeAsEFs/alphagsm-home/downloads/downloads/x/eknwafac/mb_warband_dedicated_1174/Mount&Blade Warband Dedicated/Modules/Native/game_variables.txt  
  inflating: /tmp/tmp.DE7FeAsEFs/alphagsm-home/downloads/downloads/x/eknwafac/mb_warband_dedicated_1174/Mount&Blade Warband Dedicated/Modules/Native/info_pages.txt  
  inflating: /tmp/tmp.DE7FeAsEFs/alphagsm-home/downloads/downloads/x/eknwafac/mb_warband_dedicated_1174/Mount&Blade Warband Dedicated/Modules/Native/item_kinds1.txt  
   creating: /tmp/tmp.DE7FeAsEFs/alphagsm-home/downloads/downloads/x/eknwafac/mb_warband_dedicated_1174/Mount&Blade Warband Dedicated/Modules/Native/languages/
  inflating: /tmp/tmp.DE7FeAsEFs/alphagsm-home/downloads/downloads/x/eknwafac/mb_warband_dedicated_1174/Mount&Blade Warband Dedicated/Modules/Native/languages/Readme.txt  
  inflating: /tmp/tmp.DE7FeAsEFs/alphagsm-home/downloads/downloads/x/eknwafac/mb_warband_dedicated_1174/Mount&Blade Warband Dedicated/Modules/Native/map.txt  
  inflating: /tmp/tmp.DE7FeAsEFs/alphagsm-home/downloads/downloads/x/eknwafac/mb_warband_dedicated_1174/Mount&Blade Warband Dedicated/Modules/Native/map_icons.txt  
  inflating: /tmp/tmp.DE7FeAsEFs/alphagsm-home/downloads/downloads/x/eknwafac/mb_warband_dedicated_1174/Mount&Blade Warband Dedicated/Modules/Native/menus.txt  
  inflating: /tmp/tmp.DE7FeAsEFs/alphagsm-home/downloads/downloads/x/eknwafac/mb_warband_dedicated_1174/Mount&Blade Warband Dedicated/Modules/Native/meshes.txt  
  inflating: /tmp/tmp.DE7FeAsEFs/alphagsm-home/downloads/downloads/x/eknwafac/mb_warband_dedicated_1174/Mount&Blade Warband Dedicated/Modules/Native/mission_templates.txt  
  inflating: /tmp/tmp.DE7FeAsEFs/alphagsm-home/downloads/downloads/x/eknwafac/mb_warband_dedicated_1174/Mount&Blade Warband Dedicated/Modules/Native/module.ini  
  inflating: /tmp/tmp.DE7FeAsEFs/alphagsm-home/downloads/downloads/x/eknwafac/mb_warband_dedicated_1174/Mount&Blade Warband Dedicated/Modules/Native/music.txt  
  inflating: /tmp/tmp.DE7FeAsEFs/alphagsm-home/downloads/downloads/x/eknwafac/mb_warband_dedicated_1174/Mount&Blade Warband Dedicated/Modules/Native/particle_systems.txt  
  inflating: /tmp/tmp.DE7FeAsEFs/alphagsm-home/downloads/downloads/x/eknwafac/mb_warband_dedicated_1174/Mount&Blade Warband Dedicated/Modules/Native/parties.txt  
  inflating: /tmp/tmp.DE7FeAsEFs/alphagsm-home/downloads/downloads/x/eknwafac/mb_warband_dedicated_1174/Mount&Blade Warband Dedicated/Modules/Native/party_templates.txt  
  inflating: /tmp/tmp.DE7FeAsEFs/alphagsm-home/downloads/downloads/x/eknwafac/mb_warband_dedicated_1174/Mount&Blade Warband Dedicated/Modules/Native/postfx.txt  
  inflating: /tmp/tmp.DE7FeAsEFs/alphagsm-home/downloads/downloads/x/eknwafac/mb_warband_dedicated_1174/Mount&Blade Warband Dedicated/Modules/Native/presentations.txt  
  inflating: /tmp/tmp.DE7FeAsEFs/alphagsm-home/downloads/downloads/x/eknwafac/mb_warband_dedicated_1174/Mount&Blade Warband Dedicated/Modules/Native/quests.txt  
  inflating: /tmp/tmp.DE7FeAsEFs/alphagsm-home/downloads/downloads/x/eknwafac/mb_warband_dedicated_1174/Mount&Blade Warband Dedicated/Modules/Native/quick_strings.txt  
   creating: /tmp/tmp.DE7FeAsEFs/alphagsm-home/downloads/downloads/x/eknwafac/mb_warband_dedicated_1174/Mount&Blade Warband Dedicated/Modules/Native/Resource/
  inflating: /tmp/tmp.DE7FeAsEFs/alphagsm-home/downloads/downloads/x/eknwafac/mb_warband_dedicated_1174/Mount&Blade Warband Dedicated/Modules/Native/Resource/Readme.txt  
   creating: /tmp/tmp.DE7FeAsEFs/alphagsm-home/downloads/downloads/x/eknwafac/mb_warband_dedicated_1174/Mount&Blade Warband Dedicated/Modules/Native/SceneObj/
  inflating: /tmp/tmp.DE7FeAsEFs/alphagsm-home/downloads/downloads/x/eknwafac/mb_warband_dedicated_1174/Mount&Blade Warband Dedicated/Modules/Native/SceneObj/scn_castle_10_exterior.sco  
  inflating: /tmp/tmp.DE7FeAsEFs/alphagsm-home/downloads/downloads/x/eknwafac/mb_warband_dedicated_1174/Mount&Blade Warband Dedicated/Modules/Native/SceneObj/scn_castle_10_interior.sco  
  inflating: /tmp/tmp.DE7FeAsEFs/alphagsm-home/downloads/downloads/x/eknwafac/mb_warband_dedicated_1174/Mount&Blade Warband Dedicated/Modules/Native/SceneObj/scn_castle_10_prison.sco  
  inflating: /tmp/tmp.DE7FeAsEFs/alphagsm-home/downloads/downloads/x/eknwafac/mb_warband_dedicated_1174/Mount&Blade Warband Dedicated/Modules/Native/SceneObj/scn_castle_11_exterior.sco  
  inflating: /tmp/tmp.DE7FeAsEFs/alphagsm-home/downloads/downloads/x/eknwafac/mb_warband_dedicated_1174/Mount&Blade Warband Dedicated/Modules/Native/SceneObj/scn_castle_11_interior.sco  
  inflating: /tmp/tmp.DE7FeAsEFs/alphagsm-home/downloads/downloads/x/eknwafac/mb_warband_dedicated_1174/Mount&Blade Warband Dedicated/Modules/Native/SceneObj/scn_castle_11_prison.sco  
  inflating: /tmp/tmp.DE7FeAsEFs/alphagsm-home/downloads/downloads/x/eknwafac/mb_warband_dedicated_1174/Mount&Blade Warband Dedicated/Modules/Native/SceneObj/scn_castle_12_exterior.sco  
  inflating: /tmp/tmp.DE7FeAsEFs/alphagsm-home/downloads/downloads/x/eknwafac/mb_warband_dedicated_1174/Mount&Blade Warband Dedicated/Modules/Native/SceneObj/scn_castle_12_interior.sco  
  inflating: /tmp/tmp.DE7FeAsEFs/alphagsm-home/downloads/downloads/x/eknwafac/mb_warband_dedicated_1174/Mount&Blade Warband Dedicated/Modules/Native/SceneObj/scn_castle_12_prison.sco  
  inflating: /tmp/tmp.DE7FeAsEFs/alphagsm-home/downloads/downloads/x/eknwafac/mb_warband_dedicated_1174/Mount&Blade Warband Dedicated/Modules/Native/SceneObj/scn_castle_13_exterior.sco  
  inflating: /tmp/tmp.DE7FeAsEFs/alphagsm-home/downloads/downloads/x/eknwafac/mb_warband_dedicated_1174/Mount&Blade Warband Dedicated/Modules/Native/SceneObj/scn_castle_13_interior.sco  
  inflating: /tmp/tmp.DE7FeAsEFs/alphagsm-home/downloads/downloads/x/eknwafac/mb_warband_dedicated_1174/Mount&Blade Warband Dedicated/Modules/Native/SceneObj/scn_castle_13_prison.sco  
  inflating: /tmp/tmp.DE7FeAsEFs/alphagsm-home/downloads/downloads/x/eknwafac/mb_warband_dedicated_1174/Mount&Blade Warband Dedicated/Modules/Native/SceneObj/scn_castle_14_exterior.sco  
  inflating: /tmp/tmp.DE7FeAsEFs/alphagsm-home/downloads/downloads/x/eknwafac/mb_warband_dedicated_1174/Mount&Blade Warband Dedicated/Modules/Native/SceneObj/scn_castle_14_interior.sco  
  inflating: /tmp/tmp.DE7FeAsEFs/alphagsm-home/downloads/downloads/x/eknwafac/mb_warband_dedicated_1174/Mount&Blade Warband Dedicated/Modules/Native/SceneObj/scn_castle_14_prison.sco  
  inflating: /tmp/tmp.DE7FeAsEFs/alphagsm-home/downloads/downloads/x/eknwafac/mb_warband_dedicated_1174/Mount&Blade Warband Dedicated/Modules/Native/SceneObj/scn_castle_15_exterior.sco  
  inflating: /tmp/tmp.DE7FeAsEFs/alphagsm-home/downloads/downloads/x/eknwafac/mb_warband_dedicated_1174/Mount&Blade Warband Dedicated/Modules/Native/SceneObj/scn_castle_15_interior.sco  
  inflating: /tmp/tmp.DE7FeAsEFs/alphagsm-home/downloads/downloads/x/eknwafac/mb_warband_dedicated_1174/Mount&Blade Warband Dedicated/Modules/Native/SceneObj/scn_castle_15_prison.sco  
  inflating: /tmp/tmp.DE7FeAsEFs/alphagsm-home/downloads/downloads/x/eknwafac/mb_warband_dedicated_1174/Mount&Blade Warband Dedicated/Modules/Native/SceneObj/scn_castle_16_exterior.sco  
  inflating: /tmp/tmp.DE7FeAsEFs/alphagsm-home/downloads/downloads/x/eknwafac/mb_warband_dedicated_1174/Mount&Blade Warband Dedicated/Modules/Native/SceneObj/scn_castle_16_interior.sco  
  inflating: /tmp/tmp.DE7FeAsEFs/alphagsm-home/downloads/downloads/x/eknwafac/mb_warband_dedicated_1174/Mount&Blade Warband Dedicated/Modules/Native/SceneObj/scn_castle_16_prison.sco  
  inflating: /tmp/tmp.DE7FeAsEFs/alphagsm-home/downloads/downloads/x/eknwafac/mb_warband_dedicated_1174/Mount&Blade Warband Dedicated/Modules/Native/SceneObj/scn_castle_17_exterior.sco  
  inflating: /tmp/tmp.DE7FeAsEFs/alphagsm-home/downloads/downloads/x/eknwafac/mb_warband_dedicated_1174/Mount&Blade Warband Dedicated/Modules/Native/SceneObj/scn_castle_17_interior.sco  
  inflating: /tmp/tmp.DE7FeAsEFs/alphagsm-home/downloads/downloads/x/eknwafac/mb_warband_dedicated_1174/Mount&Blade Warband Dedicated/Modules/Native/SceneObj/scn_castle_17_prison.sco  
  inflating: /tmp/tmp.DE7FeAsEFs/alphagsm-home/downloads/downloads/x/eknwafac/mb_warband_dedicated_1174/Mount&Blade Warband Dedicated/Modules/Native/SceneObj/scn_castle_18_exterior.sco  
  inflating: /tmp/tmp.DE7FeAsEFs/alphagsm-home/downloads/downloads/x/eknwafac/mb_warband_dedicated_1174/Mount&Blade Warband Dedicated/Modules/Native/SceneObj/scn_castle_18_interior.sco  
  inflating: /tmp/tmp.DE7FeAsEFs/alphagsm-home/downloads/downloads/x/eknwafac/mb_warband_dedicated_1174/Mount&Blade Warband Dedicated/Modules/Native/SceneObj/scn_castle_18_prison.sco  
  inflating: /tmp/tmp.DE7FeAsEFs/alphagsm-home/downloads/downloads/x/eknwafac/mb_warband_dedicated_1174/Mount&Blade Warband Dedicated/Modules/Native/SceneObj/scn_castle_19_exterior.sco  
  inflating: /tmp/tmp.DE7FeAsEFs/alphagsm-home/downloads/downloads/x/eknwafac/mb_warband_dedicated_1174/Mount&Blade Warband Dedicated/Modules/Native/SceneObj/scn_castle_19_interior.sco  
  inflating: /tmp/tmp.DE7FeAsEFs/alphagsm-home/downloads/downloads/x/eknwafac/mb_warband_dedicated_1174/Mount&Blade Warband Dedicated/Modules/Native/SceneObj/scn_castle_19_prison.sco  
  inflating: /tmp/tmp.DE7FeAsEFs/alphagsm-home/downloads/downloads/x/eknwafac/mb_warband_dedicated_1174/Mount&Blade Warband Dedicated/Modules/Native/SceneObj/scn_castle_1_exterior.sco  
  inflating: /tmp/tmp.DE7FeAsEFs/alphagsm-home/downloads/downloads/x/eknwafac/mb_warband_dedicated_1174/Mount&Blade Warband Dedicated/Modules/Native/SceneObj/scn_castle_1_interior.sco  
  inflating: /tmp/tmp.DE7FeAsEFs/alphagsm-home/downloads/downloads/x/eknwafac/mb_warband_dedicated_1174/Mount&Blade Warband Dedicated/Modules/Native/SceneObj/scn_castle_1_prison.sco  
  inflating: /tmp/tmp.DE7FeAsEFs/alphagsm-home/downloads/downloads/x/eknwafac/mb_warband_dedicated_1174/Mount&Blade Warband Dedicated/Modules/Native/SceneObj/scn_castle_20_exterior.sco  
  inflating: /tmp/tmp.DE7FeAsEFs/alphagsm-home/downloads/downloads/x/eknwafac/mb_warband_dedicated_1174/Mount&Blade Warband Dedicated/Modules/Native/SceneObj/scn_castle_20_interior.sco  
  inflating: /tmp/tmp.DE7FeAsEFs/alphagsm-home/downloads/downloads/x/eknwafac/mb_warband_dedicated_1174/Mount&Blade Warband Dedicated/Modules/Native/SceneObj/scn_castle_20_prison.sco  
  inflating: /tmp/tmp.DE7FeAsEFs/alphagsm-home/downloads/downloads/x/eknwafac/mb_warband_dedicated_1174/Mount&Blade Warband Dedicated/Modules/Native/SceneObj/scn_castle_21_exterior.sco  
  inflating: /tmp/tmp.DE7FeAsEFs/alphagsm-home/downloads/downloads/x/eknwafac/mb_warband_dedicated_1174/Mount&Blade Warband Dedicated/Modules/Native/SceneObj/scn_castle_21_interior.sco  
  inflating: /tmp/tmp.DE7FeAsEFs/alphagsm-home/downloads/downloads/x/eknwafac/mb_warband_dedicated_1174/Mount&Blade Warband Dedicated/Modules/Native/SceneObj/scn_castle_21_prison.sco  
  inflating: /tmp/tmp.DE7FeAsEFs/alphagsm-home/downloads/downloads/x/eknwafac/mb_warband_dedicated_1174/Mount&Blade Warband Dedicated/Modules/Native/SceneObj/scn_castle_22_exterior.sco  
  inflating: /tmp/tmp.DE7FeAsEFs/alphagsm-home/downloads/downloads/x/eknwafac/mb_warband_dedicated_1174/Mount&Blade Warband Dedicated/Modules/Native/SceneObj/scn_castle_22_interior.sco  
  inflating: /tmp/tmp.DE7FeAsEFs/alphagsm-home/downloads/downloads/x/eknwafac/mb_warband_dedicated_1174/Mount&Blade Warband Dedicated/Modules/Native/SceneObj/scn_castle_22_prison.sco  
  inflating: /tmp/tmp.DE7FeAsEFs/alphagsm-home/downloads/downloads/x/eknwafac/mb_warband_dedicated_1174/Mount&Blade Warband Dedicated/Modules/Native/SceneObj/scn_castle_23_exterior.sco  
  inflating: /tmp/tmp.DE7FeAsEFs/alphagsm-home/downloads/downloads/x/eknwafac/mb_warband_dedicated_1174/Mount&Blade Warband Dedicated/Modules/Native/SceneObj/scn_castle_23_interior.sco  
  inflating: /tmp/tmp.DE7FeAsEFs/alphagsm-home/downloads/downloads/x/eknwafac/mb_warband_dedicated_1174/Mount&Blade Warband Dedicated/Modules/Native/SceneObj/scn_castle_23_prison.sco  
  inflating: /tmp/tmp.DE7FeAsEFs/alphagsm-home/downloads/downloads/x/eknwafac/mb_warband_dedicated_1174/Mount&Blade Warband Dedicated/Modules/Native/SceneObj/scn_castle_24_exterior.sco  
  inflating: /tmp/tmp.DE7FeAsEFs/alphagsm-home/downloads/downloads/x/eknwafac/mb_warband_dedicated_1174/Mount&Blade Warband Dedicated/Modules/Native/SceneObj/scn_castle_24_interior.sco  
  inflating: /tmp/tmp.DE7FeAsEFs/alphagsm-home/downloads/downloads/x/eknwafac/mb_warband_dedicated_1174/Mount&Blade Warband Dedicated/Modules/Native/SceneObj/scn_castle_24_prison.sco  
  inflating: /tmp/tmp.DE7FeAsEFs/alphagsm-home/downloads/downloads/x/eknwafac/mb_warband_dedicated_1174/Mount&Blade Warband Dedicated/Modules/Native/SceneObj/scn_castle_25_exterior.sco  
  inflating: /tmp/tmp.DE7FeAsEFs/alphagsm-home/downloads/downloads/x/eknwafac/mb_warband_dedicated_1174/Mount&Blade Warband Dedicated/Modules/Native/SceneObj/scn_castle_25_interior.sco  
  inflating: /tmp/tmp.DE7FeAsEFs/alphagsm-home/downloads/downloads/x/eknwafac/mb_warband_dedicated_1174/Mount&Blade Warband Dedicated/Modules/Native/SceneObj/scn_castle_25_prison.sco  
  inflating: /tmp/tmp.DE7FeAsEFs/alphagsm-home/downloads/downloads/x/eknwafac/mb_warband_dedicated_1174/Mount&Blade Warband Dedicated/Modules/Native/SceneObj/scn_castle_26_exterior.sco  
  inflating: /tmp/tmp.DE7FeAsEFs/alphagsm-home/downloads/downloads/x/eknwafac/mb_warband_dedicated_1174/Mount&Blade Warband Dedicated/Modules/Native/SceneObj/scn_castle_26_interior.sco  
  inflating: /tmp/tmp.DE7FeAsEFs/alphagsm-home/downloads/downloads/x/eknwafac/mb_warband_dedicated_1174/Mount&Blade Warband Dedicated/Modules/Native/SceneObj/scn_castle_26_prison.sco  
  inflating: /tmp/tmp.DE7FeAsEFs/alphagsm-home/downloads/downloads/x/eknwafac/mb_warband_dedicated_1174/Mount&Blade Warband Dedicated/Modules/Native/SceneObj/scn_castle_27_exterior.sco  
  inflating: /tmp/tmp.DE7FeAsEFs/alphagsm-home/downloads/downloads/x/eknwafac/mb_warband_dedicated_1174/Mount&Blade Warband Dedicated/Modules/Native/SceneObj/scn_castle_27_interior.sco  
  inflating: /tmp/tmp.DE7FeAsEFs/alphagsm-home/downloads/downloads/x/eknwafac/mb_warband_dedicated_1174/Mount&Blade Warband Dedicated/Modules/Native/SceneObj/scn_castle_27_prison.sco  
  inflating: /tmp/tmp.DE7FeAsEFs/alphagsm-home/downloads/downloads/x/eknwafac/mb_warband_dedicated_1174/Mount&Blade Warband Dedicated/Modules/Native/SceneObj/scn_castle_28_exterior.sco  
  inflating: /tmp/tmp.DE7FeAsEFs/alphagsm-home/downloads/downloads/x/eknwafac/mb_warband_dedicated_1174/Mount&Blade Warband Dedicated/Modules/Native/SceneObj/scn_castle_28_interior.sco  
  inflating: /tmp/tmp.DE7FeAsEFs/alphagsm-home/downloads/downloads/x/eknwafac/mb_warband_dedicated_1174/Mount&Blade Warband Dedicated/Modules/Native/SceneObj/scn_castle_28_prison.sco  
  inflating: /tmp/tmp.DE7FeAsEFs/alphagsm-home/downloads/downloads/x/eknwafac/mb_warband_dedicated_1174/Mount&Blade Warband Dedicated/Modules/Native/SceneObj/scn_castle_29_exterior.sco  
  inflating: /tmp/tmp.DE7FeAsEFs/alphagsm-home/downloads/downloads/x/eknwafac/mb_warband_dedicated_1174/Mount&Blade Warband Dedicated/Modules/Native/SceneObj/scn_castle_29_interior.sco  
  inflating: /tmp/tmp.DE7FeAsEFs/alphagsm-home/downloads/downloads/x/eknwafac/mb_warband_dedicated_1174/Mount&Blade Warband Dedicated/Modules/Native/SceneObj/scn_castle_29_prison.sco  
  inflating: /tmp/tmp.DE7FeAsEFs/alphagsm-home/downloads/downloads/x/eknwafac/mb_warband_dedicated_1174/Mount&Blade Warband Dedicated/Modules/Native/SceneObj/scn_castle_2_exterior.sco  
  inflating: /tmp/tmp.DE7FeAsEFs/alphagsm-home/downloads/downloads/x/eknwafac/mb_warband_dedicated_1174/Mount&Blade Warband Dedicated/Modules/Native/SceneObj/scn_castle_2_interior.sco  
  inflating: /tmp/tmp.DE7FeAsEFs/alphagsm-home/downloads/downloads/x/eknwafac/mb_warband_dedicated_1174/Mount&Blade Warband Dedicated/Modules/Native/SceneObj/scn_castle_2_prison.sco  
  inflating: /tmp/tmp.DE7FeAsEFs/alphagsm-home/downloads/downloads/x/eknwafac/mb_warband_dedicated_1174/Mount&Blade Warband Dedicated/Modules/Native/SceneObj/scn_castle_30_exterior.sco  
  inflating: /tmp/tmp.DE7FeAsEFs/alphagsm-home/downloads/downloads/x/eknwafac/mb_warband_dedicated_1174/Mount&Blade Warband Dedicated/Modules/Native/SceneObj/scn_castle_30_interior.sco  
  inflating: /tmp/tmp.DE7FeAsEFs/alphagsm-home/downloads/downloads/x/eknwafac/mb_warband_dedicated_1174/Mount&Blade Warband Dedicated/Modules/Native/SceneObj/scn_castle_30_prison.sco  
  inflating: /tmp/tmp.DE7FeAsEFs/alphagsm-home/downloads/downloads/x/eknwafac/mb_warband_dedicated_1174/Mount&Blade Warband Dedicated/Modules/Native/SceneObj/scn_castle_31_exterior.sco  
  inflating: /tmp/tmp.DE7FeAsEFs/alphagsm-home/downloads/downloads/x/eknwafac/mb_warband_dedicated_1174/Mount&Blade Warband Dedicated/Modules/Native/SceneObj/scn_castle_31_interior.sco  
  inflating: /tmp/tmp.DE7FeAsEFs/alphagsm-home/downloads/downloads/x/eknwafac/mb_warband_dedicated_1174/Mount&Blade Warband Dedicated/Modules/Native/SceneObj/scn_castle_31_prison.sco  
  inflating: /tmp/tmp.DE7FeAsEFs/alphagsm-home/downloads/downloads/x/eknwafac/mb_warband_dedicated_1174/Mount&Blade Warband Dedicated/Modules/Native/SceneObj/scn_castle_32_exterior.sco  
  inflating: /tmp/tmp.DE7FeAsEFs/alphagsm-home/downloads/downloads/x/eknwafac/mb_warband_dedicated_1174/Mount&Blade Warband Dedicated/Modules/Native/SceneObj/scn_castle_32_interior.sco  
  inflating: /tmp/tmp.DE7FeAsEFs/alphagsm-home/downloads/downloads/x/eknwafac/mb_warband_dedicated_1174/Mount&Blade Warband Dedicated/Modules/Native/SceneObj/scn_castle_32_prison.sco  
  inflating: /tmp/tmp.DE7FeAsEFs/alphagsm-home/downloads/downloads/x/eknwafac/mb_warband_dedicated_1174/Mount&Blade Warband Dedicated/Modules/Native/SceneObj/scn_castle_33_exterior.sco  
  inflating: /tmp/tmp.DE7FeAsEFs/alphagsm-home/downloads/downloads/x/eknwafac/mb_warband_dedicated_1174/Mount&Blade Warband Dedicated/Modules/Native/SceneObj/scn_castle_33_interior.sco  
  inflating: /tmp/tmp.DE7FeAsEFs/alphagsm-home/downloads/downloads/x/eknwafac/mb_warband_dedicated_1174/Mount&Blade Warband Dedicated/Modules/Native/SceneObj/scn_castle_33_prison.sco  
  inflating: /tmp/tmp.DE7FeAsEFs/alphagsm-home/downloads/downloads/x/eknwafac/mb_warband_dedicated_1174/Mount&Blade Warband Dedicated/Modules/Native/SceneObj/scn_castle_34_exterior.sco  
  inflating: /tmp/tmp.DE7FeAsEFs/alphagsm-home/downloads/downloads/x/eknwafac/mb_warband_dedicated_1174/Mount&Blade Warband Dedicated/Modules/Native/SceneObj/scn_castle_34_interior.sco  
  inflating: /tmp/tmp.DE7FeAsEFs/alphagsm-home/downloads/downloads/x/eknwafac/mb_warband_dedicated_1174/Mount&Blade Warband Dedicated/Modules/Native/SceneObj/scn_castle_34_prison.sco  
  inflating: /tmp/tmp.DE7FeAsEFs/alphagsm-home/downloads/downloads/x/eknwafac/mb_warband_dedicated_1174/Mount&Blade Warband Dedicated/Modules/Native/SceneObj/scn_castle_35_exterior.sco  
  inflating: /tmp/tmp.DE7FeAsEFs/alphagsm-home/downloads/downloads/x/eknwafac/mb_warband_dedicated_1174/Mount&Blade Warband Dedicated/Modules/Native/SceneObj/scn_castle_35_interior.sco  
  inflating: /tmp/tmp.DE7FeAsEFs/alphagsm-home/downloads/downloads/x/eknwafac/mb_warband_dedicated_1174/Mount&Blade Warband Dedicated/Modules/Native/SceneObj/scn_castle_35_prison.sco  
  inflating: /tmp/tmp.DE7FeAsEFs/alphagsm-home/downloads/downloads/x/eknwafac/mb_warband_dedicated_1174/Mount&Blade Warband Dedicated/Modules/Native/SceneObj/scn_castle_36_exterior.sco  
  inflating: /tmp/tmp.DE7FeAsEFs/alphagsm-home/downloads/downloads/x/eknwafac/mb_warband_dedicated_1174/Mount&Blade Warband Dedicated/Modules/Native/SceneObj/scn_castle_36_interior.sco  
  inflating: /tmp/tmp.DE7FeAsEFs/alphagsm-home/downloads/downloads/x/eknwafac/mb_warband_dedicated_1174/Mount&Blade Warband Dedicated/Modules/Native/SceneObj/scn_castle_36_prison.sco  
  inflating: /tmp/tmp.DE7FeAsEFs/alphagsm-home/downloads/downloads/x/eknwafac/mb_warband_dedicated_1174/Mount&Blade Warband Dedicated/Modules/Native/SceneObj/scn_castle_37_exterior.sco  
  inflating: /tmp/tmp.DE7FeAsEFs/alphagsm-home/downloads/downloads/x/eknwafac/mb_warband_dedicated_1174/Mount&Blade Warband Dedicated/Modules/Native/SceneObj/scn_castle_37_interior.sco  
  inflating: /tmp/tmp.DE7FeAsEFs/alphagsm-home/downloads/downloads/x/eknwafac/mb_warband_dedicated_1174/Mount&Blade Warband Dedicated/Modules/Native/SceneObj/scn_castle_37_prison.sco  
  inflating: /tmp/tmp.DE7FeAsEFs/alphagsm-home/downloads/downloads/x/eknwafac/mb_warband_dedicated_1174/Mount&Blade Warband Dedicated/Modules/Native/SceneObj/scn_castle_38_exterior.sco  
  inflating: /tmp/tmp.DE7FeAsEFs/alphagsm-home/downloads/downloads/x/eknwafac/mb_warband_dedicated_1174/Mount&Blade Warband Dedicated/Modules/Native/SceneObj/scn_castle_38_interior.sco  
  inflating: /tmp/tmp.DE7FeAsEFs/alphagsm-home/downloads/downloads/x/eknwafac/mb_warband_dedicated_1174/Mount&Blade Warband Dedicated/Modules/Native/SceneObj/scn_castle_38_prison.sco  
  inflating: /tmp/tmp.DE7FeAsEFs/alphagsm-home/downloads/downloads/x/eknwafac/mb_warband_dedicated_1174/Mount&Blade Warband Dedicated/Modules/Native/SceneObj/scn_castle_39_exterior.sco  
  inflating: /tmp/tmp.DE7FeAsEFs/alphagsm-home/downloads/downloads/x/eknwafac/mb_warband_dedicated_1174/Mount&Blade Warband Dedicated/Modules/Native/SceneObj/scn_castle_39_interior.sco  
  inflating: /tmp/tmp.DE7FeAsEFs/alphagsm-home/downloads/downloads/x/eknwafac/mb_warband_dedicated_1174/Mount&Blade Warband Dedicated/Modules/Native/SceneObj/scn_castle_39_prison.sco  
  inflating: /tmp/tmp.DE7FeAsEFs/alphagsm-home/downloads/downloads/x/eknwafac/mb_warband_dedicated_1174/Mount&Blade Warband Dedicated/Modules/Native/SceneObj/scn_castle_3_exterior.sco  
  inflating: /tmp/tmp.DE7FeAsEFs/alphagsm-home/downloads/downloads/x/eknwafac/mb_warband_dedicated_1174/Mount&Blade Warband Dedicated/Modules/Native/SceneObj/scn_castle_3_interior.sco  
  inflating: /tmp/tmp.DE7FeAsEFs/alphagsm-home/downloads/downloads/x/eknwafac/mb_warband_dedicated_1174/Mount&Blade Warband Dedicated/Modules/Native/SceneObj/scn_castle_3_prison.sco  
  inflating: /tmp/tmp.DE7FeAsEFs/alphagsm-home/downloads/downloads/x/eknwafac/mb_warband_dedicated_1174/Mount&Blade Warband Dedicated/Modules/Native/SceneObj/scn_castle_40_exterior.sco  
  inflating: /tmp/tmp.DE7FeAsEFs/alphagsm-home/downloads/downloads/x/eknwafac/mb_warband_dedicated_1174/Mount&Blade Warband Dedicated/Modules/Native/SceneObj/scn_castle_40_interior.sco  
  inflating: /tmp/tmp.DE7FeAsEFs/alphagsm-home/downloads/downloads/x/eknwafac/mb_warband_dedicated_1174/Mount&Blade Warband Dedicated/Modules/Native/SceneObj/scn_castle_40_prison.sco  
  inflating: /tmp/tmp.DE7FeAsEFs/alphagsm-home/downloads/downloads/x/eknwafac/mb_warband_dedicated_1174/Mount&Blade Warband Dedicated/Modules/Native/SceneObj/scn_castle_41_exterior.sco  
  inflating: /tmp/tmp.DE7FeAsEFs/alphagsm-home/downloads/downloads/x/eknwafac/mb_warband_dedicated_1174/Mount&Blade Warband Dedicated/Modules/Native/SceneObj/scn_castle_41_interior.sco  
  inflating: /tmp/tmp.DE7FeAsEFs/alphagsm-home/downloads/downloads/x/eknwafac/mb_warband_dedicated_1174/Mount&Blade Warband Dedicated/Modules/Native/SceneObj/scn_castle_41_prison.sco  
  inflating: /tmp/tmp.DE7FeAsEFs/alphagsm-home/downloads/downloads/x/eknwafac/mb_warband_dedicated_1174/Mount&Blade Warband Dedicated/Modules/Native/SceneObj/scn_castle_42_exterior.sco  
  inflating: /tmp/tmp.DE7FeAsEFs/alphagsm-home/downloads/downloads/x/eknwafac/mb_warband_dedicated_1174/Mount&Blade Warband Dedicated/Modules/Native/SceneObj/scn_castle_42_interior.sco  
  inflating: /tmp/tmp.DE7FeAsEFs/alphagsm-home/downloads/downloads/x/eknwafac/mb_warband_dedicated_1174/Mount&Blade Warband Dedicated/Modules/Native/SceneObj/scn_castle_42_prison.sco  
  inflating: /tmp/tmp.DE7FeAsEFs/alphagsm-home/downloads/downloads/x/eknwafac/mb_warband_dedicated_1174/Mount&Blade Warband Dedicated/Modules/Native/SceneObj/scn_castle_43_exterior.sco  
  inflating: /tmp/tmp.DE7FeAsEFs/alphagsm-home/downloads/downloads/x/eknwafac/mb_warband_dedicated_1174/Mount&Blade Warband Dedicated/Modules/Native/SceneObj/scn_castle_43_interior.sco  
  inflating: /tmp/tmp.DE7FeAsEFs/alphagsm-home/downloads/downloads/x/eknwafac/mb_warband_dedicated_1174/Mount&Blade Warband Dedicated/Modules/Native/SceneObj/scn_castle_43_prison.sco  
  inflating: /tmp/tmp.DE7FeAsEFs/alphagsm-home/downloads/downloads/x/eknwafac/mb_warband_dedicated_1174/Mount&Blade Warband Dedicated/Modules/Native/SceneObj/scn_castle_44_exterior.sco  
  inflating: /tmp/tmp.DE7FeAsEFs/alphagsm-home/downloads/downloads/x/eknwafac/mb_warband_dedicated_1174/Mount&Blade Warband Dedicated/Modules/Native/SceneObj/scn_castle_44_interior.sco  
  inflating: /tmp/tmp.DE7FeAsEFs/alphagsm-home/downloads/downloads/x/eknwafac/mb_warband_dedicated_1174/Mount&Blade Warband Dedicated/Modules/Native/SceneObj/scn_castle_44_prison.sco  
  inflating: /tmp/tmp.DE7FeAsEFs/alphagsm-home/downloads/downloads/x/eknwafac/mb_warband_dedicated_1174/Mount&Blade Warband Dedicated/Modules/Native/SceneObj/scn_castle_45_exterior.sco  
  inflating: /tmp/tmp.DE7FeAsEFs/alphagsm-home/downloads/downloads/x/eknwafac/mb_warband_dedicated_1174/Mount&Blade Warband Dedicated/Modules/Native/SceneObj/scn_castle_45_interior.sco  
  inflating: /tmp/tmp.DE7FeAsEFs/alphagsm-home/downloads/downloads/x/eknwafac/mb_warband_dedicated_1174/Mount&Blade Warband Dedicated/Modules/Native/SceneObj/scn_castle_45_prison.sco  
  inflating: /tmp/tmp.DE7FeAsEFs/alphagsm-home/downloads/downloads/x/eknwafac/mb_warband_dedicated_1174/Mount&Blade Warband Dedicated/Modules/Native/SceneObj/scn_castle_46_exterior.sco  
  inflating: /tmp/tmp.DE7FeAsEFs/alphagsm-home/downloads/downloads/x/eknwafac/mb_warband_dedicated_1174/Mount&Blade Warband Dedicated/Modules/Native/SceneObj/scn_castle_46_interior.sco  
  inflating: /tmp/tmp.DE7FeAsEFs/alphagsm-home/downloads/downloads/x/eknwafac/mb_warband_dedicated_1174/Mount&Blade Warband Dedicated/Modules/Native/SceneObj/scn_castle_46_prison.sco  
  inflating: /tmp/tmp.DE7FeAsEFs/alphagsm-home/downloads/downloads/x/eknwafac/mb_warband_dedicated_1174/Mount&Blade Warband Dedicated/Modules/Native/SceneObj/scn_castle_47_exterior.sco  
  inflating: /tmp/tmp.DE7FeAsEFs/alphagsm-home/downloads/downloads/x/eknwafac/mb_warband_dedicated_1174/Mount&Blade Warband Dedicated/Modules/Native/SceneObj/scn_castle_47_interior.sco  
  inflating: /tmp/tmp.DE7FeAsEFs/alphagsm-home/downloads/downloads/x/eknwafac/mb_warband_dedicated_1174/Mount&Blade Warband Dedicated/Modules/Native/SceneObj/scn_castle_47_prison.sco  
  inflating: /tmp/tmp.DE7FeAsEFs/alphagsm-home/downloads/downloads/x/eknwafac/mb_warband_dedicated_1174/Mount&Blade Warband Dedicated/Modules/Native/SceneObj/scn_castle_48_exterior.sco  
  inflating: /tmp/tmp.DE7FeAsEFs/alphagsm-home/downloads/downloads/x/eknwafac/mb_warband_dedicated_1174/Mount&Blade Warband Dedicated/Modules/Native/SceneObj/scn_castle_48_interior.sco  
  inflating: /tmp/tmp.DE7FeAsEFs/alphagsm-home/downloads/downloads/x/eknwafac/mb_warband_dedicated_1174/Mount&Blade Warband Dedicated/Modules/Native/SceneObj/scn_castle_48_prison.sco  
  inflating: /tmp/tmp.DE7FeAsEFs/alphagsm-home/downloads/downloads/x/eknwafac/mb_warband_dedicated_1174/Mount&Blade Warband Dedicated/Modules/Native/SceneObj/scn_castle_4_exterior.sco  
  inflating: /tmp/tmp.DE7FeAsEFs/alphagsm-home/downloads/downloads/x/eknwafac/mb_warband_dedicated_1174/Mount&Blade Warband Dedicated/Modules/Native/SceneObj/scn_castle_4_interior.sco  
  inflating: /tmp/tmp.DE7FeAsEFs/alphagsm-home/downloads/downloads/x/eknwafac/mb_warband_dedicated_1174/Mount&Blade Warband Dedicated/Modules/Native/SceneObj/scn_castle_4_prison.sco  
  inflating: /tmp/tmp.DE7FeAsEFs/alphagsm-home/downloads/downloads/x/eknwafac/mb_warband_dedicated_1174/Mount&Blade Warband Dedicated/Modules/Native/SceneObj/scn_castle_5_exterior.sco  
  inflating: /tmp/tmp.DE7FeAsEFs/alphagsm-home/downloads/downloads/x/eknwafac/mb_warband_dedicated_1174/Mount&Blade Warband Dedicated/Modules/Native/SceneObj/scn_castle_5_interior.sco  
  inflating: /tmp/tmp.DE7FeAsEFs/alphagsm-home/downloads/downloads/x/eknwafac/mb_warband_dedicated_1174/Mount&Blade Warband Dedicated/Modules/Native/SceneObj/scn_castle_5_prison.sco  
  inflating: /tmp/tmp.DE7FeAsEFs/alphagsm-home/downloads/downloads/x/eknwafac/mb_warband_dedicated_1174/Mount&Blade Warband Dedicated/Modules/Native/SceneObj/scn_castle_6_exterior.sco  
  inflating: /tmp/tmp.DE7FeAsEFs/alphagsm-home/downloads/downloads/x/eknwafac/mb_warband_dedicated_1174/Mount&Blade Warband Dedicated/Modules/Native/SceneObj/scn_castle_6_interior.sco  
  inflating: /tmp/tmp.DE7FeAsEFs/alphagsm-home/downloads/downloads/x/eknwafac/mb_warband_dedicated_1174/Mount&Blade Warband Dedicated/Modules/Native/SceneObj/scn_castle_6_prison.sco  
  inflating: /tmp/tmp.DE7FeAsEFs/alphagsm-home/downloads/downloads/x/eknwafac/mb_warband_dedicated_1174/Mount&Blade Warband Dedicated/Modules/Native/SceneObj/scn_castle_7_exterior.sco  
  inflating: /tmp/tmp.DE7FeAsEFs/alphagsm-home/downloads/downloads/x/eknwafac/mb_warband_dedicated_1174/Mount&Blade Warband Dedicated/Modules/Native/SceneObj/scn_castle_7_interior.sco  
  inflating: /tmp/tmp.DE7FeAsEFs/alphagsm-home/downloads/downloads/x/eknwafac/mb_warband_dedicated_1174/Mount&Blade Warband Dedicated/Modules/Native/SceneObj/scn_castle_7_prison.sco  
  inflating: /tmp/tmp.DE7FeAsEFs/alphagsm-home/downloads/downloads/x/eknwafac/mb_warband_dedicated_1174/Mount&Blade Warband Dedicated/Modules/Native/SceneObj/scn_castle_8_exterior.sco  
  inflating: /tmp/tmp.DE7FeAsEFs/alphagsm-home/downloads/downloads/x/eknwafac/mb_warband_dedicated_1174/Mount&Blade Warband Dedicated/Modules/Native/SceneObj/scn_castle_8_interior.sco  
  inflating: /tmp/tmp.DE7FeAsEFs/alphagsm-home/downloads/downloads/x/eknwafac/mb_warband_dedicated_1174/Mount&Blade Warband Dedicated/Modules/Native/SceneObj/scn_castle_8_prison.sco  
  inflating: /tmp/tmp.DE7FeAsEFs/alphagsm-home/downloads/downloads/x/eknwafac/mb_warband_dedicated_1174/Mount&Blade Warband Dedicated/Modules/Native/SceneObj/scn_castle_9_exterior.sco  
  inflating: /tmp/tmp.DE7FeAsEFs/alphagsm-home/downloads/downloads/x/eknwafac/mb_warband_dedicated_1174/Mount&Blade Warband Dedicated/Modules/Native/SceneObj/scn_castle_9_interior.sco  
  inflating: /tmp/tmp.DE7FeAsEFs/alphagsm-home/downloads/downloads/x/eknwafac/mb_warband_dedicated_1174/Mount&Blade Warband Dedicated/Modules/Native/SceneObj/scn_castle_9_prison.sco  
  inflating: /tmp/tmp.DE7FeAsEFs/alphagsm-home/downloads/downloads/x/eknwafac/mb_warband_dedicated_1174/Mount&Blade Warband Dedicated/Modules/Native/SceneObj/scn_conversation_scene.sco  
  inflating: /tmp/tmp.DE7FeAsEFs/alphagsm-home/downloads/downloads/x/eknwafac/mb_warband_dedicated_1174/Mount&Blade Warband Dedicated/Modules/Native/SceneObj/scn_enterprise_brewery.sco  
  inflating: /tmp/tmp.DE7FeAsEFs/alphagsm-home/downloads/downloads/x/eknwafac/mb_warband_dedicated_1174/Mount&Blade Warband Dedicated/Modules/Native/SceneObj/scn_enterprise_dyeworks.sco  
  inflating: /tmp/tmp.DE7FeAsEFs/alphagsm-home/downloads/downloads/x/eknwafac/mb_warband_dedicated_1174/Mount&Blade Warband Dedicated/Modules/Native/SceneObj/scn_enterprise_linen_weavery.sco  
  inflating: /tmp/tmp.DE7FeAsEFs/alphagsm-home/downloads/downloads/x/eknwafac/mb_warband_dedicated_1174/Mount&Blade Warband Dedicated/Modules/Native/SceneObj/scn_enterprise_mill.sco  
  inflating: /tmp/tmp.DE7FeAsEFs/alphagsm-home/downloads/downloads/x/eknwafac/mb_warband_dedicated_1174/Mount&Blade Warband Dedicated/Modules/Native/SceneObj/scn_enterprise_oil_press.sco  
  inflating: /tmp/tmp.DE7FeAsEFs/alphagsm-home/downloads/downloads/x/eknwafac/mb_warband_dedicated_1174/Mount&Blade Warband Dedicated/Modules/Native/SceneObj/scn_enterprise_smithy.sco  
  inflating: /tmp/tmp.DE7FeAsEFs/alphagsm-home/downloads/downloads/x/eknwafac/mb_warband_dedicated_1174/Mount&Blade Warband Dedicated/Modules/Native/SceneObj/scn_enterprise_tannery.sco  
  inflating: /tmp/tmp.DE7FeAsEFs/alphagsm-home/downloads/downloads/x/eknwafac/mb_warband_dedicated_1174/Mount&Blade Warband Dedicated/Modules/Native/SceneObj/scn_enterprise_winery.sco  
  inflating: /tmp/tmp.DE7FeAsEFs/alphagsm-home/downloads/downloads/x/eknwafac/mb_warband_dedicated_1174/Mount&Blade Warband Dedicated/Modules/Native/SceneObj/scn_enterprise_wool_weavery.sco  
  inflating: /tmp/tmp.DE7FeAsEFs/alphagsm-home/downloads/downloads/x/eknwafac/mb_warband_dedicated_1174/Mount&Blade Warband Dedicated/Modules/Native/SceneObj/scn_field_1.sco  
  inflating: /tmp/tmp.DE7FeAsEFs/alphagsm-home/downloads/downloads/x/eknwafac/mb_warband_dedicated_1174/Mount&Blade Warband Dedicated/Modules/Native/SceneObj/scn_field_2.sco  
  inflating: /tmp/tmp.DE7FeAsEFs/alphagsm-home/downloads/downloads/x/eknwafac/mb_warband_dedicated_1174/Mount&Blade Warband Dedicated/Modules/Native/SceneObj/scn_four_ways_inn.sco  
  inflating: /tmp/tmp.DE7FeAsEFs/alphagsm-home/downloads/downloads/x/eknwafac/mb_warband_dedicated_1174/Mount&Blade Warband Dedicated/Modules/Native/SceneObj/scn_lair_desert_bandits.sco  
  inflating: /tmp/tmp.DE7FeAsEFs/alphagsm-home/downloads/downloads/x/eknwafac/mb_warband_dedicated_1174/Mount&Blade Warband Dedicated/Modules/Native/SceneObj/scn_lair_forest_bandits.sco  
  inflating: /tmp/tmp.DE7FeAsEFs/alphagsm-home/downloads/downloads/x/eknwafac/mb_warband_dedicated_1174/Mount&Blade Warband Dedicated/Modules/Native/SceneObj/scn_lair_mountain_bandits.sco  
  inflating: /tmp/tmp.DE7FeAsEFs/alphagsm-home/downloads/downloads/x/eknwafac/mb_warband_dedicated_1174/Mount&Blade Warband Dedicated/Modules/Native/SceneObj/scn_lair_sea_raiders.sco  
  inflating: /tmp/tmp.DE7FeAsEFs/alphagsm-home/downloads/downloads/x/eknwafac/mb_warband_dedicated_1174/Mount&Blade Warband Dedicated/Modules/Native/SceneObj/scn_lair_steppe_bandits.sco  
  inflating: /tmp/tmp.DE7FeAsEFs/alphagsm-home/downloads/downloads/x/eknwafac/mb_warband_dedicated_1174/Mount&Blade Warband Dedicated/Modules/Native/SceneObj/scn_lair_taiga_bandits.sco  
  inflating: /tmp/tmp.DE7FeAsEFs/alphagsm-home/downloads/downloads/x/eknwafac/mb_warband_dedicated_1174/Mount&Blade Warband Dedicated/Modules/Native/SceneObj/scn_meeting_scene_desert.sco  
  inflating: /tmp/tmp.DE7FeAsEFs/alphagsm-home/downloads/downloads/x/eknwafac/mb_warband_dedicated_1174/Mount&Blade Warband Dedicated/Modules/Native/SceneObj/scn_meeting_scene_desert_forest.sco  
  inflating: /tmp/tmp.DE7FeAsEFs/alphagsm-home/downloads/downloads/x/eknwafac/mb_warband_dedicated_1174/Mount&Blade Warband Dedicated/Modules/Native/SceneObj/scn_meeting_scene_plain.sco  
  inflating: /tmp/tmp.DE7FeAsEFs/alphagsm-home/downloads/downloads/x/eknwafac/mb_warband_dedicated_1174/Mount&Blade Warband Dedicated/Modules/Native/SceneObj/scn_meeting_scene_plain_forest.sco  
  inflating: /tmp/tmp.DE7FeAsEFs/alphagsm-home/downloads/downloads/x/eknwafac/mb_warband_dedicated_1174/Mount&Blade Warband Dedicated/Modules/Native/SceneObj/scn_meeting_scene_snow.sco  
  inflating: /tmp/tmp.DE7FeAsEFs/alphagsm-home/downloads/downloads/x/eknwafac/mb_warband_dedicated_1174/Mount&Blade Warband Dedicated/Modules/Native/SceneObj/scn_meeting_scene_snow_forest.sco  
  inflating: /tmp/tmp.DE7FeAsEFs/alphagsm-home/downloads/downloads/x/eknwafac/mb_warband_dedicated_1174/Mount&Blade Warband Dedicated/Modules/Native/SceneObj/scn_meeting_scene_steppe.sco  
  inflating: /tmp/tmp.DE7FeAsEFs/alphagsm-home/downloads/downloads/x/eknwafac/mb_warband_dedicated_1174/Mount&Blade Warband Dedicated/Modules/Native/SceneObj/scn_meeting_scene_steppe_forest.sco  
  inflating: /tmp/tmp.DE7FeAsEFs/alphagsm-home/downloads/downloads/x/eknwafac/mb_warband_dedicated_1174/Mount&Blade Warband Dedicated/Modules/Native/SceneObj/scn_multi_scene_1.sco  
  inflating: /tmp/tmp.DE7FeAsEFs/alphagsm-home/downloads/downloads/x/eknwafac/mb_warband_dedicated_1174/Mount&Blade Warband Dedicated/Modules/Native/SceneObj/scn_multi_scene_10.sco  
  inflating: /tmp/tmp.DE7FeAsEFs/alphagsm-home/downloads/downloads/x/eknwafac/mb_warband_dedicated_1174/Mount&Blade Warband Dedicated/Modules/Native/SceneObj/scn_multi_scene_11.sco  
  inflating: /tmp/tmp.DE7FeAsEFs/alphagsm-home/downloads/downloads/x/eknwafac/mb_warband_dedicated_1174/Mount&Blade Warband Dedicated/Modules/Native/SceneObj/scn_multi_scene_12.sco  
  inflating: /tmp/tmp.DE7FeAsEFs/alphagsm-home/downloads/downloads/x/eknwafac/mb_warband_dedicated_1174/Mount&Blade Warband Dedicated/Modules/Native/SceneObj/scn_multi_scene_13.sco  
  inflating: /tmp/tmp.DE7FeAsEFs/alphagsm-home/downloads/downloads/x/eknwafac/mb_warband_dedicated_1174/Mount&Blade Warband Dedicated/Modules/Native/SceneObj/scn_multi_scene_14.sco  
  inflating: /tmp/tmp.DE7FeAsEFs/alphagsm-home/downloads/downloads/x/eknwafac/mb_warband_dedicated_1174/Mount&Blade Warband Dedicated/Modules/Native/SceneObj/scn_multi_scene_15.sco  
  inflating: /tmp/tmp.DE7FeAsEFs/alphagsm-home/downloads/downloads/x/eknwafac/mb_warband_dedicated_1174/Mount&Blade Warband Dedicated/Modules/Native/SceneObj/scn_multi_scene_16.sco  
  inflating: /tmp/tmp.DE7FeAsEFs/alphagsm-home/downloads/downloads/x/eknwafac/mb_warband_dedicated_1174/Mount&Blade Warband Dedicated/Modules/Native/SceneObj/scn_multi_scene_17.sco  
  inflating: /tmp/tmp.DE7FeAsEFs/alphagsm-home/downloads/downloads/x/eknwafac/mb_warband_dedicated_1174/Mount&Blade Warband Dedicated/Modules/Native/SceneObj/scn_multi_scene_18.sco  
  inflating: /tmp/tmp.DE7FeAsEFs/alphagsm-home/downloads/downloads/x/eknwafac/mb_warband_dedicated_1174/Mount&Blade Warband Dedicated/Modules/Native/SceneObj/scn_multi_scene_19.sco  
  inflating: /tmp/tmp.DE7FeAsEFs/alphagsm-home/downloads/downloads/x/eknwafac/mb_warband_dedicated_1174/Mount&Blade Warband Dedicated/Modules/Native/SceneObj/scn_multi_scene_2.sco  
  inflating: /tmp/tmp.DE7FeAsEFs/alphagsm-home/downloads/downloads/x/eknwafac/mb_warband_dedicated_1174/Mount&Blade Warband Dedicated/Modules/Native/SceneObj/scn_multi_scene_20.sco  
  inflating: /tmp/tmp.DE7FeAsEFs/alphagsm-home/downloads/downloads/x/eknwafac/mb_warband_dedicated_1174/Mount&Blade Warband Dedicated/Modules/Native/SceneObj/scn_multi_scene_3.sco  
  inflating: /tmp/tmp.DE7FeAsEFs/alphagsm-home/downloads/downloads/x/eknwafac/mb_warband_dedicated_1174/Mount&Blade Warband Dedicated/Modules/Native/SceneObj/scn_multi_scene_4.sco  
  inflating: /tmp/tmp.DE7FeAsEFs/alphagsm-home/downloads/downloads/x/eknwafac/mb_warband_dedicated_1174/Mount&Blade Warband Dedicated/Modules/Native/SceneObj/scn_multi_scene_5.sco  
  inflating: /tmp/tmp.DE7FeAsEFs/alphagsm-home/downloads/downloads/x/eknwafac/mb_warband_dedicated_1174/Mount&Blade Warband Dedicated/Modules/Native/SceneObj/scn_multi_scene_6.sco  
  inflating: /tmp/tmp.DE7FeAsEFs/alphagsm-home/downloads/downloads/x/eknwafac/mb_warband_dedicated_1174/Mount&Blade Warband Dedicated/Modules/Native/SceneObj/scn_multi_scene_7.sco  
  inflating: /tmp/tmp.DE7FeAsEFs/alphagsm-home/downloads/downloads/x/eknwafac/mb_warband_dedicated_1174/Mount&Blade Warband Dedicated/Modules/Native/SceneObj/scn_multi_scene_8.sco  
  inflating: /tmp/tmp.DE7FeAsEFs/alphagsm-home/downloads/downloads/x/eknwafac/mb_warband_dedicated_1174/Mount&Blade Warband Dedicated/Modules/Native/SceneObj/scn_multi_scene_9.sco  
  inflating: /tmp/tmp.DE7FeAsEFs/alphagsm-home/downloads/downloads/x/eknwafac/mb_warband_dedicated_1174/Mount&Blade Warband Dedicated/Modules/Native/SceneObj/scn_novice_ground.sco  
  inflating: /tmp/tmp.DE7FeAsEFs/alphagsm-home/downloads/downloads/x/eknwafac/mb_warband_dedicated_1174/Mount&Blade Warband Dedicated/Modules/Native/SceneObj/scn_quick_battle_1.sco  
  inflating: /tmp/tmp.DE7FeAsEFs/alphagsm-home/downloads/downloads/x/eknwafac/mb_warband_dedicated_1174/Mount&Blade Warband Dedicated/Modules/Native/SceneObj/scn_quick_battle_2.sco  
  inflating: /tmp/tmp.DE7FeAsEFs/alphagsm-home/downloads/downloads/x/eknwafac/mb_warband_dedicated_1174/Mount&Blade Warband Dedicated/Modules/Native/SceneObj/scn_quick_battle_3.sco  
  inflating: /tmp/tmp.DE7FeAsEFs/alphagsm-home/downloads/downloads/x/eknwafac/mb_warband_dedicated_1174/Mount&Blade Warband Dedicated/Modules/Native/SceneObj/scn_quick_battle_4.sco  
  inflating: /tmp/tmp.DE7FeAsEFs/alphagsm-home/downloads/downloads/x/eknwafac/mb_warband_dedicated_1174/Mount&Blade Warband Dedicated/Modules/Native/SceneObj/scn_quick_battle_5.sco  
  inflating: /tmp/tmp.DE7FeAsEFs/alphagsm-home/downloads/downloads/x/eknwafac/mb_warband_dedicated_1174/Mount&Blade Warband Dedicated/Modules/Native/SceneObj/scn_quick_battle_6.sco  
  inflating: /tmp/tmp.DE7FeAsEFs/alphagsm-home/downloads/downloads/x/eknwafac/mb_warband_dedicated_1174/Mount&Blade Warband Dedicated/Modules/Native/SceneObj/scn_quick_battle_7.sco  
  inflating: /tmp/tmp.DE7FeAsEFs/alphagsm-home/downloads/downloads/x/eknwafac/mb_warband_dedicated_1174/Mount&Blade Warband Dedicated/Modules/Native/SceneObj/scn_quick_battle_scene_1.sco  
  inflating: /tmp/tmp.DE7FeAsEFs/alphagsm-home/downloads/downloads/x/eknwafac/mb_warband_dedicated_1174/Mount&Blade Warband Dedicated/Modules/Native/SceneObj/scn_quick_battle_scene_2.sco  
  inflating: /tmp/tmp.DE7FeAsEFs/alphagsm-home/downloads/downloads/x/eknwafac/mb_warband_dedicated_1174/Mount&Blade Warband Dedicated/Modules/Native/SceneObj/scn_quick_battle_scene_3.sco  
  inflating: /tmp/tmp.DE7FeAsEFs/alphagsm-home/downloads/downloads/x/eknwafac/mb_warband_dedicated_1174/Mount&Blade Warband Dedicated/Modules/Native/SceneObj/scn_quick_battle_scene_4.sco  
  inflating: /tmp/tmp.DE7FeAsEFs/alphagsm-home/downloads/downloads/x/eknwafac/mb_warband_dedicated_1174/Mount&Blade Warband Dedicated/Modules/Native/SceneObj/scn_quick_battle_scene_5.sco  
  inflating: /tmp/tmp.DE7FeAsEFs/alphagsm-home/downloads/downloads/x/eknwafac/mb_warband_dedicated_1174/Mount&Blade Warband Dedicated/Modules/Native/SceneObj/scn_random_multi_plain_large.sco  
  inflating: /tmp/tmp.DE7FeAsEFs/alphagsm-home/downloads/downloads/x/eknwafac/mb_warband_dedicated_1174/Mount&Blade Warband Dedicated/Modules/Native/SceneObj/scn_random_multi_plain_medium.sco  
  inflating: /tmp/tmp.DE7FeAsEFs/alphagsm-home/downloads/downloads/x/eknwafac/mb_warband_dedicated_1174/Mount&Blade Warband Dedicated/Modules/Native/SceneObj/scn_random_multi_steppe_large.sco  
  inflating: /tmp/tmp.DE7FeAsEFs/alphagsm-home/downloads/downloads/x/eknwafac/mb_warband_dedicated_1174/Mount&Blade Warband Dedicated/Modules/Native/SceneObj/scn_random_multi_steppe_medium.sco  
  inflating: /tmp/tmp.DE7FeAsEFs/alphagsm-home/downloads/downloads/x/eknwafac/mb_warband_dedicated_1174/Mount&Blade Warband Dedicated/Modules/Native/SceneObj/scn_random_scene.sco  
  inflating: /tmp/tmp.DE7FeAsEFs/alphagsm-home/downloads/downloads/x/eknwafac/mb_warband_dedicated_1174/Mount&Blade Warband Dedicated/Modules/Native/SceneObj/scn_random_scene_desert.sco  
  inflating: /tmp/tmp.DE7FeAsEFs/alphagsm-home/downloads/downloads/x/eknwafac/mb_warband_dedicated_1174/Mount&Blade Warband Dedicated/Modules/Native/SceneObj/scn_random_scene_desert_forest.sco  
  inflating: /tmp/tmp.DE7FeAsEFs/alphagsm-home/downloads/downloads/x/eknwafac/mb_warband_dedicated_1174/Mount&Blade Warband Dedicated/Modules/Native/SceneObj/scn_random_scene_plain.sco  
  inflating: /tmp/tmp.DE7FeAsEFs/alphagsm-home/downloads/downloads/x/eknwafac/mb_warband_dedicated_1174/Mount&Blade Warband Dedicated/Modules/Native/SceneObj/scn_random_scene_plain_forest.sco  
  inflating: /tmp/tmp.DE7FeAsEFs/alphagsm-home/downloads/downloads/x/eknwafac/mb_warband_dedicated_1174/Mount&Blade Warband Dedicated/Modules/Native/SceneObj/scn_random_scene_snow.sco  
  inflating: /tmp/tmp.DE7FeAsEFs/alphagsm-home/downloads/downloads/x/eknwafac/mb_warband_dedicated_1174/Mount&Blade Warband Dedicated/Modules/Native/SceneObj/scn_random_scene_snow_forest.sco  
  inflating: /tmp/tmp.DE7FeAsEFs/alphagsm-home/downloads/downloads/x/eknwafac/mb_warband_dedicated_1174/Mount&Blade Warband Dedicated/Modules/Native/SceneObj/scn_random_scene_steppe.sco  
  inflating: /tmp/tmp.DE7FeAsEFs/alphagsm-home/downloads/downloads/x/eknwafac/mb_warband_dedicated_1174/Mount&Blade Warband Dedicated/Modules/Native/SceneObj/scn_random_scene_steppe_forest.sco  
  inflating: /tmp/tmp.DE7FeAsEFs/alphagsm-home/downloads/downloads/x/eknwafac/mb_warband_dedicated_1174/Mount&Blade Warband Dedicated/Modules/Native/SceneObj/scn_salt_mine.sco  
  inflating: /tmp/tmp.DE7FeAsEFs/alphagsm-home/downloads/downloads/x/eknwafac/mb_warband_dedicated_1174/Mount&Blade Warband Dedicated/Modules/Native/SceneObj/scn_test2.sco  
  inflating: /tmp/tmp.DE7FeAsEFs/alphagsm-home/downloads/downloads/x/eknwafac/mb_warband_dedicated_1174/Mount&Blade Warband Dedicated/Modules/Native/SceneObj/scn_test3.sco  
  inflating: /tmp/tmp.DE7FeAsEFs/alphagsm-home/downloads/downloads/x/eknwafac/mb_warband_dedicated_1174/Mount&Blade Warband Dedicated/Modules/Native/SceneObj/scn_test_multi.sco  
  inflating: /tmp/tmp.DE7FeAsEFs/alphagsm-home/downloads/downloads/x/eknwafac/mb_warband_dedicated_1174/Mount&Blade Warband Dedicated/Modules/Native/SceneObj/scn_test_scene.sco  
  inflating: /tmp/tmp.DE7FeAsEFs/alphagsm-home/downloads/downloads/x/eknwafac/mb_warband_dedicated_1174/Mount&Blade Warband Dedicated/Modules/Native/SceneObj/scn_the_happy_boar.sco  
  inflating: /tmp/tmp.DE7FeAsEFs/alphagsm-home/downloads/downloads/x/eknwafac/mb_warband_dedicated_1174/Mount&Blade Warband Dedicated/Modules/Native/SceneObj/scn_town_10_alley.sco  
  inflating: /tmp/tmp.DE7FeAsEFs/alphagsm-home/downloads/downloads/x/eknwafac/mb_warband_dedicated_1174/Mount&Blade Warband Dedicated/Modules/Native/SceneObj/scn_town_10_arena.sco  
  inflating: /tmp/tmp.DE7FeAsEFs/alphagsm-home/downloads/downloads/x/eknwafac/mb_warband_dedicated_1174/Mount&Blade Warband Dedicated/Modules/Native/SceneObj/scn_town_10_castle.sco  
  inflating: /tmp/tmp.DE7FeAsEFs/alphagsm-home/downloads/downloads/x/eknwafac/mb_warband_dedicated_1174/Mount&Blade Warband Dedicated/Modules/Native/SceneObj/scn_town_10_center.sco  
  inflating: /tmp/tmp.DE7FeAsEFs/alphagsm-home/downloads/downloads/x/eknwafac/mb_warband_dedicated_1174/Mount&Blade Warband Dedicated/Modules/Native/SceneObj/scn_town_10_prison.sco  
  inflating: /tmp/tmp.DE7FeAsEFs/alphagsm-home/downloads/downloads/x/eknwafac/mb_warband_dedicated_1174/Mount&Blade Warband Dedicated/Modules/Native/SceneObj/scn_town_10_room.sco  
  inflating: /tmp/tmp.DE7FeAsEFs/alphagsm-home/downloads/downloads/x/eknwafac/mb_warband_dedicated_1174/Mount&Blade Warband Dedicated/Modules/Native/SceneObj/scn_town_10_store.sco  
  inflating: /tmp/tmp.DE7FeAsEFs/alphagsm-home/downloads/downloads/x/eknwafac/mb_warband_dedicated_1174/Mount&Blade Warband Dedicated/Modules/Native/SceneObj/scn_town_10_tavern.sco  
  inflating: /tmp/tmp.DE7FeAsEFs/alphagsm-home/downloads/downloads/x/eknwafac/mb_warband_dedicated_1174/Mount&Blade Warband Dedicated/Modules/Native/SceneObj/scn_town_10_walls.sco  
  inflating: /tmp/tmp.DE7FeAsEFs/alphagsm-home/downloads/downloads/x/eknwafac/mb_warband_dedicated_1174/Mount&Blade Warband Dedicated/Modules/Native/SceneObj/scn_town_11_alley.sco  
  inflating: /tmp/tmp.DE7FeAsEFs/alphagsm-home/downloads/downloads/x/eknwafac/mb_warband_dedicated_1174/Mount&Blade Warband Dedicated/Modules/Native/SceneObj/scn_town_11_arena.sco  
  inflating: /tmp/tmp.DE7FeAsEFs/alphagsm-home/downloads/downloads/x/eknwafac/mb_warband_dedicated_1174/Mount&Blade Warband Dedicated/Modules/Native/SceneObj/scn_town_11_castle.sco  
  inflating: /tmp/tmp.DE7FeAsEFs/alphagsm-home/downloads/downloads/x/eknwafac/mb_warband_dedicated_1174/Mount&Blade Warband Dedicated/Modules/Native/SceneObj/scn_town_11_center.sco  
  inflating: /tmp/tmp.DE7FeAsEFs/alphagsm-home/downloads/downloads/x/eknwafac/mb_warband_dedicated_1174/Mount&Blade Warband Dedicated/Modules/Native/SceneObj/scn_town_11_prison.sco  
  inflating: /tmp/tmp.DE7FeAsEFs/alphagsm-home/downloads/downloads/x/eknwafac/mb_warband_dedicated_1174/Mount&Blade Warband Dedicated/Modules/Native/SceneObj/scn_town_11_store.sco  
  inflating: /tmp/tmp.DE7FeAsEFs/alphagsm-home/downloads/downloads/x/eknwafac/mb_warband_dedicated_1174/Mount&Blade Warband Dedicated/Modules/Native/SceneObj/scn_town_11_tavern.sco  
  inflating: /tmp/tmp.DE7FeAsEFs/alphagsm-home/downloads/downloads/x/eknwafac/mb_warband_dedicated_1174/Mount&Blade Warband Dedicated/Modules/Native/SceneObj/scn_town_11_walls.sco  
  inflating: /tmp/tmp.DE7FeAsEFs/alphagsm-home/downloads/downloads/x/eknwafac/mb_warband_dedicated_1174/Mount&Blade Warband Dedicated/Modules/Native/SceneObj/scn_town_12_alley.sco  
  inflating: /tmp/tmp.DE7FeAsEFs/alphagsm-home/downloads/downloads/x/eknwafac/mb_warband_dedicated_1174/Mount&Blade Warband Dedicated/Modules/Native/SceneObj/scn_town_12_arena.sco  
  inflating: /tmp/tmp.DE7FeAsEFs/alphagsm-home/downloads/downloads/x/eknwafac/mb_warband_dedicated_1174/Mount&Blade Warband Dedicated/Modules/Native/SceneObj/scn_town_12_castle.sco  
  inflating: /tmp/tmp.DE7FeAsEFs/alphagsm-home/downloads/downloads/x/eknwafac/mb_warband_dedicated_1174/Mount&Blade Warband Dedicated/Modules/Native/SceneObj/scn_town_12_center.sco  
  inflating: /tmp/tmp.DE7FeAsEFs/alphagsm-home/downloads/downloads/x/eknwafac/mb_warband_dedicated_1174/Mount&Blade Warband Dedicated/Modules/Native/SceneObj/scn_town_12_prison.sco  
  inflating: /tmp/tmp.DE7FeAsEFs/alphagsm-home/downloads/downloads/x/eknwafac/mb_warband_dedicated_1174/Mount&Blade Warband Dedicated/Modules/Native/SceneObj/scn_town_12_store.sco  
  inflating: /tmp/tmp.DE7FeAsEFs/alphagsm-home/downloads/downloads/x/eknwafac/mb_warband_dedicated_1174/Mount&Blade Warband Dedicated/Modules/Native/SceneObj/scn_town_12_tavern.sco  
  inflating: /tmp/tmp.DE7FeAsEFs/alphagsm-home/downloads/downloads/x/eknwafac/mb_warband_dedicated_1174/Mount&Blade Warband Dedicated/Modules/Native/SceneObj/scn_town_12_walls.sco  
  inflating: /tmp/tmp.DE7FeAsEFs/alphagsm-home/downloads/downloads/x/eknwafac/mb_warband_dedicated_1174/Mount&Blade Warband Dedicated/Modules/Native/SceneObj/scn_town_13_alley.sco  
  inflating: /tmp/tmp.DE7FeAsEFs/alphagsm-home/downloads/downloads/x/eknwafac/mb_warband_dedicated_1174/Mount&Blade Warband Dedicated/Modules/Native/SceneObj/scn_town_13_arena.sco  
  inflating: /tmp/tmp.DE7FeAsEFs/alphagsm-home/downloads/downloads/x/eknwafac/mb_warband_dedicated_1174/Mount&Blade Warband Dedicated/Modules/Native/SceneObj/scn_town_13_castle.sco  
  inflating: /tmp/tmp.DE7FeAsEFs/alphagsm-home/downloads/downloads/x/eknwafac/mb_warband_dedicated_1174/Mount&Blade Warband Dedicated/Modules/Native/SceneObj/scn_town_13_center.sco  
  inflating: /tmp/tmp.DE7FeAsEFs/alphagsm-home/downloads/downloads/x/eknwafac/mb_warband_dedicated_1174/Mount&Blade Warband Dedicated/Modules/Native/SceneObj/scn_town_13_prison.sco  
  inflating: /tmp/tmp.DE7FeAsEFs/alphagsm-home/downloads/downloads/x/eknwafac/mb_warband_dedicated_1174/Mount&Blade Warband Dedicated/Modules/Native/SceneObj/scn_town_13_store.sco  
  inflating: /tmp/tmp.DE7FeAsEFs/alphagsm-home/downloads/downloads/x/eknwafac/mb_warband_dedicated_1174/Mount&Blade Warband Dedicated/Modules/Native/SceneObj/scn_town_13_tavern.sco  
  inflating: /tmp/tmp.DE7FeAsEFs/alphagsm-home/downloads/downloads/x/eknwafac/mb_warband_dedicated_1174/Mount&Blade Warband Dedicated/Modules/Native/SceneObj/scn_town_13_walls.sco  
  inflating: /tmp/tmp.DE7FeAsEFs/alphagsm-home/downloads/downloads/x/eknwafac/mb_warband_dedicated_1174/Mount&Blade Warband Dedicated/Modules/Native/SceneObj/scn_town_14_alley.sco  
  inflating: /tmp/tmp.DE7FeAsEFs/alphagsm-home/downloads/downloads/x/eknwafac/mb_warband_dedicated_1174/Mount&Blade Warband Dedicated/Modules/Native/SceneObj/scn_town_14_arena.sco  
  inflating: /tmp/tmp.DE7FeAsEFs/alphagsm-home/downloads/downloads/x/eknwafac/mb_warband_dedicated_1174/Mount&Blade Warband Dedicated/Modules/Native/SceneObj/scn_town_14_castle.sco  
  inflating: /tmp/tmp.DE7FeAsEFs/alphagsm-home/downloads/downloads/x/eknwafac/mb_warband_dedicated_1174/Mount&Blade Warband Dedicated/Modules/Native/SceneObj/scn_town_14_center.sco  
  inflating: /tmp/tmp.DE7FeAsEFs/alphagsm-home/downloads/downloads/x/eknwafac/mb_warband_dedicated_1174/Mount&Blade Warband Dedicated/Modules/Native/SceneObj/scn_town_14_prison.sco  
  inflating: /tmp/tmp.DE7FeAsEFs/alphagsm-home/downloads/downloads/x/eknwafac/mb_warband_dedicated_1174/Mount&Blade Warband Dedicated/Modules/Native/SceneObj/scn_town_14_store.sco  
  inflating: /tmp/tmp.DE7FeAsEFs/alphagsm-home/downloads/downloads/x/eknwafac/mb_warband_dedicated_1174/Mount&Blade Warband Dedicated/Modules/Native/SceneObj/scn_town_14_tavern.sco  
  inflating: /tmp/tmp.DE7FeAsEFs/alphagsm-home/downloads/downloads/x/eknwafac/mb_warband_dedicated_1174/Mount&Blade Warband Dedicated/Modules/Native/SceneObj/scn_town_14_walls.sco  
  inflating: /tmp/tmp.DE7FeAsEFs/alphagsm-home/downloads/downloads/x/eknwafac/mb_warband_dedicated_1174/Mount&Blade Warband Dedicated/Modules/Native/SceneObj/scn_town_15_alley.sco  
  inflating: /tmp/tmp.DE7FeAsEFs/alphagsm-home/downloads/downloads/x/eknwafac/mb_warband_dedicated_1174/Mount&Blade Warband Dedicated/Modules/Native/SceneObj/scn_town_15_arena.sco  
  inflating: /tmp/tmp.DE7FeAsEFs/alphagsm-home/downloads/downloads/x/eknwafac/mb_warband_dedicated_1174/Mount&Blade Warband Dedicated/Modules/Native/SceneObj/scn_town_15_castle.sco  
  inflating: /tmp/tmp.DE7FeAsEFs/alphagsm-home/downloads/downloads/x/eknwafac/mb_warband_dedicated_1174/Mount&Blade Warband Dedicated/Modules/Native/SceneObj/scn_town_15_center.sco  
  inflating: /tmp/tmp.DE7FeAsEFs/alphagsm-home/downloads/downloads/x/eknwafac/mb_warband_dedicated_1174/Mount&Blade Warband Dedicated/Modules/Native/SceneObj/scn_town_15_prison.sco  
  inflating: /tmp/tmp.DE7FeAsEFs/alphagsm-home/downloads/downloads/x/eknwafac/mb_warband_dedicated_1174/Mount&Blade Warband Dedicated/Modules/Native/SceneObj/scn_town_15_store.sco  
  inflating: /tmp/tmp.DE7FeAsEFs/alphagsm-home/downloads/downloads/x/eknwafac/mb_warband_dedicated_1174/Mount&Blade Warband Dedicated/Modules/Native/SceneObj/scn_town_15_tavern.sco  
  inflating: /tmp/tmp.DE7FeAsEFs/alphagsm-home/downloads/downloads/x/eknwafac/mb_warband_dedicated_1174/Mount&Blade Warband Dedicated/Modules/Native/SceneObj/scn_town_15_walls.sco  
  inflating: /tmp/tmp.DE7FeAsEFs/alphagsm-home/downloads/downloads/x/eknwafac/mb_warband_dedicated_1174/Mount&Blade Warband Dedicated/Modules/Native/SceneObj/scn_town_16_alley.sco  
  inflating: /tmp/tmp.DE7FeAsEFs/alphagsm-home/downloads/downloads/x/eknwafac/mb_warband_dedicated_1174/Mount&Blade Warband Dedicated/Modules/Native/SceneObj/scn_town_16_arena.sco  
  inflating: /tmp/tmp.DE7FeAsEFs/alphagsm-home/downloads/downloads/x/eknwafac/mb_warband_dedicated_1174/Mount&Blade Warband Dedicated/Modules/Native/SceneObj/scn_town_16_castle.sco  
  inflating: /tmp/tmp.DE7FeAsEFs/alphagsm-home/downloads/downloads/x/eknwafac/mb_warband_dedicated_1174/Mount&Blade Warband Dedicated/Modules/Native/SceneObj/scn_town_16_center.sco  
  inflating: /tmp/tmp.DE7FeAsEFs/alphagsm-home/downloads/downloads/x/eknwafac/mb_warband_dedicated_1174/Mount&Blade Warband Dedicated/Modules/Native/SceneObj/scn_town_16_prison.sco  
  inflating: /tmp/tmp.DE7FeAsEFs/alphagsm-home/downloads/downloads/x/eknwafac/mb_warband_dedicated_1174/Mount&Blade Warband Dedicated/Modules/Native/SceneObj/scn_town_16_store.sco  
  inflating: /tmp/tmp.DE7FeAsEFs/alphagsm-home/downloads/downloads/x/eknwafac/mb_warband_dedicated_1174/Mount&Blade Warband Dedicated/Modules/Native/SceneObj/scn_town_16_tavern.sco  
  inflating: /tmp/tmp.DE7FeAsEFs/alphagsm-home/downloads/downloads/x/eknwafac/mb_warband_dedicated_1174/Mount&Blade Warband Dedicated/Modules/Native/SceneObj/scn_town_16_walls.sco  
  inflating: /tmp/tmp.DE7FeAsEFs/alphagsm-home/downloads/downloads/x/eknwafac/mb_warband_dedicated_1174/Mount&Blade Warband Dedicated/Modules/Native/SceneObj/scn_town_17_alley.sco  
  inflating: /tmp/tmp.DE7FeAsEFs/alphagsm-home/downloads/downloads/x/eknwafac/mb_warband_dedicated_1174/Mount&Blade Warband Dedicated/Modules/Native/SceneObj/scn_town_17_arena.sco  
  inflating: /tmp/tmp.DE7FeAsEFs/alphagsm-home/downloads/downloads/x/eknwafac/mb_warband_dedicated_1174/Mount&Blade Warband Dedicated/Modules/Native/SceneObj/scn_town_17_castle.sco  
  inflating: /tmp/tmp.DE7FeAsEFs/alphagsm-home/downloads/downloads/x/eknwafac/mb_warband_dedicated_1174/Mount&Blade Warband Dedicated/Modules/Native/SceneObj/scn_town_17_center.sco  
  inflating: /tmp/tmp.DE7FeAsEFs/alphagsm-home/downloads/downloads/x/eknwafac/mb_warband_dedicated_1174/Mount&Blade Warband Dedicated/Modules/Native/SceneObj/scn_town_17_prison.sco  
  inflating: /tmp/tmp.DE7FeAsEFs/alphagsm-home/downloads/downloads/x/eknwafac/mb_warband_dedicated_1174/Mount&Blade Warband Dedicated/Modules/Native/SceneObj/scn_town_17_store.sco  
  inflating: /tmp/tmp.DE7FeAsEFs/alphagsm-home/downloads/downloads/x/eknwafac/mb_warband_dedicated_1174/Mount&Blade Warband Dedicated/Modules/Native/SceneObj/scn_town_17_tavern.sco  
  inflating: /tmp/tmp.DE7FeAsEFs/alphagsm-home/downloads/downloads/x/eknwafac/mb_warband_dedicated_1174/Mount&Blade Warband Dedicated/Modules/Native/SceneObj/scn_town_17_walls.sco  
  inflating: /tmp/tmp.DE7FeAsEFs/alphagsm-home/downloads/downloads/x/eknwafac/mb_warband_dedicated_1174/Mount&Blade Warband Dedicated/Modules/Native/SceneObj/scn_town_18_alley.sco  
  inflating: /tmp/tmp.DE7FeAsEFs/alphagsm-home/downloads/downloads/x/eknwafac/mb_warband_dedicated_1174/Mount&Blade Warband Dedicated/Modules/Native/SceneObj/scn_town_18_arena.sco  
  inflating: /tmp/tmp.DE7FeAsEFs/alphagsm-home/downloads/downloads/x/eknwafac/mb_warband_dedicated_1174/Mount&Blade Warband Dedicated/Modules/Native/SceneObj/scn_town_18_castle.sco  
  inflating: /tmp/tmp.DE7FeAsEFs/alphagsm-home/downloads/downloads/x/eknwafac/mb_warband_dedicated_1174/Mount&Blade Warband Dedicated/Modules/Native/SceneObj/scn_town_18_center.sco  
  inflating: /tmp/tmp.DE7FeAsEFs/alphagsm-home/downloads/downloads/x/eknwafac/mb_warband_dedicated_1174/Mount&Blade Warband Dedicated/Modules/Native/SceneObj/scn_town_18_prison.sco  
  inflating: /tmp/tmp.DE7FeAsEFs/alphagsm-home/downloads/downloads/x/eknwafac/mb_warband_dedicated_1174/Mount&Blade Warband Dedicated/Modules/Native/SceneObj/scn_town_18_store.sco  
  inflating: /tmp/tmp.DE7FeAsEFs/alphagsm-home/downloads/downloads/x/eknwafac/mb_warband_dedicated_1174/Mount&Blade Warband Dedicated/Modules/Native/SceneObj/scn_town_18_tavern.sco  
  inflating: /tmp/tmp.DE7FeAsEFs/alphagsm-home/downloads/downloads/x/eknwafac/mb_warband_dedicated_1174/Mount&Blade Warband Dedicated/Modules/Native/SceneObj/scn_town_18_walls.sco  
  inflating: /tmp/tmp.DE7FeAsEFs/alphagsm-home/downloads/downloads/x/eknwafac/mb_warband_dedicated_1174/Mount&Blade Warband Dedicated/Modules/Native/SceneObj/scn_town_19_alley.sco  
  inflating: /tmp/tmp.DE7FeAsEFs/alphagsm-home/downloads/downloads/x/eknwafac/mb_warband_dedicated_1174/Mount&Blade Warband Dedicated/Modules/Native/SceneObj/scn_town_19_arena.sco  
  inflating: /tmp/tmp.DE7FeAsEFs/alphagsm-home/downloads/downloads/x/eknwafac/mb_warband_dedicated_1174/Mount&Blade Warband Dedicated/Modules/Native/SceneObj/scn_town_19_castle.sco  
  inflating: /tmp/tmp.DE7FeAsEFs/alphagsm-home/downloads/downloads/x/eknwafac/mb_warband_dedicated_1174/Mount&Blade Warband Dedicated/Modules/Native/SceneObj/scn_town_19_center.sco  
  inflating: /tmp/tmp.DE7FeAsEFs/alphagsm-home/downloads/downloads/x/eknwafac/mb_warband_dedicated_1174/Mount&Blade Warband Dedicated/Modules/Native/SceneObj/scn_town_19_prison.sco  
  inflating: /tmp/tmp.DE7FeAsEFs/alphagsm-home/downloads/downloads/x/eknwafac/mb_warband_dedicated_1174/Mount&Blade Warband Dedicated/Modules/Native/SceneObj/scn_town_19_room.sco  
  inflating: /tmp/tmp.DE7FeAsEFs/alphagsm-home/downloads/downloads/x/eknwafac/mb_warband_dedicated_1174/Mount&Blade Warband Dedicated/Modules/Native/SceneObj/scn_town_19_store.sco  
  inflating: /tmp/tmp.DE7FeAsEFs/alphagsm-home/downloads/downloads/x/eknwafac/mb_warband_dedicated_1174/Mount&Blade Warband Dedicated/Modules/Native/SceneObj/scn_town_19_tavern.sco  
  inflating: /tmp/tmp.DE7FeAsEFs/alphagsm-home/downloads/downloads/x/eknwafac/mb_warband_dedicated_1174/Mount&Blade Warband Dedicated/Modules/Native/SceneObj/scn_town_19_walls.sco  
  inflating: /tmp/tmp.DE7FeAsEFs/alphagsm-home/downloads/downloads/x/eknwafac/mb_warband_dedicated_1174/Mount&Blade Warband Dedicated/Modules/Native/SceneObj/scn_town_1_alley.sco  
  inflating: /tmp/tmp.DE7FeAsEFs/alphagsm-home/downloads/downloads/x/eknwafac/mb_warband_dedicated_1174/Mount&Blade Warband Dedicated/Modules/Native/SceneObj/scn_town_1_arena.sco  
  inflating: /tmp/tmp.DE7FeAsEFs/alphagsm-home/downloads/downloads/x/eknwafac/mb_warband_dedicated_1174/Mount&Blade Warband Dedicated/Modules/Native/SceneObj/scn_town_1_castle.sco  
  inflating: /tmp/tmp.DE7FeAsEFs/alphagsm-home/downloads/downloads/x/eknwafac/mb_warband_dedicated_1174/Mount&Blade Warband Dedicated/Modules/Native/SceneObj/scn_town_1_center.sco  
  inflating: /tmp/tmp.DE7FeAsEFs/alphagsm-home/downloads/downloads/x/eknwafac/mb_warband_dedicated_1174/Mount&Blade Warband Dedicated/Modules/Native/SceneObj/scn_town_1_prison.sco  
  inflating: /tmp/tmp.DE7FeAsEFs/alphagsm-home/downloads/downloads/x/eknwafac/mb_warband_dedicated_1174/Mount&Blade Warband Dedicated/Modules/Native/SceneObj/scn_town_1_room.sco  
  inflating: /tmp/tmp.DE7FeAsEFs/alphagsm-home/downloads/downloads/x/eknwafac/mb_warband_dedicated_1174/Mount&Blade Warband Dedicated/Modules/Native/SceneObj/scn_town_1_siege.sco  
  inflating: /tmp/tmp.DE7FeAsEFs/alphagsm-home/downloads/downloads/x/eknwafac/mb_warband_dedicated_1174/Mount&Blade Warband Dedicated/Modules/Native/SceneObj/scn_town_1_store.sco  
  inflating: /tmp/tmp.DE7FeAsEFs/alphagsm-home/downloads/downloads/x/eknwafac/mb_warband_dedicated_1174/Mount&Blade Warband Dedicated/Modules/Native/SceneObj/scn_town_1_tavern.sco  
  inflating: /tmp/tmp.DE7FeAsEFs/alphagsm-home/downloads/downloads/x/eknwafac/mb_warband_dedicated_1174/Mount&Blade Warband Dedicated/Modules/Native/SceneObj/scn_town_1_walls.sco  
  inflating: /tmp/tmp.DE7FeAsEFs/alphagsm-home/downloads/downloads/x/eknwafac/mb_warband_dedicated_1174/Mount&Blade Warband Dedicated/Modules/Native/SceneObj/scn_town_20_alley.sco  
  inflating: /tmp/tmp.DE7FeAsEFs/alphagsm-home/downloads/downloads/x/eknwafac/mb_warband_dedicated_1174/Mount&Blade Warband Dedicated/Modules/Native/SceneObj/scn_town_20_arena.sco  
  inflating: /tmp/tmp.DE7FeAsEFs/alphagsm-home/downloads/downloads/x/eknwafac/mb_warband_dedicated_1174/Mount&Blade Warband Dedicated/Modules/Native/SceneObj/scn_town_20_castle.sco  
  inflating: /tmp/tmp.DE7FeAsEFs/alphagsm-home/downloads/downloads/x/eknwafac/mb_warband_dedicated_1174/Mount&Blade Warband Dedicated/Modules/Native/SceneObj/scn_town_20_center.sco  
  inflating: /tmp/tmp.DE7FeAsEFs/alphagsm-home/downloads/downloads/x/eknwafac/mb_warband_dedicated_1174/Mount&Blade Warband Dedicated/Modules/Native/SceneObj/scn_town_20_prison.sco  
  inflating: /tmp/tmp.DE7FeAsEFs/alphagsm-home/downloads/downloads/x/eknwafac/mb_warband_dedicated_1174/Mount&Blade Warband Dedicated/Modules/Native/SceneObj/scn_town_20_store.sco  
  inflating: /tmp/tmp.DE7FeAsEFs/alphagsm-home/downloads/downloads/x/eknwafac/mb_warband_dedicated_1174/Mount&Blade Warband Dedicated/Modules/Native/SceneObj/scn_town_20_tavern.sco  
  inflating: /tmp/tmp.DE7FeAsEFs/alphagsm-home/downloads/downloads/x/eknwafac/mb_warband_dedicated_1174/Mount&Blade Warband Dedicated/Modules/Native/SceneObj/scn_town_20_walls.sco  
  inflating: /tmp/tmp.DE7FeAsEFs/alphagsm-home/downloads/downloads/x/eknwafac/mb_warband_dedicated_1174/Mount&Blade Warband Dedicated/Modules/Native/SceneObj/scn_town_21_alley.sco  
  inflating: /tmp/tmp.DE7FeAsEFs/alphagsm-home/downloads/downloads/x/eknwafac/mb_warband_dedicated_1174/Mount&Blade Warband Dedicated/Modules/Native/SceneObj/scn_town_21_arena.sco  
  inflating: /tmp/tmp.DE7FeAsEFs/alphagsm-home/downloads/downloads/x/eknwafac/mb_warband_dedicated_1174/Mount&Blade Warband Dedicated/Modules/Native/SceneObj/scn_town_21_castle.sco  
  inflating: /tmp/tmp.DE7FeAsEFs/alphagsm-home/downloads/downloads/x/eknwafac/mb_warband_dedicated_1174/Mount&Blade Warband Dedicated/Modules/Native/SceneObj/scn_town_21_center.sco  
  inflating: /tmp/tmp.DE7FeAsEFs/alphagsm-home/downloads/downloads/x/eknwafac/mb_warband_dedicated_1174/Mount&Blade Warband Dedicated/Modules/Native/SceneObj/scn_town_21_prison.sco  
  inflating: /tmp/tmp.DE7FeAsEFs/alphagsm-home/downloads/downloads/x/eknwafac/mb_warband_dedicated_1174/Mount&Blade Warband Dedicated/Modules/Native/SceneObj/scn_town_21_store.sco  
  inflating: /tmp/tmp.DE7FeAsEFs/alphagsm-home/downloads/downloads/x/eknwafac/mb_warband_dedicated_1174/Mount&Blade Warband Dedicated/Modules/Native/SceneObj/scn_town_21_tavern.sco  
  inflating: /tmp/tmp.DE7FeAsEFs/alphagsm-home/downloads/downloads/x/eknwafac/mb_warband_dedicated_1174/Mount&Blade Warband Dedicated/Modules/Native/SceneObj/scn_town_21_walls.sco  
  inflating: /tmp/tmp.DE7FeAsEFs/alphagsm-home/downloads/downloads/x/eknwafac/mb_warband_dedicated_1174/Mount&Blade Warband Dedicated/Modules/Native/SceneObj/scn_town_22_alley.sco  
  inflating: /tmp/tmp.DE7FeAsEFs/alphagsm-home/downloads/downloads/x/eknwafac/mb_warband_dedicated_1174/Mount&Blade Warband Dedicated/Modules/Native/SceneObj/scn_town_22_arena.sco  
  inflating: /tmp/tmp.DE7FeAsEFs/alphagsm-home/downloads/downloads/x/eknwafac/mb_warband_dedicated_1174/Mount&Blade Warband Dedicated/Modules/Native/SceneObj/scn_town_22_castle.sco  
  inflating: /tmp/tmp.DE7FeAsEFs/alphagsm-home/downloads/downloads/x/eknwafac/mb_warband_dedicated_1174/Mount&Blade Warband Dedicated/Modules/Native/SceneObj/scn_town_22_center.sco  
  inflating: /tmp/tmp.DE7FeAsEFs/alphagsm-home/downloads/downloads/x/eknwafac/mb_warband_dedicated_1174/Mount&Blade Warband Dedicated/Modules/Native/SceneObj/scn_town_22_prison.sco  
  inflating: /tmp/tmp.DE7FeAsEFs/alphagsm-home/downloads/downloads/x/eknwafac/mb_warband_dedicated_1174/Mount&Blade Warband Dedicated/Modules/Native/SceneObj/scn_town_22_store.sco  
  inflating: /tmp/tmp.DE7FeAsEFs/alphagsm-home/downloads/downloads/x/eknwafac/mb_warband_dedicated_1174/Mount&Blade Warband Dedicated/Modules/Native/SceneObj/scn_town_22_tavern.sco  
  inflating: /tmp/tmp.DE7FeAsEFs/alphagsm-home/downloads/downloads/x/eknwafac/mb_warband_dedicated_1174/Mount&Blade Warband Dedicated/Modules/Native/SceneObj/scn_town_22_walls.sco  
  inflating: /tmp/tmp.DE7FeAsEFs/alphagsm-home/downloads/downloads/x/eknwafac/mb_warband_dedicated_1174/Mount&Blade Warband Dedicated/Modules/Native/SceneObj/scn_town_2_alley.sco  
  inflating: /tmp/tmp.DE7FeAsEFs/alphagsm-home/downloads/downloads/x/eknwafac/mb_warband_dedicated_1174/Mount&Blade Warband Dedicated/Modules/Native/SceneObj/scn_town_2_arena.sco  
  inflating: /tmp/tmp.DE7FeAsEFs/alphagsm-home/downloads/downloads/x/eknwafac/mb_warband_dedicated_1174/Mount&Blade Warband Dedicated/Modules/Native/SceneObj/scn_town_2_castle.sco  
  inflating: /tmp/tmp.DE7FeAsEFs/alphagsm-home/downloads/downloads/x/eknwafac/mb_warband_dedicated_1174/Mount&Blade Warband Dedicated/Modules/Native/SceneObj/scn_town_2_center.sco  
  inflating: /tmp/tmp.DE7FeAsEFs/alphagsm-home/downloads/downloads/x/eknwafac/mb_warband_dedicated_1174/Mount&Blade Warband Dedicated/Modules/Native/SceneObj/scn_town_2_prison.sco  
  inflating: /tmp/tmp.DE7FeAsEFs/alphagsm-home/downloads/downloads/x/eknwafac/mb_warband_dedicated_1174/Mount&Blade Warband Dedicated/Modules/Native/SceneObj/scn_town_2_store.sco  
  inflating: /tmp/tmp.DE7FeAsEFs/alphagsm-home/downloads/downloads/x/eknwafac/mb_warband_dedicated_1174/Mount&Blade Warband Dedicated/Modules/Native/SceneObj/scn_town_2_tavern.sco  
  inflating: /tmp/tmp.DE7FeAsEFs/alphagsm-home/downloads/downloads/x/eknwafac/mb_warband_dedicated_1174/Mount&Blade Warband Dedicated/Modules/Native/SceneObj/scn_town_2_walls.sco  
  inflating: /tmp/tmp.DE7FeAsEFs/alphagsm-home/downloads/downloads/x/eknwafac/mb_warband_dedicated_1174/Mount&Blade Warband Dedicated/Modules/Native/SceneObj/scn_town_3_alley.sco  
  inflating: /tmp/tmp.DE7FeAsEFs/alphagsm-home/downloads/downloads/x/eknwafac/mb_warband_dedicated_1174/Mount&Blade Warband Dedicated/Modules/Native/SceneObj/scn_town_3_arena.sco  
  inflating: /tmp/tmp.DE7FeAsEFs/alphagsm-home/downloads/downloads/x/eknwafac/mb_warband_dedicated_1174/Mount&Blade Warband Dedicated/Modules/Native/SceneObj/scn_town_3_castle.sco  
  inflating: /tmp/tmp.DE7FeAsEFs/alphagsm-home/downloads/downloads/x/eknwafac/mb_warband_dedicated_1174/Mount&Blade Warband Dedicated/Modules/Native/SceneObj/scn_town_3_center.sco  
  inflating: /tmp/tmp.DE7FeAsEFs/alphagsm-home/downloads/downloads/x/eknwafac/mb_warband_dedicated_1174/Mount&Blade Warband Dedicated/Modules/Native/SceneObj/scn_town_3_prison.sco  
  inflating: /tmp/tmp.DE7FeAsEFs/alphagsm-home/downloads/downloads/x/eknwafac/mb_warband_dedicated_1174/Mount&Blade Warband Dedicated/Modules/Native/SceneObj/scn_town_3_store.sco  
  inflating: /tmp/tmp.DE7FeAsEFs/alphagsm-home/downloads/downloads/x/eknwafac/mb_warband_dedicated_1174/Mount&Blade Warband Dedicated/Modules/Native/SceneObj/scn_town_3_tavern.sco  
  inflating: /tmp/tmp.DE7FeAsEFs/alphagsm-home/downloads/downloads/x/eknwafac/mb_warband_dedicated_1174/Mount&Blade Warband Dedicated/Modules/Native/SceneObj/scn_town_3_walls.sco  
  inflating: /tmp/tmp.DE7FeAsEFs/alphagsm-home/downloads/downloads/x/eknwafac/mb_warband_dedicated_1174/Mount&Blade Warband Dedicated/Modules/Native/SceneObj/scn_town_4_alley.sco  
  inflating: /tmp/tmp.DE7FeAsEFs/alphagsm-home/downloads/downloads/x/eknwafac/mb_warband_dedicated_1174/Mount&Blade Warband Dedicated/Modules/Native/SceneObj/scn_town_4_arena.sco  
  inflating: /tmp/tmp.DE7FeAsEFs/alphagsm-home/downloads/downloads/x/eknwafac/mb_warband_dedicated_1174/Mount&Blade Warband Dedicated/Modules/Native/SceneObj/scn_town_4_castle.sco  
  inflating: /tmp/tmp.DE7FeAsEFs/alphagsm-home/downloads/downloads/x/eknwafac/mb_warband_dedicated_1174/Mount&Blade Warband Dedicated/Modules/Native/SceneObj/scn_town_4_center.sco  
  inflating: /tmp/tmp.DE7FeAsEFs/alphagsm-home/downloads/downloads/x/eknwafac/mb_warband_dedicated_1174/Mount&Blade Warband Dedicated/Modules/Native/SceneObj/scn_town_4_prison.sco  
  inflating: /tmp/tmp.DE7FeAsEFs/alphagsm-home/downloads/downloads/x/eknwafac/mb_warband_dedicated_1174/Mount&Blade Warband Dedicated/Modules/Native/SceneObj/scn_town_4_store.sco  
  inflating: /tmp/tmp.DE7FeAsEFs/alphagsm-home/downloads/downloads/x/eknwafac/mb_warband_dedicated_1174/Mount&Blade Warband Dedicated/Modules/Native/SceneObj/scn_town_4_tavern.sco  
  inflating: /tmp/tmp.DE7FeAsEFs/alphagsm-home/downloads/downloads/x/eknwafac/mb_warband_dedicated_1174/Mount&Blade Warband Dedicated/Modules/Native/SceneObj/scn_town_4_walls.sco  
  inflating: /tmp/tmp.DE7FeAsEFs/alphagsm-home/downloads/downloads/x/eknwafac/mb_warband_dedicated_1174/Mount&Blade Warband Dedicated/Modules/Native/SceneObj/scn_town_5_alley.sco  
  inflating: /tmp/tmp.DE7FeAsEFs/alphagsm-home/downloads/downloads/x/eknwafac/mb_warband_dedicated_1174/Mount&Blade Warband Dedicated/Modules/Native/SceneObj/scn_town_5_arena.sco  
  inflating: /tmp/tmp.DE7FeAsEFs/alphagsm-home/downloads/downloads/x/eknwafac/mb_warband_dedicated_1174/Mount&Blade Warband Dedicated/Modules/Native/SceneObj/scn_town_5_castle.sco  
  inflating: /tmp/tmp.DE7FeAsEFs/alphagsm-home/downloads/downloads/x/eknwafac/mb_warband_dedicated_1174/Mount&Blade Warband Dedicated/Modules/Native/SceneObj/scn_town_5_center.sco  
  inflating: /tmp/tmp.DE7FeAsEFs/alphagsm-home/downloads/downloads/x/eknwafac/mb_warband_dedicated_1174/Mount&Blade Warband Dedicated/Modules/Native/SceneObj/scn_town_5_prison.sco  
  inflating: /tmp/tmp.DE7FeAsEFs/alphagsm-home/downloads/downloads/x/eknwafac/mb_warband_dedicated_1174/Mount&Blade Warband Dedicated/Modules/Native/SceneObj/scn_town_5_room.sco  
  inflating: /tmp/tmp.DE7FeAsEFs/alphagsm-home/downloads/downloads/x/eknwafac/mb_warband_dedicated_1174/Mount&Blade Warband Dedicated/Modules/Native/SceneObj/scn_town_5_store.sco  
  inflating: /tmp/tmp.DE7FeAsEFs/alphagsm-home/downloads/downloads/x/eknwafac/mb_warband_dedicated_1174/Mount&Blade Warband Dedicated/Modules/Native/SceneObj/scn_town_5_tavern.sco  
  inflating: /tmp/tmp.DE7FeAsEFs/alphagsm-home/downloads/downloads/x/eknwafac/mb_warband_dedicated_1174/Mount&Blade Warband Dedicated/Modules/Native/SceneObj/scn_town_5_walls.sco  
  inflating: /tmp/tmp.DE7FeAsEFs/alphagsm-home/downloads/downloads/x/eknwafac/mb_warband_dedicated_1174/Mount&Blade Warband Dedicated/Modules/Native/SceneObj/scn_town_6_alley.sco  
  inflating: /tmp/tmp.DE7FeAsEFs/alphagsm-home/downloads/downloads/x/eknwafac/mb_warband_dedicated_1174/Mount&Blade Warband Dedicated/Modules/Native/SceneObj/scn_town_6_arena.sco  
  inflating: /tmp/tmp.DE7FeAsEFs/alphagsm-home/downloads/downloads/x/eknwafac/mb_warband_dedicated_1174/Mount&Blade Warband Dedicated/Modules/Native/SceneObj/scn_town_6_castle.sco  
  inflating: /tmp/tmp.DE7FeAsEFs/alphagsm-home/downloads/downloads/x/eknwafac/mb_warband_dedicated_1174/Mount&Blade Warband Dedicated/Modules/Native/SceneObj/scn_town_6_center.sco  
  inflating: /tmp/tmp.DE7FeAsEFs/alphagsm-home/downloads/downloads/x/eknwafac/mb_warband_dedicated_1174/Mount&Blade Warband Dedicated/Modules/Native/SceneObj/scn_town_6_prison.sco  
  inflating: /tmp/tmp.DE7FeAsEFs/alphagsm-home/downloads/downloads/x/eknwafac/mb_warband_dedicated_1174/Mount&Blade Warband Dedicated/Modules/Native/SceneObj/scn_town_6_room.sco  
  inflating: /tmp/tmp.DE7FeAsEFs/alphagsm-home/downloads/downloads/x/eknwafac/mb_warband_dedicated_1174/Mount&Blade Warband Dedicated/Modules/Native/SceneObj/scn_town_6_store.sco  
  inflating: /tmp/tmp.DE7FeAsEFs/alphagsm-home/downloads/downloads/x/eknwafac/mb_warband_dedicated_1174/Mount&Blade Warband Dedicated/Modules/Native/SceneObj/scn_town_6_tavern.sco  
  inflating: /tmp/tmp.DE7FeAsEFs/alphagsm-home/downloads/downloads/x/eknwafac/mb_warband_dedicated_1174/Mount&Blade Warband Dedicated/Modules/Native/SceneObj/scn_town_6_walls.sco  
  inflating: /tmp/tmp.DE7FeAsEFs/alphagsm-home/downloads/downloads/x/eknwafac/mb_warband_dedicated_1174/Mount&Blade Warband Dedicated/Modules/Native/SceneObj/scn_town_7_alley.sco  
  inflating: /tmp/tmp.DE7FeAsEFs/alphagsm-home/downloads/downloads/x/eknwafac/mb_warband_dedicated_1174/Mount&Blade Warband Dedicated/Modules/Native/SceneObj/scn_town_7_arena.sco  
  inflating: /tmp/tmp.DE7FeAsEFs/alphagsm-home/downloads/downloads/x/eknwafac/mb_warband_dedicated_1174/Mount&Blade Warband Dedicated/Modules/Native/SceneObj/scn_town_7_castle.sco  
  inflating: /tmp/tmp.DE7FeAsEFs/alphagsm-home/downloads/downloads/x/eknwafac/mb_warband_dedicated_1174/Mount&Blade Warband Dedicated/Modules/Native/SceneObj/scn_town_7_center.sco  
  inflating: /tmp/tmp.DE7FeAsEFs/alphagsm-home/downloads/downloads/x/eknwafac/mb_warband_dedicated_1174/Mount&Blade Warband Dedicated/Modules/Native/SceneObj/scn_town_7_prison.sco  
  inflating: /tmp/tmp.DE7FeAsEFs/alphagsm-home/downloads/downloads/x/eknwafac/mb_warband_dedicated_1174/Mount&Blade Warband Dedicated/Modules/Native/SceneObj/scn_town_7_store.sco  
  inflating: /tmp/tmp.DE7FeAsEFs/alphagsm-home/downloads/downloads/x/eknwafac/mb_warband_dedicated_1174/Mount&Blade Warband Dedicated/Modules/Native/SceneObj/scn_town_7_tavern.sco  
  inflating: /tmp/tmp.DE7FeAsEFs/alphagsm-home/downloads/downloads/x/eknwafac/mb_warband_dedicated_1174/Mount&Blade Warband Dedicated/Modules/Native/SceneObj/scn_town_7_walls.sco  
  inflating: /tmp/tmp.DE7FeAsEFs/alphagsm-home/downloads/downloads/x/eknwafac/mb_warband_dedicated_1174/Mount&Blade Warband Dedicated/Modules/Native/SceneObj/scn_town_8_alley.sco  
  inflating: /tmp/tmp.DE7FeAsEFs/alphagsm-home/downloads/downloads/x/eknwafac/mb_warband_dedicated_1174/Mount&Blade Warband Dedicated/Modules/Native/SceneObj/scn_town_8_arena.sco  
  inflating: /tmp/tmp.DE7FeAsEFs/alphagsm-home/downloads/downloads/x/eknwafac/mb_warband_dedicated_1174/Mount&Blade Warband Dedicated/Modules/Native/SceneObj/scn_town_8_castle.sco  
  inflating: /tmp/tmp.DE7FeAsEFs/alphagsm-home/downloads/downloads/x/eknwafac/mb_warband_dedicated_1174/Mount&Blade Warband Dedicated/Modules/Native/SceneObj/scn_town_8_center.sco  
  inflating: /tmp/tmp.DE7FeAsEFs/alphagsm-home/downloads/downloads/x/eknwafac/mb_warband_dedicated_1174/Mount&Blade Warband Dedicated/Modules/Native/SceneObj/scn_town_8_prison.sco  
  inflating: /tmp/tmp.DE7FeAsEFs/alphagsm-home/downloads/downloads/x/eknwafac/mb_warband_dedicated_1174/Mount&Blade Warband Dedicated/Modules/Native/SceneObj/scn_town_8_room.sco  
  inflating: /tmp/tmp.DE7FeAsEFs/alphagsm-home/downloads/downloads/x/eknwafac/mb_warband_dedicated_1174/Mount&Blade Warband Dedicated/Modules/Native/SceneObj/scn_town_8_store.sco  
  inflating: /tmp/tmp.DE7FeAsEFs/alphagsm-home/downloads/downloads/x/eknwafac/mb_warband_dedicated_1174/Mount&Blade Warband Dedicated/Modules/Native/SceneObj/scn_town_8_tavern.sco  
  inflating: /tmp/tmp.DE7FeAsEFs/alphagsm-home/downloads/downloads/x/eknwafac/mb_warband_dedicated_1174/Mount&Blade Warband Dedicated/Modules/Native/SceneObj/scn_town_8_walls.sco  
  inflating: /tmp/tmp.DE7FeAsEFs/alphagsm-home/downloads/downloads/x/eknwafac/mb_warband_dedicated_1174/Mount&Blade Warband Dedicated/Modules/Native/SceneObj/scn_town_9_alley.sco  
  inflating: /tmp/tmp.DE7FeAsEFs/alphagsm-home/downloads/downloads/x/eknwafac/mb_warband_dedicated_1174/Mount&Blade Warband Dedicated/Modules/Native/SceneObj/scn_town_9_arena.sco  
  inflating: /tmp/tmp.DE7FeAsEFs/alphagsm-home/downloads/downloads/x/eknwafac/mb_warband_dedicated_1174/Mount&Blade Warband Dedicated/Modules/Native/SceneObj/scn_town_9_castle.sco  
  inflating: /tmp/tmp.DE7FeAsEFs/alphagsm-home/downloads/downloads/x/eknwafac/mb_warband_dedicated_1174/Mount&Blade Warband Dedicated/Modules/Native/SceneObj/scn_town_9_center.sco  
  inflating: /tmp/tmp.DE7FeAsEFs/alphagsm-home/downloads/downloads/x/eknwafac/mb_warband_dedicated_1174/Mount&Blade Warband Dedicated/Modules/Native/SceneObj/scn_town_9_prison.sco  
  inflating: /tmp/tmp.DE7FeAsEFs/alphagsm-home/downloads/downloads/x/eknwafac/mb_warband_dedicated_1174/Mount&Blade Warband Dedicated/Modules/Native/SceneObj/scn_town_9_store.sco  
  inflating: /tmp/tmp.DE7FeAsEFs/alphagsm-home/downloads/downloads/x/eknwafac/mb_warband_dedicated_1174/Mount&Blade Warband Dedicated/Modules/Native/SceneObj/scn_town_9_tavern.sco  
  inflating: /tmp/tmp.DE7FeAsEFs/alphagsm-home/downloads/downloads/x/eknwafac/mb_warband_dedicated_1174/Mount&Blade Warband Dedicated/Modules/Native/SceneObj/scn_town_9_walls.sco  
  inflating: /tmp/tmp.DE7FeAsEFs/alphagsm-home/downloads/downloads/x/eknwafac/mb_warband_dedicated_1174/Mount&Blade Warband Dedicated/Modules/Native/SceneObj/scn_training_ground.sco  
  inflating: /tmp/tmp.DE7FeAsEFs/alphagsm-home/downloads/downloads/x/eknwafac/mb_warband_dedicated_1174/Mount&Blade Warband Dedicated/Modules/Native/SceneObj/scn_training_ground_horse_track_1.sco  
  inflating: /tmp/tmp.DE7FeAsEFs/alphagsm-home/downloads/downloads/x/eknwafac/mb_warband_dedicated_1174/Mount&Blade Warband Dedicated/Modules/Native/SceneObj/scn_training_ground_horse_track_2.sco  
  inflating: /tmp/tmp.DE7FeAsEFs/alphagsm-home/downloads/downloads/x/eknwafac/mb_warband_dedicated_1174/Mount&Blade Warband Dedicated/Modules/Native/SceneObj/scn_training_ground_horse_track_3.sco  
  inflating: /tmp/tmp.DE7FeAsEFs/alphagsm-home/downloads/downloads/x/eknwafac/mb_warband_dedicated_1174/Mount&Blade Warband Dedicated/Modules/Native/SceneObj/scn_training_ground_horse_track_4.sco  
  inflating: /tmp/tmp.DE7FeAsEFs/alphagsm-home/downloads/downloads/x/eknwafac/mb_warband_dedicated_1174/Mount&Blade Warband Dedicated/Modules/Native/SceneObj/scn_training_ground_horse_track_5.sco  
  inflating: /tmp/tmp.DE7FeAsEFs/alphagsm-home/downloads/downloads/x/eknwafac/mb_warband_dedicated_1174/Mount&Blade Warband Dedicated/Modules/Native/SceneObj/scn_training_ground_ranged_melee_1.sco  
  inflating: /tmp/tmp.DE7FeAsEFs/alphagsm-home/downloads/downloads/x/eknwafac/mb_warband_dedicated_1174/Mount&Blade Warband Dedicated/Modules/Native/SceneObj/scn_training_ground_ranged_melee_2.sco  
  inflating: /tmp/tmp.DE7FeAsEFs/alphagsm-home/downloads/downloads/x/eknwafac/mb_warband_dedicated_1174/Mount&Blade Warband Dedicated/Modules/Native/SceneObj/scn_training_ground_ranged_melee_3.sco  
  inflating: /tmp/tmp.DE7FeAsEFs/alphagsm-home/downloads/downloads/x/eknwafac/mb_warband_dedicated_1174/Mount&Blade Warband Dedicated/Modules/Native/SceneObj/scn_training_ground_ranged_melee_4.sco  
  inflating: /tmp/tmp.DE7FeAsEFs/alphagsm-home/downloads/downloads/x/eknwafac/mb_warband_dedicated_1174/Mount&Blade Warband Dedicated/Modules/Native/SceneObj/scn_training_ground_ranged_melee_5.sco  
  inflating: /tmp/tmp.DE7FeAsEFs/alphagsm-home/downloads/downloads/x/eknwafac/mb_warband_dedicated_1174/Mount&Blade Warband Dedicated/Modules/Native/SceneObj/scn_tutorial_1.sco  
  inflating: /tmp/tmp.DE7FeAsEFs/alphagsm-home/downloads/downloads/x/eknwafac/mb_warband_dedicated_1174/Mount&Blade Warband Dedicated/Modules/Native/SceneObj/scn_tutorial_2.sco  
  inflating: /tmp/tmp.DE7FeAsEFs/alphagsm-home/downloads/downloads/x/eknwafac/mb_warband_dedicated_1174/Mount&Blade Warband Dedicated/Modules/Native/SceneObj/scn_tutorial_3.sco  
  inflating: /tmp/tmp.DE7FeAsEFs/alphagsm-home/downloads/downloads/x/eknwafac/mb_warband_dedicated_1174/Mount&Blade Warband Dedicated/Modules/Native/SceneObj/scn_tutorial_4.sco  
  inflating: /tmp/tmp.DE7FeAsEFs/alphagsm-home/downloads/downloads/x/eknwafac/mb_warband_dedicated_1174/Mount&Blade Warband Dedicated/Modules/Native/SceneObj/scn_tutorial_5.sco  
  inflating: /tmp/tmp.DE7FeAsEFs/alphagsm-home/downloads/downloads/x/eknwafac/mb_warband_dedicated_1174/Mount&Blade Warband Dedicated/Modules/Native/SceneObj/scn_tutorial_training_ground.sco  
  inflating: /tmp/tmp.DE7FeAsEFs/alphagsm-home/downloads/downloads/x/eknwafac/mb_warband_dedicated_1174/Mount&Blade Warband Dedicated/Modules/Native/SceneObj/scn_village_1.sco  
  inflating: /tmp/tmp.DE7FeAsEFs/alphagsm-home/downloads/downloads/x/eknwafac/mb_warband_dedicated_1174/Mount&Blade Warband Dedicated/Modules/Native/SceneObj/scn_village_10.sco  
  inflating: /tmp/tmp.DE7FeAsEFs/alphagsm-home/downloads/downloads/x/eknwafac/mb_warband_dedicated_1174/Mount&Blade Warband Dedicated/Modules/Native/SceneObj/scn_village_100.sco  
  inflating: /tmp/tmp.DE7FeAsEFs/alphagsm-home/downloads/downloads/x/eknwafac/mb_warband_dedicated_1174/Mount&Blade Warband Dedicated/Modules/Native/SceneObj/scn_village_101.sco  
  inflating: /tmp/tmp.DE7FeAsEFs/alphagsm-home/downloads/downloads/x/eknwafac/mb_warband_dedicated_1174/Mount&Blade Warband Dedicated/Modules/Native/SceneObj/scn_village_102.sco  
  inflating: /tmp/tmp.DE7FeAsEFs/alphagsm-home/downloads/downloads/x/eknwafac/mb_warband_dedicated_1174/Mount&Blade Warband Dedicated/Modules/Native/SceneObj/scn_village_103.sco  
  inflating: /tmp/tmp.DE7FeAsEFs/alphagsm-home/downloads/downloads/x/eknwafac/mb_warband_dedicated_1174/Mount&Blade Warband Dedicated/Modules/Native/SceneObj/scn_village_104.sco  
  inflating: /tmp/tmp.DE7FeAsEFs/alphagsm-home/downloads/downloads/x/eknwafac/mb_warband_dedicated_1174/Mount&Blade Warband Dedicated/Modules/Native/SceneObj/scn_village_105.sco  
  inflating: /tmp/tmp.DE7FeAsEFs/alphagsm-home/downloads/downloads/x/eknwafac/mb_warband_dedicated_1174/Mount&Blade Warband Dedicated/Modules/Native/SceneObj/scn_village_106.sco  
  inflating: /tmp/tmp.DE7FeAsEFs/alphagsm-home/downloads/downloads/x/eknwafac/mb_warband_dedicated_1174/Mount&Blade Warband Dedicated/Modules/Native/SceneObj/scn_village_107.sco  
  inflating: /tmp/tmp.DE7FeAsEFs/alphagsm-home/downloads/downloads/x/eknwafac/mb_warband_dedicated_1174/Mount&Blade Warband Dedicated/Modules/Native/SceneObj/scn_village_108.sco  
  inflating: /tmp/tmp.DE7FeAsEFs/alphagsm-home/downloads/downloads/x/eknwafac/mb_warband_dedicated_1174/Mount&Blade Warband Dedicated/Modules/Native/SceneObj/scn_village_109.sco  
  inflating: /tmp/tmp.DE7FeAsEFs/alphagsm-home/downloads/downloads/x/eknwafac/mb_warband_dedicated_1174/Mount&Blade Warband Dedicated/Modules/Native/SceneObj/scn_village_11.sco  
  inflating: /tmp/tmp.DE7FeAsEFs/alphagsm-home/downloads/downloads/x/eknwafac/mb_warband_dedicated_1174/Mount&Blade Warband Dedicated/Modules/Native/SceneObj/scn_village_110.sco  
  inflating: /tmp/tmp.DE7FeAsEFs/alphagsm-home/downloads/downloads/x/eknwafac/mb_warband_dedicated_1174/Mount&Blade Warband Dedicated/Modules/Native/SceneObj/scn_village_12.sco  
  inflating: /tmp/tmp.DE7FeAsEFs/alphagsm-home/downloads/downloads/x/eknwafac/mb_warband_dedicated_1174/Mount&Blade Warband Dedicated/Modules/Native/SceneObj/scn_village_13.sco  
  inflating: /tmp/tmp.DE7FeAsEFs/alphagsm-home/downloads/downloads/x/eknwafac/mb_warband_dedicated_1174/Mount&Blade Warband Dedicated/Modules/Native/SceneObj/scn_village_14.sco  
  inflating: /tmp/tmp.DE7FeAsEFs/alphagsm-home/downloads/downloads/x/eknwafac/mb_warband_dedicated_1174/Mount&Blade Warband Dedicated/Modules/Native/SceneObj/scn_village_15.sco  
  inflating: /tmp/tmp.DE7FeAsEFs/alphagsm-home/downloads/downloads/x/eknwafac/mb_warband_dedicated_1174/Mount&Blade Warband Dedicated/Modules/Native/SceneObj/scn_village_16.sco  
  inflating: /tmp/tmp.DE7FeAsEFs/alphagsm-home/downloads/downloads/x/eknwafac/mb_warband_dedicated_1174/Mount&Blade Warband Dedicated/Modules/Native/SceneObj/scn_village_17.sco  
  inflating: /tmp/tmp.DE7FeAsEFs/alphagsm-home/downloads/downloads/x/eknwafac/mb_warband_dedicated_1174/Mount&Blade Warband Dedicated/Modules/Native/SceneObj/scn_village_18.sco  
  inflating: /tmp/tmp.DE7FeAsEFs/alphagsm-home/downloads/downloads/x/eknwafac/mb_warband_dedicated_1174/Mount&Blade Warband Dedicated/Modules/Native/SceneObj/scn_village_19.sco  
  inflating: /tmp/tmp.DE7FeAsEFs/alphagsm-home/downloads/downloads/x/eknwafac/mb_warband_dedicated_1174/Mount&Blade Warband Dedicated/Modules/Native/SceneObj/scn_village_2.sco  
  inflating: /tmp/tmp.DE7FeAsEFs/alphagsm-home/downloads/downloads/x/eknwafac/mb_warband_dedicated_1174/Mount&Blade Warband Dedicated/Modules/Native/SceneObj/scn_village_20.sco  
  inflating: /tmp/tmp.DE7FeAsEFs/alphagsm-home/downloads/downloads/x/eknwafac/mb_warband_dedicated_1174/Mount&Blade Warband Dedicated/Modules/Native/SceneObj/scn_village_21.sco  
  inflating: /tmp/tmp.DE7FeAsEFs/alphagsm-home/downloads/downloads/x/eknwafac/mb_warband_dedicated_1174/Mount&Blade Warband Dedicated/Modules/Native/SceneObj/scn_village_22.sco  
  inflating: /tmp/tmp.DE7FeAsEFs/alphagsm-home/downloads/downloads/x/eknwafac/mb_warband_dedicated_1174/Mount&Blade Warband Dedicated/Modules/Native/SceneObj/scn_village_23.sco  
  inflating: /tmp/tmp.DE7FeAsEFs/alphagsm-home/downloads/downloads/x/eknwafac/mb_warband_dedicated_1174/Mount&Blade Warband Dedicated/Modules/Native/SceneObj/scn_village_24.sco  
  inflating: /tmp/tmp.DE7FeAsEFs/alphagsm-home/downloads/downloads/x/eknwafac/mb_warband_dedicated_1174/Mount&Blade Warband Dedicated/Modules/Native/SceneObj/scn_village_25.sco  
  inflating: /tmp/tmp.DE7FeAsEFs/alphagsm-home/downloads/downloads/x/eknwafac/mb_warband_dedicated_1174/Mount&Blade Warband Dedicated/Modules/Native/SceneObj/scn_village_26.sco  
  inflating: /tmp/tmp.DE7FeAsEFs/alphagsm-home/downloads/downloads/x/eknwafac/mb_warband_dedicated_1174/Mount&Blade Warband Dedicated/Modules/Native/SceneObj/scn_village_27.sco  
  inflating: /tmp/tmp.DE7FeAsEFs/alphagsm-home/downloads/downloads/x/eknwafac/mb_warband_dedicated_1174/Mount&Blade Warband Dedicated/Modules/Native/SceneObj/scn_village_28.sco  
  inflating: /tmp/tmp.DE7FeAsEFs/alphagsm-home/downloads/downloads/x/eknwafac/mb_warband_dedicated_1174/Mount&Blade Warband Dedicated/Modules/Native/SceneObj/scn_village_29.sco  
  inflating: /tmp/tmp.DE7FeAsEFs/alphagsm-home/downloads/downloads/x/eknwafac/mb_warband_dedicated_1174/Mount&Blade Warband Dedicated/Modules/Native/SceneObj/scn_village_3.sco  
  inflating: /tmp/tmp.DE7FeAsEFs/alphagsm-home/downloads/downloads/x/eknwafac/mb_warband_dedicated_1174/Mount&Blade Warband Dedicated/Modules/Native/SceneObj/scn_village_30.sco  
  inflating: /tmp/tmp.DE7FeAsEFs/alphagsm-home/downloads/downloads/x/eknwafac/mb_warband_dedicated_1174/Mount&Blade Warband Dedicated/Modules/Native/SceneObj/scn_village_31.sco  
  inflating: /tmp/tmp.DE7FeAsEFs/alphagsm-home/downloads/downloads/x/eknwafac/mb_warband_dedicated_1174/Mount&Blade Warband Dedicated/Modules/Native/SceneObj/scn_village_32.sco  
  inflating: /tmp/tmp.DE7FeAsEFs/alphagsm-home/downloads/downloads/x/eknwafac/mb_warband_dedicated_1174/Mount&Blade Warband Dedicated/Modules/Native/SceneObj/scn_village_33.sco  
  inflating: /tmp/tmp.DE7FeAsEFs/alphagsm-home/downloads/downloads/x/eknwafac/mb_warband_dedicated_1174/Mount&Blade Warband Dedicated/Modules/Native/SceneObj/scn_village_34.sco  
  inflating: /tmp/tmp.DE7FeAsEFs/alphagsm-home/downloads/downloads/x/eknwafac/mb_warband_dedicated_1174/Mount&Blade Warband Dedicated/Modules/Native/SceneObj/scn_village_35.sco  
  inflating: /tmp/tmp.DE7FeAsEFs/alphagsm-home/downloads/downloads/x/eknwafac/mb_warband_dedicated_1174/Mount&Blade Warband Dedicated/Modules/Native/SceneObj/scn_village_36.sco  
  inflating: /tmp/tmp.DE7FeAsEFs/alphagsm-home/downloads/downloads/x/eknwafac/mb_warband_dedicated_1174/Mount&Blade Warband Dedicated/Modules/Native/SceneObj/scn_village_37.sco  
  inflating: /tmp/tmp.DE7FeAsEFs/alphagsm-home/downloads/downloads/x/eknwafac/mb_warband_dedicated_1174/Mount&Blade Warband Dedicated/Modules/Native/SceneObj/scn_village_38.sco  
  inflating: /tmp/tmp.DE7FeAsEFs/alphagsm-home/downloads/downloads/x/eknwafac/mb_warband_dedicated_1174/Mount&Blade Warband Dedicated/Modules/Native/SceneObj/scn_village_39.sco  
  inflating: /tmp/tmp.DE7FeAsEFs/alphagsm-home/downloads/downloads/x/eknwafac/mb_warband_dedicated_1174/Mount&Blade Warband Dedicated/Modules/Native/SceneObj/scn_village_4.sco  
  inflating: /tmp/tmp.DE7FeAsEFs/alphagsm-home/downloads/downloads/x/eknwafac/mb_warband_dedicated_1174/Mount&Blade Warband Dedicated/Modules/Native/SceneObj/scn_village_40.sco  
  inflating: /tmp/tmp.DE7FeAsEFs/alphagsm-home/downloads/downloads/x/eknwafac/mb_warband_dedicated_1174/Mount&Blade Warband Dedicated/Modules/Native/SceneObj/scn_village_41.sco  
  inflating: /tmp/tmp.DE7FeAsEFs/alphagsm-home/downloads/downloads/x/eknwafac/mb_warband_dedicated_1174/Mount&Blade Warband Dedicated/Modules/Native/SceneObj/scn_village_42.sco  
  inflating: /tmp/tmp.DE7FeAsEFs/alphagsm-home/downloads/downloads/x/eknwafac/mb_warband_dedicated_1174/Mount&Blade Warband Dedicated/Modules/Native/SceneObj/scn_village_43.sco  
  inflating: /tmp/tmp.DE7FeAsEFs/alphagsm-home/downloads/downloads/x/eknwafac/mb_warband_dedicated_1174/Mount&Blade Warband Dedicated/Modules/Native/SceneObj/scn_village_44.sco  
  inflating: /tmp/tmp.DE7FeAsEFs/alphagsm-home/downloads/downloads/x/eknwafac/mb_warband_dedicated_1174/Mount&Blade Warband Dedicated/Modules/Native/SceneObj/scn_village_45.sco  
  inflating: /tmp/tmp.DE7FeAsEFs/alphagsm-home/downloads/downloads/x/eknwafac/mb_warband_dedicated_1174/Mount&Blade Warband Dedicated/Modules/Native/SceneObj/scn_village_46.sco  
  inflating: /tmp/tmp.DE7FeAsEFs/alphagsm-home/downloads/downloads/x/eknwafac/mb_warband_dedicated_1174/Mount&Blade Warband Dedicated/Modules/Native/SceneObj/scn_village_47.sco  
  inflating: /tmp/tmp.DE7FeAsEFs/alphagsm-home/downloads/downloads/x/eknwafac/mb_warband_dedicated_1174/Mount&Blade Warband Dedicated/Modules/Native/SceneObj/scn_village_48.sco  
  inflating: /tmp/tmp.DE7FeAsEFs/alphagsm-home/downloads/downloads/x/eknwafac/mb_warband_dedicated_1174/Mount&Blade Warband Dedicated/Modules/Native/SceneObj/scn_village_49.sco  
  inflating: /tmp/tmp.DE7FeAsEFs/alphagsm-home/downloads/downloads/x/eknwafac/mb_warband_dedicated_1174/Mount&Blade Warband Dedicated/Modules/Native/SceneObj/scn_village_5.sco  
  inflating: /tmp/tmp.DE7FeAsEFs/alphagsm-home/downloads/downloads/x/eknwafac/mb_warband_dedicated_1174/Mount&Blade Warband Dedicated/Modules/Native/SceneObj/scn_village_50.sco  
  inflating: /tmp/tmp.DE7FeAsEFs/alphagsm-home/downloads/downloads/x/eknwafac/mb_warband_dedicated_1174/Mount&Blade Warband Dedicated/Modules/Native/SceneObj/scn_village_51.sco  
  inflating: /tmp/tmp.DE7FeAsEFs/alphagsm-home/downloads/downloads/x/eknwafac/mb_warband_dedicated_1174/Mount&Blade Warband Dedicated/Modules/Native/SceneObj/scn_village_52.sco  
  inflating: /tmp/tmp.DE7FeAsEFs/alphagsm-home/downloads/downloads/x/eknwafac/mb_warband_dedicated_1174/Mount&Blade Warband Dedicated/Modules/Native/SceneObj/scn_village_53.sco  
  inflating: /tmp/tmp.DE7FeAsEFs/alphagsm-home/downloads/downloads/x/eknwafac/mb_warband_dedicated_1174/Mount&Blade Warband Dedicated/Modules/Native/SceneObj/scn_village_54.sco  
  inflating: /tmp/tmp.DE7FeAsEFs/alphagsm-home/downloads/downloads/x/eknwafac/mb_warband_dedicated_1174/Mount&Blade Warband Dedicated/Modules/Native/SceneObj/scn_village_55.sco  
  inflating: /tmp/tmp.DE7FeAsEFs/alphagsm-home/downloads/downloads/x/eknwafac/mb_warband_dedicated_1174/Mount&Blade Warband Dedicated/Modules/Native/SceneObj/scn_village_56.sco  
  inflating: /tmp/tmp.DE7FeAsEFs/alphagsm-home/downloads/downloads/x/eknwafac/mb_warband_dedicated_1174/Mount&Blade Warband Dedicated/Modules/Native/SceneObj/scn_village_57.sco  
  inflating: /tmp/tmp.DE7FeAsEFs/alphagsm-home/downloads/downloads/x/eknwafac/mb_warband_dedicated_1174/Mount&Blade Warband Dedicated/Modules/Native/SceneObj/scn_village_58.sco  
  inflating: /tmp/tmp.DE7FeAsEFs/alphagsm-home/downloads/downloads/x/eknwafac/mb_warband_dedicated_1174/Mount&Blade Warband Dedicated/Modules/Native/SceneObj/scn_village_59.sco  
  inflating: /tmp/tmp.DE7FeAsEFs/alphagsm-home/downloads/downloads/x/eknwafac/mb_warband_dedicated_1174/Mount&Blade Warband Dedicated/Modules/Native/SceneObj/scn_village_6.sco  
  inflating: /tmp/tmp.DE7FeAsEFs/alphagsm-home/downloads/downloads/x/eknwafac/mb_warband_dedicated_1174/Mount&Blade Warband Dedicated/Modules/Native/SceneObj/scn_village_60.sco  
  inflating: /tmp/tmp.DE7FeAsEFs/alphagsm-home/downloads/downloads/x/eknwafac/mb_warband_dedicated_1174/Mount&Blade Warband Dedicated/Modules/Native/SceneObj/scn_village_61.sco  
  inflating: /tmp/tmp.DE7FeAsEFs/alphagsm-home/downloads/downloads/x/eknwafac/mb_warband_dedicated_1174/Mount&Blade Warband Dedicated/Modules/Native/SceneObj/scn_village_62.sco  
  inflating: /tmp/tmp.DE7FeAsEFs/alphagsm-home/downloads/downloads/x/eknwafac/mb_warband_dedicated_1174/Mount&Blade Warband Dedicated/Modules/Native/SceneObj/scn_village_63.sco  
  inflating: /tmp/tmp.DE7FeAsEFs/alphagsm-home/downloads/downloads/x/eknwafac/mb_warband_dedicated_1174/Mount&Blade Warband Dedicated/Modules/Native/SceneObj/scn_village_64.sco  
  inflating: /tmp/tmp.DE7FeAsEFs/alphagsm-home/downloads/downloads/x/eknwafac/mb_warband_dedicated_1174/Mount&Blade Warband Dedicated/Modules/Native/SceneObj/scn_village_65.sco  
  inflating: /tmp/tmp.DE7FeAsEFs/alphagsm-home/downloads/downloads/x/eknwafac/mb_warband_dedicated_1174/Mount&Blade Warband Dedicated/Modules/Native/SceneObj/scn_village_66.sco  
  inflating: /tmp/tmp.DE7FeAsEFs/alphagsm-home/downloads/downloads/x/eknwafac/mb_warband_dedicated_1174/Mount&Blade Warband Dedicated/Modules/Native/SceneObj/scn_village_67.sco  
  inflating: /tmp/tmp.DE7FeAsEFs/alphagsm-home/downloads/downloads/x/eknwafac/mb_warband_dedicated_1174/Mount&Blade Warband Dedicated/Modules/Native/SceneObj/scn_village_68.sco  
  inflating: /tmp/tmp.DE7FeAsEFs/alphagsm-home/downloads/downloads/x/eknwafac/mb_warband_dedicated_1174/Mount&Blade Warband Dedicated/Modules/Native/SceneObj/scn_village_69.sco  
  inflating: /tmp/tmp.DE7FeAsEFs/alphagsm-home/downloads/downloads/x/eknwafac/mb_warband_dedicated_1174/Mount&Blade Warband Dedicated/Modules/Native/SceneObj/scn_village_7.sco  
  inflating: /tmp/tmp.DE7FeAsEFs/alphagsm-home/downloads/downloads/x/eknwafac/mb_warband_dedicated_1174/Mount&Blade Warband Dedicated/Modules/Native/SceneObj/scn_village_70.sco  
  inflating: /tmp/tmp.DE7FeAsEFs/alphagsm-home/downloads/downloads/x/eknwafac/mb_warband_dedicated_1174/Mount&Blade Warband Dedicated/Modules/Native/SceneObj/scn_village_71.sco  
  inflating: /tmp/tmp.DE7FeAsEFs/alphagsm-home/downloads/downloads/x/eknwafac/mb_warband_dedicated_1174/Mount&Blade Warband Dedicated/Modules/Native/SceneObj/scn_village_72.sco  
  inflating: /tmp/tmp.DE7FeAsEFs/alphagsm-home/downloads/downloads/x/eknwafac/mb_warband_dedicated_1174/Mount&Blade Warband Dedicated/Modules/Native/SceneObj/scn_village_73.sco  
  inflating: /tmp/tmp.DE7FeAsEFs/alphagsm-home/downloads/downloads/x/eknwafac/mb_warband_dedicated_1174/Mount&Blade Warband Dedicated/Modules/Native/SceneObj/scn_village_74.sco  
  inflating: /tmp/tmp.DE7FeAsEFs/alphagsm-home/downloads/downloads/x/eknwafac/mb_warband_dedicated_1174/Mount&Blade Warband Dedicated/Modules/Native/SceneObj/scn_village_75.sco  
  inflating: /tmp/tmp.DE7FeAsEFs/alphagsm-home/downloads/downloads/x/eknwafac/mb_warband_dedicated_1174/Mount&Blade Warband Dedicated/Modules/Native/SceneObj/scn_village_76.sco  
  inflating: /tmp/tmp.DE7FeAsEFs/alphagsm-home/downloads/downloads/x/eknwafac/mb_warband_dedicated_1174/Mount&Blade Warband Dedicated/Modules/Native/SceneObj/scn_village_77.sco  
  inflating: /tmp/tmp.DE7FeAsEFs/alphagsm-home/downloads/downloads/x/eknwafac/mb_warband_dedicated_1174/Mount&Blade Warband Dedicated/Modules/Native/SceneObj/scn_village_78.sco  
  inflating: /tmp/tmp.DE7FeAsEFs/alphagsm-home/downloads/downloads/x/eknwafac/mb_warband_dedicated_1174/Mount&Blade Warband Dedicated/Modules/Native/SceneObj/scn_village_79.sco  
  inflating: /tmp/tmp.DE7FeAsEFs/alphagsm-home/downloads/downloads/x/eknwafac/mb_warband_dedicated_1174/Mount&Blade Warband Dedicated/Modules/Native/SceneObj/scn_village_8.sco  
  inflating: /tmp/tmp.DE7FeAsEFs/alphagsm-home/downloads/downloads/x/eknwafac/mb_warband_dedicated_1174/Mount&Blade Warband Dedicated/Modules/Native/SceneObj/scn_village_80.sco  
  inflating: /tmp/tmp.DE7FeAsEFs/alphagsm-home/downloads/downloads/x/eknwafac/mb_warband_dedicated_1174/Mount&Blade Warband Dedicated/Modules/Native/SceneObj/scn_village_81.sco  
  inflating: /tmp/tmp.DE7FeAsEFs/alphagsm-home/downloads/downloads/x/eknwafac/mb_warband_dedicated_1174/Mount&Blade Warband Dedicated/Modules/Native/SceneObj/scn_village_82.sco  
  inflating: /tmp/tmp.DE7FeAsEFs/alphagsm-home/downloads/downloads/x/eknwafac/mb_warband_dedicated_1174/Mount&Blade Warband Dedicated/Modules/Native/SceneObj/scn_village_83.sco  
  inflating: /tmp/tmp.DE7FeAsEFs/alphagsm-home/downloads/downloads/x/eknwafac/mb_warband_dedicated_1174/Mount&Blade Warband Dedicated/Modules/Native/SceneObj/scn_village_84.sco  
  inflating: /tmp/tmp.DE7FeAsEFs/alphagsm-home/downloads/downloads/x/eknwafac/mb_warband_dedicated_1174/Mount&Blade Warband Dedicated/Modules/Native/SceneObj/scn_village_85.sco  
  inflating: /tmp/tmp.DE7FeAsEFs/alphagsm-home/downloads/downloads/x/eknwafac/mb_warband_dedicated_1174/Mount&Blade Warband Dedicated/Modules/Native/SceneObj/scn_village_86.sco  
  inflating: /tmp/tmp.DE7FeAsEFs/alphagsm-home/downloads/downloads/x/eknwafac/mb_warband_dedicated_1174/Mount&Blade Warband Dedicated/Modules/Native/SceneObj/scn_village_87.sco  
  inflating: /tmp/tmp.DE7FeAsEFs/alphagsm-home/downloads/downloads/x/eknwafac/mb_warband_dedicated_1174/Mount&Blade Warband Dedicated/Modules/Native/SceneObj/scn_village_88.sco  
  inflating: /tmp/tmp.DE7FeAsEFs/alphagsm-home/downloads/downloads/x/eknwafac/mb_warband_dedicated_1174/Mount&Blade Warband Dedicated/Modules/Native/SceneObj/scn_village_89.sco  
  inflating: /tmp/tmp.DE7FeAsEFs/alphagsm-home/downloads/downloads/x/eknwafac/mb_warband_dedicated_1174/Mount&Blade Warband Dedicated/Modules/Native/SceneObj/scn_village_9.sco  
  inflating: /tmp/tmp.DE7FeAsEFs/alphagsm-home/downloads/downloads/x/eknwafac/mb_warband_dedicated_1174/Mount&Blade Warband Dedicated/Modules/Native/SceneObj/scn_village_90.sco  
  inflating: /tmp/tmp.DE7FeAsEFs/alphagsm-home/downloads/downloads/x/eknwafac/mb_warband_dedicated_1174/Mount&Blade Warband Dedicated/Modules/Native/SceneObj/scn_village_91.sco  
  inflating: /tmp/tmp.DE7FeAsEFs/alphagsm-home/downloads/downloads/x/eknwafac/mb_warband_dedicated_1174/Mount&Blade Warband Dedicated/Modules/Native/SceneObj/scn_village_92.sco  
  inflating: /tmp/tmp.DE7FeAsEFs/alphagsm-home/downloads/downloads/x/eknwafac/mb_warband_dedicated_1174/Mount&Blade Warband Dedicated/Modules/Native/SceneObj/scn_village_93.sco  
  inflating: /tmp/tmp.DE7FeAsEFs/alphagsm-home/downloads/downloads/x/eknwafac/mb_warband_dedicated_1174/Mount&Blade Warband Dedicated/Modules/Native/SceneObj/scn_village_94.sco  
  inflating: /tmp/tmp.DE7FeAsEFs/alphagsm-home/downloads/downloads/x/eknwafac/mb_warband_dedicated_1174/Mount&Blade Warband Dedicated/Modules/Native/SceneObj/scn_village_95.sco  
  inflating: /tmp/tmp.DE7FeAsEFs/alphagsm-home/downloads/downloads/x/eknwafac/mb_warband_dedicated_1174/Mount&Blade Warband Dedicated/Modules/Native/SceneObj/scn_village_96.sco  
  inflating: /tmp/tmp.DE7FeAsEFs/alphagsm-home/downloads/downloads/x/eknwafac/mb_warband_dedicated_1174/Mount&Blade Warband Dedicated/Modules/Native/SceneObj/scn_village_97.sco  
  inflating: /tmp/tmp.DE7FeAsEFs/alphagsm-home/downloads/downloads/x/eknwafac/mb_warband_dedicated_1174/Mount&Blade Warband Dedicated/Modules/Native/SceneObj/scn_village_98.sco  
  inflating: /tmp/tmp.DE7FeAsEFs/alphagsm-home/downloads/downloads/x/eknwafac/mb_warband_dedicated_1174/Mount&Blade Warband Dedicated/Modules/Native/SceneObj/scn_village_99.sco  
  inflating: /tmp/tmp.DE7FeAsEFs/alphagsm-home/downloads/downloads/x/eknwafac/mb_warband_dedicated_1174/Mount&Blade Warband Dedicated/Modules/Native/SceneObj/scn_wedding.sco  
  inflating: /tmp/tmp.DE7FeAsEFs/alphagsm-home/downloads/downloads/x/eknwafac/mb_warband_dedicated_1174/Mount&Blade Warband Dedicated/Modules/Native/SceneObj/scn_zendar_arena.sco  
  inflating: /tmp/tmp.DE7FeAsEFs/alphagsm-home/downloads/downloads/x/eknwafac/mb_warband_dedicated_1174/Mount&Blade Warband Dedicated/Modules/Native/SceneObj/scn_zendar_center.sco  
  inflating: /tmp/tmp.DE7FeAsEFs/alphagsm-home/downloads/downloads/x/eknwafac/mb_warband_dedicated_1174/Mount&Blade Warband Dedicated/Modules/Native/SceneObj/scn_zendar_merchant.sco  
  inflating: /tmp/tmp.DE7FeAsEFs/alphagsm-home/downloads/downloads/x/eknwafac/mb_warband_dedicated_1174/Mount&Blade Warband Dedicated/Modules/Native/scenes.txt  
  inflating: /tmp/tmp.DE7FeAsEFs/alphagsm-home/downloads/downloads/x/eknwafac/mb_warband_dedicated_1174/Mount&Blade Warband Dedicated/Modules/Native/scene_props.txt  
  inflating: /tmp/tmp.DE7FeAsEFs/alphagsm-home/downloads/downloads/x/eknwafac/mb_warband_dedicated_1174/Mount&Blade Warband Dedicated/Modules/Native/scripts.txt  
  inflating: /tmp/tmp.DE7FeAsEFs/alphagsm-home/downloads/downloads/x/eknwafac/mb_warband_dedicated_1174/Mount&Blade Warband Dedicated/Modules/Native/simple_triggers.txt  
  inflating: /tmp/tmp.DE7FeAsEFs/alphagsm-home/downloads/downloads/x/eknwafac/mb_warband_dedicated_1174/Mount&Blade Warband Dedicated/Modules/Native/skills.txt  
  inflating: /tmp/tmp.DE7FeAsEFs/alphagsm-home/downloads/downloads/x/eknwafac/mb_warband_dedicated_1174/Mount&Blade Warband Dedicated/Modules/Native/skins.txt  
  inflating: /tmp/tmp.DE7FeAsEFs/alphagsm-home/downloads/downloads/x/eknwafac/mb_warband_dedicated_1174/Mount&Blade Warband Dedicated/Modules/Native/sounds.txt  
  inflating: /tmp/tmp.DE7FeAsEFs/alphagsm-home/downloads/downloads/x/eknwafac/mb_warband_dedicated_1174/Mount&Blade Warband Dedicated/Modules/Native/strings.txt  
  inflating: /tmp/tmp.DE7FeAsEFs/alphagsm-home/downloads/downloads/x/eknwafac/mb_warband_dedicated_1174/Mount&Blade Warband Dedicated/Modules/Native/tableau_materials.txt  
  inflating: /tmp/tmp.DE7FeAsEFs/alphagsm-home/downloads/downloads/x/eknwafac/mb_warband_dedicated_1174/Mount&Blade Warband Dedicated/Modules/Native/tag_uses.txt  
  inflating: /tmp/tmp.DE7FeAsEFs/alphagsm-home/downloads/downloads/x/eknwafac/mb_warband_dedicated_1174/Mount&Blade Warband Dedicated/Modules/Native/triggers.txt  
  inflating: /tmp/tmp.DE7FeAsEFs/alphagsm-home/downloads/downloads/x/eknwafac/mb_warband_dedicated_1174/Mount&Blade Warband Dedicated/Modules/Native/troops.txt  
  inflating: /tmp/tmp.DE7FeAsEFs/alphagsm-home/downloads/downloads/x/eknwafac/mb_warband_dedicated_1174/Mount&Blade Warband Dedicated/Modules/Native/variables.txt  
  inflating: /tmp/tmp.DE7FeAsEFs/alphagsm-home/downloads/downloads/x/eknwafac/mb_warband_dedicated_1174/Mount&Blade Warband Dedicated/Modules/Native/variable_uses.txt  
  inflating: /tmp/tmp.DE7FeAsEFs/alphagsm-home/downloads/downloads/x/eknwafac/mb_warband_dedicated_1174/Mount&Blade Warband Dedicated/readme.txt  
  inflating: /tmp/tmp.DE7FeAsEFs/alphagsm-home/downloads/downloads/x/eknwafac/mb_warband_dedicated_1174/Mount&Blade Warband Dedicated/rgl_log.txt  
  inflating: /tmp/tmp.DE7FeAsEFs/alphagsm-home/downloads/downloads/x/eknwafac/mb_warband_dedicated_1174/Mount&Blade Warband Dedicated/Sample_Battle.txt  
 extracting: /tmp/tmp.DE7FeAsEFs/alphagsm-home/downloads/downloads/x/eknwafac/mb_warband_dedicated_1174/Mount&Blade Warband Dedicated/Sample_Battle_start.bat  
  inflating: /tmp/tmp.DE7FeAsEFs/alphagsm-home/downloads/downloads/x/eknwafac/mb_warband_dedicated_1174/Mount&Blade Warband Dedicated/Sample_Capture_the_Flag.txt  
 extracting: /tmp/tmp.DE7FeAsEFs/alphagsm-home/downloads/downloads/x/eknwafac/mb_warband_dedicated_1174/Mount&Blade Warband Dedicated/Sample_Capture_the_Flag_start.bat  
  inflating: /tmp/tmp.DE7FeAsEFs/alphagsm-home/downloads/downloads/x/eknwafac/mb_warband_dedicated_1174/Mount&Blade Warband Dedicated/Sample_Conquest.txt  
 extracting: /tmp/tmp.DE7FeAsEFs/alphagsm-home/downloads/downloads/x/eknwafac/mb_warband_dedicated_1174/Mount&Blade Warband Dedicated/Sample_Conquest_start.bat  
  inflating: /tmp/tmp.DE7FeAsEFs/alphagsm-home/downloads/downloads/x/eknwafac/mb_warband_dedicated_1174/Mount&Blade Warband Dedicated/Sample_Deathmatch.txt  
 extracting: /tmp/tmp.DE7FeAsEFs/alphagsm-home/downloads/downloads/x/eknwafac/mb_warband_dedicated_1174/Mount&Blade Warband Dedicated/Sample_Deathmatch_start.bat  
  inflating: /tmp/tmp.DE7FeAsEFs/alphagsm-home/downloads/downloads/x/eknwafac/mb_warband_dedicated_1174/Mount&Blade Warband Dedicated/Sample_Duel.txt  
 extracting: /tmp/tmp.DE7FeAsEFs/alphagsm-home/downloads/downloads/x/eknwafac/mb_warband_dedicated_1174/Mount&Blade Warband Dedicated/Sample_Duel_start.bat  
  inflating: /tmp/tmp.DE7FeAsEFs/alphagsm-home/downloads/downloads/x/eknwafac/mb_warband_dedicated_1174/Mount&Blade Warband Dedicated/Sample_Fight_and_Destroy.txt  
 extracting: /tmp/tmp.DE7FeAsEFs/alphagsm-home/downloads/downloads/x/eknwafac/mb_warband_dedicated_1174/Mount&Blade Warband Dedicated/Sample_Fight_and_Destroy_start.bat  
 extracting: /tmp/tmp.DE7FeAsEFs/alphagsm-home/downloads/downloads/x/eknwafac/mb_warband_dedicated_1174/Mount&Blade Warband Dedicated/Sample_Invasion.bat  
  inflating: /tmp/tmp.DE7FeAsEFs/alphagsm-home/downloads/downloads/x/eknwafac/mb_warband_dedicated_1174/Mount&Blade Warband Dedicated/Sample_Invasion.txt  
  inflating: /tmp/tmp.DE7FeAsEFs/alphagsm-home/downloads/downloads/x/eknwafac/mb_warband_dedicated_1174/Mount&Blade Warband Dedicated/Sample_Siege.txt  
 extracting: /tmp/tmp.DE7FeAsEFs/alphagsm-home/downloads/downloads/x/eknwafac/mb_warband_dedicated_1174/Mount&Blade Warband Dedicated/Sample_Siege_start.bat  
  inflating: /tmp/tmp.DE7FeAsEFs/alphagsm-home/downloads/downloads/x/eknwafac/mb_warband_dedicated_1174/Mount&Blade Warband Dedicated/Sample_Team_Deathmatch.txt  
 extracting: /tmp/tmp.DE7FeAsEFs/alphagsm-home/downloads/downloads/x/eknwafac/mb_warband_dedicated_1174/Mount&Blade Warband Dedicated/Sample_Team_Deathmatch_start.bat  
 extracting: /tmp/tmp.DE7FeAsEFs/alphagsm-home/downloads/downloads/x/eknwafac/mb_warband_dedicated_1174/Mount&Blade Warband Dedicated/steam.log  
  inflating: /tmp/tmp.DE7FeAsEFs/alphagsm-home/downloads/downloads/x/eknwafac/mb_warband_dedicated_1174/Mount&Blade Warband Dedicated/steam_api.dll  
 extracting: /tmp/tmp.DE7FeAsEFs/alphagsm-home/downloads/downloads/x/eknwafac/mb_warband_dedicated_1174/Mount&Blade Warband Dedicated/steam_appid.txt  
  inflating: /tmp/tmp.DE7FeAsEFs/alphagsm-home/downloads/downloads/x/eknwafac/mb_warband_dedicated_1174/Mount&Blade Warband Dedicated/warband_compatibility.ini  
 98.7% 94330880 / 95612459 98.7% 94339072 / 95612459 98.7% 94347264 / 95612459 98.7% 94355456 / 95612459 98.7% 94363648 / 95612459 98.7% 94371840 / 95612459 98.7% 94380032 / 95612459 98.7% 94388224 / 95612459 98.7% 94396416 / 95612459 98.7% 94404608 / 95612459 98.7% 94412800 / 95612459 98.8% 94420992 / 95612459 98.8% 94429184 / 95612459 98.8% 94437376 / 95612459 98.8% 94445568 / 95612459 98.8% 94453760 / 95612459 98.8% 94461952 / 95612459 98.8% 94470144 / 95612459 98.8% 94478336 / 95612459 98.8% 94486528 / 95612459 98.8% 94494720 / 95612459 98.8% 94502912 / 95612459 98.8% 94511104 / 95612459 98.9% 94519296 / 95612459 98.9% 94527488 / 95612459 98.9% 94535680 / 95612459 98.9% 94543872 / 95612459 98.9% 94552064 / 95612459 98.9% 94560256 / 95612459 98.9% 94568448 / 95612459 98.9% 94576640 / 95612459 98.9% 94584832 / 95612459 98.9% 94593024 / 95612459 98.9% 94601216 / 95612459 99.0% 94609408 / 95612459 99.0% 94617600 / 95612459 99.0% 94625792 / 95612459 99.0% 94633984 / 95612459 99.0% 94642176 / 95612459 99.0% 94650368 / 95612459 99.0% 94658560 / 95612459 99.0% 94666752 / 95612459 99.0% 94674944 / 95612459 99.0% 94683136 / 95612459 99.0% 94691328 / 95612459 99.0% 94699520 / 95612459 99.1% 94707712 / 95612459 99.1% 94715904 / 95612459 99.1% 94724096 / 95612459 99.1% 94732288 / 95612459 99.1% 94740480 / 95612459 99.1% 94748672 / 95612459 99.1% 94756864 / 95612459 99.1% 94765056 / 95612459 99.1% 94773248 / 95612459 99.1% 94781440 / 95612459 99.1% 94789632 / 95612459 99.1% 94797824 / 95612459 99.2% 94806016 / 95612459 99.2% 94814208 / 95612459 99.2% 94822400 / 95612459 99.2% 94830592 / 95612459 99.2% 94838784 / 95612459 99.2% 94846976 / 95612459 99.2% 94855168 / 95612459 99.2% 94863360 / 95612459 99.2% 94871552 / 95612459 99.2% 94879744 / 95612459 99.2% 94887936 / 95612459 99.3% 94896128 / 95612459 99.3% 94904320 / 95612459 99.3% 94912512 / 95612459 99.3% 94920704 / 95612459 99.3% 94928896 / 95612459 99.3% 94937088 / 95612459 99.3% 94945280 / 95612459 99.3% 94953472 / 95612459 99.3% 94961664 / 95612459 99.3% 94969856 / 95612459 99.3% 94978048 / 95612459 99.3% 94986240 / 95612459 99.4% 94994432 / 95612459 99.4% 95002624 / 95612459 99.4% 95010816 / 95612459 99.4% 95019008 / 95612459 99.4% 95027200 / 95612459 99.4% 95035392 / 95612459 99.4% 95043584 / 95612459 99.4% 95051776 / 95612459 99.4% 95059968 / 95612459 99.4% 95068160 / 95612459 99.4% 95076352 / 95612459 99.4% 95084544 / 95612459 99.5% 95092736 / 95612459 99.5% 95100928 / 95612459 99.5% 95109120 / 95612459 99.5% 95117312 / 95612459 99.5% 95125504 / 95612459 99.5% 95133696 / 95612459 99.5% 95141888 / 95612459 99.5% 95150080 / 95612459 99.5% 95158272 / 95612459 99.5% 95166464 / 95612459 99.5% 95174656 / 95612459 99.6% 95182848 / 95612459 99.6% 95191040 / 95612459 99.6% 95199232 / 95612459 99.6% 95207424 / 95612459 99.6% 95215616 / 95612459 99.6% 95223808 / 95612459 99.6% 95232000 / 95612459 99.6% 95240192 / 95612459 99.6% 95248384 / 95612459 99.6% 95256576 / 95612459 99.6% 95264768 / 95612459 99.6% 95272960 / 95612459 99.7% 95281152 / 95612459 99.7% 95289344 / 95612459 99.7% 95297536 / 95612459 99.7% 95305728 / 95612459 99.7% 95313920 / 95612459 99.7% 95322112 / 95612459 99.7% 95330304 / 95612459 99.7% 95338496 / 95612459 99.7% 95346688 / 95612459 99.7% 95354880 / 95612459 99.7% 95363072 / 95612459 99.7% 95371264 / 95612459 99.8% 95379456 / 95612459 99.8% 95387648 / 95612459 99.8% 95395840 / 95612459 99.8% 95404032 / 95612459 99.8% 95412224 / 95612459 99.8% 95420416 / 95612459 99.8% 95428608 / 95612459 99.8% 95436800 / 95612459 99.8% 95444992 / 95612459 99.8% 95453184 / 95612459 99.8% 95461376 / 95612459 99.9% 95469568 / 95612459 99.9% 95477760 / 95612459 99.9% 95485952 / 95612459 99.9% 95494144 / 95612459 99.9% 95502336 / 95612459 99.9% 95510528 / 95612459 99.9% 95518720 / 95612459 99.9% 95526912 / 95612459 99.9% 95535104 / 95612459 99.9% 95543296 / 95612459 99.9% 95551488 / 95612459 99.9% 95559680 / 95612459100.0% 95567872 / 95612459100.0% 95576064 / 95612459100.0% 95584256 / 95612459100.0% 95592448 / 95612459100.0% 95600640 / 95612459100.0% 95608832 / 95612459100.0% 95612459 / 95612459

=== alphagsm itwarbandser start ===
